2026-08-31 04:52:17,677 [INFO] [STATE][BASE] State from 2026-08-28 — resetting trades_today for 2026-08-31
2026-08-31 04:52:17,677 [INFO] [STATE][BASE] Loaded prior state. active=False losses=0
2026-08-31 04:52:17,677 [INFO] [STATE][VWAP] State from 2026-08-28 — resetting trades_today for 2026-08-31
2026-08-31 04:52:17,677 [INFO] [STATE][VWAP] Loaded prior state. active=False losses=0
2026-08-31 04:52:17,677 [INFO] [STATE][FUT5VWAP] State from 2026-08-28 — resetting trades_today for 2026-08-31
2026-08-31 04:52:17,677 [INFO] [STATE][FUT5VWAP] Loaded prior state. active=False losses=0
2026-08-31 04:52:17,677 [INFO] [STATE][ORB] State from 2026-08-28 — resetting trades_today for 2026-08-31
2026-08-31 04:52:17,677 [INFO] [STATE][ORB] Loaded prior state. active=False losses=0
2026-08-31 04:52:17,677 [INFO] [STATE][GAPBREAK] State from 2026-08-28 — resetting trades_today for 2026-08-31
2026-08-31 04:52:17,677 [INFO] [STATE][GAPBREAK] Loaded prior state. active=False losses=0
2026-08-31 04:52:17,677 [INFO] [STATE][EXPIRY] State from 2026-08-28 — resetting trades_today for 2026-08-31
2026-08-31 04:52:17,678 [INFO] [STATE][EXPIRY] Loaded prior state. active=False losses=0
2026-08-31 04:52:19,921 [INFO] [BOOT] Nifty FUT token: NSE_FO|68407 expiry=2026-09-29 sym=NIFTY26SEPFUT
2026-08-31 04:52:19,921 [INFO] [BOOT] Expiry: 2026-09-01, 105 strikes, 210 option contracts
2026-08-31 04:52:19,921 [INFO] [BOOT] PAPER mode (kite_paper) — mStock init + self-test SKIPPED (bypassed).
2026-08-31 04:52:20,083 [INFO] [PIVOTS] P=24147 R1=24217 R2=24258 S1=24106 S2=24035
2026-08-31 04:52:20,084 [WARNING] [OI Plan] Stale plan (2026-07-20) — ignoring for today's levels
2026-08-31 04:52:20,084 [INFO] [OI Plan] No valid plan found — running without OI levels (normal mode)
2026-08-31 04:52:20,084 [INFO] [V2.5.20] 6 independent engines armed: BASE, VWAP, FUT5VWAP, ORB, GAPBREAK, EXPIRY (regime=CHOP, gap_suppress_until=n/a)
2026-08-31 04:52:20,085 [INFO] 
2026-08-31 04:52:20,085 [INFO] +========================================================================+
2026-08-31 04:52:20,085 [INFO] | ORION V2.5.15 — STRATEGY DESIGN                                        |
2026-08-31 04:52:20,085 [INFO] | Backtest: 363 trades | PnL Rs +6,88,158 | WR 64.5% | MaxDD -1,119     |
2026-08-31 04:52:20,085 [INFO] +========================================================================+
2026-08-31 04:52:20,085 [INFO] | ENGINE V2 (fires every 15m close — regime: BULL/BEAR/TRANSITION only)  |
2026-08-31 04:52:20,085 [INFO] |   CE: 1h close>SMA20>SMA50 | K>=38 rising | K<25 recently             |
2026-08-31 04:52:20,085 [INFO] |        RSI>53 | MACD bull | premium 30-180                             |
2026-08-31 04:52:20,085 [INFO] |   PE: 1h close<SMA20<SMA50 | K<=80 falling K>=25 | K>75 recently      |
2026-08-31 04:52:20,085 [INFO] |        RSI<47 | MACD bear | premium 30-300                             |
2026-08-31 04:52:20,085 [INFO] |                                                                         |
2026-08-31 04:52:20,085 [INFO] | ENGINE V3 (15m G/R cluster break/reject — fires in any regime)         |
2026-08-31 04:52:20,085 [INFO] |   Grade A (>=3 source kinds) / Grade B (>=2)                           |
2026-08-31 04:52:20,085 [INFO] |   PDC excluded from clusters; G/R need >=25pt buffer from PDC          |
2026-08-31 04:52:20,085 [INFO] |   premium 30-180 CE / 30-300 PE                                        |
2026-08-31 04:52:20,085 [INFO] |                                                                         |
2026-08-31 04:52:20,085 [INFO] | ENGINE VWAP (triple confirmation — fires in any regime)                 |
2026-08-31 04:52:20,085 [INFO] |   1. Nifty FUTURES 15m close crosses FUT VWAP, body>=65% (PRIMARY)     |
2026-08-31 04:52:20,085 [INFO] |   2. Nifty SPOT 15m close same direction above/below spot VWAP         |
2026-08-31 04:52:20,085 [INFO] |   3. ATM CE/PE LTP also above/below its daily VWAP simultaneously      |
2026-08-31 04:52:20,086 [INFO] |   premium 30-180 CE / 30-300 PE                                        |
2026-08-31 04:52:20,086 [INFO] |                                                                         |
2026-08-31 04:52:20,086 [INFO] | ENGINE FLIP (opposite-side only, max 3/day, excluded from CB)          |
2026-08-31 04:52:20,086 [INFO] |   Path A (in-trade): elapsed>=30 + peak>=entry+15 + LTP<=entry+10      |
2026-08-31 04:52:20,086 [INFO] |   Path B (post-exit): K reversal within 60min                          |
2026-08-31 04:52:20,086 [INFO] |                                                                         |
2026-08-31 04:52:20,086 [INFO] | UNIVERSAL EXIT (priority order):                                        |
2026-08-31 04:52:20,086 [INFO] |   1. HARDSL -18%                                                        |
2026-08-31 04:52:20,086 [INFO] |   2. Continuous trail: arms when peak>=entry+15, SL=peak-5             |
2026-08-31 04:52:20,086 [INFO] |      floor=entry+10, ratchets up with peak (never down)                |
2026-08-31 04:52:20,086 [INFO] |   3. VWAP trades: exit when opt 15m close < opt VWAP                  |
2026-08-31 04:52:20,086 [INFO] |   4. V2/V3/FLIP trades: SMA8(low) trail on 15m                        |
2026-08-31 04:52:20,086 [INFO] |   5. Force close 15:25  6. CB=3 non-flip losses                        |
2026-08-31 04:52:20,086 [INFO] |                                                                         |
2026-08-31 04:52:20,086 [INFO] | INFORMATIONAL (no trade gate): Straddle alerts | Options VWAP          |
2026-08-31 04:52:20,086 [INFO] +========================================================================+
2026-08-31 04:52:20,087 [INFO] 
2026-08-31 04:52:20,087 [INFO] V2.5.20 [2026-08-31] HOTFIX: NameError SCRIPT_DIR crashed the bot on every boot.
2026-08-31 04:52:20,087 [INFO]   The 2026-08-29 trade-recorder addition referenced `SCRIPT_DIR`, but this file
2026-08-31 04:52:20,087 [INFO]   only ever defines `_SCRIPT_DIR` (underscore). Bot died in <2s on all 50 restart
2026-08-31 04:52:20,087 [INFO]   attempts this morning and gave up before EOD -- no trades taken 08-31 09:15-10:21
2026-08-31 04:52:20,087 [INFO]   IST. Fixed TRADES_CSV to use `_SCRIPT_DIR`. Evidence: ~/orion_v2520_run.log,
2026-08-31 04:52:20,087 [INFO]   attempts 1-50, all identical traceback at line 5893. Revert:
2026-08-31 04:52:20,087 [INFO]   ORION_PAPER_V2_5_20_BACKUP_20260831_pre_scriptdir_fix.py. Status: fixed,
2026-08-31 04:52:20,087 [INFO]   restarted manually intraday 10:21 IST -- pending confirmation of clean boot.
2026-08-31 04:52:20,087 [INFO] V2.5.20 [2026-08-30] ORB + EXPIRY EXEMPTED FROM THE CROSS-ENGINE CIRCUIT BREAKER.
2026-08-31 04:52:20,087 [INFO]   User, after the 08-29 changelog review: "no. of trades limit or sl hit
2026-08-31 04:52:20,087 [INFO]   halting should not be applied to orb and expiry engines. these are
2026-08-31 04:52:20,087 [INFO]   required." (Also confirmed the 08-29 stacking fix does NOT need to change:
2026-08-31 04:52:20,087 [INFO]   ORB/EXPIRY were never in _OVERLAP_ENGINES = [BASE, VWAP, FUT5VWAP], so they
2026-08-31 04:52:20,087 [INFO]   never stacked and nothing there needed touching. EXP12/EXP1/EXP2 shadow book
2026-08-31 04:52:20,087 [INFO]   already runs with no gates at all, unaffected either way.)
2026-08-31 04:52:20,087 [INFO]   WHAT: added _halt_exempt = (_base in ("ORB", "EXPIRY")) to the entry gate;
2026-08-31 04:52:20,087 [INFO]   _entry_allowed now ignores DAY.halted / GLOBAL_HALTED for these two engines
2026-08-31 04:52:20,087 [INFO]   unconditionally, in both PAPER and LIVE broker modes. Previously the global
2026-08-31 04:52:20,087 [INFO]   4-loss circuit breaker (any engine's losses, not just its own) set
2026-08-31 04:52:20,088 [INFO]   DAY.halted=True on every engine including these two, and in LIVE mode that
2026-08-31 04:52:20,088 [INFO]   fully blocked their new entries (paper mode already happened to be
2026-08-31 04:52:20,088 [INFO]   permissive via _cb_paper_mode, but only incidentally -- this makes it
2026-08-31 04:52:20,088 [INFO]   explicit and mode-independent). BASE/VWAP/FUT5VWAP/GAPBREAK are UNCHANGED
2026-08-31 04:52:20,088 [INFO]   and still halt normally.
2026-08-31 04:52:20,088 [INFO]   NO BACKTEST -- pure gating change per explicit user instruction, not a
2026-08-31 04:52:20,088 [INFO]   measured edge claim.
2026-08-31 04:52:20,088 [INFO]   REVERT: delete the _halt_exempt line and its `or _halt_exempt` use, or
2026-08-31 04:52:20,088 [INFO]           ORION_PAPER_V2_5_20_BACKUP_20260830_pre_halt_exempt.py
2026-08-31 04:52:20,088 [INFO]   STATUS: [USER] live on the next boot, Mon 2026-08-31.
2026-08-31 04:52:20,088 [INFO] 
2026-08-31 04:52:20,088 [INFO] V2.5.20 [2026-08-29] CE_BUY_ENABLED flag added (default True, NO behaviour change).
2026-08-31 04:52:20,088 [INFO]   Buying a CALL measured EV -1.067 pts over 91 sessions / 262,911 CE option-
2026-08-31 04:52:20,088 [INFO]   minutes, 95% CI [-2.179,-0.192] -- excludes zero, an ESTABLISHED loser. Puts
2026-08-31 04:52:20,088 [INFO]   are -0.088 (CI includes zero). Half-sizing was tried first and is a NO-OP:
2026-08-31 04:52:20,088 [INFO]   every engine is at 1 lot, so max(1, round(1*0.5)) == 1. At 1-lot sizing this
2026-08-31 04:52:20,088 [INFO]   is binary. Left ENABLED because disabling halves trade count and the user
2026-08-31 04:52:20,088 [INFO]   wants trades firing, and because the PE-minus-CE difference CI still includes
2026-08-31 04:52:20,088 [INFO]   zero -- only the CE loss is established, not the asymmetry.
2026-08-31 04:52:20,088 [INFO]   Set CE_BUY_ENABLED = False to act on it. Flag is declared and documented but
2026-08-31 04:52:20,088 [INFO]   NOT yet wired into the entry path -- wiring it is the next step if chosen.
2026-08-31 04:52:20,088 [INFO]   REVERT: *_BACKUP_20260829_pre_ce_halfsize.py
2026-08-31 04:52:20,088 [INFO]   STATUS: [BT] measured; flag inert by default.
2026-08-31 04:52:20,088 [INFO] 
2026-08-31 04:52:20,088 [INFO] V2.5.20 [2026-08-29] MAKE THE SILENT ENGINES FIRE — ORB regime gate + V3 probe fills.
2026-08-31 04:52:20,088 [INFO]   User: "i want all engines repaired and trades should be firing."
2026-08-31 04:52:20,089 [INFO]   Two engines were producing signals that never became trades.
2026-08-31 04:52:20,089 [INFO]   (1) ORB — was standing down on 27 of 40 live days (TRANSITION 14, CHOP 13) and
2026-08-31 04:52:20,089 [INFO]       there had been NO BULL/BEAR day since 08-17, so it fired zero times for six
2026-08-31 04:52:20,089 [INFO]       straight sessions, including 08-27 (NIFTY -187 closing on the low, SENSEX
2026-08-31 04:52:20,089 [INFO]       -643 on the low) which is the exact one-way trend an opening-range break is
2026-08-31 04:52:20,089 [INFO]       built for. The gate was also stricter than anything validated: only
2026-08-31 04:52:20,089 [INFO]       SIDEWAYS-skip was ever backtested; the live proxy collapsed TRANSITION AND
2026-08-31 04:52:20,089 [INFO]       CHOP into skip and its own comment admits it is "stricter (skip-more)".
2026-08-31 04:52:20,089 [INFO]       V2's regime_allows_trade() already permits TRANSITION.
2026-08-31 04:52:20,089 [INFO]       198-session check (spot pts, OR break, live ORB exit params):
2026-08-31 04:52:20,089 [INFO]         SENSEX BULL +8.71  BEAR +10.52  TRANSITION +3.34  CHOP +1.75
2026-08-31 04:52:20,089 [INFO]         NIFTY  BULL +1.30  BEAR  -0.88  TRANSITION +0.19  CHOP +2.62
2026-08-31 04:52:20,089 [INFO]       TRANSITION is positive on both, lower quality than BULL/BEAR but not
2026-08-31 04:52:20,089 [INFO]       harmful. => ORB_ALLOWED_REGIMES = (BULL, BEAR, TRANSITION); CHOP still out.
2026-08-31 04:52:20,089 [INFO]       Expected effect: ORB active on ~68% of days instead of ~32%.
2026-08-31 04:52:20,089 [INFO]   (2) V3 PROBE — the engine committed to a signal, placed a resting limit, then
2026-08-31 04:52:20,089 [INFO]       never got filled. NIFTY filled 13 of 30 (43%); SENSEX filled 0 of 8.
2026-08-31 04:52:20,089 [INFO]       Pullback NIFTY 8.0 -> 4.0, SENSEX 26.0 -> 13.0, window 15 -> 25 min.
2026-08-31 04:52:20,089 [INFO]       Trades a slightly worse entry price for actually being in the trade.
2026-08-31 04:52:20,089 [INFO]   NOT VALIDATED AS PROFIT. Both are frequency fixes measured in spot points;
2026-08-31 04:52:20,089 [INFO]   forward paper is the only referee. If ORB's win rate on TRANSITION days comes
2026-08-31 04:52:20,089 [INFO]   in worse than on BULL/BEAR over a real forward sample, revert first.
2026-08-31 04:52:20,089 [INFO]   REVERT: ORB_ALLOWED_REGIMES = ('BULL','BEAR'); probe pullback 8.0/26.0,
2026-08-31 04:52:20,089 [INFO]           window 15; or *_BACKUP_20260829_pre_firing.py
2026-08-31 04:52:20,089 [INFO]   STATUS: [USER][FWD] live on the next boot, Mon 2026-08-31.
2026-08-31 04:52:20,089 [INFO] 
2026-08-31 04:52:20,089 [INFO] V2.5.20 [2026-08-29] *** V2 PE-SIDE REGIME GATE DROPPED (NIFTY) — the one
2026-08-31 04:52:20,089 [INFO]   change today intended to ADD profit, not cut loss. ***
2026-08-31 04:52:20,089 [INFO]   User: "we are not here to find 1000 ways of failure, we want 1 way of success."
2026-08-31 04:52:20,089 [INFO]   CONTEXT: V2 is the best engine in the live book (+Rs9,694 over 31 trades, 55%
2026-08-31 04:52:20,089 [INFO]   win) and it had fired ZERO times since 08-21 across 835 evaluations. Cause was
2026-08-31 04:52:20,089 [INFO]   not one bad threshold: four AND-ed gates (reg/K/Kextr/RSI) each passing ~30%
2026-08-31 04:52:20,089 [INFO]   of the time. Log analysis showed K is the dominant SOLE blocker (627 of 898
2026-08-31 04:52:20,089 [INFO]   single-gate blocks) -- but K turned out to be the gate WORTH keeping.
2026-08-31 04:52:20,090 [INFO]   BACKTEST: 198 sessions (2025-11-12..2026-08-28), V2's own gates reproduced by
2026-08-31 04:52:20,090 [INFO]   importing rsi()/stochrsi_k()/classify inputs from this file, 9,838 evaluations.
2026-08-31 04:52:20,090 [INFO]   Leave-one-out on the 4 gates (forward spot move at +60m):
2026-08-31 04:52:20,090 [INFO]       ALL 4 GATES (live)   n= 253   +7.22pt   60% win
2026-08-31 04:52:20,090 [INFO]       drop K               n=1086   -1.15     52%   <- K is essential
2026-08-31 04:52:20,090 [INFO]       drop Kextr           n= 610   -0.01     56%   <- Kextr is essential
2026-08-31 04:52:20,090 [INFO]       drop RSI             n= 265   +4.43     58%   <- RSI pays
2026-08-31 04:52:20,090 [INFO]       drop reg             n= 386   +7.08     59%   <- reg pays for NOTHING
2026-08-31 04:52:20,090 [INFO]       no gates             n=9838   +0.00     50%
2026-08-31 04:52:20,090 [INFO]   V2's edge is a PE edge: PE +10.45pt/trade (n=155) vs CE +2.11 (n=98). Dropping
2026-08-31 04:52:20,090 [INFO]   reg on CE made CE worse (+2.11 -> -0.03), so CE keeps all four gates.
2026-08-31 04:52:20,090 [INFO]   APPLIED = drop reg on the PE side only:
2026-08-31 04:52:20,090 [INFO]       signals 253 -> 332 (+31%)    forward points +1,828 -> +2,942 (+61%)
2026-08-31 04:52:20,090 [INFO]       mean/trade +7.22 -> +8.86    win@60m 60% -> 60% (unchanged)
2026-08-31 04:52:20,090 [INFO]   Mean AND volume both improve -- this is not volume bought with quality.
2026-08-31 04:52:20,090 [INFO]   Better in 2 of 3 sub-periods (P2 +923, P3 +423; P1 -232, a window where V2 lost
2026-08-31 04:52:20,090 [INFO]   under BOTH configs).
2026-08-31 04:52:20,090 [INFO]   NOT APPLIED TO SENSEX: V2 there is negative in every configuration tested
2026-08-31 04:52:20,090 [INFO]   (-4.70pt/60m with all gates on) -- SENSEX's profitable engine is VWAP, not V2.
2026-08-31 04:52:20,090 [INFO]   *** OUT-OF-SAMPLE RE-TEST, same day, after the user challenged the result ***
2026-08-31 04:52:20,090 [INFO]   The numbers above were selected AFTER seeing all 198 sessions (4 leave-one-out
2026-08-31 04:52:20,090 [INFO]   variants, then split by side and the better half kept) = data mining. Redone
2026-08-31 04:52:20,090 [INFO]   properly: choose on 2025-11-13..2026-05-07 (118 sessions), test on
2026-08-31 04:52:20,090 [INFO]   2026-05-08..2026-08-28 (79 sessions) never looked at, and enter at the NEXT
2026-08-31 04:52:20,090 [INFO]   bar rather than the signal bar's close (removes look-ahead).
2026-08-31 04:52:20,090 [INFO]     - Picking the winner honestly on the decide window gives "drop Kextr on CE
2026-08-31 04:52:20,090 [INFO]       only", NOT this rule -- and that choice FAILED out-of-sample (-532pt).
2026-08-31 04:52:20,090 [INFO]       So the selection method was wrong, and it is luck that this rule survived.
2026-08-31 04:52:20,090 [INFO]     - THIS rule, tested out-of-sample:  +254pt  (CONFIRMED, but marginal)
2026-08-31 04:52:20,090 [INFO]         current  n= 96  total +1,170  mean +12.19  win 64%
2026-08-31 04:52:20,090 [INFO]         deployed n=126  total +1,424  mean +11.30  win 60%
2026-08-31 04:52:20,090 [INFO]       => the out-of-sample gain is MORE TRADES, not better trades. Mean/trade
2026-08-31 04:52:20,090 [INFO]       and win rate both got slightly WORSE. The in-sample claim that mean AND
2026-08-31 04:52:20,090 [INFO]       volume improve does NOT hold out-of-sample -- treat that line as void.
2026-08-31 04:52:20,091 [INFO]   KEPT anyway on the specific ground that V2 currently fires ZERO times, so more
2026-08-31 04:52:20,091 [INFO]   signals at approximately the same quality is the point. This is NOT a
2026-08-31 04:52:20,091 [INFO]   demonstrated quality improvement. If forward paper shows V2's win rate
2026-08-31 04:52:20,091 [INFO]   dropping below the current 55%, revert first.
2026-08-31 04:52:20,091 [INFO]   LIMIT: measured in SPOT points; option P&L needs premium data, so this is a
2026-08-31 04:52:20,091 [INFO]   signal-quality result, NOT a rupee forecast. Forward paper is the referee.
2026-08-31 04:52:20,091 [INFO]   REVERT: set V2_PE_REGIME_GATE = True, or
2026-08-31 04:52:20,091 [INFO]           ORION_PAPER_V2_5_20_BACKUP_20260829_pre_v2_pe_reg.py
2026-08-31 04:52:20,091 [INFO]   STATUS: [BT][USER] live on the next boot, Mon 2026-08-31.
2026-08-31 04:52:20,091 [INFO] 
2026-08-31 04:52:20,091 [INFO] V2.5.20 [2026-08-29] VWAP REPAIR — LEGACY_OVERLAP_SLOTS 4 -> 0 (both bots).
2026-08-31 04:52:20,091 [INFO]   User: "but also repair vwap".
2026-08-31 04:52:20,091 [INFO]   WHAT WAS ACTUALLY WRONG (measured, all 165 live trades 07-06..08-28):
2026-08-31 04:52:20,091 [INFO]   BASE/VWAP/FUT5VWAP each had 5 concurrent position slots and dedup ran per-BAR
2026-08-31 04:52:20,091 [INFO]   only -- nothing checked whether that strike was already open. Result:
2026-08-31 04:52:20,091 [INFO]       single positions  n=41  win 46%  mean +0.74pt
2026-08-31 04:52:20,091 [INFO]       stacked positions n=124 win 48%  mean +0.68pt
2026-08-31 04:52:20,091 [INFO]   Identical per-trade expectancy => the extra slots add NO EDGE, they only
2026-08-31 04:52:20,091 [INFO]   multiply size and variance. 24 of 40 stack events finished worse than the
2026-08-31 04:52:20,091 [INFO]   first slot alone; net cost Rs2,261; the damage is all in the tails (07-23
2026-08-31 04:52:20,091 [INFO]   stacked 4x into 24000CE -Rs7,248 vs -Rs1,398 for one slot; 08-13 stacked 7x
2026-08-31 04:52:20,091 [INFO]   -Rs7,213 vs -Rs959). 08-28 bought 24100PE twice 14 minutes apart and stopped
2026-08-31 04:52:20,091 [INFO]   both: -Rs1,739 instead of -Rs875. It also silently broke the standing 1-LOT
2026-08-31 04:52:20,091 [INFO]   rule -- VWAP could hold 5 lots at once. SLOT_LIST goes 18 -> 6.
2026-08-31 04:52:20,091 [INFO]   WHAT I DID **NOT** CHANGE, AND WHY:
2026-08-31 04:52:20,091 [INFO]    * CLIMAX FILTER (body>=87%) -- a 6-session n=14 sample suggested it was
2026-08-31 04:52:20,091 [INFO]      vetoing the best bars (79% continuation, +47pt/60m vs 52%/+13pt). RE-TESTED
2026-08-31 04:52:20,091 [INFO]      on 147 sessions (2025-12-24..2026-08-28, 3,381 15m bars/index): NIFTY shows
2026-08-31 04:52:20,091 [INFO]      NO difference (+60m +3.74 vetoed vs +4.37 kept, t=-0.14); SENSEX is
2026-08-31 04:52:20,091 [INFO]      suggestive but NOT significant (+14.27 vs +3.01, t=+0.77). The n=14 result
2026-08-31 04:52:20,091 [INFO]      was noise. Filter left exactly as is.
2026-08-31 04:52:20,091 [INFO]    * HARDSL_PCT -- the 08-29 study showed -18% sits inside the option's own
2026-08-31 04:52:20,091 [INFO]      noise (5 of 7 stops fired on index moves <0.1%), but the ATR-stop backtest
2026-08-31 04:52:20,092 [INFO]      could not clear G1 (34/53 entries locatable) and its baseline was Rs8,037
2026-08-31 04:52:20,092 [INFO]      from live, so NO stop change is justified yet. The trade recorder added the
2026-08-31 04:52:20,092 [INFO]      same day is what will settle it.
2026-08-31 04:52:20,092 [INFO]   REVERT: ORION_PAPER_V2_5_20_BACKUP_20260829_pre_overlapslots.py
2026-08-31 04:52:20,092 [INFO]           ORION_SENSEX_V2520_BACKUP_20260829_pre_overlapslots.py
2026-08-31 04:52:20,092 [INFO]   STATUS: [BT][USER] effective on the next boot, Mon 2026-08-31.
2026-08-31 04:52:20,092 [INFO] 
2026-08-31 04:52:20,092 [INFO] V2.5.20 [2026-08-29] TRADE RECORDER — per-trade CSV with DTE, MFE/MAE, option ATR.
2026-08-31 04:52:20,092 [INFO]   User: "write its expiry-1 days also, so will know the decay part also."
2026-08-31 04:52:20,092 [INFO]   WHY: the ENTRY: log line carries NO timestamp, so a closed trade cannot be
2026-08-31 04:52:20,092 [INFO]   located on the option's 1-minute tape afterwards. Reconstructing entries by
2026-08-31 04:52:20,092 [INFO]   price-matching failed for 19 of 53 VWAP trades (64%), which is exactly why the
2026-08-31 04:52:20,092 [INFO]   2026-08-29 ATR-stop backtest could not clear its G1 gate (and its baseline came
2026-08-31 04:52:20,092 [INFO]   out Rs8,037 away from the live result, because it had to discard the 19 TRAIL
2026-08-31 04:52:20,092 [INFO]   exits worth +Rs18,807 that it could not model). Bar-level CSVs cannot recover
2026-08-31 04:52:20,092 [INFO]   this either -- they sample ~5min and hold only ONE position, so with 5 overlap
2026-08-31 04:52:20,092 [INFO]   slots they produced 32 phantom entries for 3 real trades on 08-26.
2026-08-31 04:52:20,092 [INFO]   WHAT: Nifty_Trades_V2_5_20.csv / Sensex_Trades_V2_5_20.csv, one row per closed
2026-08-31 04:52:20,092 [INFO]   trade: entry_ts, exit_ts, held_min, engine+detail, symbol/side/strike,
2026-08-31 04:52:20,092 [INFO]   expiry, DTE, lots, entry/exit premium, reason, pts, rupees, MFE/MAE premium
2026-08-31 04:52:20,092 [INFO]   and points, the OPTION's own 14x1min ATR at entry and as % of premium,
2026-08-31 04:52:20,092 [INFO]   sl_level, entry/exit spot and spot_move.
2026-08-31 04:52:20,092 [INFO]   DTE answers the decay question: whether a stop was hit by direction or by
2026-08-31 04:52:20,092 [INFO]   theta as expiry approached. MFE/MAE answers whether a stop cut a real loser
2026-08-31 04:52:20,092 [INFO]   or ejected a trade that was working.
2026-08-31 04:52:20,092 [INFO]   EXPIRY IS TAKEN FROM TARGET_EXPIRY_DATE, NOT PARSED from the tradingsymbol:
2026-08-31 04:52:20,092 [INFO]   a monthly symbol does not encode the day, and "last Thursday" is wrong on both
2026-08-31 04:52:20,092 [INFO]   exchanges now (NSE weekly = Tuesday, BSE = Thursday) -- an end-to-end test
2026-08-31 04:52:20,092 [INFO]   decoded NIFTY26AUG as 2026-08-31 when the real expiry was 08-25.
2026-08-31 04:52:20,092 [INFO]   _expiry_from_symbol() is a weekly-only fallback and returns None for monthly
2026-08-31 04:52:20,092 [INFO]   rather than guessing.
2026-08-31 04:52:20,092 [INFO]   RECORDING ONLY -- no entry, exit or sizing behaviour changes. POS gains
2026-08-31 04:52:20,093 [INFO]   trough_premium (MAE), atr_entry, expiry_date; LAST_SPOT global refreshed each
2026-08-31 04:52:20,093 [INFO]   pulse in check_exits() so the recorder has a spot at every call site; the whole
2026-08-31 04:52:20,093 [INFO]   writer is wrapped in try/except so a logging fault can never break an exit.
2026-08-31 04:52:20,093 [INFO]   VERIFIED end-to-end against the real 2026-08-28 VWAP trade (74.80 -> 61.34,
2026-08-31 04:52:20,093 [INFO]   -Rs875): every field reproduced, DTE=2, atr_pct=4.36%.
2026-08-31 04:52:20,093 [INFO]   REVERT: ORION_PAPER_V2_5_20_BACKUP_20260829_pre_traderecorder.py
2026-08-31 04:52:20,093 [INFO]           ORION_SENSEX_V2520_BACKUP_20260829_pre_traderecorder.py
2026-08-31 04:52:20,093 [INFO]   STATUS: [USER][FWD] first rows land Mon 2026-08-31. Nothing recoverable for the
2026-08-31 04:52:20,093 [INFO]   37 days already logged.
2026-08-31 04:52:20,093 [INFO] 
2026-08-31 04:52:20,093 [INFO] V2.5.20 [2026-08-29] FUT5VWAP 3 lots -> 1 lot (BOTH bots), user-directed.
2026-08-31 04:52:20,093 [INFO]   User: "i want that one engine which takes 3 lots, is it working fine, if not
2026-08-31 04:52:20,093 [INFO]   reduce to 1 lot."  It is not working fine.
2026-08-31 04:52:20,093 [INFO]   EVIDENCE (live log 2026-07-06..08-28, orion_v2520_run.log, 155 exits parsed):
2026-08-31 04:52:20,093 [INFO]     FUT5VWAP  18 trades  14 wins (77.8%)  net -42.88pt  = -Rs8,362 at 3 lots
2026-08-31 04:52:20,093 [INFO]   The high win rate is an artifact of the exit shape, not edge: wins are capped
2026-08-31 04:52:20,093 [INFO]   at the +4.00pt LOCK_FLOOR (avg win +5.51pt) while the 4 losses each ran the
2026-08-31 04:52:20,093 [INFO]   full -30.00pt stop. Break-even win rate at that payoff = 84.5%; actual 77.8%.
2026-08-31 04:52:20,093 [INFO]   It was the single worst engine in the book by rupees, purely because of the 3x.
2026-08-31 04:52:20,093 [INFO]   NUANCE, stated so it is not lost: all 4 losses are BEFORE the 08-17 stop
2026-08-31 04:52:20,093 [INFO]   tightening (30->25pt). Since then only 2 trades have closed (08-25 +4.00,
2026-08-31 04:52:20,093 [INFO]   08-28 +4.00), both wins. So the 08-17 fix may well work -- but n=2 is not
2026-08-31 04:52:20,093 [INFO]   evidence, and an unproven engine should not carry triple size. Re-raise to 3
2026-08-31 04:52:20,093 [INFO]   only after a forward sample large enough to beat the 84.5% break-even bar.
2026-08-31 04:52:20,093 [INFO]   REVERT: ORION_PAPER_V2_5_20_BACKUP_20260829_pre_fut5_1lot.py
2026-08-31 04:52:20,093 [INFO]           ORION_SENSEX_V2520_BACKUP_20260829_pre_fut5_1lot.py
2026-08-31 04:52:20,093 [INFO]   STATUS: [USER][FWD] takes effect on the next boot (Mon 2026-08-31).
2026-08-31 04:52:20,093 [INFO] 
2026-08-31 04:52:20,093 [INFO] === ORION CHANGE HISTORY (V2.2.2 -> V2.5.9) ===
2026-08-31 04:52:20,093 [INFO] 
2026-08-31 04:52:20,093 [INFO] V2.2.2 [PRODUCTION BASELINE — T10]
2026-08-31 04:52:20,093 [INFO]   Entry : 1h SMA20/50 regime + 15m StochRSI K (CE>=38 rising, PE<=80 falling)
2026-08-31 04:52:20,093 [INFO]   Exit  : HARDSL -35%, TIME_SL 210min/-20%, BE +15% -> option SMA8(low) trail
2026-08-31 04:52:20,094 [INFO]   CB=2, 1 lot, no flip, no V3, no chop filter
2026-08-31 04:52:20,094 [INFO] 
2026-08-31 04:52:20,094 [INFO] V2.3  [+V3 CLUSTER LEVELS]
2026-08-31 04:52:20,094 [INFO]   + PDH/PDL/round_50/round_100/PDC/1h swing pivots clustered within 20pts
2026-08-31 04:52:20,094 [INFO]   + Grade A (>=3 source kinds) / Grade B (>=2)
2026-08-31 04:52:20,094 [INFO]   + ADX regime classifier (BULL/BEAR/CHOP/TRANSITION)
2026-08-31 04:52:20,094 [INFO] 
2026-08-31 04:52:20,094 [INFO] V2.4  [+EXIT UPGRADES]
2026-08-31 04:52:20,094 [INFO]   + 15m option SMA8(low) trail (KEPT in all future versions)
2026-08-31 04:52:20,094 [INFO]   + ATR-based exits (REMOVED — not robust enough)
2026-08-31 04:52:20,094 [INFO]   + BE armor at +15% (REMOVED later — net negative in backtest)
2026-08-31 04:52:20,094 [INFO] 
2026-08-31 04:52:20,094 [INFO] V2.5.0  [HYBRID V2+V3 + TIME-RATCHET]
2026-08-31 04:52:20,094 [INFO]   + Hybrid V2+V3 entry (V2 priority on same-bar tiebreak)
2026-08-31 04:52:20,094 [INFO]   + Time-ratchet exit: 90min / +20 step
2026-08-31 04:52:20,094 [INFO] 
2026-08-31 04:52:20,094 [INFO] V2.5.1  [ENTRY REFINEMENT]
2026-08-31 04:52:20,094 [INFO]   + V2 PE_floor=25 (K>=25 required for PE entry)
2026-08-31 04:52:20,094 [INFO]   + V2 CE: no upper K cap (cap tested and REJECTED — hurts WR)
2026-08-31 04:52:20,094 [INFO]   + V2 priority confirmed: +Rs 52k vs V3-priority
2026-08-31 04:52:20,094 [INFO] 
2026-08-31 04:52:20,094 [INFO] V2.5.2  [FLIP RULE +Rs 130k]
2026-08-31 04:52:20,094 [INFO]   + Path A flip (in-trade): elapsed>=30 + peak>=entry+15 + LTP<=entry+10 + K reversed
2026-08-31 04:52:20,094 [INFO]   + Path B flip (post-exit): K reversal within 60min
2026-08-31 04:52:20,094 [INFO]   + Opposite-side only (same-side continuation REJECTED: -Rs 191k CATASTROPHIC)
2026-08-31 04:52:20,094 [INFO]   + CE->PE: K falling, 25<=K<=80 | PE->CE: K rising, K>=38
2026-08-31 04:52:20,094 [INFO] 
2026-08-31 04:52:20,094 [INFO] V2.5.3  [V3 SINGLETONS + HARDSL LOCKED]
2026-08-31 04:52:20,094 [INFO]   + Promoted singletons: PDH/PDL/round_100(+-200 PDC)/swing pivots standalone Grade B
2026-08-31 04:52:20,094 [INFO]   + HARDSL locked at -25% (swept -35% to -15%; -25% optimal)
2026-08-31 04:52:20,094 [INFO]   + PnL Rs +3,14,418
2026-08-31 04:52:20,094 [INFO] 
2026-08-31 04:52:20,095 [INFO] V2.5.4  [FLIP CAP]
2026-08-31 04:52:20,095 [INFO]   + MAX_FLIPS_PER_DAY=3 (flips 1-3 win Rs 131k; flips 4+ lose Rs 21k)
2026-08-31 04:52:20,095 [INFO]   + PnL Rs +3,23,851
2026-08-31 04:52:20,095 [INFO] 
2026-08-31 04:52:20,095 [INFO] V2.5.5  [CHOP FILTER +Rs 49k]
2026-08-31 04:52:20,095 [INFO]   + RSI [47,53] indecision band blocks ALL entries
2026-08-31 04:52:20,095 [INFO]   + PnL Rs +3,72,598
2026-08-31 04:52:20,095 [INFO] 
2026-08-31 04:52:20,095 [INFO] V2.5.6  [V3 PDC CONTAMINATION FIX — LOCKED Rs 3,85,724 / WR 35.7%]
2026-08-31 04:52:20,095 [INFO]   + Exclude PDC from clustering (PDC is reference, not tradeable level)
2026-08-31 04:52:20,095 [INFO]   + G/R require >=25pt buffer from PDC (motivated by 2026-05-18 bad paper trade)
2026-08-31 04:52:20,095 [INFO]   + PnL Rs +3,85,724 / MaxDD -1,331 / Red 5/18
2026-08-31 04:52:20,095 [INFO] 
2026-08-31 04:52:20,095 [INFO] V2.5.7  [VELVET ROPE + RATCHET +Rs 1,14,324 / WR 35.7%->55.4%]
2026-08-31 04:52:20,095 [INFO]   + Velvet Rope: premium hits entry+15 -> SL immediately to entry+2
2026-08-31 04:52:20,095 [INFO]   + Ratchet Gate: 30min elapsed + entry+25 -> SL to entry+15
2026-08-31 04:52:20,095 [INFO]   + Runner Trail: +20 per +20pts peak (one-way)
2026-08-31 04:52:20,095 [INFO]   + Trade-off: Red months 5->10/18, MaxDD -1,331->-1,885
2026-08-31 04:52:20,095 [INFO] 
2026-08-31 04:52:20,095 [INFO] V2.5.8  [K EXTREME + FULL SMA ALIGNMENT]
2026-08-31 04:52:20,095 [INFO]   + K extreme filter: CE entry only if K<25 recently (3 bars); PE if K>75 recently
2026-08-31 04:52:20,095 [INFO]   + Full SMA alignment: CE needs close>SMA20>SMA50 (was just close>SMA20)
2026-08-31 04:52:20,095 [INFO] 
2026-08-31 04:52:20,095 [INFO] V2.5.9  [Rs 6,70,425 / WR 66.9% / 357 trades / MaxDD -1,485 / Red 8/18]
2026-08-31 04:52:20,095 [INFO]   + RSI DIRECTIONAL GATE replaces RSI [47,53] chop filter:
2026-08-31 04:52:20,095 [INFO]       CE: 1h RSI>53 required | PE: 1h RSI<47 required
2026-08-31 04:52:20,095 [INFO]   + MACD 1h alignment: CE needs MACD_line>signal; PE needs MACD_line<signal
2026-08-31 04:52:20,095 [INFO]   + Premium gate: 30<=entry_LTP<=180 (blocks deep OTM and IV-spike entries)
2026-08-31 04:52:20,095 [INFO]   + Tightened exit params: RI=12 (was 15), RT=20 (was 30), RS=25 (was 20)
2026-08-31 04:52:20,095 [INFO]   + CB=3 (was 4)
2026-08-31 04:52:20,095 [INFO]   + Straddle monitoring: informational Telegram at 9:45 and 11:30
2026-08-31 04:52:20,095 [INFO]   + Options VWAP: informational context at entry/pulse/exit
2026-08-31 04:52:20,095 [INFO] 
2026-08-31 04:52:20,095 [INFO] V2.5.12 [CURRENT LOCKED — Rs 6,88,158 / WR 64.5% / 363 trades / MaxDD -1,119 / Red 5/18]
2026-08-31 04:52:20,096 [INFO]   SOURCE: VRL (Vishal Rajput) code analysis — peak-based ratchet ladder
2026-08-31 04:52:20,096 [INFO]   + HARDSL tightened -25% → -18% (faster loss cut, less capital exposed)
2026-08-31 04:52:20,096 [INFO]   + 20-min time gate REMOVED — purely peak-based ladder (no waiting)
2026-08-31 04:52:20,096 [INFO]   + Ladder Tier2: peak >= entry+24 → SL = entry+12 (immediate)
2026-08-31 04:52:20,096 [INFO]   + Ladder Tier3: peak >= entry+36 → SL = entry+24 (immediate)
2026-08-31 04:52:20,096 [INFO]   + Entry logic UNCHANGED from V2.5.9
2026-08-31 04:52:20,096 [INFO]   + Validated: real option data (May 4-21 2026, 12 days)
2026-08-31 04:52:20,096 [INFO]   + Key improvement: MaxDD -1,485 → -1,119 (-25%), Red months 8 → 5
2026-08-31 04:52:20,096 [INFO] 
2026-08-31 04:52:20,096 [INFO] V2.5.12-LIVE [2026-05-29 — FIRST LIVE TRADING SESSION WITH mSTOCK EXECUTION]
2026-08-31 04:52:20,096 [INFO]   + EXECUTION_BROKER switched from kite_paper → mstock_live
2026-08-31 04:52:20,096 [INFO]   + mStock Type B API integrated: login → set_access_token → verify_totp (TOTP auto)
2026-08-31 04:52:20,096 [INFO]   + Instrument master: direct fetch from OpenAPIScripMaster (173k symbols, name field)
2026-08-31 04:52:20,096 [INFO]   + order_status: mStock returns 'Traded' status (not 'COMPLETE') — mapped correctly
2026-08-31 04:52:20,096 [INFO]   + place_order: disclosedquantity="0" required (blank causes IA400 rejection)
2026-08-31 04:52:20,096 [INFO]   + IP 18.212.243.203 (PythonAnywhere) whitelisted in mStock API settings
2026-08-31 04:52:20,096 [INFO]   + BUY: 15s timeout, cancel-and-check on timeout, abort if not filled
2026-08-31 04:52:20,096 [INFO]   + SELL: 3 retries × 5s, 🚨 CRITICAL Telegram alert if all fail, POS.active stays True
2026-08-31 04:52:20,096 [INFO]   + V3 REGIME GATE REMOVED: V3 now fires in CHOP/INSUFFICIENT regime
2026-08-31 04:52:20,096 [INFO]       Root cause of bug: regime gate wrapped ALL signals including V3;
2026-08-31 04:52:20,096 [INFO]       V3 uses cluster break/reject as its own confirmation — ADX not needed
2026-08-31 04:52:20,096 [INFO]       V2 and FLIP remain regime-gated (BULL/BEAR/TRANSITION only)
2026-08-31 04:52:20,096 [INFO]   + V3 engine: acts on ALL Grade A/B clusters simultaneously (not just nearest)
2026-08-31 04:52:20,096 [INFO]   + PREMIUM_MAX asymmetric: CE=180 (unchanged), PE=300 (was 180, captures panic moves)
2026-08-31 04:52:20,096 [INFO]   + VWAP double confirmation engine (new):
2026-08-31 04:52:20,096 [INFO]       Fires when Nifty 15m bar crosses daily VWAP with body>=50% range
2026-08-31 04:52:20,096 [INFO]       AND ATM CE/PE LTP is also above/below its daily VWAP simultaneously
2026-08-31 04:52:20,096 [INFO]       Self-confirming like V3 — no regime gate
2026-08-31 04:52:20,097 [INFO]   + LOTS_PER_TRADE = 2 (live)
2026-08-31 04:52:20,097 [INFO] 
2026-08-31 04:52:20,097 [INFO] V2.5.13 [VWAP TRAIL EXIT + BOOT SELF-TEST + STABILITY FIXES]
2026-08-31 04:52:20,097 [INFO]   + VWAP engine trades: trail exit uses option's own VWAP (15m close < option VWAP)
2026-08-31 04:52:20,097 [INFO]     instead of SMA8(low) trail — holds through pullbacks better on VWAP-confirmed moves
2026-08-31 04:52:20,097 [INFO]   + V2/V3/FLIP trades: keep original SMA8(low) trail (unchanged)
2026-08-31 04:52:20,097 [INFO]   + Boot self-test: BUY (LIMIT ₹0.05) + SELL (LIMIT ₹9999) on deep OTM option at startup
2026-08-31 04:52:20,097 [INFO]     Both must succeed and cancel cleanly or bot aborts — confirms mStock connectivity + IP
2026-08-31 04:52:20,097 [INFO]   + MStockBroker class inlined into single .py file (no separate mstock_broker.py)
2026-08-31 04:52:20,097 [INFO]   + IA403 recovery: rebuilds SDK client from scratch on IP mismatch, 3 consecutive → halt
2026-08-31 04:52:20,097 [INFO]   + Position sync cooldown: 180s → 300s (avoids false MANUAL_EXIT on slow fills)
2026-08-31 04:52:20,097 [INFO]   + MANUAL_EXIT fix: clears buy_order_id before close_trade to prevent duplicate SELL
2026-08-31 04:52:20,097 [INFO]   + State file: added date field, resets trades_today/losses on new day boundary
2026-08-31 04:52:20,097 [INFO]   + VWAP dedup log spam removed (silent return on same-bar re-fire)
2026-08-31 04:52:20,097 [INFO] 
2026-08-31 04:52:20,097 [INFO] V2.5.14 [TIERED PROFIT LOCK LADDER — inspired by VRL]
2026-08-31 04:52:20,097 [INFO]   + Replaced sparse 3-tier ratchet (Velvet Rope + T2 + T3 + Runner) with 7-tier ladder
2026-08-31 04:52:20,097 [INFO]   + Ladder: +12→+2, +18→+8, +24→+12, +30→+20, +36→+24, +40→+30, +50→+40
2026-08-31 04:52:20,097 [INFO]   + More tiers = less profit give-back on sharp reversals
2026-08-31 04:52:20,097 [INFO]   + Checked every tick (not candle-based) — same as before but tighter protection
2026-08-31 04:52:20,097 [INFO]   + Unified code: single loop replaces 3 separate sections (3a/3b/3c → 3)
2026-08-31 04:52:20,097 [INFO]   + VWAP engine upgraded to TRIPLE confirmation:
2026-08-31 04:52:20,097 [INFO]     Gate 1 (PRIMARY): Nifty FUTURES 15m close crosses futures VWAP, body >= 50%
2026-08-31 04:52:20,097 [INFO]     Gate 2: Nifty SPOT 15m close same direction above/below spot VWAP
2026-08-31 04:52:20,097 [INFO]     Gate 3: ATM option LTP above/below option's own VWAP
2026-08-31 04:52:20,097 [INFO]   + Futures VWAP is now the primary decision criterion — real margin-backed money
2026-08-31 04:52:20,097 [INFO]   + Nifty FUT token auto-resolved from Kite instruments at boot (no hardcoding)
2026-08-31 04:52:20,097 [INFO] 
2026-08-31 04:52:20,097 [INFO] V2.5.15 [STALE DATA GUARD — 2026-06-12]
2026-08-31 04:52:20,097 [INFO]   + ROOT CAUSE FOUND: Kite intermittently returned a 15m series ending ~2h in
2026-08-31 04:52:20,097 [INFO]     the past. Evidence: VWAP entry logged bar=198 at 11:30 but bar=197 at 13:30
2026-08-31 04:52:20,097 [INFO]     (bar index went BACKWARDS); the 13:30 entry cited a 67% bearish bar +
2026-08-31 04:52:20,097 [INFO]     FUT 23375 while the live tape was +68 pts off the low in 4 min → bought PE
2026-08-31 04:52:20,097 [INFO]     into a V-reversal → HARDSL -21.73. Fresh-data replay confirms the signal
2026-08-31 04:52:20,097 [INFO]     does NOT fire at 13:30 with up-to-date frames. Likely also suppressed valid
2026-08-31 04:52:20,098 [INFO]     signals (Jun-11 zero-trade day: fresh-data replay finds 4 trades / +35 pts).
2026-08-31 04:52:20,098 [INFO]   + Guard (active 09:32+): if last 15m bar (spot or futures) is older than
2026-08-31 04:52:20,098 [INFO]     16 min → instant refetch from Kite; if recovered, continue + Telegram info;
2026-08-31 04:52:20,098 [INFO]     if still stale → Telegram alert + ENTRIES blocked for that cycle only.
2026-08-31 04:52:20,098 [INFO]   + EXITS are never blocked on data quality.
2026-08-31 04:52:20,098 [INFO]   + Telegram alerts rate-limited to 1 per 10 min; log line every cycle.
2026-08-31 04:52:20,098 [INFO] 
2026-08-31 04:52:20,098 [INFO] V2.5.16 [MOMENTUM GATE ON SAME-SIDE STREAKS + SMA8 TODAY-ONLY FIX — 2026-06-17]
2026-08-31 04:52:20,098 [INFO]   + PROBLEM: in choppy markets the bot ran 3+ rapid same-direction trades —
2026-08-31 04:52:20,098 [INFO]     first 1-2 win small, the 3rd buys into the reversal and takes the full
2026-08-31 04:52:20,098 [INFO]     -18% HARDSL, then keeps buying the same side, wiping the day's gains.
2026-08-31 04:52:20,098 [INFO]     Diagnosis (May+June real-opt data): the persistence is the VWAP engine
2026-08-31 04:52:20,098 [INFO]     (no regime filter, re-fires same side each 15m bar). The 1st/2nd winners
2026-08-31 04:52:20,098 [INFO]     exit on the peak ladder (TRAIL_+N); the 3rd dies on HARDSL/VWAP_TRAIL.
2026-08-31 04:52:20,098 [INFO]   + MOMENTUM GATE: the 3rd+ CONSECUTIVE same-direction entry (any engine) is
2026-08-31 04:52:20,098 [INFO]     blocked unless spot has moved >= MOM_GATE_PTS (12) WITH the trade over the
2026-08-31 04:52:20,098 [INFO]     last MOM_GATE_BARS (5) closed 1m bars. 1st/2nd same-side entries untouched.
2026-08-31 04:52:20,098 [INFO]     Run counted from DAY.trades_today (closed trades). New fetch_nifty_1m() +
2026-08-31 04:52:20,098 [INFO]     momentum_gate_ok(); fails OPEN if 1m data unavailable; "🚧 Momentum-gate
2026-08-31 04:52:20,098 [INFO]     BLOCK" Telegram on a block. Backtest (May real-opt): baseline -7.3 pt →
2026-08-31 04:52:20,098 [INFO]     gate +104.0 pt, 0 winners blocked (blocks only flat-momentum |mv|<=8 chop).
2026-08-31 04:52:20,098 [INFO]   + SMA8 TODAY-ONLY FIX: sma8_low_of_option() now averages ONLY today's closed
2026-08-31 04:52:20,098 [INFO]     15m option lows (arms after SMA_TRAIL_MIN_BARS=4 today-bars). Previously it
2026-08-31 04:52:20,098 [INFO]     averaged 8 bars from a 10-day fetch, mixing yesterday's different-level /
2026-08-31 04:52:20,098 [INFO]     illiquid lows → false trail exits. NOT removed: backtest showed deleting
2026-08-31 04:52:20,098 [INFO]     SMA8 costs -66 pt (it is a tighter stop than the -18% HARDSL).
2026-08-31 04:52:20,098 [INFO]   + Ladder exit, HARDSL, flip logic, stale-data guard all UNCHANGED.
2026-08-31 04:52:20,098 [INFO]   + start_orion.sh now launches V2.5.16 (90s crash-fallback still → V2.5.14).
2026-08-31 04:52:20,098 [INFO] 
2026-08-31 04:52:20,098 [INFO] V2.5.17 [3 CHOP-BLEED GUARDS — 2026-06-18]
2026-08-31 04:52:20,098 [INFO]   + CONTEXT: 06-16 (-20.4pt/7trades) and 06-17 (-44.0pt/4trades) were both
2026-08-31 04:52:20,098 [INFO]     compressed chop days (full range 141pt & 107pt; 06-17 had 9 mean-crosses in
2026-08-31 04:52:20,098 [INFO]     a 107pt box). The regime classifier stayed BULL all 76 bars both days and
2026-08-31 04:52:20,098 [INFO]     chop_block fired 0 times, so the breakout engines kept firing into noise.
2026-08-31 04:52:20,099 [INFO]     See ~/orion_backtest_lab/results/RESULTS.md (2026-06-18 post-mortem).
2026-08-31 04:52:20,099 [INFO]   + #1 MORNING CHOP GATE (CHOP_GATE_ENABLED): decided ONCE after ~10:30 IST from
2026-08-31 04:52:20,099 [INFO]     the first-hour (09:15-10:15) FUT bars. Stand aside (block ALL new entries for
2026-08-31 04:52:20,099 [INFO]     the day) when early efficiency-ratio <= CHOP_ER_MAX (0.25) AND (first-hour
2026-08-31 04:52:20,099 [INFO]     FUT-VWAP cross-count >= CHOP_VWAP_CROSSES_MIN (3) OR first-hour range <
2026-08-31 04:52:20,099 [INFO]     CHOP_RANGE_PT_MAX (110pt)). Exits always allowed. Fails OPEN (not enough
2026-08-31 04:52:20,099 [INFO]     bars yet -> no decision -> trade normally). morning_chop_verdict().
2026-08-31 04:52:20,099 [INFO]   + #2 VWAP BODY BAND (VWAP_BODY_CLIMAX_PCT): VWAP entry now takes only the
2026-08-31 04:52:20,099 [INFO]     65-86% body band — existing >=65% min kept, NEW >=87% climax/exhaustion bars
2026-08-31 04:52:20,099 [INFO]     skipped (climax bars fade). One added guard line in check_vwap_signal().
2026-08-31 04:52:20,099 [INFO]   + #3 MOMENTUM-FADE GATE (FADE_GATE_ENABLED): for a 3rd+ consecutive same-side
2026-08-31 04:52:20,099 [INFO]     entry that follows >= FADE_MIN_PRIOR_WINS (2) consecutive same-side WINS,
2026-08-31 04:52:20,099 [INFO]     inspect 3-min option premiums of BOTH the trend-side and opposite-side ATM
2026-08-31 04:52:20,099 [INFO]     strikes over the last FADE_OPT_BARS (3) closed bars. Enter ONLY IF the
2026-08-31 04:52:20,099 [INFO]     trend-side option is NOT decaying AND the opposite-side option IS decaying;
2026-08-31 04:52:20,099 [INFO]     otherwise skip (momentum has faded / is rotating to the other side). Fails
2026-08-31 04:52:20,099 [INFO]     OPEN on missing data. fade_gate_ok() + fetch_option_3m(). Complements the
2026-08-31 04:52:20,099 [INFO]     V2.5.16 spot-move momentum gate (both must pass).
2026-08-31 04:52:20,099 [INFO]   + All three guards are ADDITIVE; ladder/HARDSL/flip/SMA8/stale-guard UNCHANGED.
2026-08-31 04:52:20,099 [INFO]   + NOT yet sim-A/B'd — shipped on user direction; 2026-06-18 is paper-only, so
2026-08-31 04:52:20,099 [INFO]     the live paper session is the first validation. WATCH first CHOP-GATE day +
2026-08-31 04:52:20,099 [INFO]     first FADE block + that #2 climax-skip doesn't starve VWAP.
2026-08-31 04:52:20,099 [INFO]   + start_orion.sh now launches V2.5.17 (pkill pattern V2_5_1[567];
2026-08-31 04:52:20,099 [INFO]     90s crash-fallback still → V2.5.14 archive).
2026-08-31 04:52:20,099 [INFO] 
2026-08-31 04:52:20,099 [INFO] V2.5.18 [SMA8 ENTRY-AWARE FIX + CHOP-GATE RE-ARM — 2026-06-19]
2026-08-31 04:52:20,099 [INFO]   + CONTEXT: 2026-06-19 (paper) — gap-down day. One V3 PE (24000PE @114) entered
2026-08-31 04:52:20,099 [INFO]     correctly at 10:15 on a Grade-A R-cluster break, but SMA8_LOW_TRAIL exited it
2026-08-31 04:52:20,099 [INFO]     31s later at +1.6 (the trail evaluated the 10:00 bar — which CLOSED BEFORE
2026-08-31 04:52:20,099 [INFO]     entry — against today's lows-avg). Spot then fell 24040->23926 without us;
2026-08-31 04:52:20,099 [INFO]     morning chop-gate (ER=0.01, range=70pt) then stood aside the rest of the day.
2026-08-31 04:52:20,100 [INFO]   + FIX A (SMA8 pre-entry bar): the SMA8(low) trail now NEVER acts on a 15m bar
2026-08-31 04:52:20,100 [INFO]     whose CLOSE time (bar-start + 15m) is <= POS.entry_time. A fresh entry can no
2026-08-31 04:52:20,100 [INFO]     longer be ejected on price action that happened before it was opened.
2026-08-31 04:52:20,100 [INFO]   + FIX C (SMA8 arm window): trail arms on bars-SINCE-ENTRY, not bars-of-day.
2026-08-31 04:52:20,100 [INFO]     sma8_low_of_option() now averages only TODAY's closed bars that closed AFTER
2026-08-31 04:52:20,100 [INFO]     entry and needs >= SMA_TRAIL_MIN_BARS_SINCE_ENTRY (1) of them. With 1 own bar
2026-08-31 04:52:20,100 [INFO]     SMA8L == that bar's own low, so close(>=low) can't trigger -> first real
2026-08-31 04:52:20,100 [INFO]     trigger needs >=2 own bars. SMA_TRAIL_MIN_BARS (4, bars-of-day) is now only
2026-08-31 04:52:20,100 [INFO]     the fallback when entry_time is unknown (state-load edge). NOT a BE-gate.
2026-08-31 04:52:20,100 [INFO]   + CHOP-GATE RE-ARM (CHOP_REARM_ENABLED): after a morning stand-aside, release
2026-08-31 04:52:20,100 [INFO]     the block when a CLOSED FUT 15m bar breaks the recorded first-hour range by
2026-08-31 04:52:20,100 [INFO]     >= CHOP_REARM_BUFFER_PT (15pt) with body >= CHOP_REARM_BODY_MIN (65%), in the
2026-08-31 04:52:20,100 [INFO]     regime direction (BULL=>up-break only, BEAR=>down-break only, else either).
2026-08-31 04:52:20,100 [INFO]     FUT leads spot, so this triggers earlier than a spot-range break. Re-arm is
2026-08-31 04:52:20,100 [INFO]     one-way for the day (stays live once released); per-trade momentum/fade/CB
2026-08-31 04:52:20,100 [INFO]     guards still apply. _morning_chop_verdict_impl() stashes FH hi/lo;
2026-08-31 04:52:20,100 [INFO]     chop_rearm_check() evaluated each cycle while blocked. Logs [CHOPGATE] RE-ARMED.
2026-08-31 04:52:20,100 [INFO]   + Ladder/HARDSL/flip/VWAP-trail/stale-guard UNCHANGED. SMA8 KEPT (deleting it
2026-08-31 04:52:20,100 [INFO]     cost -66pt, V2.5.16) — this only changes WHEN it may fire, not whether.
2026-08-31 04:52:20,100 [INFO]   + NOT yet sim-A/B'd — shipped on user direction 2026-06-19; backtest the
2026-08-31 04:52:20,101 [INFO]     re-arm thresholds on post-chop trend days before relying on it live.
2026-08-31 04:52:20,101 [INFO] 
2026-08-31 04:52:20,101 [INFO] V2.5.19 [THREE FUT-VWAP ENTRY PATHWAYS — 2026-06-21]
2026-08-31 04:52:20,101 [INFO]   + Built on user direction 2026-06-21. THREE new VWAP-cross entry pathways.
2026-08-31 04:52:20,101 [INFO]     NOT yet sim-A/B'd — BACKTEST before flipping start_orion.sh to V2.5.19.
2026-08-31 04:52:20,101 [INFO]     All three are flag-gated (default ON). Existing V2/V3/FLIP UNCHANGED.
2026-08-31 04:52:20,101 [INFO] 
2026-08-31 04:52:20,101 [INFO]   + FEATURE 1 — FUT 15m VWAP cross + CONFIRMATION CANDLE (all-day).
2026-08-31 04:52:20,101 [INFO]     VWAP15_CONFIRM_ENABLED. The existing VWAP engine no longer fires on the
2026-08-31 04:52:20,101 [INFO]     cross bar alone: it now requires the cross bar (iloc[-3], body 65-86% band)
2026-08-31 04:52:20,101 [INFO]     PLUS the next closed bar (iloc[-2]) to CONFIRM in the same direction —
2026-08-31 04:52:20,101 [INFO]     same-colour candle that still closes on the same side of FUT-VWAP. Fires in
2026-08-31 04:52:20,101 [INFO]     either direction, any time in the entry window. Re-entries are governed by
2026-08-31 04:52:20,101 [INFO]     the existing momentum gate (no extra cap). check_vwap_signal().
2026-08-31 04:52:20,101 [INFO]     INTERPRETATION: "confirmation candle in same direction" = next 15m candle
2026-08-31 04:52:20,101 [INFO]     closes same side of its open (same colour) AND same side of VWAP as the
2026-08-31 04:52:20,101 [INFO]     cross. Confirmation candle has NO body-size requirement (only the cross bar
2026-08-31 04:52:20,101 [INFO]     does). If wrong, adjust _vwap15_confirm_ok().
2026-08-31 04:52:20,101 [INFO] 
2026-08-31 04:52:20,101 [INFO]   + FEATURE 2 — FUT 5m VWAP cross + S/R distance, FIXED +12 TARGET scalp.
2026-08-31 04:52:20,101 [INFO]     FUT5_SCALP_ENABLED. New engine 'FUT5VWAP'. On each closed FUT 5m bar that
2026-08-31 04:52:20,102 [INFO]     CROSSES its session VWAP (bar opens one side, closes the other) with body
2026-08-31 04:52:20,102 [INFO]     65-86% AND whose close is > FUT5_SCALP_SR_MIN_DIST (20pt) from EVERY one of
2026-08-31 04:52:20,102 [INFO]     yesterday's classic pivots S1/R1/S2/R2 → buy in the cross direction. Exit is
2026-08-31 04:52:20,102 [INFO]     a FIXED +FUT5_SCALP_TARGET_PTS (12) option points (HARDSL + 15:25 force-close
2026-08-31 04:52:20,102 [INFO]     still apply; NO trail/SMA8). One trade per event: deduped on the 5m bar ts,
2026-08-31 04:52:20,102 [INFO]     so the next entry needs a fresh qualifying cross. check_fut5m_vwap_scalp_signal().
2026-08-31 04:52:20,102 [INFO]     INTERPRETATION: ">20 points away from s1/r1/s2/r2" = min distance to ALL four
2026-08-31 04:52:20,102 [INFO]     pivots > 20pt (price in clear space, not hugging a pivot). "cross" = bar
2026-08-31 04:52:20,102 [INFO]     open & close on opposite sides of VWAP. Pivots = classic floor-trader pivots
2026-08-31 04:52:20,102 [INFO]     from the prior trading day's H/L/C. If wrong, adjust compute_classic_pivots()
2026-08-31 04:52:20,102 [INFO]     / check_fut5m_vwap_scalp_signal().
2026-08-31 04:52:20,102 [INFO] 
2026-08-31 04:52:20,102 [INFO]   + FEATURE 3 — MORNING 09:15-10:15 exception (bypasses the 09:45 start gate).
2026-08-31 04:52:20,102 [INFO]     MORNING_VWAP_ENABLED. Before the normal 09:45 entry start, between
2026-08-31 04:52:20,102 [INFO]     MORNING_WIN_START (09:15) and MORNING_WIN_END (10:15): if a closed FUT 15m
2026-08-31 04:52:20,102 [INFO]     bar crosses its VWAP (body 65-86%) AND its close is > MORNING_VWAP_SR_MIN_DIST
2026-08-31 04:52:20,102 [INFO]     (20pt) from every pivot S1/R1/S2/R2 → buy in the cross direction. Re-entries
2026-08-31 04:52:20,102 [INFO]     per momentum gate. Uses engine 'VWAP' (so it inherits the VWAP option-VWAP
2026-08-31 04:52:20,102 [INFO]     trail exit). Runs even when in_entry_window() is False; still respects
2026-08-31 04:52:20,102 [INFO]     stale-guard, gap-suppress, CB/halt, manual cooldown. check_morning_vwap15_signal().
2026-08-31 04:52:20,102 [INFO]     INTERPRETATION: this only ADDS the pre-09:45 window; from 09:45 on, the
2026-08-31 04:52:20,102 [INFO]     normal engines (incl. Feature 1) already run. No confirmation candle is
2026-08-31 04:52:20,102 [INFO]     required here (spec did not ask for one).
2026-08-31 04:52:20,103 [INFO] 
2026-08-31 04:52:20,103 [INFO]   + Classic pivots computed at boot from prior-day H/L/C → DAY.pivots
2026-08-31 04:52:20,103 [INFO]     {P,S1,R1,S2,R2}; min_dist_to_pivots() helper. New fetch_nifty_fut_5m().
2026-08-31 04:52:20,103 [INFO] 
2026-08-31 04:52:20,103 [INFO] =========================================================================
2026-08-31 04:52:20,103 [INFO] BACKFILL 2026-08-29 — V2.5.19 (06-21) -> 2026-08-28
2026-08-31 04:52:20,103 [INFO] =========================================================================
2026-08-31 04:52:20,103 [INFO] Reconstructed 2026-08-29 from the dated inline comments at each code site and
2026-08-31 04:52:20,103 [INFO] the research notes. The banner below had not been updated since V2.5.19
2026-08-31 04:52:20,103 [INFO] (2026-06-21) while 24 changes went in; an audit on 2026-08-27 confirmed NO
2026-08-31 04:52:20,103 [INFO] engine was silently removed or disabled, but the history was unreadable from
2026-08-31 04:52:20,103 [INFO] the top of the file. Enforcement now exists (see CODE_FINGERPRINT / the boot
2026-08-31 04:52:20,103 [INFO] UNDOCUMENTED-CHANGE check) so this cannot silently recur.
2026-08-31 04:52:20,103 [INFO] 
2026-08-31 04:52:20,103 [INFO] KNOWN GAP, stated plainly: the *_BACKUP_*.py chain jumps from 2026-08-01 to
2026-08-31 04:52:20,103 [INFO] 2026-08-25. The nine changes dated 08-08 through 08-20 have NO pre-change
2026-08-31 04:52:20,103 [INFO] backup file. They are reconstructable from the inline comments below, but they
2026-08-31 04:52:20,103 [INFO] cannot be diffed back to their exact prior code. Every change from 08-25 on has
2026-08-31 04:52:20,103 [INFO] a backup.
2026-08-31 04:52:20,103 [INFO] 
2026-08-31 04:52:20,103 [INFO] STATUS legend: [BT] backtested   [FWD] forward-paper only, no backtest
2026-08-31 04:52:20,103 [INFO]                [USER] user-directed   [FIX] bug fix   [UNVAL] unvalidated
2026-08-31 04:52:20,104 [INFO] 
2026-08-31 04:52:20,104 [INFO] V2.5.20 [2026-06-23] Same-direction re-entry cooldown.
2026-08-31 04:52:20,104 [INFO]   WHY: 06-23 a PE won +42 and re-entered PE 33 s later straight into HARDSL.
2026-08-31 04:52:20,104 [INFO]   The momentum/fade gates only look at the signal, not at how the last trade in
2026-08-31 04:52:20,104 [INFO]   that direction ended.  [FIX]
2026-08-31 04:52:20,104 [INFO] 
2026-08-31 04:52:20,104 [INFO] V2.5.20 [2026-06-24] VWAP15_CONFIRM_ENABLED = False.
2026-08-31 04:52:20,104 [INFO]   WHY: user call. The V2.5.19 confirmation candle delayed entries into already-
2026-08-31 04:52:20,104 [INFO]   declining trends. VWAP now fires on the FUT 15m VWAP cross bar itself.
2026-08-31 04:52:20,104 [INFO]   RE-REVIEW TRIGGER: if a chop regime returns and VWAP false-starts rise, the
2026-08-31 04:52:20,104 [INFO]   confirm candle is the first thing to switch back on.  [USER]
2026-08-31 04:52:20,104 [INFO] 
2026-08-31 04:52:20,104 [INFO] V2.5.20 [2026-06-29] Paper-mode order bypass — kite_paper places no real orders.
2026-08-31 04:52:20,104 [INFO] 
2026-08-31 04:52:20,104 [INFO] V2.5.20 [2026-07-06] Rebuilt on the concurrent-backtest architecture; all
2026-08-31 04:52:20,104 [INFO]   engines run simultaneously with no suppression. Plus two CRITICAL fixes:
2026-08-31 04:52:20,104 [INFO]   (a) ORB/GAPBREAK stale-data — fetch_nifty_1m/5m returned frames whose last
2026-08-31 04:52:20,104 [INFO]       bar was days old; a 2-lot PE went in on a close from 07-03. (b) position-
2026-08-31 04:52:20,104 [INFO]       sync false MANUAL_EXIT.  [FIX]
2026-08-31 04:52:20,104 [INFO] 
2026-08-31 04:52:20,104 [INFO] V2.5.20 [2026-07-07] LOTS_PER_TRADE 2 -> 1 (user instruction). ATM strike
2026-08-31 04:52:20,105 [INFO]   resolution fix (old round_to_atm(24000)+2000 path).  [USER][FIX]
2026-08-31 04:52:20,105 [INFO] 
2026-08-31 04:52:20,105 [INFO] V2.5.20 [2026-07-08] V2.5.20 given its OWN Telegram bot (was sharing V2.5.19's).
2026-08-31 04:52:20,105 [INFO]   MANUAL_EXIT detected via the bot's own order-ids, never account-wide net_qty.
2026-08-31 04:52:20,105 [INFO]   [FIX]
2026-08-31 04:52:20,105 [INFO] 
2026-08-31 04:52:20,105 [INFO] V2.5.20 [2026-07-10 .. 07-14] Broker-integrity hardening after the 07-09
2026-08-31 04:52:20,105 [INFO]   NIFTY24000CE incident and the 07-14 stranded lots: order-book/RMS race fixes
2026-08-31 04:52:20,105 [INFO]   on both BUY and SELL, per-position is_paper flag, unconfirmed_fill flag,
2026-08-31 04:52:20,105 [INFO]   bot order-id registry, orphan-position resume, HALT_NEW_ENTRIES_ON_DATE
2026-08-31 04:52:20,105 [INFO]   replacing a bare NO_NEW_ENTRIES_TODAY that had been left True since 07-09.
2026-08-31 04:52:20,106 [INFO]   [FIX]
2026-08-31 04:52:20,106 [INFO] 
2026-08-31 04:52:20,106 [INFO] V2.5.20 [2026-07-12] V2 params from the real-30-day grid search (k_extreme=ON,
2026-08-31 04:52:20,106 [INFO]   rsi_gate=ON, macd_align=OFF) on 05-15..07-10 — 7 trades / 71.4% WR / +45.96pt.
2026-08-31 04:52:20,106 [INFO]   CAVEAT RECORDED AT THE TIME: 7-trade sample. MACD gate left in the code behind
2026-08-31 04:52:20,106 [INFO]   V2_MACD_GATE_ENABLED so it can be flipped back.
2026-08-31 04:52:20,106 [INFO]   Also: V3 probe entry (limit, replacing market entry, user instruction), V3
2026-08-31 04:52:20,106 [INFO]   early-entry + fast exit, ORB in-day CHOPPY kill, MOM_GATE_V3 re-enable.
2026-08-31 04:52:20,106 [INFO]   [BT-weak][USER]
2026-08-31 04:52:20,106 [INFO] 
2026-08-31 04:52:20,106 [INFO] V2.5.20 [2026-07-13] PUT-FLIP QUALITY GATE — V2.5.19 flipped a winning CE to PE
2026-08-31 04:52:20,106 [INFO]   on a 0.5pt K move (58.9 -> 58.4). Gate requires a real reversal.  [FIX]
2026-08-31 04:52:20,106 [INFO] V2.5.20 [2026-07-13] *** COUNTER-TREND VETO *** — single choke point for EVERY
2026-08-31 04:52:20,106 [INFO]   engine. The day's low printed 09:15 and Nifty ran one-way to 24259 while the
2026-08-31 04:52:20,106 [INFO]   bot kept buying PEs. BIGGEST VALIDATED EDGE TO DATE: +697.9 pts / +Rs45,362
2026-08-31 04:52:20,106 [INFO]   out-of-sample. Do not weaken without equivalent evidence.  [BT]
2026-08-31 04:52:20,106 [INFO] 
2026-08-31 04:52:20,106 [INFO] V2.5.20 [2026-07-20] EXECUTION_BROKER LIVE -> PAPER, explicit user instruction;
2026-08-31 04:52:20,106 [INFO]   no real orders since. T5 engine (levels + premium-divergence). APEX engine
2026-08-31 04:52:20,106 [INFO]   (the user's actual method) — shadow only. 1-minute capture added (Kite
2026-08-31 04:52:20,107 [INFO]   interval is 'minute', not '1minute'). Unlimited engine overlap in paper.
2026-08-31 04:52:20,107 [INFO]   [USER]
2026-08-31 04:52:20,107 [INFO] 
2026-08-31 04:52:20,107 [INFO] V2.5.20 [2026-07-24] VWAP/APEX frm>now precession fix.  [FIX]
2026-08-31 04:52:20,107 [INFO] 
2026-08-31 04:52:20,107 [INFO] V2.5.20 [2026-07-26] FUT5VWAP dedup fix (<= not ==; a stale/out-of-order refetch
2026-08-31 04:52:20,107 [INFO]   reopened a second real position on an already-seen signal, seen 07-24).
2026-08-31 04:52:20,107 [INFO]   EXPIRY engine — OTM premium-multiplication pop, expiry day only, one shot.
2026-08-31 04:52:20,107 [INFO]   Expiry-specific velvet-rope/ladder expressed as MULTIPLES not points (user
2026-08-31 04:52:20,107 [INFO]   instruction: a Rs8 option cannot use a +12pt ladder).  [FIX][USER]
2026-08-31 04:52:20,107 [INFO] 
2026-08-31 04:52:20,107 [INFO] V2.5.20 [2026-07-27] push_logs_to_github(): added `git rebase --autostash`.
2026-08-31 04:52:20,107 [INFO]   WHY: a dirty tree made plain `git rebase` abort silently, so every push had
2026-08-31 04:52:20,107 [INFO]   been rejected non-fast-forward since 07-20 (~365 rejects/day/bot).
2026-08-31 04:52:20,107 [INFO]   *** SIDE EFFECT DISCOVERED 2026-08-27: this is what orphaned the logging
2026-08-31 04:52:20,107 [INFO]   FileHandler's inode and blanked the FlightRecorder logs. Fixed 08-29 with
2026-08-31 04:52:20,107 [INFO]   WatchedFileHandler. DO NOT remove --autostash. ***  [FIX]
2026-08-31 04:52:20,107 [INFO] 
2026-08-31 04:52:20,107 [INFO] V2.5.20 [2026-07-29] Counter-trend-veto Telegram dedup (spam fix).  [FIX]
2026-08-31 04:52:20,107 [INFO] 
2026-08-31 04:52:20,107 [INFO] V2.5.20 [2026-08-01] APEX entry filter: APEX_RSI_MIN_DELTA = 5.0 — require a
2026-08-31 04:52:20,107 [INFO]   decisive RSI turn, not any turn. Re-sim -3,835 -> +234, IN-SAMPLE ONLY.
2026-08-31 04:52:20,107 [INFO]   [UNVAL]
2026-08-31 04:52:20,107 [INFO] 
2026-08-31 04:52:20,107 [INFO] V2.5.20 [2026-08-08] VWAP same-day loss cap, from the real 3-month simulated
2026-08-31 04:52:20,107 [INFO]   backtest on Upstox real premiums. Same pass disabled PIVOTBREAK.  [BT]
2026-08-31 04:52:20,107 [INFO] 
2026-08-31 04:52:20,107 [INFO] V2.5.20 [2026-08-09] PIVOTBREAK REMOVED ENTIRELY (code deleted, syntax-clean).
2026-08-31 04:52:20,107 [INFO]   WHY: kill-switch (08-08) then a full professional rebuild (08-09) both failed;
2026-08-31 04:52:20,107 [INFO]   losses were structural exit-logic, not day-type. Do not re-add without new
2026-08-31 04:52:20,107 [INFO]   evidence — see the rebuild trail before trying.  [BT]
2026-08-31 04:52:20,107 [INFO] 
2026-08-31 04:52:20,107 [INFO] V2.5.20 [2026-08-13] V2 per-bar dedup on the closed 15m bar, same convention as
2026-08-31 04:52:20,107 [INFO]   VWAP/FUT5VWAP. WHY: V2 had NO dedup, so a Kite rate-limit retry stacked 5 V2
2026-08-31 04:52:20,107 [INFO]   lots on one signal — this is what produced the phantom +Rs8,492 on 08-12 that
2026-08-31 04:52:20,108 [INFO]   looked like edge and was not. Also fixed a POS.engine comparison against the
2026-08-31 04:52:20,108 [INFO]   literal 'BASE'.  [FIX]
2026-08-31 04:52:20,108 [INFO] 
2026-08-31 04:52:20,108 [INFO] V2.5.20 [2026-08-16] V2_DAILY_LOSS_CAP = 1. From a real 3-month re-port of V2's
2026-08-31 04:52:20,108 [INFO]   own logic (05-04..08-06): capping V2 at one loss/day was the only no-trade-
2026-08-31 04:52:20,108 [INFO]   zone variant that survived; all the others failed.  [BT]
2026-08-31 04:52:20,108 [INFO] 
2026-08-31 04:52:20,108 [INFO] V2.5.20 [2026-08-17] FUT5VWAP min pivot distance 30 -> 25 pt, from a real
2026-08-31 04:52:20,108 [INFO]   re-port at native 1-min granularity. NOTE: the corrected FUT5VWAP baseline is
2026-08-31 04:52:20,108 [INFO]   88.9% WR / +Rs53,315 over 380 days — the earlier 94% / +Rs104k figure was a
2026-08-31 04:52:20,108 [INFO]   same-bar exit-ambiguity BUG and is void.  [BT]
2026-08-31 04:52:20,108 [INFO] 
2026-08-31 04:52:20,108 [INFO] V2.5.20 [2026-08-20] Four VWAP/V2/ORB changes from a real 40-trade backtest on
2026-08-31 04:52:20,108 [INFO]   the live 07-07..08-20 log:
2026-08-31 04:52:20,108 [INFO]    (1) VWAP 5m persistence + distance-from-VWAP gate;
2026-08-31 04:52:20,108 [INFO]    (2) VWAP post-loss same-side cooldown;
2026-08-31 04:52:20,108 [INFO]    (3) V2 trail scaled to entry premium (arm = entry x 1.15) instead of fixed
2026-08-31 04:52:20,108 [INFO]        points — V2 entries range from ~Rs73 upward, a fixed +15 is not
2026-08-31 04:52:20,108 [INFO]        comparable across them;  [USER]
2026-08-31 04:52:20,108 [INFO]    (4) V2 hard stop fixed at -15 pt, replacing the generic -18% HARDSL;  [USER]
2026-08-31 04:52:20,108 [INFO]    (5) ORB exit tightened: stop 15 / ride 40 / giveback 20.
2026-08-31 04:52:20,108 [INFO]   Neither VWAP gate alone made VWAP profitable — they reduce the loss. Expect a
2026-08-31 04:52:20,108 [INFO]   smaller drawdown, not profit.  [BT]
2026-08-31 04:52:20,108 [INFO] 
2026-08-31 04:52:20,109 [INFO] V2.5.20 [2026-08-22] *** EXPIRY ENGINES 1 & 2 (EXP12) — SHADOW PAPER BOOK ***
2026-08-31 04:52:20,109 [INFO]   E1 RSI-snap + OI/strike gates: recent 40 expiries 9 trades / 89% WR /
2026-08-31 04:52:20,109 [INFO]   +Rs18,944 (older 57 dormant, -Rs819).
2026-08-31 04:52:20,109 [INFO]   E2 cheap-ladder Rs8-16 + spot-through-strike + OI <= +5%, NO stop, trail 20%
2026-08-31 04:52:20,109 [INFO]   after 40: recent 40 +Rs12,760 (older 57 -Rs4,910).
2026-08-31 04:52:20,109 [INFO]   User instruction: NO restrictions — no trade-count or SL-count limits.
2026-08-31 04:52:20,109 [INFO]   SEPARATE BOOK: own lot size, own CSV, EXCLUDED from fmt_eod_summary by
2026-08-31 04:52:20,109 [INFO]   design. (Reporting confusion this caused was raised 08-27; being fixed in a
2026-08-31 04:52:20,109 [INFO]   later item.)  [BT][USER]
2026-08-31 04:52:20,109 [INFO] 
2026-08-31 04:52:20,109 [INFO] V2.5.20 [2026-08-25] EXP12 relaxed gates, user override after the 08-25 miss
2026-08-31 04:52:20,109 [INFO]   (premium out-ran spot, so E2's "Rs8-16 AND spot>=strike in the SAME minute"
2026-08-31 04:52:20,109 [INFO]   never overlapped): E1 no SL / trail after 2x; entries 14:30-15:25; dist >= -35
2026-08-31 04:52:20,109 [INFO]   (-115 Sensex) OR crossed within 30 min; E2 band hi 20 (66 Sensex); universe
2026-08-31 04:52:20,109 [INFO]   re-resolve every 5 min. Replay on 08-25 = +Rs3,416 vs actual 0.
2026-08-31 04:52:20,109 [INFO]   *** KNOWN REMAINING FLAW (08-27, 2nd confirmation): the universe re-resolves
2026-08-31 04:52:20,109 [INFO]   only when the MAX-OI strike M moves, and max-OI is sticky while spot is not.
2026-08-31 04:52:20,109 [INFO]   On 08-27 legs froze at 77500 while Sensex fell to 77182 — nothing near the
2026-08-31 04:52:20,109 [INFO]   money for two hours. Anchor to SPOT, but re-backtest evaluate_day_e2() first.
2026-08-31 04:52:20,109 [INFO]   ***  [USER][UNVAL]
2026-08-31 04:52:20,109 [INFO] 
2026-08-31 04:52:20,109 [INFO] V2.5.20 [2026-08-26] *** KITE RETIRED — UPSTOX MIGRATION ***
2026-08-31 04:52:20,109 [INFO]   All bots moved to Upstox behind a drop-in Kite-compatible shim
2026-08-31 04:52:20,109 [INFO]   (upstox_kite_shim.py). Long-lived read-only token, no daily login; launchers'
2026-08-31 04:52:20,109 [INFO]   auto_login removed. Candle/quote/OI parity verified live pre-deploy.
2026-08-31 04:52:20,109 [INFO]   *** REGRESSION FOUND 08-27: zero [STALE] events in ~37 Kite days, 50 on the
2026-08-31 04:52:20,109 [INFO]   FIRST Upstox day. CAUSE (corrected 08-29): the shim asks the intraday
2026-08-31 04:52:20,109 [INFO]   endpoint for 15-MINUTE candles, and that endpoint is built around COMPLETED
2026-08-31 04:52:20,109 [INFO]   intervals, so the forming bar appears 0-6 min late; Kite returned the partial
2026-08-31 04:52:20,109 [INFO]   bar from the first tick. Upstox is NOT slower — its 1m/tick data is as fast.
2026-08-31 04:52:20,109 [INFO]   Wrong endpoint granularity, not a vendor fault. Real fix = fetch 1m and
2026-08-31 04:52:20,109 [INFO]   resample to 15m in the shim (raising the 16-min guard is the WRONG fix: it
2026-08-31 04:52:20,109 [INFO]   would let the engines read a 30-45 min old iloc[-2] silently). ***  [FIX]
2026-08-31 04:52:20,109 [INFO] 
2026-08-31 04:52:20,110 [INFO] V2.5.20 [2026-08-26] EXP2W = EXP2 + the user's "was-expensive" SELECTION filter,
2026-08-31 04:52:20,110 [INFO]   run as a PARALLEL tag beside plain EXP2 — same legs, same data, same exits, so
2026-08-31 04:52:20,110 [INFO]   the two isolate the filter's effect. In-sample replay: NIFTY -3,308 -> +1,873,
2026-08-31 04:52:20,110 [INFO]   SENSEX +2,970 -> +2,552, ~60% fewer trades.
2026-08-31 04:52:20,110 [INFO]   *** LIVE A/B DATA POINT #1 (08-27): EXP2W DECLINED the day's only winner
2026-08-31 04:52:20,110 [INFO]   (77100PE, afternoon high 46.95 < the Rs130 floor) — cost Rs3,378. n=1, against
2026-08-31 04:52:20,110 [INFO]   the filter. Do not act on one day. ***  [USER][BT-insample]
2026-08-31 04:52:20,110 [INFO] 
2026-08-31 04:52:20,110 [INFO] V2.5.20 [2026-08-26] SENSEX bot given its own Telegram bot/chat; Nifty chat
2026-08-31 04:52:20,110 [INFO]   unchanged.  [USER]
2026-08-31 04:52:20,110 [INFO] 
2026-08-31 04:52:20,110 [INFO] V2.5.20 [EXP12 UNIVERSE ANCHORED TO SPOT — 2026-08-29]  (item 4)
2026-08-31 04:52:20,110 [INFO]   WHAT: EXP12_ANCHOR = 'spot'. _exp12_resolve_m() now returns the strike
2026-08-31 04:52:20,110 [INFO]   NEAREST SPOT instead of the max-OI strike among ATM+/-4. Max-OI is still
2026-08-31 04:52:20,110 [INFO]   computed and logged when it diverges, so the failure mode stays visible.
2026-08-31 04:52:20,110 [INFO]   Set EXP12_ANCHOR='maxoi' to revert the behaviour without touching code.
2026-08-31 04:52:20,110 [INFO] 
2026-08-31 04:52:20,110 [INFO]   WHY: max-OI is sticky, spot is not. 08-25 (Nifty) and 08-27 (Sensex: legs
2026-08-31 04:52:20,110 [INFO]   frozen at 77500 while spot fell to 77182, >200pt below the lowest leg) both
2026-08-31 04:52:20,110 [INFO]   left BOTH engines with no near-the-money contract for hours. The 5-minute
2026-08-31 04:52:20,110 [INFO]   re-resolve added 08-25 only swapped legs when M moved, so it never fired.
2026-08-31 04:52:20,110 [INFO] 
2026-08-31 04:52:20,110 [INFO]   BACKTEST (this gate was NOT skipped — the 08-27 note said re-backtest first):
2026-08-31 04:52:20,110 [INFO]   40 recent Nifty expiries, real Upstox 1-min premiums.
2026-08-31 04:52:20,110 [INFO]   *** The existing step12/step16 datasets could NOT answer this: they contain
2026-08-31 04:52:20,110 [INFO]   ONLY the 3 max-OI-anchored strikes per day, i.e. only the strikes the flawed
2026-08-31 04:52:20,111 [INFO]   rule already picks. A WIDE 11-strike band was pulled specially
2026-08-31 04:52:20,111 [INFO]   (exp_wide_universe_data.json) via the Expired Instruments API. ***
2026-08-31 04:52:20,111 [INFO]     GATE G1 baseline reproduced EXACTLY: max-OI n=26, +Rs12,760 (published)
2026-08-31 04:52:20,111 [INFO]     A max-OI x3          n=26  WR 46.2%  +Rs12,760  median day  -Rs29
2026-08-31 04:52:20,111 [INFO]     C spot x3 @14:30     n=29  WR 51.7%  +Rs13,959  median day +Rs111
2026-08-31 04:52:20,111 [INFO]                          -> 3 days better, 0 WORSE, 21 unchanged
2026-08-31 04:52:20,111 [INFO]     B spot re-anchored   n=32  WR 53.1%  +Rs18,242  5 better, 1 worse
2026-08-31 04:52:20,111 [INFO]   Live behaviour sits between C and B (legs re-resolve every 5 min).
2026-08-31 04:52:20,111 [INFO] 
2026-08-31 04:52:20,111 [INFO]   OUT-OF-WINDOW (older 57 expiries 2024-10..2025-11, the regime where E2 is
2026-08-31 04:52:20,111 [INFO]   known to LOSE). Question was not "does E2 work there" -- it does not -- but
2026-08-31 04:52:20,111 [INFO]   "does spot anchoring make it WORSE". It does not:
2026-08-31 04:52:20,111 [INFO]     A max-OI x3  n=40  WR 35.0%  -Rs3,958
2026-08-31 04:52:20,111 [INFO]     C spot x3    n=43  WR 37.2%  -Rs2,954   (2 days better, 1 worse)
2026-08-31 04:52:20,111 [INFO]     B re-anchor  n=44  WR 36.4%  -Rs3,162
2026-08-31 04:52:20,111 [INFO]   CAVEAT, stated rather than buried: this OOS baseline is -Rs3,958 against the
2026-08-31 04:52:20,111 [INFO]   published -Rs4,910. The Expired-Instruments API returned NO contracts for 1 of
2026-08-31 04:52:20,111 [INFO]   the 57 days and only 15 of 22 for another, so the OOS run covers 56 days with
2026-08-31 04:52:20,111 [INFO]   some gaps. Treat the OOS numbers as DIRECTIONAL. The recent-40 window, which
2026-08-31 04:52:20,111 [INFO]   is what this change is justified on, reproduced its baseline EXACTLY.
2026-08-31 04:52:20,111 [INFO] 
2026-08-31 04:52:20,111 [INFO]   HONEST READING: the in-sample gain is SMALL (+Rs1,199 at equal breadth)
2026-08-31 04:52:20,111 [INFO]   because max-OI and spot-ATM usually COINCIDE — they differed on only 3 of 24
2026-08-31 04:52:20,111 [INFO]   traded days. This change is not an edge improvement; it removes a blind spot
2026-08-31 04:52:20,111 [INFO]   in the tail. Its value is that at equal breadth it was never worse on any of
2026-08-31 04:52:20,111 [INFO]   the 40 expiries, and the two live misses are exactly the case it fixes.
2026-08-31 04:52:20,111 [INFO] 
2026-08-31 04:52:20,111 [INFO]   REVERT: *_BACKUP_20260829_pre_spot_anchor.py, or EXP12_ANCHOR='maxoi'
2026-08-31 04:52:20,111 [INFO]   STATUS: applied 2026-08-29. Confirm on the next expiry that the log shows
2026-08-31 04:52:20,112 [INFO]   "[EXP12] anchor=spot M=..." and that legs track spot.  [BT][USER]
2026-08-31 04:52:20,112 [INFO] 
2026-08-31 04:52:20,112 [INFO] V2.5.20 [EXPIRY REPORTING + INTRADAY BAR FIX — 2026-08-29]
2026-08-31 04:52:20,112 [INFO]   Four changes, all from the user's 2026-08-27 review. NO entry/exit RULE was
2026-08-31 04:52:20,112 [INFO]   changed — these are data-plumbing and reporting only.
2026-08-31 04:52:20,112 [INFO] 
2026-08-31 04:52:20,112 [INFO]   (1) SHIM 1-MINUTE RESAMPLING (item 3). upstox_kite_shim.historical_data() now
2026-08-31 04:52:20,112 [INFO]       builds TODAY's 5m/15m/1h bars from 1-MINUTE intraday instead of asking the
2026-08-31 04:52:20,112 [INFO]       intraday endpoint for them directly, because that endpoint only emits a
2026-08-31 04:52:20,112 [INFO]       forming bar 0-6 min late and the engines read iloc[-2] assuming iloc[-1]
2026-08-31 04:52:20,112 [INFO]       is the forming bar. Deliberately NOT raising the 16-min stale guard —
2026-08-31 04:52:20,112 [INFO]       that would hide stale indicators instead of surfacing them.
2026-08-31 04:52:20,112 [INFO]       52/52 instrument-day-interval combos reproduce Upstox's own O/H/L/C/vol/OI
2026-08-31 04:52:20,112 [INFO]       EXACTLY. See upstox_kite_shim.py CHANGE_HISTORY.  [FIX]
2026-08-31 04:52:20,112 [INFO] 
2026-08-31 04:52:20,112 [INFO]   (2) EXPIRY "WHY / WHY NOT" TELEGRAM at 15:29 (item 5). User: "no message about
2026-08-31 04:52:20,112 [INFO]       why a trade was not taken". Every EXP12 gate now increments a counter
2026-08-31 04:52:20,112 [INFO]       (_exp12_block) and records the closest miss (_exp12_near);
2026-08-31 04:52:20,112 [INFO]       _exp12_eod_report() sends one consolidated per-engine message. On the
2026-08-31 04:52:20,112 [INFO]       08-27 book this renders as "EXP2: no trade — blocked by spot too far from
2026-08-31 04:52:20,112 [INFO]       strike x148 ... closest: 77400CE prem 12.30 OK but dist -318", which is
2026-08-31 04:52:20,112 [INFO]       the universe flaw made visible.  [USER]
2026-08-31 04:52:20,112 [INFO] 
2026-08-31 04:52:20,112 [INFO]   (3) EXP12 TELEGRAM COLOUR + SHADOW TAG (item 7a). Entries/exits were plain
2026-08-31 04:52:20,112 [INFO]       🎯/⚫ with no green/red, so a +Rs3,378 day on 08-27 read like nothing had
2026-08-31 04:52:20,112 [INFO]       happened. Now 🟢/🔴 by CE/PE, 🟩/🟥 by result, and a persistent
2026-08-31 04:52:20,112 [INFO]       "⚫ SHADOW BOOK (not in main PnL)" tag.  [USER]
2026-08-31 04:52:20,113 [INFO] 
2026-08-31 04:52:20,113 [INFO]   (4) SHADOW TOTAL IN THE EOD SUMMARY (item 7b). EXP12 is a separate book (own
2026-08-31 04:52:20,113 [INFO]       lot size, own CSV) and stays EXCLUDED from Net PnL — but it is now printed
2026-08-31 04:52:20,113 [INFO]       as its own clearly-labelled block, so 08-27's "Rs0" on a +Rs3,378 day
2026-08-31 04:52:20,113 [INFO]       cannot recur. The two totals are visible without ever being mixed.  [USER]
2026-08-31 04:52:20,113 [INFO] 
2026-08-31 04:52:20,113 [INFO]   REVERT: *_BACKUP_20260829_pre_changelog_backfill.py (and, for the shim,
2026-08-31 04:52:20,113 [INFO]           upstox_kite_shim_BACKUP_20260829_pre_1m_resample.py)
2026-08-31 04:52:20,113 [INFO]   STATUS: applied 2026-08-29 (Sat, market closed). Item (1) is offline-verified
2026-08-31 04:52:20,113 [INFO]           only and MUST be confirmed against the live feed at the next open:
2026-08-31 04:52:20,113 [INFO]           [STALE] events should drop to zero. Items (2)-(4) are cosmetic/report
2026-08-31 04:52:20,113 [INFO]           paths and are proven by rendering tests, but (2) only fires on an
2026-08-31 04:52:20,113 [INFO]           expiry day — next Nifty expiry Tue 2026-09-01.
2026-08-31 04:52:20,113 [INFO] 
2026-08-31 04:52:20,113 [INFO] V2.5.20 [FLIGHT-RECORDER LOG FIX — 2026-08-29]
2026-08-31 04:52:20,113 [INFO]   WHAT : logging.basicConfig(filename=LOG_FN) -> logging.handlers.
2026-08-31 04:52:20,113 [INFO]          WatchedFileHandler(LOG_FN). One handler swap in the LOGGING block;
2026-08-31 04:52:20,113 [INFO]          added `import logging.handlers`. No engine/strategy code touched.
2026-08-31 04:52:20,113 [INFO]   WHY  : every Nifty & Sensex FlightRecorder *.log had been BOOT-BANNER-ONLY
2026-08-31 04:52:20,113 [INFO]          for ~a week (08-20 -> 08-28): 32,891 bytes, last line 8 seconds after
2026-08-31 04:52:20,113 [INFO]          boot, while the BarLevel CSV ran to 15:25. push_logs_to_github() runs
2026-08-31 04:52:20,113 [INFO]          `git rebase --autostash` every 5 min; with a dirty tree the autostash
2026-08-31 04:52:20,113 [INFO]          push/pop deletes and recreates every modified tracked file, including
2026-08-31 04:52:20,113 [INFO]          the log being written. The plain FileHandler held its fd on the old
2026-08-31 04:52:20,113 [INFO]          inode, so all later lines went to an orphaned inode. This is why the
2026-08-31 04:52:20,113 [INFO]          "check the Thursday log" instructions left for EXP2W / EXP12-relax /
2026-08-31 04:52:20,113 [INFO]          Upstox were all uncheckable. Real record was ~/orion_*_run.log (stdout).
2026-08-31 04:52:20,113 [INFO]   EVIDENCE : reproduced against a REAL two-bot `git rebase --autostash` cycle
2026-08-31 04:52:20,113 [INFO]          (scratchpad/wfhtest/repro3.py): FileHandler -> on-disk log holds ONLY
2026-08-31 04:52:20,113 [INFO]          the boot banner (inode swapped mid-run); WatchedFileHandler -> all
2026-08-31 04:52:20,113 [INFO]          lines through EOD survive the identical swap. Control that confirms
2026-08-31 04:52:20,113 [INFO]          the diagnosis in production: stocks_run.log is NOT git-tracked, is
2026-08-31 04:52:20,114 [INFO]          never touched by the push, and is complete through 15:30 IST on the
2026-08-31 04:52:20,114 [INFO]          same sessions. csv_append() and the Telegram fallback log open by
2026-08-31 04:52:20,114 [INFO]          name per write and were never affected.
2026-08-31 04:52:20,114 [INFO]   NOT DONE : dropping --autostash. It was added 2026-07-27 to fix a different
2026-08-31 04:52:20,114 [INFO]          failure (365+ push rejects/day since 07-20). Do not remove it.
2026-08-31 04:52:20,114 [INFO]   REVERT : ORION_PAPER_V2_5_20_BACKUP_20260829_pre_watchedfilehandler.py /
2026-08-31 04:52:20,114 [INFO]            ORION_SENSEX_V2520_BACKUP_20260829_pre_watchedfilehandler.py
2026-08-31 04:52:20,114 [INFO]   STATUS : code-applied 2026-08-29 (Sat, market closed). NOT yet proven live —
2026-08-31 04:52:20,114 [INFO]            confirm on the next session's boot that the FlightRecorder log keeps
2026-08-31 04:52:20,114 [INFO]            growing past 09:07 and its last line is ~15:25, not ~09:02.
2026-08-31 04:52:20,114 [INFO] 
2026-08-31 04:52:20,114 [INFO] === REJECTED DECISIONS (DO NOT RE-ADD WITHOUT NEW BACKTEST EVIDENCE) ===
2026-08-31 04:52:20,114 [INFO]   SKIP_HOUR_13         : -Rs 46k (kills profitable flips in that window)
2026-08-31 04:52:20,114 [INFO]   SKIP_TUESDAYS        : +Rs 56k but calendar-overfit; RSI gate replaces
2026-08-31 04:52:20,114 [INFO]   ADX<20 filter        : -Rs 16k
2026-08-31 04:52:20,114 [INFO]   ADX<25 filter        : -Rs 34k
2026-08-31 04:52:20,114 [INFO]   BE armor at +15%     : net negative
2026-08-31 04:52:20,114 [INFO]   Same-side flip       : -Rs 191k CATASTROPHIC
2026-08-31 04:52:20,114 [INFO]   REVERSAL_FLIP=True   : WR 12% vs 33%
2026-08-31 04:52:20,114 [INFO]   K cap on CE          : hurts WR (no cap is better)
2026-08-31 04:52:20,114 [INFO]   V2.5.10 macro SMA50  : -Rs 2.3L vs V2.5.9; lagging filter blocked PE in bear phases
2026-08-31 04:52:20,114 [INFO]   V2.5.11 straddle halt: straddle expansion days WR 69.8% > normal 66.9%;
2026-08-31 04:52:20,114 [INFO]                          halting on expansion removed profitable trades (+Rs 2,54,234 phantom)
2026-08-31 04:52:21,770 [INFO] [CHANGELOG] up to date (last entry 2026-08-31)
2026-08-31 04:52:28,528 [INFO] [boot] Logs pushed to GitHub: Nifty_FlightRecorder_V2_5_20_20260831_102217.log, Nifty_BarLevel_V2_5_20_20260831_102217.csv
2026-08-31 04:52:28,728 [INFO] [ORB] Stood down for the day — SIDEWAYS-regime filter
2026-08-31 04:52:28,745 [INFO] [APEX] open=0 trades=0 realized=+0.0pt/Rs+0 unreal=+0.0pt/Rs+0
2026-08-31 04:52:28,803 [INFO] [T5] open=0 trades=0 realized=+0.0pt/Rs+0 unreal=+0.0pt/Rs+0
2026-08-31 04:52:28,804 [INFO] [INDICATORS] spot=24009.8 | 1h: close=24017.8 sma20=24165.9 sma50=24199.8 rsi=36.4 macd=-32.05/-23.99(bear) | 15m: K=0.2↓(prev 0.2) | regime=PE-eligible any_active=False
2026-08-31 04:52:28,804 [INFO] [SIGNAL] CE: reg=False K=False(K=0.2>=38,rising) Kextr=True RSI=False(36.4>53) MACD=False(gate off) => BLOCK | PE: reg=True K=False(K=0.2<=80,falling) Kextr=False RSI=True(36.4<47) MACD=True(gate off) => BLOCK
2026-08-31 04:57:32,000 [INFO] [APEX] open=0 trades=0 realized=+0.0pt/Rs+0 unreal=+0.0pt/Rs+0
2026-08-31 04:57:32,043 [INFO] [T5] open=0 trades=0 realized=+0.0pt/Rs+0 unreal=+0.0pt/Rs+0
2026-08-31 04:57:32,044 [INFO] [INDICATORS] spot=24023.7 | 1h: close=24017.8 sma20=24165.9 sma50=24199.8 rsi=36.4 macd=-32.05/-23.99(bear) | 15m: K=0.2↓(prev 0.2) | regime=PE-eligible any_active=False
2026-08-31 04:57:32,044 [INFO] [SIGNAL] CE: reg=False K=False(K=0.2>=38,rising) Kextr=True RSI=False(36.4>53) MACD=False(gate off) => BLOCK | PE: reg=True K=False(K=0.2<=80,falling) Kextr=False RSI=True(36.4<47) MACD=True(gate off) => BLOCK
2026-08-31 04:57:37,745 [INFO] [periodic] Logs pushed to GitHub: Nifty_FlightRecorder_V2_5_20_20260831_102217.log, Nifty_BarLevel_V2_5_20_20260831_102217.csv
2026-08-31 05:00:08,967 [INFO] [CHOPGATE] STAND ASIDE for the day — ER=0.02 crosses=0 range=93pt
2026-08-31 05:01:10,287 [WARNING] [STALE] 15m last bar 10:15 (>16min old) — instant refetch
2026-08-31 05:01:10,315 [WARNING] [STALE] 15m STILL stale after refetch — entries blocked this cycle
2026-08-31 05:01:11,087 [WARNING] [STALE] fut15 last bar 10:15 (>16min old) — instant refetch
2026-08-31 05:01:11,114 [WARNING] [STALE] fut15 STILL stale after refetch — entries blocked this cycle
2026-08-31 05:02:41,851 [INFO] [APEX] open=0 trades=0 realized=+0.0pt/Rs+0 unreal=+0.0pt/Rs+0
2026-08-31 05:02:41,890 [INFO] [T5] open=0 trades=0 realized=+0.0pt/Rs+0 unreal=+0.0pt/Rs+0
2026-08-31 05:02:41,891 [INFO] [INDICATORS] spot=24026.1 | 1h: close=24017.8 sma20=24165.9 sma50=24199.8 rsi=36.4 macd=-32.05/-23.99(bear) | 15m: K=3.4↑(prev 0.2) | regime=PE-eligible any_active=False
2026-08-31 05:02:41,891 [INFO] [SIGNAL] CE: reg=False K=False(K=3.4>=38,rising) Kextr=True RSI=False(36.4>53) MACD=False(gate off) => BLOCK | PE: reg=True K=False(K=3.4<=80,falling) Kextr=False RSI=True(36.4<47) MACD=True(gate off) => BLOCK
2026-08-31 05:02:46,071 [INFO] [periodic] Logs pushed to GitHub: Nifty_FlightRecorder_V2_5_20_20260831_102217.log, Nifty_BarLevel_V2_5_20_20260831_102217.csv
2026-08-31 05:07:48,472 [INFO] [APEX] open=0 trades=0 realized=+0.0pt/Rs+0 unreal=+0.0pt/Rs+0
2026-08-31 05:07:48,561 [INFO] [T5] open=0 trades=0 realized=+0.0pt/Rs+0 unreal=+0.0pt/Rs+0
2026-08-31 05:07:48,562 [INFO] [INDICATORS] spot=24007.2 | 1h: close=24017.8 sma20=24165.9 sma50=24199.8 rsi=36.4 macd=-32.05/-23.99(bear) | 15m: K=3.4↑(prev 0.2) | regime=PE-eligible any_active=False
2026-08-31 05:07:48,562 [INFO] [SIGNAL] CE: reg=False K=False(K=3.4>=38,rising) Kextr=True RSI=False(36.4>53) MACD=False(gate off) => BLOCK | PE: reg=True K=False(K=3.4<=80,falling) Kextr=False RSI=True(36.4<47) MACD=True(gate off) => BLOCK
2026-08-31 05:07:52,065 [INFO] [periodic] Logs pushed to GitHub: Nifty_FlightRecorder_V2_5_20_20260831_102217.log, Nifty_BarLevel_V2_5_20_20260831_102217.csv
2026-08-31 05:12:54,505 [INFO] [APEX] open=0 trades=0 realized=+0.0pt/Rs+0 unreal=+0.0pt/Rs+0
2026-08-31 05:12:54,554 [INFO] [T5] open=0 trades=0 realized=+0.0pt/Rs+0 unreal=+0.0pt/Rs+0
2026-08-31 05:12:54,555 [INFO] [INDICATORS] spot=24002.6 | 1h: close=24017.8 sma20=24165.9 sma50=24199.8 rsi=36.4 macd=-32.05/-23.99(bear) | 15m: K=3.4↑(prev 0.2) | regime=PE-eligible any_active=False
2026-08-31 05:12:54,555 [INFO] [SIGNAL] CE: reg=False K=False(K=3.4>=38,rising) Kextr=True RSI=False(36.4>53) MACD=False(gate off) => BLOCK | PE: reg=True K=False(K=3.4<=80,falling) Kextr=False RSI=True(36.4<47) MACD=True(gate off) => BLOCK
2026-08-31 05:12:57,341 [INFO] [periodic] Logs pushed to GitHub: Nifty_FlightRecorder_V2_5_20_20260831_102217.log, Nifty_BarLevel_V2_5_20_20260831_102217.csv
2026-08-31 05:17:59,763 [INFO] [APEX] open=0 trades=0 realized=+0.0pt/Rs+0 unreal=+0.0pt/Rs+0
2026-08-31 05:17:59,805 [INFO] [T5] open=0 trades=0 realized=+0.0pt/Rs+0 unreal=+0.0pt/Rs+0
2026-08-31 05:17:59,806 [INFO] [INDICATORS] spot=24007.8 | 1h: close=24017.8 sma20=24165.9 sma50=24199.8 rsi=36.4 macd=-32.05/-23.99(bear) | 15m: K=3.6↑(prev 3.4) | regime=PE-eligible any_active=False
2026-08-31 05:17:59,806 [INFO] [SIGNAL] CE: reg=False K=False(K=3.6>=38,rising) Kextr=True RSI=False(36.4>53) MACD=False(gate off) => BLOCK | PE: reg=True K=False(K=3.6<=80,falling) Kextr=False RSI=True(36.4<47) MACD=True(gate off) => BLOCK
2026-08-31 05:18:02,526 [INFO] [periodic] Logs pushed to GitHub: Nifty_FlightRecorder_V2_5_20_20260831_102217.log, Nifty_BarLevel_V2_5_20_20260831_102217.csv
2026-08-31 05:23:04,898 [INFO] [APEX] open=0 trades=0 realized=+0.0pt/Rs+0 unreal=+0.0pt/Rs+0
2026-08-31 05:23:04,936 [INFO] [T5] open=0 trades=0 realized=+0.0pt/Rs+0 unreal=+0.0pt/Rs+0
2026-08-31 05:23:04,937 [INFO] [INDICATORS] spot=23998.8 | 1h: close=24017.8 sma20=24165.9 sma50=24199.8 rsi=36.4 macd=-32.05/-23.99(bear) | 15m: K=3.6↑(prev 3.4) | regime=PE-eligible any_active=False
2026-08-31 05:23:04,937 [INFO] [SIGNAL] CE: reg=False K=False(K=3.6>=38,rising) Kextr=True RSI=False(36.4>53) MACD=False(gate off) => BLOCK | PE: reg=True K=False(K=3.6<=80,falling) Kextr=False RSI=True(36.4<47) MACD=True(gate off) => BLOCK
2026-08-31 05:23:09,086 [INFO] [periodic] Logs pushed to GitHub: Nifty_FlightRecorder_V2_5_20_20260831_102217.log, Nifty_BarLevel_V2_5_20_20260831_102217.csv
2026-08-31 05:28:11,542 [INFO] [APEX] open=0 trades=0 realized=+0.0pt/Rs+0 unreal=+0.0pt/Rs+0
2026-08-31 05:28:11,586 [INFO] [T5] open=0 trades=0 realized=+0.0pt/Rs+0 unreal=+0.0pt/Rs+0
2026-08-31 05:28:11,586 [INFO] [INDICATORS] spot=24004.7 | 1h: close=24017.8 sma20=24165.9 sma50=24199.8 rsi=36.4 macd=-32.05/-23.99(bear) | 15m: K=3.6↑(prev 3.4) | regime=PE-eligible any_active=False
2026-08-31 05:28:11,586 [INFO] [SIGNAL] CE: reg=False K=False(K=3.6>=38,rising) Kextr=True RSI=False(36.4>53) MACD=False(gate off) => BLOCK | PE: reg=True K=False(K=3.6<=80,falling) Kextr=False RSI=True(36.4<47) MACD=True(gate off) => BLOCK
2026-08-31 05:28:14,318 [INFO] [periodic] Logs pushed to GitHub: Nifty_FlightRecorder_V2_5_20_20260831_102217.log, Nifty_BarLevel_V2_5_20_20260831_102217.csv
2026-08-31 05:31:15,742 [WARNING] [STALE] 15m last bar 10:45 (>16min old) — instant refetch
2026-08-31 05:31:15,777 [WARNING] [STALE] 15m STILL stale after refetch — entries blocked this cycle
2026-08-31 05:31:16,583 [WARNING] [STALE] fut15 last bar 10:45 (>16min old) — instant refetch
2026-08-31 05:31:16,612 [WARNING] [STALE] fut15 STILL stale after refetch — entries blocked this cycle
2026-08-31 05:33:17,506 [INFO] [APEX] open=0 trades=0 realized=+0.0pt/Rs+0 unreal=+0.0pt/Rs+0
2026-08-31 05:33:17,507 [INFO] [T5] open=0 trades=0 realized=+0.0pt/Rs+0 unreal=+0.0pt/Rs+0
2026-08-31 05:33:17,507 [INFO] [INDICATORS] spot=24013.5 | 1h: close=24017.8 sma20=24165.9 sma50=24199.8 rsi=36.4 macd=-32.05/-23.99(bear) | 15m: K=4.0↑(prev 3.6) | regime=PE-eligible any_active=False
2026-08-31 05:33:17,507 [INFO] [SIGNAL] CE: reg=False K=False(K=4.0>=38,rising) Kextr=True RSI=False(36.4>53) MACD=False(gate off) => BLOCK | PE: reg=True K=False(K=4.0<=80,falling) Kextr=False RSI=True(36.4<47) MACD=True(gate off) => BLOCK
2026-08-31 05:33:20,343 [INFO] [periodic] Logs pushed to GitHub: Nifty_FlightRecorder_V2_5_20_20260831_102217.log, Nifty_BarLevel_V2_5_20_20260831_102217.csv
2026-08-31 05:38:22,678 [INFO] [APEX] open=0 trades=0 realized=+0.0pt/Rs+0 unreal=+0.0pt/Rs+0
2026-08-31 05:38:22,720 [INFO] [T5] open=0 trades=0 realized=+0.0pt/Rs+0 unreal=+0.0pt/Rs+0
2026-08-31 05:38:22,720 [INFO] [INDICATORS] spot=24002.0 | 1h: close=24017.8 sma20=24165.9 sma50=24199.8 rsi=36.4 macd=-32.05/-23.99(bear) | 15m: K=4.0↑(prev 3.6) | regime=PE-eligible any_active=False
2026-08-31 05:38:22,720 [INFO] [SIGNAL] CE: reg=False K=False(K=4.0>=38,rising) Kextr=True RSI=False(36.4>53) MACD=False(gate off) => BLOCK | PE: reg=True K=False(K=4.0<=80,falling) Kextr=False RSI=True(36.4<47) MACD=True(gate off) => BLOCK
2026-08-31 05:38:26,103 [INFO] [periodic] Logs pushed to GitHub: Nifty_FlightRecorder_V2_5_20_20260831_102217.log, Nifty_BarLevel_V2_5_20_20260831_102217.csv
2026-08-31 05:43:28,546 [INFO] [APEX] open=0 trades=0 realized=+0.0pt/Rs+0 unreal=+0.0pt/Rs+0
2026-08-31 05:43:28,600 [INFO] [T5] open=0 trades=0 realized=+0.0pt/Rs+0 unreal=+0.0pt/Rs+0
2026-08-31 05:43:28,600 [INFO] [INDICATORS] spot=23995.7 | 1h: close=24017.8 sma20=24165.9 sma50=24199.8 rsi=36.4 macd=-32.05/-23.99(bear) | 15m: K=4.0↑(prev 3.6) | regime=PE-eligible any_active=False
2026-08-31 05:43:28,601 [INFO] [SIGNAL] CE: reg=False K=False(K=4.0>=38,rising) Kextr=True RSI=False(36.4>53) MACD=False(gate off) => BLOCK | PE: reg=True K=False(K=4.0<=80,falling) Kextr=False RSI=True(36.4<47) MACD=True(gate off) => BLOCK
2026-08-31 05:43:31,480 [INFO] [periodic] Logs pushed to GitHub: Nifty_FlightRecorder_V2_5_20_20260831_102217.log, Nifty_BarLevel_V2_5_20_20260831_102217.csv
2026-08-31 05:46:02,903 [WARNING] [STALE] 15m last bar 11:00 (>16min old) — instant refetch
2026-08-31 05:46:02,938 [WARNING] [STALE] 15m STILL stale after refetch — entries blocked this cycle
2026-08-31 05:48:34,983 [INFO] [APEX] open=0 trades=0 realized=+0.0pt/Rs+0 unreal=+0.0pt/Rs+0
2026-08-31 05:48:35,031 [INFO] [T5] open=0 trades=0 realized=+0.0pt/Rs+0 unreal=+0.0pt/Rs+0
2026-08-31 05:48:35,032 [INFO] [INDICATORS] spot=24006.5 | 1h: close=24001.6 sma20=24152.0 sma50=24195.4 rsi=35.3 macd=-39.82/-27.16(bear) | 15m: K=0.9↓(prev 4.0) | regime=PE-eligible any_active=False
2026-08-31 05:48:35,032 [INFO] [SIGNAL] CE: reg=False K=False(K=0.9>=38,rising) Kextr=True RSI=False(35.3>53) MACD=False(gate off) => BLOCK | PE: reg=True K=False(K=0.9<=80,falling) Kextr=False RSI=True(35.3<47) MACD=True(gate off) => BLOCK
2026-08-31 05:48:38,256 [INFO] [periodic] Logs pushed to GitHub: Nifty_FlightRecorder_V2_5_20_20260831_102217.log, Nifty_BarLevel_V2_5_20_20260831_102217.csv
2026-08-31 05:53:40,680 [INFO] [APEX] open=0 trades=0 realized=+0.0pt/Rs+0 unreal=+0.0pt/Rs+0
2026-08-31 05:53:40,731 [INFO] [T5] open=0 trades=0 realized=+0.0pt/Rs+0 unreal=+0.0pt/Rs+0
2026-08-31 05:53:40,731 [INFO] [INDICATORS] spot=24007.8 | 1h: close=24001.6 sma20=24152.0 sma50=24195.4 rsi=35.3 macd=-39.82/-27.16(bear) | 15m: K=0.9↓(prev 4.0) | regime=PE-eligible any_active=False
2026-08-31 05:53:40,731 [INFO] [SIGNAL] CE: reg=False K=False(K=0.9>=38,rising) Kextr=True RSI=False(35.3>53) MACD=False(gate off) => BLOCK | PE: reg=True K=False(K=0.9<=80,falling) Kextr=False RSI=True(35.3<47) MACD=True(gate off) => BLOCK
2026-08-31 05:53:44,366 [INFO] [periodic] Logs pushed to GitHub: Nifty_FlightRecorder_V2_5_20_20260831_102217.log, Nifty_BarLevel_V2_5_20_20260831_102217.csv
2026-08-31 05:58:46,910 [INFO] [APEX] open=0 trades=0 realized=+0.0pt/Rs+0 unreal=+0.0pt/Rs+0
2026-08-31 05:58:46,957 [INFO] [T5] open=0 trades=0 realized=+0.0pt/Rs+0 unreal=+0.0pt/Rs+0
2026-08-31 05:58:46,958 [INFO] [INDICATORS] spot=24005.5 | 1h: close=24001.6 sma20=24152.0 sma50=24195.4 rsi=35.3 macd=-39.82/-27.16(bear) | 15m: K=0.9↓(prev 4.0) | regime=PE-eligible any_active=False
2026-08-31 05:58:46,958 [INFO] [SIGNAL] CE: reg=False K=False(K=0.9>=38,rising) Kextr=True RSI=False(35.3>53) MACD=False(gate off) => BLOCK | PE: reg=True K=False(K=0.9<=80,falling) Kextr=False RSI=True(35.3<47) MACD=True(gate off) => BLOCK
2026-08-31 05:58:49,748 [INFO] [periodic] Logs pushed to GitHub: Nifty_FlightRecorder_V2_5_20_20260831_102217.log, Nifty_BarLevel_V2_5_20_20260831_102217.csv
2026-08-31 06:01:22,238 [WARNING] [STALE] 15m last bar 11:15 (>16min old) — instant refetch
2026-08-31 06:01:22,287 [WARNING] [STALE] 15m STILL stale after refetch — entries blocked this cycle
2026-08-31 06:01:53,400 [INFO] [VWAP] Persistence-gate BLOCK — PE dist=-5.8pt persist=True (last 2x5m vs FUTvwap=24195.8)
2026-08-31 06:02:23,788 [INFO] [VWAP] Persistence-gate BLOCK — PE dist=-5.8pt persist=True (last 2x5m vs FUTvwap=24195.8)
2026-08-31 06:02:54,126 [INFO] [VWAP] Persistence-gate BLOCK — PE dist=-5.8pt persist=True (last 2x5m vs FUTvwap=24195.8)
2026-08-31 06:03:24,475 [INFO] [VWAP] Persistence-gate BLOCK — PE dist=-5.8pt persist=True (last 2x5m vs FUTvwap=24195.8)
2026-08-31 06:03:54,758 [INFO] [VWAP] Persistence-gate BLOCK — PE dist=-5.8pt persist=True (last 2x5m vs FUTvwap=24195.8)
2026-08-31 06:03:54,782 [INFO] [APEX] open=0 trades=0 realized=+0.0pt/Rs+0 unreal=+0.0pt/Rs+0
2026-08-31 06:03:54,782 [INFO] [T5] open=0 trades=0 realized=+0.0pt/Rs+0 unreal=+0.0pt/Rs+0
2026-08-31 06:03:54,782 [INFO] [INDICATORS] spot=24012.7 | 1h: close=24001.6 sma20=24152.0 sma50=24195.4 rsi=35.3 macd=-39.82/-27.16(bear) | 15m: K=3.1↑(prev 0.9) | regime=PE-eligible any_active=False
2026-08-31 06:03:54,782 [INFO] [SIGNAL] CE: reg=False K=False(K=3.1>=38,rising) Kextr=True RSI=False(35.3>53) MACD=False(gate off) => BLOCK | PE: reg=True K=False(K=3.1<=80,falling) Kextr=False RSI=True(35.3<47) MACD=True(gate off) => BLOCK
2026-08-31 06:03:57,496 [INFO] [periodic] Logs pushed to GitHub: Nifty_FlightRecorder_V2_5_20_20260831_102217.log, Nifty_BarLevel_V2_5_20_20260831_102217.csv
2026-08-31 06:04:27,792 [INFO] [VWAP] Persistence-gate BLOCK — PE dist=-5.7pt persist=True (last 2x5m vs FUTvwap=24195.7)
2026-08-31 06:04:58,151 [INFO] [VWAP] Persistence-gate BLOCK — PE dist=-5.7pt persist=True (last 2x5m vs FUTvwap=24195.7)
2026-08-31 06:05:28,554 [INFO] [VWAP] Persistence-gate BLOCK — PE dist=-5.8pt persist=True (last 2x5m vs FUTvwap=24195.8)
2026-08-31 06:05:58,923 [INFO] [VWAP] Persistence-gate BLOCK — PE dist=-5.8pt persist=True (last 2x5m vs FUTvwap=24195.8)
2026-08-31 06:06:29,257 [INFO] [VWAP] Persistence-gate BLOCK — PE dist=-0.8pt persist=True (last 2x5m vs FUTvwap=24195.8)
2026-08-31 06:06:59,572 [INFO] [VWAP] Persistence-gate BLOCK — PE dist=-0.8pt persist=True (last 2x5m vs FUTvwap=24195.8)
2026-08-31 06:07:29,859 [INFO] [VWAP] Persistence-gate BLOCK — PE dist=-0.8pt persist=True (last 2x5m vs FUTvwap=24195.8)
2026-08-31 06:08:00,133 [INFO] [VWAP] Persistence-gate BLOCK — PE dist=-0.8pt persist=True (last 2x5m vs FUTvwap=24195.8)
2026-08-31 06:08:30,436 [INFO] [VWAP] Persistence-gate BLOCK — PE dist=-0.9pt persist=True (last 2x5m vs FUTvwap=24195.9)
2026-08-31 06:09:00,737 [INFO] [VWAP] Persistence-gate BLOCK — PE dist=-0.9pt persist=True (last 2x5m vs FUTvwap=24195.9)
2026-08-31 06:09:00,761 [INFO] [APEX] open=0 trades=0 realized=+0.0pt/Rs+0 unreal=+0.0pt/Rs+0
2026-08-31 06:09:00,761 [INFO] [T5] open=0 trades=0 realized=+0.0pt/Rs+0 unreal=+0.0pt/Rs+0
2026-08-31 06:09:00,762 [INFO] [INDICATORS] spot=24015.5 | 1h: close=24001.6 sma20=24152.0 sma50=24195.4 rsi=35.3 macd=-39.82/-27.16(bear) | 15m: K=3.1↑(prev 0.9) | regime=PE-eligible any_active=False
2026-08-31 06:09:00,762 [INFO] [SIGNAL] CE: reg=False K=False(K=3.1>=38,rising) Kextr=True RSI=False(35.3>53) MACD=False(gate off) => BLOCK | PE: reg=True K=False(K=3.1<=80,falling) Kextr=False RSI=True(35.3<47) MACD=True(gate off) => BLOCK
2026-08-31 06:09:04,322 [INFO] [periodic] Logs pushed to GitHub: Nifty_FlightRecorder_V2_5_20_20260831_102217.log, Nifty_BarLevel_V2_5_20_20260831_102217.csv
2026-08-31 06:09:34,687 [INFO] [VWAP] Persistence-gate BLOCK — PE dist=-0.9pt persist=True (last 2x5m vs FUTvwap=24195.9)
2026-08-31 06:10:04,978 [INFO] [VWAP] Persistence-gate BLOCK — PE dist=-0.9pt persist=True (last 2x5m vs FUTvwap=24195.9)
2026-08-31 06:10:35,264 [INFO] [VWAP] Persistence-gate BLOCK — PE dist=-0.9pt persist=True (last 2x5m vs FUTvwap=24195.9)
2026-08-31 06:11:05,535 [INFO] [VWAP] Persistence-gate BLOCK — PE dist=-0.9pt persist=True (last 2x5m vs FUTvwap=24195.9)
2026-08-31 06:11:35,854 [INFO] [VWAP] Persistence-gate BLOCK — PE dist=+4.4pt persist=False (last 2x5m vs FUTvwap=24195.9)
2026-08-31 06:12:06,153 [INFO] [VWAP] Persistence-gate BLOCK — PE dist=+4.4pt persist=False (last 2x5m vs FUTvwap=24195.9)
2026-08-31 06:12:36,474 [INFO] [VWAP] Persistence-gate BLOCK — PE dist=+4.3pt persist=False (last 2x5m vs FUTvwap=24196.0)
2026-08-31 06:13:06,772 [INFO] [VWAP] Persistence-gate BLOCK — PE dist=+4.3pt persist=False (last 2x5m vs FUTvwap=24196.0)
2026-08-31 06:13:37,058 [INFO] [VWAP] Persistence-gate BLOCK — PE dist=+4.2pt persist=False (last 2x5m vs FUTvwap=24196.1)
2026-08-31 06:14:07,477 [INFO] [VWAP] Persistence-gate BLOCK — PE dist=+4.2pt persist=False (last 2x5m vs FUTvwap=24196.1)
2026-08-31 06:14:07,561 [INFO] [APEX] open=0 trades=0 realized=+0.0pt/Rs+0 unreal=+0.0pt/Rs+0
2026-08-31 06:14:07,624 [INFO] [T5] open=0 trades=0 realized=+0.0pt/Rs+0 unreal=+0.0pt/Rs+0
2026-08-31 06:14:07,625 [INFO] [INDICATORS] spot=24026.6 | 1h: close=24001.6 sma20=24152.0 sma50=24195.4 rsi=35.3 macd=-39.82/-27.16(bear) | 15m: K=3.1↑(prev 0.9) | regime=PE-eligible any_active=False
2026-08-31 06:14:07,625 [INFO] [SIGNAL] CE: reg=False K=False(K=3.1>=38,rising) Kextr=True RSI=False(35.3>53) MACD=False(gate off) => BLOCK | PE: reg=True K=False(K=3.1<=80,falling) Kextr=False RSI=True(35.3<47) MACD=True(gate off) => BLOCK
2026-08-31 06:14:10,433 [INFO] [periodic] Logs pushed to GitHub: Nifty_FlightRecorder_V2_5_20_20260831_102217.log, Nifty_BarLevel_V2_5_20_20260831_102217.csv
2026-08-31 06:14:40,699 [INFO] [VWAP] Persistence-gate BLOCK — PE dist=+4.1pt persist=False (last 2x5m vs FUTvwap=24196.2)
2026-08-31 06:15:11,136 [INFO] [VWAP] Persistence-gate BLOCK — PE dist=+4.1pt persist=False (last 2x5m vs FUTvwap=24196.2)
2026-08-31 06:15:41,547 [INFO] [VWAP] Persistence-gate BLOCK — PE dist=+4.2pt persist=False (last 2x5m vs FUTvwap=24196.1)
2026-08-31 06:16:11,909 [WARNING] [STALE] 15m last bar 11:30 (>16min old) — instant refetch
2026-08-31 06:16:11,955 [WARNING] [STALE] 15m STILL stale after refetch — entries blocked this cycle
2026-08-31 06:16:12,732 [WARNING] [STALE] fut15 last bar 11:30 (>16min old) — instant refetch
2026-08-31 06:16:12,780 [WARNING] [STALE] fut15 STILL stale after refetch — entries blocked this cycle
2026-08-31 06:19:15,194 [INFO] [APEX] open=0 trades=0 realized=+0.0pt/Rs+0 unreal=+0.0pt/Rs+0
2026-08-31 06:19:15,195 [INFO] [T5] open=0 trades=0 realized=+0.0pt/Rs+0 unreal=+0.0pt/Rs+0
2026-08-31 06:19:15,195 [INFO] [INDICATORS] spot=24020.7 | 1h: close=24001.6 sma20=24152.0 sma50=24195.4 rsi=35.3 macd=-39.82/-27.16(bear) | 15m: K=10.0↑(prev 3.1) | regime=PE-eligible any_active=False
2026-08-31 06:19:15,195 [INFO] [SIGNAL] CE: reg=False K=False(K=10.0>=38,rising) Kextr=True RSI=False(35.3>53) MACD=False(gate off) => BLOCK | PE: reg=True K=False(K=10.0<=80,falling) Kextr=False RSI=True(35.3<47) MACD=True(gate off) => BLOCK
2026-08-31 06:19:18,413 [INFO] [periodic] Logs pushed to GitHub: Nifty_FlightRecorder_V2_5_20_20260831_102217.log, Nifty_BarLevel_V2_5_20_20260831_102217.csv
2026-08-31 06:24:22,797 [INFO] [APEX] open=0 trades=0 realized=+0.0pt/Rs+0 unreal=+0.0pt/Rs+0
2026-08-31 06:24:22,856 [INFO] [T5] open=0 trades=0 realized=+0.0pt/Rs+0 unreal=+0.0pt/Rs+0
2026-08-31 06:24:22,857 [INFO] [INDICATORS] spot=24034.7 | 1h: close=24001.6 sma20=24152.0 sma50=24195.4 rsi=35.3 macd=-39.82/-27.16(bear) | 15m: K=10.0↑(prev 3.1) | regime=PE-eligible any_active=False
2026-08-31 06:24:22,857 [INFO] [SIGNAL] CE: reg=False K=False(K=10.0>=38,rising) Kextr=True RSI=False(35.3>53) MACD=False(gate off) => BLOCK | PE: reg=True K=False(K=10.0<=80,falling) Kextr=False RSI=True(35.3<47) MACD=True(gate off) => BLOCK
2026-08-31 06:24:26,414 [INFO] [periodic] Logs pushed to GitHub: Nifty_FlightRecorder_V2_5_20_20260831_102217.log, Nifty_BarLevel_V2_5_20_20260831_102217.csv
2026-08-31 06:29:30,233 [INFO] [APEX] open=0 trades=0 realized=+0.0pt/Rs+0 unreal=+0.0pt/Rs+0
2026-08-31 06:29:30,304 [INFO] [T5] open=0 trades=0 realized=+0.0pt/Rs+0 unreal=+0.0pt/Rs+0
2026-08-31 06:29:30,304 [INFO] [INDICATORS] spot=24068.2 | 1h: close=24001.6 sma20=24152.0 sma50=24195.4 rsi=35.3 macd=-39.82/-27.16(bear) | 15m: K=10.0↑(prev 3.1) | regime=PE-eligible any_active=False
2026-08-31 06:29:30,304 [INFO] [SIGNAL] CE: reg=False K=False(K=10.0>=38,rising) Kextr=True RSI=False(35.3>53) MACD=False(gate off) => BLOCK | PE: reg=True K=False(K=10.0<=80,falling) Kextr=False RSI=True(35.3<47) MACD=True(gate off) => BLOCK
