2026-06-30 03:30:25,060 [INFO] [STATE] State from 2026-06-29 — resetting trades_today for 2026-06-30
2026-06-30 03:30:25,061 [INFO] [STATE] Loaded prior state. POS.active=False losses=0
2026-06-30 03:30:27,503 [INFO] [BOOT] Nifty FUT token: 15956226 expiry=2026-06-30 sym=NIFTY26JUNFUT
2026-06-30 03:30:27,521 [INFO] [BOOT] Expiry: 2026-06-30, 149 strikes, 293 option contracts
2026-06-30 03:30:27,521 [INFO] [BOOT] PAPER mode (kite_paper) — mStock init + self-test SKIPPED (bypassed).
2026-06-30 03:30:27,682 [INFO] [PIVOTS] P=24008 R1=24091 R2=24203 S1=23895 S2=23812
2026-06-30 03:30:27,684 [WARNING] [OI Plan] Stale plan (2026-06-01) — ignoring for today's levels
2026-06-30 03:30:27,684 [INFO] [OI Plan] No valid plan found — running without OI levels (normal mode)
2026-06-30 03:30:27,684 [INFO] 
2026-06-30 03:30:27,684 [INFO] +========================================================================+
2026-06-30 03:30:27,684 [INFO] | ORION V2.5.15 — STRATEGY DESIGN                                        |
2026-06-30 03:30:27,685 [INFO] | Backtest: 363 trades | PnL Rs +6,88,158 | WR 64.5% | MaxDD -1,119     |
2026-06-30 03:30:27,685 [INFO] +========================================================================+
2026-06-30 03:30:27,685 [INFO] | ENGINE V2 (fires every 15m close — regime: BULL/BEAR/TRANSITION only)  |
2026-06-30 03:30:27,685 [INFO] |   CE: 1h close>SMA20>SMA50 | K>=38 rising | K<25 recently             |
2026-06-30 03:30:27,685 [INFO] |        RSI>53 | MACD bull | premium 30-180                             |
2026-06-30 03:30:27,685 [INFO] |   PE: 1h close<SMA20<SMA50 | K<=80 falling K>=25 | K>75 recently      |
2026-06-30 03:30:27,685 [INFO] |        RSI<47 | MACD bear | premium 30-300                             |
2026-06-30 03:30:27,685 [INFO] |                                                                         |
2026-06-30 03:30:27,685 [INFO] | ENGINE V3 (15m G/R cluster break/reject — fires in any regime)         |
2026-06-30 03:30:27,685 [INFO] |   Grade A (>=3 source kinds) / Grade B (>=2)                           |
2026-06-30 03:30:27,685 [INFO] |   PDC excluded from clusters; G/R need >=25pt buffer from PDC          |
2026-06-30 03:30:27,685 [INFO] |   premium 30-180 CE / 30-300 PE                                        |
2026-06-30 03:30:27,685 [INFO] |                                                                         |
2026-06-30 03:30:27,685 [INFO] | ENGINE VWAP (triple confirmation — fires in any regime)                 |
2026-06-30 03:30:27,685 [INFO] |   1. Nifty FUTURES 15m close crosses FUT VWAP, body>=65% (PRIMARY)     |
2026-06-30 03:30:27,686 [INFO] |   2. Nifty SPOT 15m close same direction above/below spot VWAP         |
2026-06-30 03:30:27,686 [INFO] |   3. ATM CE/PE LTP also above/below its daily VWAP simultaneously      |
2026-06-30 03:30:27,686 [INFO] |   premium 30-180 CE / 30-300 PE                                        |
2026-06-30 03:30:27,686 [INFO] |                                                                         |
2026-06-30 03:30:27,686 [INFO] | ENGINE FLIP (opposite-side only, max 3/day, excluded from CB)          |
2026-06-30 03:30:27,686 [INFO] |   Path A (in-trade): elapsed>=30 + peak>=entry+15 + LTP<=entry+10      |
2026-06-30 03:30:27,686 [INFO] |   Path B (post-exit): K reversal within 60min                          |
2026-06-30 03:30:27,686 [INFO] |                                                                         |
2026-06-30 03:30:27,686 [INFO] | UNIVERSAL EXIT (priority order):                                        |
2026-06-30 03:30:27,686 [INFO] |   1. HARDSL -18%                                                        |
2026-06-30 03:30:27,686 [INFO] |   2. Continuous trail: arms when peak>=entry+15, SL=peak-5             |
2026-06-30 03:30:27,686 [INFO] |      floor=entry+10, ratchets up with peak (never down)                |
2026-06-30 03:30:27,686 [INFO] |   3. VWAP trades: exit when opt 15m close < opt VWAP                  |
2026-06-30 03:30:27,686 [INFO] |   4. V2/V3/FLIP trades: SMA8(low) trail on 15m                        |
2026-06-30 03:30:27,686 [INFO] |   5. Force close 15:25  6. CB=3 non-flip losses                        |
2026-06-30 03:30:27,686 [INFO] |                                                                         |
2026-06-30 03:30:27,686 [INFO] | INFORMATIONAL (no trade gate): Straddle alerts | Options VWAP          |
2026-06-30 03:30:27,687 [INFO] +========================================================================+
2026-06-30 03:30:27,687 [INFO] 
2026-06-30 03:30:27,687 [INFO] === ORION CHANGE HISTORY (V2.2.2 -> V2.5.9) ===
2026-06-30 03:30:27,687 [INFO] 
2026-06-30 03:30:27,687 [INFO] V2.2.2 [PRODUCTION BASELINE — T10]
2026-06-30 03:30:27,687 [INFO]   Entry : 1h SMA20/50 regime + 15m StochRSI K (CE>=38 rising, PE<=80 falling)
2026-06-30 03:30:27,687 [INFO]   Exit  : HARDSL -35%, TIME_SL 210min/-20%, BE +15% -> option SMA8(low) trail
2026-06-30 03:30:27,687 [INFO]   CB=2, 1 lot, no flip, no V3, no chop filter
2026-06-30 03:30:27,687 [INFO] 
2026-06-30 03:30:27,687 [INFO] V2.3  [+V3 CLUSTER LEVELS]
2026-06-30 03:30:27,687 [INFO]   + PDH/PDL/round_50/round_100/PDC/1h swing pivots clustered within 20pts
2026-06-30 03:30:27,687 [INFO]   + Grade A (>=3 source kinds) / Grade B (>=2)
2026-06-30 03:30:27,687 [INFO]   + ADX regime classifier (BULL/BEAR/CHOP/TRANSITION)
2026-06-30 03:30:27,687 [INFO] 
2026-06-30 03:30:27,687 [INFO] V2.4  [+EXIT UPGRADES]
2026-06-30 03:30:27,688 [INFO]   + 15m option SMA8(low) trail (KEPT in all future versions)
2026-06-30 03:30:27,688 [INFO]   + ATR-based exits (REMOVED — not robust enough)
2026-06-30 03:30:27,688 [INFO]   + BE armor at +15% (REMOVED later — net negative in backtest)
2026-06-30 03:30:27,688 [INFO] 
2026-06-30 03:30:27,688 [INFO] V2.5.0  [HYBRID V2+V3 + TIME-RATCHET]
2026-06-30 03:30:27,688 [INFO]   + Hybrid V2+V3 entry (V2 priority on same-bar tiebreak)
2026-06-30 03:30:27,688 [INFO]   + Time-ratchet exit: 90min / +20 step
2026-06-30 03:30:27,688 [INFO] 
2026-06-30 03:30:27,688 [INFO] V2.5.1  [ENTRY REFINEMENT]
2026-06-30 03:30:27,688 [INFO]   + V2 PE_floor=25 (K>=25 required for PE entry)
2026-06-30 03:30:27,688 [INFO]   + V2 CE: no upper K cap (cap tested and REJECTED — hurts WR)
2026-06-30 03:30:27,688 [INFO]   + V2 priority confirmed: +Rs 52k vs V3-priority
2026-06-30 03:30:27,688 [INFO] 
2026-06-30 03:30:27,688 [INFO] V2.5.2  [FLIP RULE +Rs 130k]
2026-06-30 03:30:27,688 [INFO]   + Path A flip (in-trade): elapsed>=30 + peak>=entry+15 + LTP<=entry+10 + K reversed
2026-06-30 03:30:27,688 [INFO]   + Path B flip (post-exit): K reversal within 60min
2026-06-30 03:30:27,688 [INFO]   + Opposite-side only (same-side continuation REJECTED: -Rs 191k CATASTROPHIC)
2026-06-30 03:30:27,689 [INFO]   + CE->PE: K falling, 25<=K<=80 | PE->CE: K rising, K>=38
2026-06-30 03:30:27,689 [INFO] 
2026-06-30 03:30:27,689 [INFO] V2.5.3  [V3 SINGLETONS + HARDSL LOCKED]
2026-06-30 03:30:27,689 [INFO]   + Promoted singletons: PDH/PDL/round_100(+-200 PDC)/swing pivots standalone Grade B
2026-06-30 03:30:27,689 [INFO]   + HARDSL locked at -25% (swept -35% to -15%; -25% optimal)
2026-06-30 03:30:27,689 [INFO]   + PnL Rs +3,14,418
2026-06-30 03:30:27,689 [INFO] 
2026-06-30 03:30:27,689 [INFO] V2.5.4  [FLIP CAP]
2026-06-30 03:30:27,689 [INFO]   + MAX_FLIPS_PER_DAY=3 (flips 1-3 win Rs 131k; flips 4+ lose Rs 21k)
2026-06-30 03:30:27,689 [INFO]   + PnL Rs +3,23,851
2026-06-30 03:30:27,689 [INFO] 
2026-06-30 03:30:27,689 [INFO] V2.5.5  [CHOP FILTER +Rs 49k]
2026-06-30 03:30:27,689 [INFO]   + RSI [47,53] indecision band blocks ALL entries
2026-06-30 03:30:27,689 [INFO]   + PnL Rs +3,72,598
2026-06-30 03:30:27,689 [INFO] 
2026-06-30 03:30:27,689 [INFO] V2.5.6  [V3 PDC CONTAMINATION FIX — LOCKED Rs 3,85,724 / WR 35.7%]
2026-06-30 03:30:27,689 [INFO]   + Exclude PDC from clustering (PDC is reference, not tradeable level)
2026-06-30 03:30:27,689 [INFO]   + G/R require >=25pt buffer from PDC (motivated by 2026-05-18 bad paper trade)
2026-06-30 03:30:27,690 [INFO]   + PnL Rs +3,85,724 / MaxDD -1,331 / Red 5/18
2026-06-30 03:30:27,690 [INFO] 
2026-06-30 03:30:27,690 [INFO] V2.5.7  [VELVET ROPE + RATCHET +Rs 1,14,324 / WR 35.7%->55.4%]
2026-06-30 03:30:27,690 [INFO]   + Velvet Rope: premium hits entry+15 -> SL immediately to entry+2
2026-06-30 03:30:27,690 [INFO]   + Ratchet Gate: 30min elapsed + entry+25 -> SL to entry+15
2026-06-30 03:30:27,690 [INFO]   + Runner Trail: +20 per +20pts peak (one-way)
2026-06-30 03:30:27,690 [INFO]   + Trade-off: Red months 5->10/18, MaxDD -1,331->-1,885
2026-06-30 03:30:27,690 [INFO] 
2026-06-30 03:30:27,690 [INFO] V2.5.8  [K EXTREME + FULL SMA ALIGNMENT]
2026-06-30 03:30:27,690 [INFO]   + K extreme filter: CE entry only if K<25 recently (3 bars); PE if K>75 recently
2026-06-30 03:30:27,690 [INFO]   + Full SMA alignment: CE needs close>SMA20>SMA50 (was just close>SMA20)
2026-06-30 03:30:27,690 [INFO] 
2026-06-30 03:30:27,690 [INFO] V2.5.9  [Rs 6,70,425 / WR 66.9% / 357 trades / MaxDD -1,485 / Red 8/18]
2026-06-30 03:30:27,690 [INFO]   + RSI DIRECTIONAL GATE replaces RSI [47,53] chop filter:
2026-06-30 03:30:27,690 [INFO]       CE: 1h RSI>53 required | PE: 1h RSI<47 required
2026-06-30 03:30:27,690 [INFO]   + MACD 1h alignment: CE needs MACD_line>signal; PE needs MACD_line<signal
2026-06-30 03:30:27,690 [INFO]   + Premium gate: 30<=entry_LTP<=180 (blocks deep OTM and IV-spike entries)
2026-06-30 03:30:27,690 [INFO]   + Tightened exit params: RI=12 (was 15), RT=20 (was 30), RS=25 (was 20)
2026-06-30 03:30:27,691 [INFO]   + CB=3 (was 4)
2026-06-30 03:30:27,691 [INFO]   + Straddle monitoring: informational Telegram at 9:45 and 11:30
2026-06-30 03:30:27,691 [INFO]   + Options VWAP: informational context at entry/pulse/exit
2026-06-30 03:30:27,691 [INFO] 
2026-06-30 03:30:27,691 [INFO] V2.5.12 [CURRENT LOCKED — Rs 6,88,158 / WR 64.5% / 363 trades / MaxDD -1,119 / Red 5/18]
2026-06-30 03:30:27,691 [INFO]   SOURCE: VRL (Vishal Rajput) code analysis — peak-based ratchet ladder
2026-06-30 03:30:27,691 [INFO]   + HARDSL tightened -25% → -18% (faster loss cut, less capital exposed)
2026-06-30 03:30:27,691 [INFO]   + 20-min time gate REMOVED — purely peak-based ladder (no waiting)
2026-06-30 03:30:27,691 [INFO]   + Ladder Tier2: peak >= entry+24 → SL = entry+12 (immediate)
2026-06-30 03:30:27,691 [INFO]   + Ladder Tier3: peak >= entry+36 → SL = entry+24 (immediate)
2026-06-30 03:30:27,691 [INFO]   + Entry logic UNCHANGED from V2.5.9
2026-06-30 03:30:27,691 [INFO]   + Validated: real option data (May 4-21 2026, 12 days)
2026-06-30 03:30:27,691 [INFO]   + Key improvement: MaxDD -1,485 → -1,119 (-25%), Red months 8 → 5
2026-06-30 03:30:27,691 [INFO] 
2026-06-30 03:30:27,691 [INFO] V2.5.12-LIVE [2026-05-29 — FIRST LIVE TRADING SESSION WITH mSTOCK EXECUTION]
2026-06-30 03:30:27,691 [INFO]   + EXECUTION_BROKER switched from kite_paper → mstock_live
2026-06-30 03:30:27,691 [INFO]   + mStock Type B API integrated: login → set_access_token → verify_totp (TOTP auto)
2026-06-30 03:30:27,691 [INFO]   + Instrument master: direct fetch from OpenAPIScripMaster (173k symbols, name field)
2026-06-30 03:30:27,692 [INFO]   + order_status: mStock returns 'Traded' status (not 'COMPLETE') — mapped correctly
2026-06-30 03:30:27,692 [INFO]   + place_order: disclosedquantity="0" required (blank causes IA400 rejection)
2026-06-30 03:30:27,692 [INFO]   + IP 18.212.243.203 (PythonAnywhere) whitelisted in mStock API settings
2026-06-30 03:30:27,692 [INFO]   + BUY: 15s timeout, cancel-and-check on timeout, abort if not filled
2026-06-30 03:30:27,692 [INFO]   + SELL: 3 retries × 5s, 🚨 CRITICAL Telegram alert if all fail, POS.active stays True
2026-06-30 03:30:27,692 [INFO]   + V3 REGIME GATE REMOVED: V3 now fires in CHOP/INSUFFICIENT regime
2026-06-30 03:30:27,692 [INFO]       Root cause of bug: regime gate wrapped ALL signals including V3;
2026-06-30 03:30:27,692 [INFO]       V3 uses cluster break/reject as its own confirmation — ADX not needed
2026-06-30 03:30:27,692 [INFO]       V2 and FLIP remain regime-gated (BULL/BEAR/TRANSITION only)
2026-06-30 03:30:27,692 [INFO]   + V3 engine: acts on ALL Grade A/B clusters simultaneously (not just nearest)
2026-06-30 03:30:27,692 [INFO]   + PREMIUM_MAX asymmetric: CE=180 (unchanged), PE=300 (was 180, captures panic moves)
2026-06-30 03:30:27,692 [INFO]   + VWAP double confirmation engine (new):
2026-06-30 03:30:27,692 [INFO]       Fires when Nifty 15m bar crosses daily VWAP with body>=50% range
2026-06-30 03:30:27,692 [INFO]       AND ATM CE/PE LTP is also above/below its daily VWAP simultaneously
2026-06-30 03:30:27,692 [INFO]       Self-confirming like V3 — no regime gate
2026-06-30 03:30:27,692 [INFO]   + LOTS_PER_TRADE = 2 (live)
2026-06-30 03:30:27,692 [INFO] 
2026-06-30 03:30:27,692 [INFO] V2.5.13 [VWAP TRAIL EXIT + BOOT SELF-TEST + STABILITY FIXES]
2026-06-30 03:30:27,693 [INFO]   + VWAP engine trades: trail exit uses option's own VWAP (15m close < option VWAP)
2026-06-30 03:30:27,693 [INFO]     instead of SMA8(low) trail — holds through pullbacks better on VWAP-confirmed moves
2026-06-30 03:30:27,693 [INFO]   + V2/V3/FLIP trades: keep original SMA8(low) trail (unchanged)
2026-06-30 03:30:27,693 [INFO]   + Boot self-test: BUY (LIMIT ₹0.05) + SELL (LIMIT ₹9999) on deep OTM option at startup
2026-06-30 03:30:27,693 [INFO]     Both must succeed and cancel cleanly or bot aborts — confirms mStock connectivity + IP
2026-06-30 03:30:27,693 [INFO]   + MStockBroker class inlined into single .py file (no separate mstock_broker.py)
2026-06-30 03:30:27,693 [INFO]   + IA403 recovery: rebuilds SDK client from scratch on IP mismatch, 3 consecutive → halt
2026-06-30 03:30:27,693 [INFO]   + Position sync cooldown: 180s → 300s (avoids false MANUAL_EXIT on slow fills)
2026-06-30 03:30:27,693 [INFO]   + MANUAL_EXIT fix: clears buy_order_id before close_trade to prevent duplicate SELL
2026-06-30 03:30:27,693 [INFO]   + State file: added date field, resets trades_today/losses on new day boundary
2026-06-30 03:30:27,693 [INFO]   + VWAP dedup log spam removed (silent return on same-bar re-fire)
2026-06-30 03:30:27,693 [INFO] 
2026-06-30 03:30:27,693 [INFO] V2.5.14 [TIERED PROFIT LOCK LADDER — inspired by VRL]
2026-06-30 03:30:27,693 [INFO]   + Replaced sparse 3-tier ratchet (Velvet Rope + T2 + T3 + Runner) with 7-tier ladder
2026-06-30 03:30:27,693 [INFO]   + Ladder: +12→+2, +18→+8, +24→+12, +30→+20, +36→+24, +40→+30, +50→+40
2026-06-30 03:30:27,693 [INFO]   + More tiers = less profit give-back on sharp reversals
2026-06-30 03:30:27,693 [INFO]   + Checked every tick (not candle-based) — same as before but tighter protection
2026-06-30 03:30:27,693 [INFO]   + Unified code: single loop replaces 3 separate sections (3a/3b/3c → 3)
2026-06-30 03:30:27,693 [INFO]   + VWAP engine upgraded to TRIPLE confirmation:
2026-06-30 03:30:27,694 [INFO]     Gate 1 (PRIMARY): Nifty FUTURES 15m close crosses futures VWAP, body >= 50%
2026-06-30 03:30:27,694 [INFO]     Gate 2: Nifty SPOT 15m close same direction above/below spot VWAP
2026-06-30 03:30:27,694 [INFO]     Gate 3: ATM option LTP above/below option's own VWAP
2026-06-30 03:30:27,694 [INFO]   + Futures VWAP is now the primary decision criterion — real margin-backed money
2026-06-30 03:30:27,694 [INFO]   + Nifty FUT token auto-resolved from Kite instruments at boot (no hardcoding)
2026-06-30 03:30:27,694 [INFO] 
2026-06-30 03:30:27,694 [INFO] V2.5.15 [STALE DATA GUARD — 2026-06-12]
2026-06-30 03:30:27,694 [INFO]   + ROOT CAUSE FOUND: Kite intermittently returned a 15m series ending ~2h in
2026-06-30 03:30:27,694 [INFO]     the past. Evidence: VWAP entry logged bar=198 at 11:30 but bar=197 at 13:30
2026-06-30 03:30:27,694 [INFO]     (bar index went BACKWARDS); the 13:30 entry cited a 67% bearish bar +
2026-06-30 03:30:27,694 [INFO]     FUT 23375 while the live tape was +68 pts off the low in 4 min → bought PE
2026-06-30 03:30:27,694 [INFO]     into a V-reversal → HARDSL -21.73. Fresh-data replay confirms the signal
2026-06-30 03:30:27,694 [INFO]     does NOT fire at 13:30 with up-to-date frames. Likely also suppressed valid
2026-06-30 03:30:27,694 [INFO]     signals (Jun-11 zero-trade day: fresh-data replay finds 4 trades / +35 pts).
2026-06-30 03:30:27,694 [INFO]   + Guard (active 09:32+): if last 15m bar (spot or futures) is older than
2026-06-30 03:30:27,694 [INFO]     16 min → instant refetch from Kite; if recovered, continue + Telegram info;
2026-06-30 03:30:27,694 [INFO]     if still stale → Telegram alert + ENTRIES blocked for that cycle only.
2026-06-30 03:30:27,694 [INFO]   + EXITS are never blocked on data quality.
2026-06-30 03:30:27,695 [INFO]   + Telegram alerts rate-limited to 1 per 10 min; log line every cycle.
2026-06-30 03:30:27,695 [INFO] 
2026-06-30 03:30:27,695 [INFO] V2.5.16 [MOMENTUM GATE ON SAME-SIDE STREAKS + SMA8 TODAY-ONLY FIX — 2026-06-17]
2026-06-30 03:30:27,695 [INFO]   + PROBLEM: in choppy markets the bot ran 3+ rapid same-direction trades —
2026-06-30 03:30:27,695 [INFO]     first 1-2 win small, the 3rd buys into the reversal and takes the full
2026-06-30 03:30:27,695 [INFO]     -18% HARDSL, then keeps buying the same side, wiping the day's gains.
2026-06-30 03:30:27,695 [INFO]     Diagnosis (May+June real-opt data): the persistence is the VWAP engine
2026-06-30 03:30:27,695 [INFO]     (no regime filter, re-fires same side each 15m bar). The 1st/2nd winners
2026-06-30 03:30:27,695 [INFO]     exit on the peak ladder (TRAIL_+N); the 3rd dies on HARDSL/VWAP_TRAIL.
2026-06-30 03:30:27,695 [INFO]   + MOMENTUM GATE: the 3rd+ CONSECUTIVE same-direction entry (any engine) is
2026-06-30 03:30:27,695 [INFO]     blocked unless spot has moved >= MOM_GATE_PTS (12) WITH the trade over the
2026-06-30 03:30:27,695 [INFO]     last MOM_GATE_BARS (5) closed 1m bars. 1st/2nd same-side entries untouched.
2026-06-30 03:30:27,695 [INFO]     Run counted from DAY.trades_today (closed trades). New fetch_nifty_1m() +
2026-06-30 03:30:27,695 [INFO]     momentum_gate_ok(); fails OPEN if 1m data unavailable; "🚧 Momentum-gate
2026-06-30 03:30:27,695 [INFO]     BLOCK" Telegram on a block. Backtest (May real-opt): baseline -7.3 pt →
2026-06-30 03:30:27,695 [INFO]     gate +104.0 pt, 0 winners blocked (blocks only flat-momentum |mv|<=8 chop).
2026-06-30 03:30:27,695 [INFO]   + SMA8 TODAY-ONLY FIX: sma8_low_of_option() now averages ONLY today's closed
2026-06-30 03:30:27,696 [INFO]     15m option lows (arms after SMA_TRAIL_MIN_BARS=4 today-bars). Previously it
2026-06-30 03:30:27,696 [INFO]     averaged 8 bars from a 10-day fetch, mixing yesterday's different-level /
2026-06-30 03:30:27,696 [INFO]     illiquid lows → false trail exits. NOT removed: backtest showed deleting
2026-06-30 03:30:27,696 [INFO]     SMA8 costs -66 pt (it is a tighter stop than the -18% HARDSL).
2026-06-30 03:30:27,696 [INFO]   + Ladder exit, HARDSL, flip logic, stale-data guard all UNCHANGED.
2026-06-30 03:30:27,696 [INFO]   + start_orion.sh now launches V2.5.16 (90s crash-fallback still → V2.5.14).
2026-06-30 03:30:27,696 [INFO] 
2026-06-30 03:30:27,696 [INFO] V2.5.17 [3 CHOP-BLEED GUARDS — 2026-06-18]
2026-06-30 03:30:27,696 [INFO]   + CONTEXT: 06-16 (-20.4pt/7trades) and 06-17 (-44.0pt/4trades) were both
2026-06-30 03:30:27,696 [INFO]     compressed chop days (full range 141pt & 107pt; 06-17 had 9 mean-crosses in
2026-06-30 03:30:27,696 [INFO]     a 107pt box). The regime classifier stayed BULL all 76 bars both days and
2026-06-30 03:30:27,696 [INFO]     chop_block fired 0 times, so the breakout engines kept firing into noise.
2026-06-30 03:30:27,696 [INFO]     See ~/orion_backtest_lab/results/RESULTS.md (2026-06-18 post-mortem).
2026-06-30 03:30:27,696 [INFO]   + #1 MORNING CHOP GATE (CHOP_GATE_ENABLED): decided ONCE after ~10:30 IST from
2026-06-30 03:30:27,696 [INFO]     the first-hour (09:15-10:15) FUT bars. Stand aside (block ALL new entries for
2026-06-30 03:30:27,696 [INFO]     the day) when early efficiency-ratio <= CHOP_ER_MAX (0.25) AND (first-hour
2026-06-30 03:30:27,696 [INFO]     FUT-VWAP cross-count >= CHOP_VWAP_CROSSES_MIN (3) OR first-hour range <
2026-06-30 03:30:27,696 [INFO]     CHOP_RANGE_PT_MAX (110pt)). Exits always allowed. Fails OPEN (not enough
2026-06-30 03:30:27,697 [INFO]     bars yet -> no decision -> trade normally). morning_chop_verdict().
2026-06-30 03:30:27,697 [INFO]   + #2 VWAP BODY BAND (VWAP_BODY_CLIMAX_PCT): VWAP entry now takes only the
2026-06-30 03:30:27,697 [INFO]     65-86% body band — existing >=65% min kept, NEW >=87% climax/exhaustion bars
2026-06-30 03:30:27,697 [INFO]     skipped (climax bars fade). One added guard line in check_vwap_signal().
2026-06-30 03:30:27,697 [INFO]   + #3 MOMENTUM-FADE GATE (FADE_GATE_ENABLED): for a 3rd+ consecutive same-side
2026-06-30 03:30:27,697 [INFO]     entry that follows >= FADE_MIN_PRIOR_WINS (2) consecutive same-side WINS,
2026-06-30 03:30:27,697 [INFO]     inspect 3-min option premiums of BOTH the trend-side and opposite-side ATM
2026-06-30 03:30:27,697 [INFO]     strikes over the last FADE_OPT_BARS (3) closed bars. Enter ONLY IF the
2026-06-30 03:30:27,697 [INFO]     trend-side option is NOT decaying AND the opposite-side option IS decaying;
2026-06-30 03:30:27,697 [INFO]     otherwise skip (momentum has faded / is rotating to the other side). Fails
2026-06-30 03:30:27,697 [INFO]     OPEN on missing data. fade_gate_ok() + fetch_option_3m(). Complements the
2026-06-30 03:30:27,697 [INFO]     V2.5.16 spot-move momentum gate (both must pass).
2026-06-30 03:30:27,697 [INFO]   + All three guards are ADDITIVE; ladder/HARDSL/flip/SMA8/stale-guard UNCHANGED.
2026-06-30 03:30:27,697 [INFO]   + NOT yet sim-A/B'd — shipped on user direction; 2026-06-18 is paper-only, so
2026-06-30 03:30:27,697 [INFO]     the live paper session is the first validation. WATCH first CHOP-GATE day +
2026-06-30 03:30:27,697 [INFO]     first FADE block + that #2 climax-skip doesn't starve VWAP.
2026-06-30 03:30:27,697 [INFO]   + start_orion.sh now launches V2.5.17 (pkill pattern V2_5_1[567];
2026-06-30 03:30:27,697 [INFO]     90s crash-fallback still → V2.5.14 archive).
2026-06-30 03:30:27,698 [INFO] 
2026-06-30 03:30:27,698 [INFO] V2.5.18 [SMA8 ENTRY-AWARE FIX + CHOP-GATE RE-ARM — 2026-06-19]
2026-06-30 03:30:27,698 [INFO]   + CONTEXT: 2026-06-19 (paper) — gap-down day. One V3 PE (24000PE @114) entered
2026-06-30 03:30:27,698 [INFO]     correctly at 10:15 on a Grade-A R-cluster break, but SMA8_LOW_TRAIL exited it
2026-06-30 03:30:27,698 [INFO]     31s later at +1.6 (the trail evaluated the 10:00 bar — which CLOSED BEFORE
2026-06-30 03:30:27,698 [INFO]     entry — against today's lows-avg). Spot then fell 24040->23926 without us;
2026-06-30 03:30:27,698 [INFO]     morning chop-gate (ER=0.01, range=70pt) then stood aside the rest of the day.
2026-06-30 03:30:27,698 [INFO]   + FIX A (SMA8 pre-entry bar): the SMA8(low) trail now NEVER acts on a 15m bar
2026-06-30 03:30:27,698 [INFO]     whose CLOSE time (bar-start + 15m) is <= POS.entry_time. A fresh entry can no
2026-06-30 03:30:27,698 [INFO]     longer be ejected on price action that happened before it was opened.
2026-06-30 03:30:27,698 [INFO]   + FIX C (SMA8 arm window): trail arms on bars-SINCE-ENTRY, not bars-of-day.
2026-06-30 03:30:27,698 [INFO]     sma8_low_of_option() now averages only TODAY's closed bars that closed AFTER
2026-06-30 03:30:27,698 [INFO]     entry and needs >= SMA_TRAIL_MIN_BARS_SINCE_ENTRY (1) of them. With 1 own bar
2026-06-30 03:30:27,698 [INFO]     SMA8L == that bar's own low, so close(>=low) can't trigger -> first real
2026-06-30 03:30:27,698 [INFO]     trigger needs >=2 own bars. SMA_TRAIL_MIN_BARS (4, bars-of-day) is now only
2026-06-30 03:30:27,698 [INFO]     the fallback when entry_time is unknown (state-load edge). NOT a BE-gate.
2026-06-30 03:30:27,698 [INFO]   + CHOP-GATE RE-ARM (CHOP_REARM_ENABLED): after a morning stand-aside, release
2026-06-30 03:30:27,698 [INFO]     the block when a CLOSED FUT 15m bar breaks the recorded first-hour range by
2026-06-30 03:30:27,698 [INFO]     >= CHOP_REARM_BUFFER_PT (15pt) with body >= CHOP_REARM_BODY_MIN (65%), in the
2026-06-30 03:30:27,699 [INFO]     regime direction (BULL=>up-break only, BEAR=>down-break only, else either).
2026-06-30 03:30:27,699 [INFO]     FUT leads spot, so this triggers earlier than a spot-range break. Re-arm is
2026-06-30 03:30:27,699 [INFO]     one-way for the day (stays live once released); per-trade momentum/fade/CB
2026-06-30 03:30:27,699 [INFO]     guards still apply. _morning_chop_verdict_impl() stashes FH hi/lo;
2026-06-30 03:30:27,699 [INFO]     chop_rearm_check() evaluated each cycle while blocked. Logs [CHOPGATE] RE-ARMED.
2026-06-30 03:30:27,699 [INFO]   + Ladder/HARDSL/flip/VWAP-trail/stale-guard UNCHANGED. SMA8 KEPT (deleting it
2026-06-30 03:30:27,699 [INFO]     cost -66pt, V2.5.16) — this only changes WHEN it may fire, not whether.
2026-06-30 03:30:27,699 [INFO]   + NOT yet sim-A/B'd — shipped on user direction 2026-06-19; backtest the
2026-06-30 03:30:27,699 [INFO]     re-arm thresholds on post-chop trend days before relying on it live.
2026-06-30 03:30:27,699 [INFO] 
2026-06-30 03:30:27,699 [INFO] V2.5.19 [THREE FUT-VWAP ENTRY PATHWAYS — 2026-06-21]
2026-06-30 03:30:27,699 [INFO]   + Built on user direction 2026-06-21. THREE new VWAP-cross entry pathways.
2026-06-30 03:30:27,699 [INFO]     NOT yet sim-A/B'd — BACKTEST before flipping start_orion.sh to V2.5.19.
2026-06-30 03:30:27,699 [INFO]     All three are flag-gated (default ON). Existing V2/V3/FLIP UNCHANGED.
2026-06-30 03:30:27,699 [INFO] 
2026-06-30 03:30:27,699 [INFO]   + FEATURE 1 — FUT 15m VWAP cross + CONFIRMATION CANDLE (all-day).
2026-06-30 03:30:27,700 [INFO]     VWAP15_CONFIRM_ENABLED. The existing VWAP engine no longer fires on the
2026-06-30 03:30:27,700 [INFO]     cross bar alone: it now requires the cross bar (iloc[-3], body 65-86% band)
2026-06-30 03:30:27,700 [INFO]     PLUS the next closed bar (iloc[-2]) to CONFIRM in the same direction —
2026-06-30 03:30:27,700 [INFO]     same-colour candle that still closes on the same side of FUT-VWAP. Fires in
2026-06-30 03:30:27,700 [INFO]     either direction, any time in the entry window. Re-entries are governed by
2026-06-30 03:30:27,700 [INFO]     the existing momentum gate (no extra cap). check_vwap_signal().
2026-06-30 03:30:27,700 [INFO]     INTERPRETATION: "confirmation candle in same direction" = next 15m candle
2026-06-30 03:30:27,700 [INFO]     closes same side of its open (same colour) AND same side of VWAP as the
2026-06-30 03:30:27,700 [INFO]     cross. Confirmation candle has NO body-size requirement (only the cross bar
2026-06-30 03:30:27,700 [INFO]     does). If wrong, adjust _vwap15_confirm_ok().
2026-06-30 03:30:27,700 [INFO] 
2026-06-30 03:30:27,700 [INFO]   + FEATURE 2 — FUT 5m VWAP cross + S/R distance, FIXED +12 TARGET scalp.
2026-06-30 03:30:27,700 [INFO]     FUT5_SCALP_ENABLED. New engine 'FUT5VWAP'. On each closed FUT 5m bar that
2026-06-30 03:30:27,700 [INFO]     CROSSES its session VWAP (bar opens one side, closes the other) with body
2026-06-30 03:30:27,700 [INFO]     65-86% AND whose close is > FUT5_SCALP_SR_MIN_DIST (20pt) from EVERY one of
2026-06-30 03:30:27,700 [INFO]     yesterday's classic pivots S1/R1/S2/R2 → buy in the cross direction. Exit is
2026-06-30 03:30:27,701 [INFO]     a FIXED +FUT5_SCALP_TARGET_PTS (12) option points (HARDSL + 15:25 force-close
2026-06-30 03:30:27,701 [INFO]     still apply; NO trail/SMA8). One trade per event: deduped on the 5m bar ts,
2026-06-30 03:30:27,701 [INFO]     so the next entry needs a fresh qualifying cross. check_fut5m_vwap_scalp_signal().
2026-06-30 03:30:27,701 [INFO]     INTERPRETATION: ">20 points away from s1/r1/s2/r2" = min distance to ALL four
2026-06-30 03:30:27,701 [INFO]     pivots > 20pt (price in clear space, not hugging a pivot). "cross" = bar
2026-06-30 03:30:27,701 [INFO]     open & close on opposite sides of VWAP. Pivots = classic floor-trader pivots
2026-06-30 03:30:27,701 [INFO]     from the prior trading day's H/L/C. If wrong, adjust compute_classic_pivots()
2026-06-30 03:30:27,701 [INFO]     / check_fut5m_vwap_scalp_signal().
2026-06-30 03:30:27,701 [INFO] 
2026-06-30 03:30:27,701 [INFO]   + FEATURE 3 — MORNING 09:15-10:15 exception (bypasses the 09:45 start gate).
2026-06-30 03:30:27,701 [INFO]     MORNING_VWAP_ENABLED. Before the normal 09:45 entry start, between
2026-06-30 03:30:27,701 [INFO]     MORNING_WIN_START (09:15) and MORNING_WIN_END (10:15): if a closed FUT 15m
2026-06-30 03:30:27,701 [INFO]     bar crosses its VWAP (body 65-86%) AND its close is > MORNING_VWAP_SR_MIN_DIST
2026-06-30 03:30:27,701 [INFO]     (20pt) from every pivot S1/R1/S2/R2 → buy in the cross direction. Re-entries
2026-06-30 03:30:27,701 [INFO]     per momentum gate. Uses engine 'VWAP' (so it inherits the VWAP option-VWAP
2026-06-30 03:30:27,702 [INFO]     trail exit). Runs even when in_entry_window() is False; still respects
2026-06-30 03:30:27,702 [INFO]     stale-guard, gap-suppress, CB/halt, manual cooldown. check_morning_vwap15_signal().
2026-06-30 03:30:27,702 [INFO]     INTERPRETATION: this only ADDS the pre-09:45 window; from 09:45 on, the
2026-06-30 03:30:27,702 [INFO]     normal engines (incl. Feature 1) already run. No confirmation candle is
2026-06-30 03:30:27,702 [INFO]     required here (spec did not ask for one).
2026-06-30 03:30:27,702 [INFO] 
2026-06-30 03:30:27,702 [INFO]   + Classic pivots computed at boot from prior-day H/L/C → DAY.pivots
2026-06-30 03:30:27,702 [INFO]     {P,S1,R1,S2,R2}; min_dist_to_pivots() helper. New fetch_nifty_fut_5m().
2026-06-30 03:30:27,702 [INFO] 
2026-06-30 03:30:27,702 [INFO] === REJECTED DECISIONS (DO NOT RE-ADD WITHOUT NEW BACKTEST EVIDENCE) ===
2026-06-30 03:30:27,702 [INFO]   SKIP_HOUR_13         : -Rs 46k (kills profitable flips in that window)
2026-06-30 03:30:27,702 [INFO]   SKIP_TUESDAYS        : +Rs 56k but calendar-overfit; RSI gate replaces
2026-06-30 03:30:27,702 [INFO]   ADX<20 filter        : -Rs 16k
2026-06-30 03:30:27,702 [INFO]   ADX<25 filter        : -Rs 34k
2026-06-30 03:30:27,702 [INFO]   BE armor at +15%     : net negative
2026-06-30 03:30:27,702 [INFO]   Same-side flip       : -Rs 191k CATASTROPHIC
2026-06-30 03:30:27,702 [INFO]   REVERSAL_FLIP=True   : WR 12% vs 33%
2026-06-30 03:30:27,703 [INFO]   K cap on CE          : hurts WR (no cap is better)
2026-06-30 03:30:27,703 [INFO]   V2.5.10 macro SMA50  : -Rs 2.3L vs V2.5.9; lagging filter blocked PE in bear phases
2026-06-30 03:30:27,703 [INFO]   V2.5.11 straddle halt: straddle expansion days WR 69.8% > normal 66.9%;
2026-06-30 03:30:27,703 [INFO]                          halting on expansion removed profitable trades (+Rs 2,54,234 phantom)
2026-06-30 03:30:32,708 [INFO] [boot] Logs pushed to GitHub: Nifty_FlightRecorder_V2_5_19_20260630_090025.log, Nifty_BarLevel_V2_5_19_20260630_090025.csv
2026-06-30 03:30:32,876 [INFO] [INDICATORS] spot=23978.5 | 1h: close=23943.2 sma20=24051.5 sma50=24049.9 rsi=41.3 macd=-10.36/9.87(bear) | 15m: K=64.9↑(prev 49.3) | regime=NEUTRAL halted=False active=False
2026-06-30 03:30:32,876 [INFO] [SIGNAL] CE: reg=False K=True(K=64.9>=38,rising) Kextr=False RSI=False(41.3>53) MACD=False => BLOCK | PE: reg=False K=False(K=64.9<=80,falling) Kextr=False RSI=True(41.3<47) MACD=True => BLOCK
2026-06-30 03:35:35,225 [INFO] [INDICATORS] spot=23978.5 | 1h: close=23943.2 sma20=24051.5 sma50=24049.9 rsi=41.3 macd=-10.36/9.87(bear) | 15m: K=64.9↑(prev 49.3) | regime=NEUTRAL halted=False active=False
2026-06-30 03:35:35,225 [INFO] [SIGNAL] CE: reg=False K=True(K=64.9>=38,rising) Kextr=False RSI=False(41.3>53) MACD=False => BLOCK | PE: reg=False K=False(K=64.9<=80,falling) Kextr=False RSI=True(41.3<47) MACD=True => BLOCK
2026-06-30 03:35:37,178 [INFO] [periodic] Logs pushed to GitHub: Nifty_FlightRecorder_V2_5_19_20260630_090025.log, Nifty_BarLevel_V2_5_19_20260630_090025.csv
2026-06-30 03:40:38,688 [INFO] [INDICATORS] spot=23978.5 | 1h: close=23943.2 sma20=24051.5 sma50=24049.9 rsi=41.3 macd=-10.36/9.87(bear) | 15m: K=64.9↑(prev 49.3) | regime=NEUTRAL halted=False active=False
2026-06-30 03:40:38,689 [INFO] [SIGNAL] CE: reg=False K=True(K=64.9>=38,rising) Kextr=False RSI=False(41.3>53) MACD=False => BLOCK | PE: reg=False K=False(K=64.9<=80,falling) Kextr=False RSI=True(41.3<47) MACD=True => BLOCK
2026-06-30 03:40:40,671 [INFO] [periodic] Logs pushed to GitHub: Nifty_FlightRecorder_V2_5_19_20260630_090025.log, Nifty_BarLevel_V2_5_19_20260630_090025.csv
2026-06-30 03:45:42,349 [INFO] [INDICATORS] spot=24004.0 | 1h: close=23978.5 sma20=24054.5 sma50=24047.8 rsi=45.0 macd=-13.17/5.26(bear) | 15m: K=75.8↑(prev 64.9) | regime=NEUTRAL halted=False active=False
2026-06-30 03:45:42,350 [INFO] [SIGNAL] CE: reg=False K=True(K=75.8>=38,rising) Kextr=False RSI=False(45.0>53) MACD=False => BLOCK | PE: reg=False K=False(K=75.8<=80,falling) Kextr=True RSI=True(45.0<47) MACD=True => BLOCK
2026-06-30 03:45:45,083 [INFO] [periodic] Logs pushed to GitHub: Nifty_FlightRecorder_V2_5_19_20260630_090025.log, Nifty_BarLevel_V2_5_19_20260630_090025.csv
2026-06-30 03:50:16,511 [INFO] [STRADDLE] Reference: ₹130.8 at 09:20
2026-06-30 03:50:46,701 [INFO] [INDICATORS] spot=23939.8 | 1h: close=23978.5 sma20=24054.5 sma50=24047.8 rsi=45.0 macd=-13.17/5.26(bear) | 15m: K=75.8↑(prev 64.9) | regime=NEUTRAL halted=False active=False
2026-06-30 03:50:46,701 [INFO] [SIGNAL] CE: reg=False K=True(K=75.8>=38,rising) Kextr=False RSI=False(45.0>53) MACD=False => BLOCK | PE: reg=False K=False(K=75.8<=80,falling) Kextr=True RSI=True(45.0<47) MACD=True => BLOCK
2026-06-30 03:50:48,656 [INFO] [periodic] Logs pushed to GitHub: Nifty_FlightRecorder_V2_5_19_20260630_090025.log, Nifty_BarLevel_V2_5_19_20260630_090025.csv
2026-06-30 03:55:50,389 [INFO] [INDICATORS] spot=23899.5 | 1h: close=23978.5 sma20=24054.5 sma50=24047.8 rsi=45.0 macd=-13.17/5.26(bear) | 15m: K=75.8↑(prev 64.9) | regime=NEUTRAL halted=False active=False
2026-06-30 03:55:50,389 [INFO] [SIGNAL] CE: reg=False K=True(K=75.8>=38,rising) Kextr=False RSI=False(45.0>53) MACD=False => BLOCK | PE: reg=False K=False(K=75.8<=80,falling) Kextr=True RSI=True(45.0<47) MACD=True => BLOCK
2026-06-30 03:55:52,383 [INFO] [periodic] Logs pushed to GitHub: Nifty_FlightRecorder_V2_5_19_20260630_090025.log, Nifty_BarLevel_V2_5_19_20260630_090025.csv
2026-06-30 04:00:54,164 [INFO] [INDICATORS] spot=23893.2 | 1h: close=23978.5 sma20=24054.5 sma50=24047.8 rsi=45.0 macd=-13.17/5.26(bear) | 15m: K=71.6↓(prev 75.8) | regime=NEUTRAL halted=False active=False
2026-06-30 04:00:54,164 [INFO] [SIGNAL] CE: reg=False K=False(K=71.6>=38,rising) Kextr=False RSI=False(45.0>53) MACD=False => BLOCK | PE: reg=False K=True(K=71.6<=80,falling) Kextr=True RSI=True(45.0<47) MACD=True => BLOCK
2026-06-30 04:00:56,945 [INFO] [periodic] Logs pushed to GitHub: Nifty_FlightRecorder_V2_5_19_20260630_090025.log, Nifty_BarLevel_V2_5_19_20260630_090025.csv
2026-06-30 04:05:58,634 [INFO] [INDICATORS] spot=23879.5 | 1h: close=23978.5 sma20=24054.5 sma50=24047.8 rsi=45.0 macd=-13.17/5.26(bear) | 15m: K=71.6↓(prev 75.8) | regime=NEUTRAL halted=False active=False
2026-06-30 04:05:58,635 [INFO] [SIGNAL] CE: reg=False K=False(K=71.6>=38,rising) Kextr=False RSI=False(45.0>53) MACD=False => BLOCK | PE: reg=False K=True(K=71.6<=80,falling) Kextr=True RSI=True(45.0<47) MACD=True => BLOCK
2026-06-30 04:06:00,599 [INFO] [periodic] Logs pushed to GitHub: Nifty_FlightRecorder_V2_5_19_20260630_090025.log, Nifty_BarLevel_V2_5_19_20260630_090025.csv
2026-06-30 04:11:02,288 [INFO] [INDICATORS] spot=23877.6 | 1h: close=23978.5 sma20=24054.5 sma50=24047.8 rsi=45.0 macd=-13.17/5.26(bear) | 15m: K=71.6↓(prev 75.8) | regime=NEUTRAL halted=False active=False
2026-06-30 04:11:02,288 [INFO] [SIGNAL] CE: reg=False K=False(K=71.6>=38,rising) Kextr=False RSI=False(45.0>53) MACD=False => BLOCK | PE: reg=False K=True(K=71.6<=80,falling) Kextr=True RSI=True(45.0<47) MACD=True => BLOCK
2026-06-30 04:11:04,198 [INFO] [periodic] Logs pushed to GitHub: Nifty_FlightRecorder_V2_5_19_20260630_090025.log, Nifty_BarLevel_V2_5_19_20260630_090025.csv
2026-06-30 04:15:06,410 [INFO] ENTRY: NFO:NIFTY26JUN23900PE @ 79.50  engine=V3  detail=Grade B R-cluster BREAK-PE at 23900
2026-06-30 04:16:07,774 [INFO] [INDICATORS] spot=23869.5 | 1h: close=23978.5 sma20=24054.5 sma50=24047.8 rsi=45.0 macd=-13.17/5.26(bear) | 15m: K=49.1↓(prev 71.6) | regime=NEUTRAL halted=False active=True
2026-06-30 04:16:07,774 [INFO] [SIGNAL] CE: reg=False K=False(K=49.1>=38,rising) Kextr=False RSI=False(45.0>53) MACD=False => BLOCK | PE: reg=False K=True(K=49.1<=80,falling) Kextr=True RSI=True(45.0<47) MACD=True => BLOCK
2026-06-30 04:16:07,774 [INFO] [STATE] PE NFO:NIFTY26JUN23900PE ltp=80.80 entry=79.50 pnl=+1.30(+1.6%) sl=65.19 peak=80.80 tr_armed=False elapsed=1min
2026-06-30 04:16:10,578 [INFO] [periodic] Logs pushed to GitHub: Nifty_FlightRecorder_V2_5_19_20260630_090025.log, Nifty_BarLevel_V2_5_19_20260630_090025.csv
2026-06-30 04:21:12,727 [INFO] [INDICATORS] spot=23859.7 | 1h: close=23978.5 sma20=24054.5 sma50=24047.8 rsi=45.0 macd=-13.17/5.26(bear) | 15m: K=49.1↓(prev 71.6) | regime=NEUTRAL halted=False active=True
2026-06-30 04:21:12,727 [INFO] [SIGNAL] CE: reg=False K=False(K=49.1>=38,rising) Kextr=False RSI=False(45.0>53) MACD=False => BLOCK | PE: reg=False K=True(K=49.1<=80,falling) Kextr=True RSI=True(45.0<47) MACD=True => BLOCK
2026-06-30 04:21:12,727 [INFO] [STATE] PE NFO:NIFTY26JUN23900PE ltp=85.00 entry=79.50 pnl=+5.50(+6.9%) sl=65.19 peak=88.00 tr_armed=False elapsed=6min
2026-06-30 04:21:14,636 [INFO] [periodic] Logs pushed to GitHub: Nifty_FlightRecorder_V2_5_19_20260630_090025.log, Nifty_BarLevel_V2_5_19_20260630_090025.csv
2026-06-30 04:26:16,702 [INFO] [INDICATORS] spot=23869.5 | 1h: close=23978.5 sma20=24054.5 sma50=24047.8 rsi=45.0 macd=-13.17/5.26(bear) | 15m: K=49.1↓(prev 71.6) | regime=NEUTRAL halted=False active=True
2026-06-30 04:26:16,702 [INFO] [SIGNAL] CE: reg=False K=False(K=49.1>=38,rising) Kextr=False RSI=False(45.0>53) MACD=False => BLOCK | PE: reg=False K=True(K=49.1<=80,falling) Kextr=True RSI=True(45.0<47) MACD=True => BLOCK
2026-06-30 04:26:16,703 [INFO] [STATE] PE NFO:NIFTY26JUN23900PE ltp=77.20 entry=79.50 pnl=-2.30(-2.9%) sl=65.19 peak=88.00 tr_armed=False elapsed=11min
2026-06-30 04:26:18,710 [INFO] [periodic] Logs pushed to GitHub: Nifty_FlightRecorder_V2_5_19_20260630_090025.log, Nifty_BarLevel_V2_5_19_20260630_090025.csv
2026-06-30 04:31:20,794 [INFO] [INDICATORS] spot=23886.6 | 1h: close=23978.5 sma20=24054.5 sma50=24047.8 rsi=45.0 macd=-13.17/5.26(bear) | 15m: K=22.7↓(prev 49.1) | regime=NEUTRAL halted=False active=True
2026-06-30 04:31:20,794 [INFO] [SIGNAL] CE: reg=False K=False(K=22.7>=38,rising) Kextr=True RSI=False(45.0>53) MACD=False => BLOCK | PE: reg=False K=False(K=22.7<=80,falling) Kextr=True RSI=True(45.0<47) MACD=True => BLOCK
2026-06-30 04:31:20,794 [INFO] [STATE] PE NFO:NIFTY26JUN23900PE ltp=65.80 entry=79.50 pnl=-13.70(-17.2%) sl=65.19 peak=88.00 tr_armed=False elapsed=16min
2026-06-30 04:31:23,591 [INFO] [periodic] Logs pushed to GitHub: Nifty_FlightRecorder_V2_5_19_20260630_090025.log, Nifty_BarLevel_V2_5_19_20260630_090025.csv
2026-06-30 04:32:23,963 [INFO] [CB] losses=1/4 (reason=HARDSL_-18pct)
2026-06-30 04:32:23,963 [INFO] EXIT: NFO:NIFTY26JUN23900PE @ 65.19 reason=HARDSL_-18pct pnl/sh=-14.31 is_flip=False losses=1/4
2026-06-30 04:35:25,789 [INFO] [FUT5VWAP] Signal — 23931>23910 body=76% side=CE (fixed +12pt target)
2026-06-30 04:35:25,844 [INFO] ENTRY: NFO:NIFTY26JUN23900CE @ 72.10  engine=FUT5VWAP  detail=FUT5 VWAP cross 23931>23910 body=76% pivΔ=36pt | bar=84
2026-06-30 04:36:27,094 [INFO] [INDICATORS] spot=23910.7 | 1h: close=23978.5 sma20=24054.5 sma50=24047.8 rsi=45.0 macd=-13.17/5.26(bear) | 15m: K=22.7↓(prev 49.1) | regime=NEUTRAL halted=False active=True
2026-06-30 04:36:27,095 [INFO] [SIGNAL] CE: reg=False K=False(K=22.7>=38,rising) Kextr=True RSI=False(45.0>53) MACD=False => BLOCK | PE: reg=False K=False(K=22.7<=80,falling) Kextr=True RSI=True(45.0<47) MACD=True => BLOCK
2026-06-30 04:36:27,095 [INFO] [STATE] CE NFO:NIFTY26JUN23900CE ltp=69.15 entry=72.10 pnl=-2.95(-4.1%) sl=59.12 peak=72.10 tr_armed=False elapsed=1min
2026-06-30 04:36:29,000 [INFO] [periodic] Logs pushed to GitHub: Nifty_FlightRecorder_V2_5_19_20260630_090025.log, Nifty_BarLevel_V2_5_19_20260630_090025.csv
2026-06-30 04:37:59,565 [INFO] [CB] losses=2/4 (reason=HARDSL_-18pct)
2026-06-30 04:37:59,565 [INFO] EXIT: NFO:NIFTY26JUN23900CE @ 59.12 reason=HARDSL_-18pct pnl/sh=-12.98 is_flip=False losses=2/4
2026-06-30 04:41:31,568 [INFO] [INDICATORS] spot=23886.8 | 1h: close=23978.5 sma20=24054.5 sma50=24047.8 rsi=45.0 macd=-13.17/5.26(bear) | 15m: K=22.7↓(prev 49.1) | regime=NEUTRAL halted=False active=False
2026-06-30 04:41:31,568 [INFO] [SIGNAL] CE: reg=False K=False(K=22.7>=38,rising) Kextr=True RSI=False(45.0>53) MACD=False => BLOCK | PE: reg=False K=False(K=22.7<=80,falling) Kextr=True RSI=True(45.0<47) MACD=True => BLOCK
2026-06-30 04:41:33,545 [INFO] [periodic] Logs pushed to GitHub: Nifty_FlightRecorder_V2_5_19_20260630_090025.log, Nifty_BarLevel_V2_5_19_20260630_090025.csv
2026-06-30 04:46:35,217 [INFO] [INDICATORS] spot=23886.5 | 1h: close=23889.8 sma20=24049.7 sma50=24043.9 rsi=38.4 macd=-22.30/-0.25(bear) | 15m: K=23.2↑(prev 22.7) | regime=NEUTRAL halted=False active=False
2026-06-30 04:46:35,217 [INFO] [SIGNAL] CE: reg=False K=False(K=23.2>=38,rising) Kextr=True RSI=False(38.4>53) MACD=False => BLOCK | PE: reg=False K=False(K=23.2<=80,falling) Kextr=False RSI=True(38.4<47) MACD=True => BLOCK
2026-06-30 04:46:37,907 [INFO] [periodic] Logs pushed to GitHub: Nifty_FlightRecorder_V2_5_19_20260630_090025.log, Nifty_BarLevel_V2_5_19_20260630_090025.csv
2026-06-30 04:51:39,658 [INFO] [INDICATORS] spot=23885.5 | 1h: close=23889.8 sma20=24049.7 sma50=24043.9 rsi=38.4 macd=-22.30/-0.25(bear) | 15m: K=23.2↑(prev 22.7) | regime=NEUTRAL halted=False active=False
2026-06-30 04:51:39,658 [INFO] [SIGNAL] CE: reg=False K=False(K=23.2>=38,rising) Kextr=True RSI=False(38.4>53) MACD=False => BLOCK | PE: reg=False K=False(K=23.2<=80,falling) Kextr=False RSI=True(38.4<47) MACD=True => BLOCK
2026-06-30 04:51:41,584 [INFO] [periodic] Logs pushed to GitHub: Nifty_FlightRecorder_V2_5_19_20260630_090025.log, Nifty_BarLevel_V2_5_19_20260630_090025.csv
2026-06-30 04:56:43,361 [INFO] [INDICATORS] spot=23890.5 | 1h: close=23889.8 sma20=24049.7 sma50=24043.9 rsi=38.4 macd=-22.30/-0.25(bear) | 15m: K=23.2↑(prev 22.7) | regime=NEUTRAL halted=False active=False
2026-06-30 04:56:43,361 [INFO] [SIGNAL] CE: reg=False K=False(K=23.2>=38,rising) Kextr=True RSI=False(38.4>53) MACD=False => BLOCK | PE: reg=False K=False(K=23.2<=80,falling) Kextr=False RSI=True(38.4<47) MACD=True => BLOCK
2026-06-30 04:56:45,366 [INFO] [periodic] Logs pushed to GitHub: Nifty_FlightRecorder_V2_5_19_20260630_090025.log, Nifty_BarLevel_V2_5_19_20260630_090025.csv
2026-06-30 05:00:16,649 [INFO] [CHOPGATE] Clear to trade — ER=0.30 crosses=0 range=160pt
2026-06-30 05:01:47,171 [INFO] [INDICATORS] spot=23886.6 | 1h: close=23889.8 sma20=24049.7 sma50=24043.9 rsi=38.4 macd=-22.30/-0.25(bear) | 15m: K=30.0↑(prev 23.2) | regime=NEUTRAL halted=False active=False
2026-06-30 05:01:47,172 [INFO] [SIGNAL] CE: reg=False K=False(K=30.0>=38,rising) Kextr=True RSI=False(38.4>53) MACD=False => BLOCK | PE: reg=False K=False(K=30.0<=80,falling) Kextr=False RSI=True(38.4<47) MACD=True => BLOCK
2026-06-30 05:01:49,980 [INFO] [periodic] Logs pushed to GitHub: Nifty_FlightRecorder_V2_5_19_20260630_090025.log, Nifty_BarLevel_V2_5_19_20260630_090025.csv
2026-06-30 05:05:21,323 [INFO] [FUT5VWAP] Signal — 23919>23908 body=74% side=CE (fixed +12pt target)
2026-06-30 05:05:21,367 [INFO] ENTRY: NFO:NIFTY26JUN23900CE @ 59.00  engine=FUT5VWAP  detail=FUT5 VWAP cross 23919>23908 body=74% pivΔ=24pt | bar=90
2026-06-30 05:06:52,825 [INFO] [INDICATORS] spot=23904.0 | 1h: close=23889.8 sma20=24049.7 sma50=24043.9 rsi=38.4 macd=-22.30/-0.25(bear) | 15m: K=30.0↑(prev 23.2) | regime=NEUTRAL halted=False active=True
2026-06-30 05:06:52,825 [INFO] [SIGNAL] CE: reg=False K=False(K=30.0>=38,rising) Kextr=True RSI=False(38.4>53) MACD=False => BLOCK | PE: reg=False K=False(K=30.0<=80,falling) Kextr=False RSI=True(38.4<47) MACD=True => BLOCK
2026-06-30 05:06:52,826 [INFO] [STATE] CE NFO:NIFTY26JUN23900CE ltp=61.35 entry=59.00 pnl=+2.35(+4.0%) sl=48.38 peak=64.00 tr_armed=False elapsed=1min
2026-06-30 05:06:54,811 [INFO] [periodic] Logs pushed to GitHub: Nifty_FlightRecorder_V2_5_19_20260630_090025.log, Nifty_BarLevel_V2_5_19_20260630_090025.csv
2026-06-30 05:11:56,779 [INFO] [INDICATORS] spot=23881.0 | 1h: close=23889.8 sma20=24049.7 sma50=24043.9 rsi=38.4 macd=-22.30/-0.25(bear) | 15m: K=30.0↑(prev 23.2) | regime=NEUTRAL halted=False active=True
2026-06-30 05:11:56,779 [INFO] [SIGNAL] CE: reg=False K=False(K=30.0>=38,rising) Kextr=True RSI=False(38.4>53) MACD=False => BLOCK | PE: reg=False K=False(K=30.0<=80,falling) Kextr=False RSI=True(38.4<47) MACD=True => BLOCK
2026-06-30 05:11:56,780 [INFO] [STATE] CE NFO:NIFTY26JUN23900CE ltp=51.35 entry=59.00 pnl=-7.65(-13.0%) sl=48.38 peak=64.00 tr_armed=False elapsed=6min
2026-06-30 05:11:58,767 [INFO] [periodic] Logs pushed to GitHub: Nifty_FlightRecorder_V2_5_19_20260630_090025.log, Nifty_BarLevel_V2_5_19_20260630_090025.csv
2026-06-30 05:17:00,723 [INFO] [INDICATORS] spot=23898.2 | 1h: close=23889.8 sma20=24049.7 sma50=24043.9 rsi=38.4 macd=-22.30/-0.25(bear) | 15m: K=34.7↑(prev 30.0) | regime=NEUTRAL halted=False active=True
2026-06-30 05:17:00,723 [INFO] [SIGNAL] CE: reg=False K=False(K=34.7>=38,rising) Kextr=True RSI=False(38.4>53) MACD=False => BLOCK | PE: reg=False K=False(K=34.7<=80,falling) Kextr=False RSI=True(38.4<47) MACD=True => BLOCK
2026-06-30 05:17:00,723 [INFO] [STATE] CE NFO:NIFTY26JUN23900CE ltp=57.00 entry=59.00 pnl=-2.00(-3.4%) sl=48.38 peak=64.00 tr_armed=False elapsed=11min
2026-06-30 05:17:03,530 [INFO] [periodic] Logs pushed to GitHub: Nifty_FlightRecorder_V2_5_19_20260630_090025.log, Nifty_BarLevel_V2_5_19_20260630_090025.csv
2026-06-30 05:22:05,409 [INFO] [INDICATORS] spot=23920.8 | 1h: close=23889.8 sma20=24049.7 sma50=24043.9 rsi=38.4 macd=-22.30/-0.25(bear) | 15m: K=34.7↑(prev 30.0) | regime=NEUTRAL halted=False active=True
2026-06-30 05:22:05,409 [INFO] [SIGNAL] CE: reg=False K=False(K=34.7>=38,rising) Kextr=True RSI=False(38.4>53) MACD=False => BLOCK | PE: reg=False K=False(K=34.7<=80,falling) Kextr=False RSI=True(38.4<47) MACD=True => BLOCK
2026-06-30 05:22:05,409 [INFO] [STATE] CE NFO:NIFTY26JUN23900CE ltp=69.55 entry=59.00 pnl=+10.55(+17.9%) sl=48.38 peak=69.75 tr_armed=False elapsed=16min
2026-06-30 05:22:07,408 [INFO] [periodic] Logs pushed to GitHub: Nifty_FlightRecorder_V2_5_19_20260630_090025.log, Nifty_BarLevel_V2_5_19_20260630_090025.csv
2026-06-30 05:27:09,402 [INFO] [INDICATORS] spot=23905.3 | 1h: close=23889.8 sma20=24049.7 sma50=24043.9 rsi=38.4 macd=-22.30/-0.25(bear) | 15m: K=34.7↑(prev 30.0) | regime=NEUTRAL halted=False active=True
2026-06-30 05:27:09,402 [INFO] [SIGNAL] CE: reg=False K=False(K=34.7>=38,rising) Kextr=True RSI=False(38.4>53) MACD=False => BLOCK | PE: reg=False K=False(K=34.7<=80,falling) Kextr=False RSI=True(38.4<47) MACD=True => BLOCK
2026-06-30 05:27:09,402 [INFO] [STATE] CE NFO:NIFTY26JUN23900CE ltp=54.35 entry=59.00 pnl=-4.65(-7.9%) sl=48.38 peak=69.75 tr_armed=False elapsed=21min
2026-06-30 05:27:11,384 [INFO] [periodic] Logs pushed to GitHub: Nifty_FlightRecorder_V2_5_19_20260630_090025.log, Nifty_BarLevel_V2_5_19_20260630_090025.csv
2026-06-30 05:30:12,595 [INFO] [CB] losses=3/4 (reason=HARDSL_-18pct)
2026-06-30 05:30:12,596 [INFO] EXIT: NFO:NIFTY26JUN23900CE @ 48.38 reason=HARDSL_-18pct pnl/sh=-10.62 is_flip=False losses=3/4
2026-06-30 05:32:14,292 [INFO] [INDICATORS] spot=23889.2 | 1h: close=23889.8 sma20=24049.7 sma50=24043.9 rsi=38.4 macd=-22.30/-0.25(bear) | 15m: K=30.5↓(prev 34.7) | regime=NEUTRAL halted=False active=False
2026-06-30 05:32:14,292 [INFO] [SIGNAL] CE: reg=False K=False(K=30.5>=38,rising) Kextr=True RSI=False(38.4>53) MACD=False => BLOCK | PE: reg=False K=True(K=30.5<=80,falling) Kextr=False RSI=True(38.4<47) MACD=True => BLOCK
2026-06-30 05:32:17,057 [INFO] [periodic] Logs pushed to GitHub: Nifty_FlightRecorder_V2_5_19_20260630_090025.log, Nifty_BarLevel_V2_5_19_20260630_090025.csv
2026-06-30 05:37:18,933 [INFO] [INDICATORS] spot=23882.2 | 1h: close=23889.8 sma20=24049.7 sma50=24043.9 rsi=38.4 macd=-22.30/-0.25(bear) | 15m: K=30.5↓(prev 34.7) | regime=NEUTRAL halted=False active=False
2026-06-30 05:37:18,933 [INFO] [SIGNAL] CE: reg=False K=False(K=30.5>=38,rising) Kextr=True RSI=False(38.4>53) MACD=False => BLOCK | PE: reg=False K=True(K=30.5<=80,falling) Kextr=False RSI=True(38.4<47) MACD=True => BLOCK
2026-06-30 05:37:20,972 [INFO] [periodic] Logs pushed to GitHub: Nifty_FlightRecorder_V2_5_19_20260630_090025.log, Nifty_BarLevel_V2_5_19_20260630_090025.csv
2026-06-30 05:42:22,801 [INFO] [INDICATORS] spot=23925.3 | 1h: close=23889.8 sma20=24049.7 sma50=24043.9 rsi=38.4 macd=-22.30/-0.25(bear) | 15m: K=30.5↓(prev 34.7) | regime=NEUTRAL halted=False active=False
2026-06-30 05:42:22,801 [INFO] [SIGNAL] CE: reg=False K=False(K=30.5>=38,rising) Kextr=True RSI=False(38.4>53) MACD=False => BLOCK | PE: reg=False K=True(K=30.5<=80,falling) Kextr=False RSI=True(38.4<47) MACD=True => BLOCK
2026-06-30 05:42:24,759 [INFO] [periodic] Logs pushed to GitHub: Nifty_FlightRecorder_V2_5_19_20260630_090025.log, Nifty_BarLevel_V2_5_19_20260630_090025.csv
2026-06-30 05:45:25,855 [INFO] [VWAP] Signal — FUT 23949>23912 body=85% side=CE
2026-06-30 05:45:25,953 [INFO] ENTRY: NFO:NIFTY26JUN23900CE @ 75.85  engine=VWAP  detail=FUT VWAP 23949>23912 body=85% | bar=132
2026-06-30 05:47:27,858 [INFO] [INDICATORS] spot=23932.6 | 1h: close=23938.0 sma20=24047.6 sma50=24040.2 rsi=43.3 macd=-25.34/-5.27(bear) | 15m: K=51.9↑(prev 30.5) | regime=NEUTRAL halted=False active=True
2026-06-30 05:47:27,859 [INFO] [SIGNAL] CE: reg=False K=True(K=51.9>=38,rising) Kextr=False RSI=False(43.3>53) MACD=False => BLOCK | PE: reg=False K=False(K=51.9<=80,falling) Kextr=False RSI=True(43.3<47) MACD=True => BLOCK
2026-06-30 05:47:27,859 [INFO] [STATE] CE NFO:NIFTY26JUN23900CE ltp=70.50 entry=75.85 pnl=-5.35(-7.1%) sl=62.20 peak=76.45 tr_armed=False elapsed=2min
2026-06-30 05:47:30,648 [INFO] [periodic] Logs pushed to GitHub: Nifty_FlightRecorder_V2_5_19_20260630_090025.log, Nifty_BarLevel_V2_5_19_20260630_090025.csv
2026-06-30 05:52:33,028 [INFO] [INDICATORS] spot=23944.0 | 1h: close=23938.0 sma20=24047.6 sma50=24040.2 rsi=43.3 macd=-25.34/-5.27(bear) | 15m: K=51.9↑(prev 30.5) | regime=NEUTRAL halted=False active=True
2026-06-30 05:52:33,029 [INFO] [SIGNAL] CE: reg=False K=True(K=51.9>=38,rising) Kextr=False RSI=False(43.3>53) MACD=False => BLOCK | PE: reg=False K=False(K=51.9<=80,falling) Kextr=False RSI=True(43.3<47) MACD=True => BLOCK
2026-06-30 05:52:33,029 [INFO] [STATE] CE NFO:NIFTY26JUN23900CE ltp=78.20 entry=75.85 pnl=+2.35(+3.1%) sl=62.20 peak=78.30 tr_armed=False elapsed=7min
2026-06-30 05:52:34,942 [INFO] [periodic] Logs pushed to GitHub: Nifty_FlightRecorder_V2_5_19_20260630_090025.log, Nifty_BarLevel_V2_5_19_20260630_090025.csv
2026-06-30 05:54:06,377 [INFO] [TRAIL] SL ratcheted 86.00 → 113.95  (peak=118.95)
2026-06-30 05:55:06,847 [INFO] [TRAIL] SL ratcheted 113.95 → 119.05  (peak=124.05)
2026-06-30 05:55:37,079 [INFO] EXIT: NFO:NIFTY26JUN23900CE @ 119.05 reason=TRAIL_+43 pnl/sh=+43.20 is_flip=False losses=3/4
2026-06-30 05:57:38,667 [INFO] [INDICATORS] spot=23983.5 | 1h: close=23938.0 sma20=24047.6 sma50=24040.2 rsi=43.3 macd=-25.34/-5.27(bear) | 15m: K=51.9↑(prev 30.5) | regime=NEUTRAL halted=False active=False
2026-06-30 05:57:38,668 [INFO] [SIGNAL] CE: reg=False K=True(K=51.9>=38,rising) Kextr=False RSI=False(43.3>53) MACD=False => BLOCK | PE: reg=False K=False(K=51.9<=80,falling) Kextr=False RSI=True(43.3<47) MACD=True => BLOCK
2026-06-30 05:57:41,035 [INFO] [periodic] Logs pushed to GitHub: Nifty_FlightRecorder_V2_5_19_20260630_090025.log, Nifty_BarLevel_V2_5_19_20260630_090025.csv
2026-06-30 06:02:43,712 [INFO] [INDICATORS] spot=23951.3 | 1h: close=23938.0 sma20=24047.6 sma50=24040.2 rsi=43.3 macd=-25.34/-5.27(bear) | 15m: K=73.6↑(prev 51.9) | regime=NEUTRAL halted=False active=False
2026-06-30 06:02:43,712 [INFO] [SIGNAL] CE: reg=False K=True(K=73.6>=38,rising) Kextr=False RSI=False(43.3>53) MACD=False => BLOCK | PE: reg=False K=False(K=73.6<=80,falling) Kextr=False RSI=True(43.3<47) MACD=True => BLOCK
2026-06-30 06:02:46,528 [INFO] [periodic] Logs pushed to GitHub: Nifty_FlightRecorder_V2_5_19_20260630_090025.log, Nifty_BarLevel_V2_5_19_20260630_090025.csv
2026-06-30 06:07:48,338 [INFO] [INDICATORS] spot=23935.3 | 1h: close=23938.0 sma20=24047.6 sma50=24040.2 rsi=43.3 macd=-25.34/-5.27(bear) | 15m: K=73.6↑(prev 51.9) | regime=NEUTRAL halted=False active=False
2026-06-30 06:07:48,339 [INFO] [SIGNAL] CE: reg=False K=True(K=73.6>=38,rising) Kextr=False RSI=False(43.3>53) MACD=False => BLOCK | PE: reg=False K=False(K=73.6<=80,falling) Kextr=False RSI=True(43.3<47) MACD=True => BLOCK
2026-06-30 06:07:50,296 [INFO] [periodic] Logs pushed to GitHub: Nifty_FlightRecorder_V2_5_19_20260630_090025.log, Nifty_BarLevel_V2_5_19_20260630_090025.csv
2026-06-30 06:12:52,103 [INFO] [INDICATORS] spot=23941.0 | 1h: close=23938.0 sma20=24047.6 sma50=24040.2 rsi=43.3 macd=-25.34/-5.27(bear) | 15m: K=73.6↑(prev 51.9) | regime=NEUTRAL halted=False active=False
2026-06-30 06:12:52,103 [INFO] [SIGNAL] CE: reg=False K=True(K=73.6>=38,rising) Kextr=False RSI=False(43.3>53) MACD=False => BLOCK | PE: reg=False K=False(K=73.6<=80,falling) Kextr=False RSI=True(43.3<47) MACD=True => BLOCK
2026-06-30 06:12:54,196 [INFO] [periodic] Logs pushed to GitHub: Nifty_FlightRecorder_V2_5_19_20260630_090025.log, Nifty_BarLevel_V2_5_19_20260630_090025.csv
2026-06-30 06:15:25,094 [INFO] [VWAP] Signal — FUT 23936>23924 body=86% side=CE
2026-06-30 06:15:25,150 [INFO] [MOMGATE] BLOCKED VWAP CE #4 mv=-13pt thr=12 — 3rd+ same-direction entry without momentum
2026-06-30 06:17:56,882 [INFO] [INDICATORS] spot=23935.0 | 1h: close=23938.0 sma20=24047.6 sma50=24040.2 rsi=43.3 macd=-25.34/-5.27(bear) | 15m: K=89.7↑(prev 73.6) | regime=NEUTRAL halted=False active=False
2026-06-30 06:17:56,883 [INFO] [SIGNAL] CE: reg=False K=True(K=89.7>=38,rising) Kextr=False RSI=False(43.3>53) MACD=False => BLOCK | PE: reg=False K=False(K=89.7<=80,falling) Kextr=True RSI=True(43.3<47) MACD=True => BLOCK
2026-06-30 06:17:59,739 [INFO] [periodic] Logs pushed to GitHub: Nifty_FlightRecorder_V2_5_19_20260630_090025.log, Nifty_BarLevel_V2_5_19_20260630_090025.csv
2026-06-30 06:23:01,624 [INFO] [INDICATORS] spot=23934.2 | 1h: close=23938.0 sma20=24047.6 sma50=24040.2 rsi=43.3 macd=-25.34/-5.27(bear) | 15m: K=89.7↑(prev 73.6) | regime=NEUTRAL halted=False active=False
2026-06-30 06:23:01,624 [INFO] [SIGNAL] CE: reg=False K=True(K=89.7>=38,rising) Kextr=False RSI=False(43.3>53) MACD=False => BLOCK | PE: reg=False K=False(K=89.7<=80,falling) Kextr=True RSI=True(43.3<47) MACD=True => BLOCK
2026-06-30 06:23:03,653 [INFO] [periodic] Logs pushed to GitHub: Nifty_FlightRecorder_V2_5_19_20260630_090025.log, Nifty_BarLevel_V2_5_19_20260630_090025.csv
2026-06-30 06:28:05,569 [INFO] [INDICATORS] spot=23941.7 | 1h: close=23938.0 sma20=24047.6 sma50=24040.2 rsi=43.3 macd=-25.34/-5.27(bear) | 15m: K=89.7↑(prev 73.6) | regime=NEUTRAL halted=False active=False
2026-06-30 06:28:05,569 [INFO] [SIGNAL] CE: reg=False K=True(K=89.7>=38,rising) Kextr=False RSI=False(43.3>53) MACD=False => BLOCK | PE: reg=False K=False(K=89.7<=80,falling) Kextr=True RSI=True(43.3<47) MACD=True => BLOCK
2026-06-30 06:28:07,627 [INFO] [periodic] Logs pushed to GitHub: Nifty_FlightRecorder_V2_5_19_20260630_090025.log, Nifty_BarLevel_V2_5_19_20260630_090025.csv
2026-06-30 06:33:09,485 [INFO] [INDICATORS] spot=23937.8 | 1h: close=23938.0 sma20=24047.6 sma50=24040.2 rsi=43.3 macd=-25.34/-5.27(bear) | 15m: K=82.7↓(prev 89.7) | regime=NEUTRAL halted=False active=False
2026-06-30 06:33:09,486 [INFO] [SIGNAL] CE: reg=False K=False(K=82.7>=38,rising) Kextr=False RSI=False(43.3>53) MACD=False => BLOCK | PE: reg=False K=False(K=82.7<=80,falling) Kextr=True RSI=True(43.3<47) MACD=True => BLOCK
2026-06-30 06:33:12,356 [INFO] [periodic] Logs pushed to GitHub: Nifty_FlightRecorder_V2_5_19_20260630_090025.log, Nifty_BarLevel_V2_5_19_20260630_090025.csv
2026-06-30 06:38:14,119 [INFO] [INDICATORS] spot=23933.8 | 1h: close=23938.0 sma20=24047.6 sma50=24040.2 rsi=43.3 macd=-25.34/-5.27(bear) | 15m: K=82.7↓(prev 89.7) | regime=NEUTRAL halted=False active=False
2026-06-30 06:38:14,120 [INFO] [SIGNAL] CE: reg=False K=False(K=82.7>=38,rising) Kextr=False RSI=False(43.3>53) MACD=False => BLOCK | PE: reg=False K=False(K=82.7<=80,falling) Kextr=True RSI=True(43.3<47) MACD=True => BLOCK
2026-06-30 06:38:16,042 [INFO] [periodic] Logs pushed to GitHub: Nifty_FlightRecorder_V2_5_19_20260630_090025.log, Nifty_BarLevel_V2_5_19_20260630_090025.csv
2026-06-30 06:43:17,738 [INFO] [INDICATORS] spot=23927.8 | 1h: close=23938.0 sma20=24047.6 sma50=24040.2 rsi=43.3 macd=-25.34/-5.27(bear) | 15m: K=82.7↓(prev 89.7) | regime=NEUTRAL halted=False active=False
2026-06-30 06:43:17,739 [INFO] [SIGNAL] CE: reg=False K=False(K=82.7>=38,rising) Kextr=False RSI=False(43.3>53) MACD=False => BLOCK | PE: reg=False K=False(K=82.7<=80,falling) Kextr=True RSI=True(43.3<47) MACD=True => BLOCK
2026-06-30 06:43:19,731 [INFO] [periodic] Logs pushed to GitHub: Nifty_FlightRecorder_V2_5_19_20260630_090025.log, Nifty_BarLevel_V2_5_19_20260630_090025.csv
2026-06-30 06:45:20,380 [INFO] [VWAP] Signal — FUT 23934>23927 body=85% side=CE
2026-06-30 06:45:20,448 [INFO] [MOMGATE] BLOCKED VWAP CE #4 mv=-2pt thr=12 — 3rd+ same-direction entry without momentum
2026-06-30 06:48:22,223 [INFO] [INDICATORS] spot=23921.5 | 1h: close=23925.9 sma20=24042.3 sma50=24037.4 rsi=42.4 macd=-28.41/-9.90(bear) | 15m: K=71.1↓(prev 82.7) | regime=NEUTRAL halted=False active=False
2026-06-30 06:48:22,223 [INFO] [SIGNAL] CE: reg=False K=False(K=71.1>=38,rising) Kextr=False RSI=False(42.4>53) MACD=False => BLOCK | PE: reg=False K=True(K=71.1<=80,falling) Kextr=True RSI=True(42.4<47) MACD=True => BLOCK
2026-06-30 06:48:24,981 [INFO] [periodic] Logs pushed to GitHub: Nifty_FlightRecorder_V2_5_19_20260630_090025.log, Nifty_BarLevel_V2_5_19_20260630_090025.csv
2026-06-30 06:53:26,714 [INFO] [INDICATORS] spot=23928.8 | 1h: close=23925.9 sma20=24042.3 sma50=24037.4 rsi=42.4 macd=-28.41/-9.90(bear) | 15m: K=71.1↓(prev 82.7) | regime=NEUTRAL halted=False active=False
2026-06-30 06:53:26,714 [INFO] [SIGNAL] CE: reg=False K=False(K=71.1>=38,rising) Kextr=False RSI=False(42.4>53) MACD=False => BLOCK | PE: reg=False K=True(K=71.1<=80,falling) Kextr=True RSI=True(42.4<47) MACD=True => BLOCK
2026-06-30 06:53:28,772 [INFO] [periodic] Logs pushed to GitHub: Nifty_FlightRecorder_V2_5_19_20260630_090025.log, Nifty_BarLevel_V2_5_19_20260630_090025.csv
2026-06-30 06:58:30,562 [INFO] [INDICATORS] spot=23935.2 | 1h: close=23925.9 sma20=24042.3 sma50=24037.4 rsi=42.4 macd=-28.41/-9.90(bear) | 15m: K=71.1↓(prev 82.7) | regime=NEUTRAL halted=False active=False
2026-06-30 06:58:30,562 [INFO] [SIGNAL] CE: reg=False K=False(K=71.1>=38,rising) Kextr=False RSI=False(42.4>53) MACD=False => BLOCK | PE: reg=False K=True(K=71.1<=80,falling) Kextr=True RSI=True(42.4<47) MACD=True => BLOCK
2026-06-30 06:58:33,123 [INFO] [periodic] Logs pushed to GitHub: Nifty_FlightRecorder_V2_5_19_20260630_090025.log, Nifty_BarLevel_V2_5_19_20260630_090025.csv
2026-06-30 07:03:34,983 [INFO] [INDICATORS] spot=23917.3 | 1h: close=23925.9 sma20=24042.3 sma50=24037.4 rsi=42.4 macd=-28.41/-9.90(bear) | 15m: K=71.8↑(prev 71.1) | regime=NEUTRAL halted=False active=False
2026-06-30 07:03:34,983 [INFO] [SIGNAL] CE: reg=False K=True(K=71.8>=38,rising) Kextr=False RSI=False(42.4>53) MACD=False => BLOCK | PE: reg=False K=False(K=71.8<=80,falling) Kextr=True RSI=True(42.4<47) MACD=True => BLOCK
2026-06-30 07:03:37,835 [INFO] [periodic] Logs pushed to GitHub: Nifty_FlightRecorder_V2_5_19_20260630_090025.log, Nifty_BarLevel_V2_5_19_20260630_090025.csv
2026-06-30 07:08:39,563 [INFO] [INDICATORS] spot=23928.8 | 1h: close=23925.9 sma20=24042.3 sma50=24037.4 rsi=42.4 macd=-28.41/-9.90(bear) | 15m: K=71.8↑(prev 71.1) | regime=NEUTRAL halted=False active=False
2026-06-30 07:08:39,563 [INFO] [SIGNAL] CE: reg=False K=True(K=71.8>=38,rising) Kextr=False RSI=False(42.4>53) MACD=False => BLOCK | PE: reg=False K=False(K=71.8<=80,falling) Kextr=True RSI=True(42.4<47) MACD=True => BLOCK
2026-06-30 07:08:41,623 [INFO] [periodic] Logs pushed to GitHub: Nifty_FlightRecorder_V2_5_19_20260630_090025.log, Nifty_BarLevel_V2_5_19_20260630_090025.csv
2026-06-30 07:13:43,287 [INFO] [INDICATORS] spot=23954.2 | 1h: close=23925.9 sma20=24042.3 sma50=24037.4 rsi=42.4 macd=-28.41/-9.90(bear) | 15m: K=71.8↑(prev 71.1) | regime=NEUTRAL halted=False active=False
2026-06-30 07:13:43,287 [INFO] [SIGNAL] CE: reg=False K=True(K=71.8>=38,rising) Kextr=False RSI=False(42.4>53) MACD=False => BLOCK | PE: reg=False K=False(K=71.8<=80,falling) Kextr=True RSI=True(42.4<47) MACD=True => BLOCK
2026-06-30 07:13:45,214 [INFO] [periodic] Logs pushed to GitHub: Nifty_FlightRecorder_V2_5_19_20260630_090025.log, Nifty_BarLevel_V2_5_19_20260630_090025.csv
2026-06-30 07:14:45,542 [INFO] [FUT5VWAP] Signal — 23956>23927 body=72% side=CE (fixed +12pt target)
2026-06-30 07:14:45,595 [INFO] [MOMGATE] BLOCKED FUT5VWAP CE #4 mv=+12pt thr=12 — 3rd+ same-direction entry without momentum
2026-06-30 07:18:47,993 [INFO] [INDICATORS] spot=23950.1 | 1h: close=23925.9 sma20=24042.3 sma50=24037.4 rsi=42.4 macd=-28.41/-9.90(bear) | 15m: K=73.8↑(prev 71.8) | regime=NEUTRAL halted=False active=False
2026-06-30 07:18:47,993 [INFO] [SIGNAL] CE: reg=False K=True(K=73.8>=38,rising) Kextr=False RSI=False(42.4>53) MACD=False => BLOCK | PE: reg=False K=False(K=73.8<=80,falling) Kextr=True RSI=True(42.4<47) MACD=True => BLOCK
2026-06-30 07:18:50,932 [INFO] [periodic] Logs pushed to GitHub: Nifty_FlightRecorder_V2_5_19_20260630_090025.log, Nifty_BarLevel_V2_5_19_20260630_090025.csv
2026-06-30 07:23:52,626 [INFO] [INDICATORS] spot=23942.0 | 1h: close=23925.9 sma20=24042.3 sma50=24037.4 rsi=42.4 macd=-28.41/-9.90(bear) | 15m: K=73.8↑(prev 71.8) | regime=NEUTRAL halted=False active=False
2026-06-30 07:23:52,626 [INFO] [SIGNAL] CE: reg=False K=True(K=73.8>=38,rising) Kextr=False RSI=False(42.4>53) MACD=False => BLOCK | PE: reg=False K=False(K=73.8<=80,falling) Kextr=True RSI=True(42.4<47) MACD=True => BLOCK
2026-06-30 07:23:54,653 [INFO] [periodic] Logs pushed to GitHub: Nifty_FlightRecorder_V2_5_19_20260630_090025.log, Nifty_BarLevel_V2_5_19_20260630_090025.csv
2026-06-30 07:28:56,594 [INFO] [INDICATORS] spot=23955.2 | 1h: close=23925.9 sma20=24042.3 sma50=24037.4 rsi=42.4 macd=-28.41/-9.90(bear) | 15m: K=73.8↑(prev 71.8) | regime=NEUTRAL halted=False active=False
2026-06-30 07:28:56,594 [INFO] [SIGNAL] CE: reg=False K=True(K=73.8>=38,rising) Kextr=False RSI=False(42.4>53) MACD=False => BLOCK | PE: reg=False K=False(K=73.8<=80,falling) Kextr=True RSI=True(42.4<47) MACD=True => BLOCK
2026-06-30 07:28:58,752 [INFO] [periodic] Logs pushed to GitHub: Nifty_FlightRecorder_V2_5_19_20260630_090025.log, Nifty_BarLevel_V2_5_19_20260630_090025.csv
2026-06-30 07:34:00,664 [INFO] [INDICATORS] spot=23940.2 | 1h: close=23925.9 sma20=24042.3 sma50=24037.4 rsi=42.4 macd=-28.41/-9.90(bear) | 15m: K=80.7↑(prev 73.8) | regime=NEUTRAL halted=False active=False
2026-06-30 07:34:00,665 [INFO] [SIGNAL] CE: reg=False K=True(K=80.7>=38,rising) Kextr=False RSI=False(42.4>53) MACD=False => BLOCK | PE: reg=False K=False(K=80.7<=80,falling) Kextr=True RSI=True(42.4<47) MACD=True => BLOCK
2026-06-30 07:34:03,982 [INFO] [periodic] Logs pushed to GitHub: Nifty_FlightRecorder_V2_5_19_20260630_090025.log, Nifty_BarLevel_V2_5_19_20260630_090025.csv
2026-06-30 07:39:05,677 [INFO] [INDICATORS] spot=23934.0 | 1h: close=23925.9 sma20=24042.3 sma50=24037.4 rsi=42.4 macd=-28.41/-9.90(bear) | 15m: K=80.7↑(prev 73.8) | regime=NEUTRAL halted=False active=False
2026-06-30 07:39:05,677 [INFO] [SIGNAL] CE: reg=False K=True(K=80.7>=38,rising) Kextr=False RSI=False(42.4>53) MACD=False => BLOCK | PE: reg=False K=False(K=80.7<=80,falling) Kextr=True RSI=True(42.4<47) MACD=True => BLOCK
2026-06-30 07:39:07,714 [INFO] [periodic] Logs pushed to GitHub: Nifty_FlightRecorder_V2_5_19_20260630_090025.log, Nifty_BarLevel_V2_5_19_20260630_090025.csv
2026-06-30 07:44:09,408 [INFO] [INDICATORS] spot=23930.8 | 1h: close=23925.9 sma20=24042.3 sma50=24037.4 rsi=42.4 macd=-28.41/-9.90(bear) | 15m: K=80.7↑(prev 73.8) | regime=NEUTRAL halted=False active=False
2026-06-30 07:44:09,409 [INFO] [SIGNAL] CE: reg=False K=True(K=80.7>=38,rising) Kextr=False RSI=False(42.4>53) MACD=False => BLOCK | PE: reg=False K=False(K=80.7<=80,falling) Kextr=True RSI=True(42.4<47) MACD=True => BLOCK
2026-06-30 07:44:11,635 [INFO] [periodic] Logs pushed to GitHub: Nifty_FlightRecorder_V2_5_19_20260630_090025.log, Nifty_BarLevel_V2_5_19_20260630_090025.csv
2026-06-30 07:45:12,017 [INFO] [VWAP] Signal — FUT 23939>23930 body=87% side=CE
2026-06-30 07:45:12,080 [INFO] [MOMGATE] BLOCKED VWAP CE #4 mv=+0pt thr=12 — 3rd+ same-direction entry without momentum
2026-06-30 07:49:14,309 [INFO] [INDICATORS] spot=23937.0 | 1h: close=23934.0 sma20=24036.2 sma50=24034.3 rsi=43.2 macd=-29.85/-13.89(bear) | 15m: K=79.7↓(prev 80.7) | regime=NEUTRAL halted=False active=False
2026-06-30 07:49:14,310 [INFO] [SIGNAL] CE: reg=False K=False(K=79.7>=38,rising) Kextr=False RSI=False(43.2>53) MACD=False => BLOCK | PE: reg=False K=True(K=79.7<=80,falling) Kextr=True RSI=True(43.2<47) MACD=True => BLOCK
2026-06-30 07:49:17,136 [INFO] [periodic] Logs pushed to GitHub: Nifty_FlightRecorder_V2_5_19_20260630_090025.log, Nifty_BarLevel_V2_5_19_20260630_090025.csv
2026-06-30 07:54:18,891 [INFO] [INDICATORS] spot=23915.8 | 1h: close=23934.0 sma20=24036.2 sma50=24034.3 rsi=43.2 macd=-29.85/-13.89(bear) | 15m: K=79.7↓(prev 80.7) | regime=NEUTRAL halted=False active=False
2026-06-30 07:54:18,891 [INFO] [SIGNAL] CE: reg=False K=False(K=79.7>=38,rising) Kextr=False RSI=False(43.2>53) MACD=False => BLOCK | PE: reg=False K=True(K=79.7<=80,falling) Kextr=True RSI=True(43.2<47) MACD=True => BLOCK
2026-06-30 07:54:20,801 [INFO] [periodic] Logs pushed to GitHub: Nifty_FlightRecorder_V2_5_19_20260630_090025.log, Nifty_BarLevel_V2_5_19_20260630_090025.csv
2026-06-30 07:59:22,605 [INFO] [INDICATORS] spot=23935.6 | 1h: close=23934.0 sma20=24036.2 sma50=24034.3 rsi=43.2 macd=-29.85/-13.89(bear) | 15m: K=79.7↓(prev 80.7) | regime=NEUTRAL halted=False active=False
2026-06-30 07:59:22,605 [INFO] [SIGNAL] CE: reg=False K=False(K=79.7>=38,rising) Kextr=False RSI=False(43.2>53) MACD=False => BLOCK | PE: reg=False K=True(K=79.7<=80,falling) Kextr=True RSI=True(43.2<47) MACD=True => BLOCK
2026-06-30 07:59:24,575 [INFO] [periodic] Logs pushed to GitHub: Nifty_FlightRecorder_V2_5_19_20260630_090025.log, Nifty_BarLevel_V2_5_19_20260630_090025.csv
2026-06-30 08:04:26,318 [INFO] [INDICATORS] spot=23938.2 | 1h: close=23934.0 sma20=24036.2 sma50=24034.3 rsi=43.2 macd=-29.85/-13.89(bear) | 15m: K=74.2↓(prev 79.7) | regime=NEUTRAL halted=False active=False
2026-06-30 08:04:26,319 [INFO] [SIGNAL] CE: reg=False K=False(K=74.2>=38,rising) Kextr=False RSI=False(43.2>53) MACD=False => BLOCK | PE: reg=False K=True(K=74.2<=80,falling) Kextr=True RSI=True(43.2<47) MACD=True => BLOCK
2026-06-30 08:04:29,654 [INFO] [periodic] Logs pushed to GitHub: Nifty_FlightRecorder_V2_5_19_20260630_090025.log, Nifty_BarLevel_V2_5_19_20260630_090025.csv
2026-06-30 08:09:31,665 [INFO] [INDICATORS] spot=23935.8 | 1h: close=23934.0 sma20=24036.2 sma50=24034.3 rsi=43.2 macd=-29.85/-13.89(bear) | 15m: K=74.2↓(prev 79.7) | regime=NEUTRAL halted=False active=False
2026-06-30 08:09:31,666 [INFO] [SIGNAL] CE: reg=False K=False(K=74.2>=38,rising) Kextr=False RSI=False(43.2>53) MACD=False => BLOCK | PE: reg=False K=True(K=74.2<=80,falling) Kextr=True RSI=True(43.2<47) MACD=True => BLOCK
2026-06-30 08:09:33,727 [INFO] [periodic] Logs pushed to GitHub: Nifty_FlightRecorder_V2_5_19_20260630_090025.log, Nifty_BarLevel_V2_5_19_20260630_090025.csv
2026-06-30 08:14:35,430 [INFO] [INDICATORS] spot=23947.5 | 1h: close=23934.0 sma20=24036.2 sma50=24034.3 rsi=43.2 macd=-29.85/-13.89(bear) | 15m: K=74.2↓(prev 79.7) | regime=NEUTRAL halted=False active=False
2026-06-30 08:14:35,431 [INFO] [SIGNAL] CE: reg=False K=False(K=74.2>=38,rising) Kextr=False RSI=False(43.2>53) MACD=False => BLOCK | PE: reg=False K=True(K=74.2<=80,falling) Kextr=True RSI=True(43.2<47) MACD=True => BLOCK
2026-06-30 08:14:37,727 [INFO] [periodic] Logs pushed to GitHub: Nifty_FlightRecorder_V2_5_19_20260630_090025.log, Nifty_BarLevel_V2_5_19_20260630_090025.csv
2026-06-30 08:19:39,777 [INFO] [INDICATORS] spot=23939.5 | 1h: close=23934.0 sma20=24036.2 sma50=24034.3 rsi=43.2 macd=-29.85/-13.89(bear) | 15m: K=72.4↓(prev 74.2) | regime=NEUTRAL halted=False active=False
2026-06-30 08:19:39,777 [INFO] [SIGNAL] CE: reg=False K=False(K=72.4>=38,rising) Kextr=False RSI=False(43.2>53) MACD=False => BLOCK | PE: reg=False K=True(K=72.4<=80,falling) Kextr=True RSI=True(43.2<47) MACD=True => BLOCK
2026-06-30 08:19:42,702 [INFO] [periodic] Logs pushed to GitHub: Nifty_FlightRecorder_V2_5_19_20260630_090025.log, Nifty_BarLevel_V2_5_19_20260630_090025.csv
2026-06-30 08:24:44,573 [INFO] [INDICATORS] spot=23935.8 | 1h: close=23934.0 sma20=24036.2 sma50=24034.3 rsi=43.2 macd=-29.85/-13.89(bear) | 15m: K=72.4↓(prev 74.2) | regime=NEUTRAL halted=False active=False
2026-06-30 08:24:44,574 [INFO] [SIGNAL] CE: reg=False K=False(K=72.4>=38,rising) Kextr=False RSI=False(43.2>53) MACD=False => BLOCK | PE: reg=False K=True(K=72.4<=80,falling) Kextr=True RSI=True(43.2<47) MACD=True => BLOCK
2026-06-30 08:24:46,760 [INFO] [periodic] Logs pushed to GitHub: Nifty_FlightRecorder_V2_5_19_20260630_090025.log, Nifty_BarLevel_V2_5_19_20260630_090025.csv
2026-06-30 08:29:50,372 [INFO] [INDICATORS] spot=23926.4 | 1h: close=23934.0 sma20=24036.2 sma50=24034.3 rsi=43.2 macd=-29.85/-13.89(bear) | 15m: K=72.4↓(prev 74.2) | regime=NEUTRAL halted=False active=False
2026-06-30 08:29:50,372 [INFO] [SIGNAL] CE: reg=False K=False(K=72.4>=38,rising) Kextr=False RSI=False(43.2>53) MACD=False => BLOCK | PE: reg=False K=True(K=72.4<=80,falling) Kextr=True RSI=True(43.2<47) MACD=True => BLOCK
2026-06-30 08:29:52,395 [INFO] [periodic] Logs pushed to GitHub: Nifty_FlightRecorder_V2_5_19_20260630_090025.log, Nifty_BarLevel_V2_5_19_20260630_090025.csv
2026-06-30 08:30:22,951 [INFO] [VWAP] Signal — FUT 23933>23932 body=72% side=CE
2026-06-30 08:30:23,204 [INFO] [MOMGATE] BLOCKED VWAP CE #4 mv=-2pt thr=12 — 3rd+ same-direction entry without momentum
2026-06-30 08:35:06,911 [INFO] [INDICATORS] spot=23886.2 | 1h: close=23934.0 sma20=24036.2 sma50=24034.3 rsi=43.2 macd=-29.85/-13.89(bear) | 15m: K=70.9↓(prev 72.4) | regime=NEUTRAL halted=False active=False
2026-06-30 08:35:06,912 [INFO] [SIGNAL] CE: reg=False K=False(K=70.9>=38,rising) Kextr=False RSI=False(43.2>53) MACD=False => BLOCK | PE: reg=False K=True(K=70.9<=80,falling) Kextr=True RSI=True(43.2<47) MACD=True => BLOCK
2026-06-30 08:35:15,957 [INFO] [periodic] Logs pushed to GitHub: Nifty_FlightRecorder_V2_5_19_20260630_090025.log, Nifty_BarLevel_V2_5_19_20260630_090025.csv
2026-06-30 08:40:30,188 [INFO] [INDICATORS] spot=23891.9 | 1h: close=23934.0 sma20=24036.2 sma50=24034.3 rsi=43.2 macd=-29.85/-13.89(bear) | 15m: K=70.9↓(prev 72.4) | regime=NEUTRAL halted=False active=False
2026-06-30 08:40:30,188 [INFO] [SIGNAL] CE: reg=False K=False(K=70.9>=38,rising) Kextr=False RSI=False(43.2>53) MACD=False => BLOCK | PE: reg=False K=True(K=70.9<=80,falling) Kextr=True RSI=True(43.2<47) MACD=True => BLOCK
2026-06-30 08:40:34,165 [INFO] [periodic] Logs pushed to GitHub: Nifty_FlightRecorder_V2_5_19_20260630_090025.log, Nifty_BarLevel_V2_5_19_20260630_090025.csv
2026-06-30 08:45:20,405 [INFO] ENTRY: NFO:NIFTY26JUN23900PE @ 35.10  engine=V3  detail=Grade B R-cluster BREAK-PE at 23925
2026-06-30 08:45:55,683 [INFO] [INDICATORS] spot=23889.3 | 1h: close=23885.2 sma20=24030.1 sma50=24029.5 rsi=39.4 macd=-34.52/-18.01(bear) | 15m: K=56.9↓(prev 70.9) | regime=NEUTRAL halted=False active=True
2026-06-30 08:45:55,683 [INFO] [SIGNAL] CE: reg=False K=False(K=56.9>=38,rising) Kextr=False RSI=False(39.4>53) MACD=False => BLOCK | PE: reg=False K=True(K=56.9<=80,falling) Kextr=False RSI=True(39.4<47) MACD=True => BLOCK
2026-06-30 08:45:55,683 [INFO] [STATE] PE NFO:NIFTY26JUN23900PE ltp=33.50 entry=35.10 pnl=-1.60(-4.6%) sl=28.78 peak=35.10 tr_armed=False elapsed=0min
2026-06-30 08:46:00,158 [INFO] [periodic] Logs pushed to GitHub: Nifty_FlightRecorder_V2_5_19_20260630_090025.log, Nifty_BarLevel_V2_5_19_20260630_090025.csv
2026-06-30 08:46:31,934 [INFO] [CB] losses=4/4 (reason=HARDSL_-18pct)
2026-06-30 08:46:33,400 [INFO] EXIT: NFO:NIFTY26JUN23900PE @ 28.78 reason=HARDSL_-18pct pnl/sh=-6.32 is_flip=False losses=4/4
2026-06-30 08:47:07,415 [INFO] [VWAP] Signal — FUT 23890<23931 body=78% side=PE
2026-06-30 08:47:07,415 [INFO] [REENTRY_CD] BLOCKED VWAP PE — same-side re-entry 0.6min after last PE exit (cooldown 5min)
2026-06-30 08:51:21,674 [INFO] [INDICATORS] spot=23876.6 | 1h: close=23885.2 sma20=24030.1 sma50=24029.5 rsi=39.4 macd=-34.52/-18.01(bear) | 15m: K=56.9↓(prev 70.9) | regime=NEUTRAL halted=True active=False
2026-06-30 08:51:21,674 [INFO] [SIGNAL] CE: reg=False K=False(K=56.9>=38,rising) Kextr=False RSI=False(39.4>53) MACD=False => BLOCK | PE: reg=False K=True(K=56.9<=80,falling) Kextr=False RSI=True(39.4<47) MACD=True => BLOCK
2026-06-30 08:51:25,160 [INFO] [periodic] Logs pushed to GitHub: Nifty_FlightRecorder_V2_5_19_20260630_090025.log, Nifty_BarLevel_V2_5_19_20260630_090025.csv
2026-06-30 08:55:06,173 [INFO] [FUT5VWAP] Signal — 23961>23929 body=83% side=CE (fixed +12pt target)
2026-06-30 08:55:06,424 [INFO] [PAPER-FALLBACK] CB hit — logging as paper trade (no real order): NIFTY26JUN23900CE
2026-06-30 08:55:06,447 [INFO] ENTRY: NFO:NIFTY26JUN23900CE @ 75.10  engine=FUT5VWAP  detail=FUT5 VWAP cross 23961>23929 body=83% pivΔ=66pt | bar=136
2026-06-30 08:56:42,402 [INFO] [INDICATORS] spot=23965.9 | 1h: close=23885.2 sma20=24030.1 sma50=24029.5 rsi=39.4 macd=-34.52/-18.01(bear) | 15m: K=56.9↓(prev 70.9) | regime=NEUTRAL halted=True active=True
2026-06-30 08:56:42,402 [INFO] [SIGNAL] CE: reg=False K=False(K=56.9>=38,rising) Kextr=False RSI=False(39.4>53) MACD=False => BLOCK | PE: reg=False K=True(K=56.9<=80,falling) Kextr=False RSI=True(39.4<47) MACD=True => BLOCK
2026-06-30 08:56:42,402 [INFO] [STATE] CE NFO:NIFTY26JUN23900CE ltp=85.65 entry=75.10 pnl=+10.55(+14.0%) sl=61.58 peak=85.65 tr_armed=False elapsed=1min
2026-06-30 08:56:48,179 [INFO] [periodic] Logs pushed to GitHub: Nifty_FlightRecorder_V2_5_19_20260630_090025.log, Nifty_BarLevel_V2_5_19_20260630_090025.csv
2026-06-30 08:58:52,107 [INFO] [CB] losses=5/4 (reason=HARDSL_-18pct)
2026-06-30 08:58:52,108 [INFO] EXIT: NFO:NIFTY26JUN23900CE @ 61.58 reason=HARDSL_-18pct pnl/sh=-13.52 is_flip=False losses=5/4
2026-06-30 09:01:54,192 [INFO] [INDICATORS] spot=23938.2 | 1h: close=23885.2 sma20=24030.1 sma50=24029.5 rsi=39.4 macd=-34.52/-18.01(bear) | 15m: K=56.0↓(prev 56.9) | regime=NEUTRAL halted=True active=False
2026-06-30 09:01:54,193 [INFO] [SIGNAL] CE: reg=False K=False(K=56.0>=38,rising) Kextr=False RSI=False(39.4>53) MACD=False => BLOCK | PE: reg=False K=True(K=56.0<=80,falling) Kextr=False RSI=True(39.4<47) MACD=True => BLOCK
2026-06-30 09:01:56,208 [INFO] [periodic] Logs pushed to GitHub: Nifty_FlightRecorder_V2_5_19_20260630_090025.log, Nifty_BarLevel_V2_5_19_20260630_090025.csv
2026-06-30 09:06:58,965 [INFO] [INDICATORS] spot=23940.7 | 1h: close=23885.2 sma20=24030.1 sma50=24029.5 rsi=39.4 macd=-34.52/-18.01(bear) | 15m: K=56.0↓(prev 56.9) | regime=NEUTRAL halted=True active=False
2026-06-30 09:06:58,965 [INFO] [SIGNAL] CE: reg=False K=False(K=56.0>=38,rising) Kextr=False RSI=False(39.4>53) MACD=False => BLOCK | PE: reg=False K=True(K=56.0<=80,falling) Kextr=False RSI=True(39.4<47) MACD=True => BLOCK
2026-06-30 09:07:01,470 [INFO] [periodic] Logs pushed to GitHub: Nifty_FlightRecorder_V2_5_19_20260630_090025.log, Nifty_BarLevel_V2_5_19_20260630_090025.csv
2026-06-30 09:12:03,711 [INFO] [INDICATORS] spot=23940.0 | 1h: close=23885.2 sma20=24030.1 sma50=24029.5 rsi=39.4 macd=-34.52/-18.01(bear) | 15m: K=56.0↓(prev 56.9) | regime=NEUTRAL halted=True active=False
2026-06-30 09:12:03,711 [INFO] [SIGNAL] CE: reg=False K=False(K=56.0>=38,rising) Kextr=False RSI=False(39.4>53) MACD=False => BLOCK | PE: reg=False K=True(K=56.0<=80,falling) Kextr=False RSI=True(39.4<47) MACD=True => BLOCK
2026-06-30 09:12:05,747 [INFO] [periodic] Logs pushed to GitHub: Nifty_FlightRecorder_V2_5_19_20260630_090025.log, Nifty_BarLevel_V2_5_19_20260630_090025.csv
2026-06-30 09:17:07,773 [INFO] [INDICATORS] spot=23939.0 | 1h: close=23885.2 sma20=24030.1 sma50=24029.5 rsi=39.4 macd=-34.52/-18.01(bear) | 15m: K=61.4↑(prev 56.0) | regime=NEUTRAL halted=True active=False
2026-06-30 09:17:07,774 [INFO] [SIGNAL] CE: reg=False K=True(K=61.4>=38,rising) Kextr=False RSI=False(39.4>53) MACD=False => BLOCK | PE: reg=False K=False(K=61.4<=80,falling) Kextr=False RSI=True(39.4<47) MACD=True => BLOCK
2026-06-30 09:17:09,750 [INFO] [periodic] Logs pushed to GitHub: Nifty_FlightRecorder_V2_5_19_20260630_090025.log, Nifty_BarLevel_V2_5_19_20260630_090025.csv
2026-06-30 09:22:12,727 [INFO] [INDICATORS] spot=23935.1 | 1h: close=23885.2 sma20=24030.1 sma50=24029.5 rsi=39.4 macd=-34.52/-18.01(bear) | 15m: K=61.4↑(prev 56.0) | regime=NEUTRAL halted=True active=False
2026-06-30 09:22:12,727 [INFO] [SIGNAL] CE: reg=False K=True(K=61.4>=38,rising) Kextr=False RSI=False(39.4>53) MACD=False => BLOCK | PE: reg=False K=False(K=61.4<=80,falling) Kextr=False RSI=True(39.4<47) MACD=True => BLOCK
2026-06-30 09:22:14,916 [INFO] [periodic] Logs pushed to GitHub: Nifty_FlightRecorder_V2_5_19_20260630_090025.log, Nifty_BarLevel_V2_5_19_20260630_090025.csv
2026-06-30 09:27:16,820 [INFO] [INDICATORS] spot=23938.2 | 1h: close=23885.2 sma20=24030.1 sma50=24029.5 rsi=39.4 macd=-34.52/-18.01(bear) | 15m: K=61.4↑(prev 56.0) | regime=NEUTRAL halted=True active=False
2026-06-30 09:27:16,820 [INFO] [SIGNAL] CE: reg=False K=True(K=61.4>=38,rising) Kextr=False RSI=False(39.4>53) MACD=False => BLOCK | PE: reg=False K=False(K=61.4<=80,falling) Kextr=False RSI=True(39.4<47) MACD=True => BLOCK
2026-06-30 09:27:18,895 [INFO] [periodic] Logs pushed to GitHub: Nifty_FlightRecorder_V2_5_19_20260630_090025.log, Nifty_BarLevel_V2_5_19_20260630_090025.csv
2026-06-30 09:30:20,685 [INFO] [VWAP] Signal — FUT 23910<23931 body=80% side=PE
2026-06-30 09:30:20,735 [INFO] [PAPER-FALLBACK] CB hit — logging as paper trade (no real order): NIFTY26JUN23900PE
2026-06-30 09:30:20,740 [INFO] ENTRY: NFO:NIFTY26JUN23900PE @ 31.65  engine=VWAP  detail=FUT VWAP 23910<23931 body=80% | bar=147
2026-06-30 09:30:51,814 [INFO] [VWAP_TRAIL] Option 15m close 17.15 < VWAP 28.78 — exiting
2026-06-30 09:30:51,814 [INFO] EXIT: NFO:NIFTY26JUN23900PE @ 40.05 reason=VWAP_TRAIL pnl/sh=+8.40 is_flip=False losses=5/4
2026-06-30 09:31:22,865 [INFO] [FUT5VWAP] Skip — close 23910 only 14pt from a pivot (need >20)
2026-06-30 09:31:53,063 [INFO] [FUT5VWAP] Skip — close 23910 only 14pt from a pivot (need >20)
2026-06-30 09:32:23,256 [INFO] [FUT5VWAP] Skip — close 23910 only 14pt from a pivot (need >20)
2026-06-30 09:32:23,256 [INFO] [INDICATORS] spot=23840.4 | 1h: close=23885.2 sma20=24030.1 sma50=24029.5 rsi=39.4 macd=-34.52/-18.01(bear) | 15m: K=67.3↑(prev 61.4) | regime=NEUTRAL halted=True active=False
2026-06-30 09:32:23,257 [INFO] [SIGNAL] CE: reg=False K=True(K=67.3>=38,rising) Kextr=False RSI=False(39.4>53) MACD=False => BLOCK | PE: reg=False K=False(K=67.3<=80,falling) Kextr=False RSI=True(39.4<47) MACD=True => BLOCK
2026-06-30 09:32:25,632 [INFO] [periodic] Logs pushed to GitHub: Nifty_FlightRecorder_V2_5_19_20260630_090025.log, Nifty_BarLevel_V2_5_19_20260630_090025.csv
2026-06-30 09:32:55,826 [INFO] [FUT5VWAP] Skip — close 23910 only 14pt from a pivot (need >20)
2026-06-30 09:33:26,010 [INFO] [FUT5VWAP] Skip — close 23910 only 14pt from a pivot (need >20)
2026-06-30 09:33:56,200 [INFO] [FUT5VWAP] Skip — close 23910 only 14pt from a pivot (need >20)
2026-06-30 09:34:26,396 [INFO] [FUT5VWAP] Skip — close 23910 only 14pt from a pivot (need >20)
2026-06-30 09:34:56,587 [INFO] [FUT5VWAP] Skip — close 23910 only 14pt from a pivot (need >20)
2026-06-30 09:37:28,396 [INFO] [INDICATORS] spot=23852.7 | 1h: close=23885.2 sma20=24030.1 sma50=24029.5 rsi=39.4 macd=-34.52/-18.01(bear) | 15m: K=67.3↑(prev 61.4) | regime=NEUTRAL halted=True active=False
2026-06-30 09:37:28,397 [INFO] [SIGNAL] CE: reg=False K=True(K=67.3>=38,rising) Kextr=False RSI=False(39.4>53) MACD=False => BLOCK | PE: reg=False K=False(K=67.3<=80,falling) Kextr=False RSI=True(39.4<47) MACD=True => BLOCK
