2026-07-01 03:31:58,004 [INFO] [STATE] State from 2026-06-30 — resetting trades_today for 2026-07-01
2026-07-01 03:31:58,005 [INFO] [STATE] Circuit breaker was halted (losses=0) — RESET on bot restart.
2026-07-01 03:31:58,005 [INFO] [STATE] Loaded prior state. POS.active=False losses=0
2026-07-01 03:32:15,235 [INFO] [BOOT] Nifty FUT token: 15639810 expiry=2026-07-28 sym=NIFTY26JULFUT
2026-07-01 03:32:15,254 [INFO] [BOOT] Expiry: 2026-07-07, 100 strikes, 200 option contracts
2026-07-01 03:32:15,254 [INFO] [BOOT] PAPER mode (kite_paper) — mStock init + self-test SKIPPED (bypassed).
2026-07-01 03:32:16,488 [INFO] [PIVOTS] P=23928 R1=24026 R2=24134 S1=23819 S2=23721
2026-07-01 03:32:16,495 [WARNING] [OI Plan] Stale plan (2026-06-01) — ignoring for today's levels
2026-07-01 03:32:16,496 [INFO] [OI Plan] No valid plan found — running without OI levels (normal mode)
2026-07-01 03:32:16,496 [INFO] 
2026-07-01 03:32:16,497 [INFO] +========================================================================+
2026-07-01 03:32:16,497 [INFO] | ORION V2.5.15 — STRATEGY DESIGN                                        |
2026-07-01 03:32:16,497 [INFO] | Backtest: 363 trades | PnL Rs +6,88,158 | WR 64.5% | MaxDD -1,119     |
2026-07-01 03:32:16,497 [INFO] +========================================================================+
2026-07-01 03:32:16,497 [INFO] | ENGINE V2 (fires every 15m close — regime: BULL/BEAR/TRANSITION only)  |
2026-07-01 03:32:16,497 [INFO] |   CE: 1h close>SMA20>SMA50 | K>=38 rising | K<25 recently             |
2026-07-01 03:32:16,497 [INFO] |        RSI>53 | MACD bull | premium 30-180                             |
2026-07-01 03:32:16,497 [INFO] |   PE: 1h close<SMA20<SMA50 | K<=80 falling K>=25 | K>75 recently      |
2026-07-01 03:32:16,497 [INFO] |        RSI<47 | MACD bear | premium 30-300                             |
2026-07-01 03:32:16,497 [INFO] |                                                                         |
2026-07-01 03:32:16,497 [INFO] | ENGINE V3 (15m G/R cluster break/reject — fires in any regime)         |
2026-07-01 03:32:16,497 [INFO] |   Grade A (>=3 source kinds) / Grade B (>=2)                           |
2026-07-01 03:32:16,497 [INFO] |   PDC excluded from clusters; G/R need >=25pt buffer from PDC          |
2026-07-01 03:32:16,497 [INFO] |   premium 30-180 CE / 30-300 PE                                        |
2026-07-01 03:32:16,497 [INFO] |                                                                         |
2026-07-01 03:32:16,497 [INFO] | ENGINE VWAP (triple confirmation — fires in any regime)                 |
2026-07-01 03:32:16,497 [INFO] |   1. Nifty FUTURES 15m close crosses FUT VWAP, body>=65% (PRIMARY)     |
2026-07-01 03:32:16,497 [INFO] |   2. Nifty SPOT 15m close same direction above/below spot VWAP         |
2026-07-01 03:32:16,497 [INFO] |   3. ATM CE/PE LTP also above/below its daily VWAP simultaneously      |
2026-07-01 03:32:16,497 [INFO] |   premium 30-180 CE / 30-300 PE                                        |
2026-07-01 03:32:16,498 [INFO] |                                                                         |
2026-07-01 03:32:16,498 [INFO] | ENGINE FLIP (opposite-side only, max 3/day, excluded from CB)          |
2026-07-01 03:32:16,498 [INFO] |   Path A (in-trade): elapsed>=30 + peak>=entry+15 + LTP<=entry+10      |
2026-07-01 03:32:16,498 [INFO] |   Path B (post-exit): K reversal within 60min                          |
2026-07-01 03:32:16,498 [INFO] |                                                                         |
2026-07-01 03:32:16,498 [INFO] | UNIVERSAL EXIT (priority order):                                        |
2026-07-01 03:32:16,498 [INFO] |   1. HARDSL -18%                                                        |
2026-07-01 03:32:16,498 [INFO] |   2. Continuous trail: arms when peak>=entry+15, SL=peak-5             |
2026-07-01 03:32:16,498 [INFO] |      floor=entry+10, ratchets up with peak (never down)                |
2026-07-01 03:32:16,498 [INFO] |   3. VWAP trades: exit when opt 15m close < opt VWAP                  |
2026-07-01 03:32:16,498 [INFO] |   4. V2/V3/FLIP trades: SMA8(low) trail on 15m                        |
2026-07-01 03:32:16,498 [INFO] |   5. Force close 15:25  6. CB=3 non-flip losses                        |
2026-07-01 03:32:16,498 [INFO] |                                                                         |
2026-07-01 03:32:16,498 [INFO] | INFORMATIONAL (no trade gate): Straddle alerts | Options VWAP          |
2026-07-01 03:32:16,498 [INFO] +========================================================================+
2026-07-01 03:32:16,498 [INFO] 
2026-07-01 03:32:16,499 [INFO] === ORION CHANGE HISTORY (V2.2.2 -> V2.5.9) ===
2026-07-01 03:32:16,499 [INFO] 
2026-07-01 03:32:16,499 [INFO] V2.2.2 [PRODUCTION BASELINE — T10]
2026-07-01 03:32:16,499 [INFO]   Entry : 1h SMA20/50 regime + 15m StochRSI K (CE>=38 rising, PE<=80 falling)
2026-07-01 03:32:16,499 [INFO]   Exit  : HARDSL -35%, TIME_SL 210min/-20%, BE +15% -> option SMA8(low) trail
2026-07-01 03:32:16,499 [INFO]   CB=2, 1 lot, no flip, no V3, no chop filter
2026-07-01 03:32:16,499 [INFO] 
2026-07-01 03:32:16,499 [INFO] V2.3  [+V3 CLUSTER LEVELS]
2026-07-01 03:32:16,499 [INFO]   + PDH/PDL/round_50/round_100/PDC/1h swing pivots clustered within 20pts
2026-07-01 03:32:16,499 [INFO]   + Grade A (>=3 source kinds) / Grade B (>=2)
2026-07-01 03:32:16,499 [INFO]   + ADX regime classifier (BULL/BEAR/CHOP/TRANSITION)
2026-07-01 03:32:16,499 [INFO] 
2026-07-01 03:32:16,499 [INFO] V2.4  [+EXIT UPGRADES]
2026-07-01 03:32:16,500 [INFO]   + 15m option SMA8(low) trail (KEPT in all future versions)
2026-07-01 03:32:16,500 [INFO]   + ATR-based exits (REMOVED — not robust enough)
2026-07-01 03:32:16,500 [INFO]   + BE armor at +15% (REMOVED later — net negative in backtest)
2026-07-01 03:32:16,500 [INFO] 
2026-07-01 03:32:16,500 [INFO] V2.5.0  [HYBRID V2+V3 + TIME-RATCHET]
2026-07-01 03:32:16,500 [INFO]   + Hybrid V2+V3 entry (V2 priority on same-bar tiebreak)
2026-07-01 03:32:16,500 [INFO]   + Time-ratchet exit: 90min / +20 step
2026-07-01 03:32:16,500 [INFO] 
2026-07-01 03:32:16,500 [INFO] V2.5.1  [ENTRY REFINEMENT]
2026-07-01 03:32:16,500 [INFO]   + V2 PE_floor=25 (K>=25 required for PE entry)
2026-07-01 03:32:16,500 [INFO]   + V2 CE: no upper K cap (cap tested and REJECTED — hurts WR)
2026-07-01 03:32:16,500 [INFO]   + V2 priority confirmed: +Rs 52k vs V3-priority
2026-07-01 03:32:16,500 [INFO] 
2026-07-01 03:32:16,500 [INFO] V2.5.2  [FLIP RULE +Rs 130k]
2026-07-01 03:32:16,500 [INFO]   + Path A flip (in-trade): elapsed>=30 + peak>=entry+15 + LTP<=entry+10 + K reversed
2026-07-01 03:32:16,500 [INFO]   + Path B flip (post-exit): K reversal within 60min
2026-07-01 03:32:16,500 [INFO]   + Opposite-side only (same-side continuation REJECTED: -Rs 191k CATASTROPHIC)
2026-07-01 03:32:16,500 [INFO]   + CE->PE: K falling, 25<=K<=80 | PE->CE: K rising, K>=38
2026-07-01 03:32:16,500 [INFO] 
2026-07-01 03:32:16,500 [INFO] V2.5.3  [V3 SINGLETONS + HARDSL LOCKED]
2026-07-01 03:32:16,500 [INFO]   + Promoted singletons: PDH/PDL/round_100(+-200 PDC)/swing pivots standalone Grade B
2026-07-01 03:32:16,500 [INFO]   + HARDSL locked at -25% (swept -35% to -15%; -25% optimal)
2026-07-01 03:32:16,500 [INFO]   + PnL Rs +3,14,418
2026-07-01 03:32:16,501 [INFO] 
2026-07-01 03:32:16,501 [INFO] V2.5.4  [FLIP CAP]
2026-07-01 03:32:16,501 [INFO]   + MAX_FLIPS_PER_DAY=3 (flips 1-3 win Rs 131k; flips 4+ lose Rs 21k)
2026-07-01 03:32:16,501 [INFO]   + PnL Rs +3,23,851
2026-07-01 03:32:16,501 [INFO] 
2026-07-01 03:32:16,501 [INFO] V2.5.5  [CHOP FILTER +Rs 49k]
2026-07-01 03:32:16,501 [INFO]   + RSI [47,53] indecision band blocks ALL entries
2026-07-01 03:32:16,501 [INFO]   + PnL Rs +3,72,598
2026-07-01 03:32:16,501 [INFO] 
2026-07-01 03:32:16,501 [INFO] V2.5.6  [V3 PDC CONTAMINATION FIX — LOCKED Rs 3,85,724 / WR 35.7%]
2026-07-01 03:32:16,501 [INFO]   + Exclude PDC from clustering (PDC is reference, not tradeable level)
2026-07-01 03:32:16,501 [INFO]   + G/R require >=25pt buffer from PDC (motivated by 2026-05-18 bad paper trade)
2026-07-01 03:32:16,501 [INFO]   + PnL Rs +3,85,724 / MaxDD -1,331 / Red 5/18
2026-07-01 03:32:16,501 [INFO] 
2026-07-01 03:32:16,501 [INFO] V2.5.7  [VELVET ROPE + RATCHET +Rs 1,14,324 / WR 35.7%->55.4%]
2026-07-01 03:32:16,501 [INFO]   + Velvet Rope: premium hits entry+15 -> SL immediately to entry+2
2026-07-01 03:32:16,501 [INFO]   + Ratchet Gate: 30min elapsed + entry+25 -> SL to entry+15
2026-07-01 03:32:16,501 [INFO]   + Runner Trail: +20 per +20pts peak (one-way)
2026-07-01 03:32:16,501 [INFO]   + Trade-off: Red months 5->10/18, MaxDD -1,331->-1,885
2026-07-01 03:32:16,501 [INFO] 
2026-07-01 03:32:16,502 [INFO] V2.5.8  [K EXTREME + FULL SMA ALIGNMENT]
2026-07-01 03:32:16,502 [INFO]   + K extreme filter: CE entry only if K<25 recently (3 bars); PE if K>75 recently
2026-07-01 03:32:16,502 [INFO]   + Full SMA alignment: CE needs close>SMA20>SMA50 (was just close>SMA20)
2026-07-01 03:32:16,502 [INFO] 
2026-07-01 03:32:16,502 [INFO] V2.5.9  [Rs 6,70,425 / WR 66.9% / 357 trades / MaxDD -1,485 / Red 8/18]
2026-07-01 03:32:16,502 [INFO]   + RSI DIRECTIONAL GATE replaces RSI [47,53] chop filter:
2026-07-01 03:32:16,502 [INFO]       CE: 1h RSI>53 required | PE: 1h RSI<47 required
2026-07-01 03:32:16,502 [INFO]   + MACD 1h alignment: CE needs MACD_line>signal; PE needs MACD_line<signal
2026-07-01 03:32:16,502 [INFO]   + Premium gate: 30<=entry_LTP<=180 (blocks deep OTM and IV-spike entries)
2026-07-01 03:32:16,502 [INFO]   + Tightened exit params: RI=12 (was 15), RT=20 (was 30), RS=25 (was 20)
2026-07-01 03:32:16,502 [INFO]   + CB=3 (was 4)
2026-07-01 03:32:16,502 [INFO]   + Straddle monitoring: informational Telegram at 9:45 and 11:30
2026-07-01 03:32:16,502 [INFO]   + Options VWAP: informational context at entry/pulse/exit
2026-07-01 03:32:16,503 [INFO] 
2026-07-01 03:32:16,503 [INFO] V2.5.12 [CURRENT LOCKED — Rs 6,88,158 / WR 64.5% / 363 trades / MaxDD -1,119 / Red 5/18]
2026-07-01 03:32:16,503 [INFO]   SOURCE: VRL (Vishal Rajput) code analysis — peak-based ratchet ladder
2026-07-01 03:32:16,503 [INFO]   + HARDSL tightened -25% → -18% (faster loss cut, less capital exposed)
2026-07-01 03:32:16,503 [INFO]   + 20-min time gate REMOVED — purely peak-based ladder (no waiting)
2026-07-01 03:32:16,697 [INFO]   + Ladder Tier2: peak >= entry+24 → SL = entry+12 (immediate)
2026-07-01 03:32:16,697 [INFO]   + Ladder Tier3: peak >= entry+36 → SL = entry+24 (immediate)
2026-07-01 03:32:16,697 [INFO]   + Entry logic UNCHANGED from V2.5.9
2026-07-01 03:32:16,697 [INFO]   + Validated: real option data (May 4-21 2026, 12 days)
2026-07-01 03:32:16,697 [INFO]   + Key improvement: MaxDD -1,485 → -1,119 (-25%), Red months 8 → 5
2026-07-01 03:32:16,697 [INFO] 
2026-07-01 03:32:16,698 [INFO] V2.5.12-LIVE [2026-05-29 — FIRST LIVE TRADING SESSION WITH mSTOCK EXECUTION]
2026-07-01 03:32:16,698 [INFO]   + EXECUTION_BROKER switched from kite_paper → mstock_live
2026-07-01 03:32:16,698 [INFO]   + mStock Type B API integrated: login → set_access_token → verify_totp (TOTP auto)
2026-07-01 03:32:16,698 [INFO]   + Instrument master: direct fetch from OpenAPIScripMaster (173k symbols, name field)
2026-07-01 03:32:16,698 [INFO]   + order_status: mStock returns 'Traded' status (not 'COMPLETE') — mapped correctly
2026-07-01 03:32:16,698 [INFO]   + place_order: disclosedquantity="0" required (blank causes IA400 rejection)
2026-07-01 03:32:16,698 [INFO]   + IP 18.212.243.203 (PythonAnywhere) whitelisted in mStock API settings
2026-07-01 03:32:16,698 [INFO]   + BUY: 15s timeout, cancel-and-check on timeout, abort if not filled
2026-07-01 03:32:16,698 [INFO]   + SELL: 3 retries × 5s, 🚨 CRITICAL Telegram alert if all fail, POS.active stays True
2026-07-01 03:32:16,698 [INFO]   + V3 REGIME GATE REMOVED: V3 now fires in CHOP/INSUFFICIENT regime
2026-07-01 03:32:16,698 [INFO]       Root cause of bug: regime gate wrapped ALL signals including V3;
2026-07-01 03:32:16,698 [INFO]       V3 uses cluster break/reject as its own confirmation — ADX not needed
2026-07-01 03:32:16,698 [INFO]       V2 and FLIP remain regime-gated (BULL/BEAR/TRANSITION only)
2026-07-01 03:32:16,698 [INFO]   + V3 engine: acts on ALL Grade A/B clusters simultaneously (not just nearest)
2026-07-01 03:32:16,698 [INFO]   + PREMIUM_MAX asymmetric: CE=180 (unchanged), PE=300 (was 180, captures panic moves)
2026-07-01 03:32:16,698 [INFO]   + VWAP double confirmation engine (new):
2026-07-01 03:32:16,698 [INFO]       Fires when Nifty 15m bar crosses daily VWAP with body>=50% range
2026-07-01 03:32:16,698 [INFO]       AND ATM CE/PE LTP is also above/below its daily VWAP simultaneously
2026-07-01 03:32:16,698 [INFO]       Self-confirming like V3 — no regime gate
2026-07-01 03:32:16,698 [INFO]   + LOTS_PER_TRADE = 2 (live)
2026-07-01 03:32:16,698 [INFO] 
2026-07-01 03:32:16,698 [INFO] V2.5.13 [VWAP TRAIL EXIT + BOOT SELF-TEST + STABILITY FIXES]
2026-07-01 03:32:16,699 [INFO]   + VWAP engine trades: trail exit uses option's own VWAP (15m close < option VWAP)
2026-07-01 03:32:16,699 [INFO]     instead of SMA8(low) trail — holds through pullbacks better on VWAP-confirmed moves
2026-07-01 03:32:16,699 [INFO]   + V2/V3/FLIP trades: keep original SMA8(low) trail (unchanged)
2026-07-01 03:32:16,699 [INFO]   + Boot self-test: BUY (LIMIT ₹0.05) + SELL (LIMIT ₹9999) on deep OTM option at startup
2026-07-01 03:32:16,699 [INFO]     Both must succeed and cancel cleanly or bot aborts — confirms mStock connectivity + IP
2026-07-01 03:32:16,699 [INFO]   + MStockBroker class inlined into single .py file (no separate mstock_broker.py)
2026-07-01 03:32:16,699 [INFO]   + IA403 recovery: rebuilds SDK client from scratch on IP mismatch, 3 consecutive → halt
2026-07-01 03:32:16,699 [INFO]   + Position sync cooldown: 180s → 300s (avoids false MANUAL_EXIT on slow fills)
2026-07-01 03:32:16,699 [INFO]   + MANUAL_EXIT fix: clears buy_order_id before close_trade to prevent duplicate SELL
2026-07-01 03:32:16,699 [INFO]   + State file: added date field, resets trades_today/losses on new day boundary
2026-07-01 03:32:16,699 [INFO]   + VWAP dedup log spam removed (silent return on same-bar re-fire)
2026-07-01 03:32:16,699 [INFO] 
2026-07-01 03:32:16,699 [INFO] V2.5.14 [TIERED PROFIT LOCK LADDER — inspired by VRL]
2026-07-01 03:32:16,699 [INFO]   + Replaced sparse 3-tier ratchet (Velvet Rope + T2 + T3 + Runner) with 7-tier ladder
2026-07-01 03:32:16,699 [INFO]   + Ladder: +12→+2, +18→+8, +24→+12, +30→+20, +36→+24, +40→+30, +50→+40
2026-07-01 03:32:16,699 [INFO]   + More tiers = less profit give-back on sharp reversals
2026-07-01 03:32:16,699 [INFO]   + Checked every tick (not candle-based) — same as before but tighter protection
2026-07-01 03:32:16,699 [INFO]   + Unified code: single loop replaces 3 separate sections (3a/3b/3c → 3)
2026-07-01 03:32:16,699 [INFO]   + VWAP engine upgraded to TRIPLE confirmation:
2026-07-01 03:32:16,699 [INFO]     Gate 1 (PRIMARY): Nifty FUTURES 15m close crosses futures VWAP, body >= 50%
2026-07-01 03:32:16,699 [INFO]     Gate 2: Nifty SPOT 15m close same direction above/below spot VWAP
2026-07-01 03:32:16,699 [INFO]     Gate 3: ATM option LTP above/below option's own VWAP
2026-07-01 03:32:16,699 [INFO]   + Futures VWAP is now the primary decision criterion — real margin-backed money
2026-07-01 03:32:16,700 [INFO]   + Nifty FUT token auto-resolved from Kite instruments at boot (no hardcoding)
2026-07-01 03:32:16,700 [INFO] 
2026-07-01 03:32:16,700 [INFO] V2.5.15 [STALE DATA GUARD — 2026-06-12]
2026-07-01 03:32:16,700 [INFO]   + ROOT CAUSE FOUND: Kite intermittently returned a 15m series ending ~2h in
2026-07-01 03:32:16,700 [INFO]     the past. Evidence: VWAP entry logged bar=198 at 11:30 but bar=197 at 13:30
2026-07-01 03:32:16,700 [INFO]     (bar index went BACKWARDS); the 13:30 entry cited a 67% bearish bar +
2026-07-01 03:32:16,700 [INFO]     FUT 23375 while the live tape was +68 pts off the low in 4 min → bought PE
2026-07-01 03:32:16,700 [INFO]     into a V-reversal → HARDSL -21.73. Fresh-data replay confirms the signal
2026-07-01 03:32:16,700 [INFO]     does NOT fire at 13:30 with up-to-date frames. Likely also suppressed valid
2026-07-01 03:32:16,700 [INFO]     signals (Jun-11 zero-trade day: fresh-data replay finds 4 trades / +35 pts).
2026-07-01 03:32:16,700 [INFO]   + Guard (active 09:32+): if last 15m bar (spot or futures) is older than
2026-07-01 03:32:16,700 [INFO]     16 min → instant refetch from Kite; if recovered, continue + Telegram info;
2026-07-01 03:32:16,700 [INFO]     if still stale → Telegram alert + ENTRIES blocked for that cycle only.
2026-07-01 03:32:16,700 [INFO]   + EXITS are never blocked on data quality.
2026-07-01 03:32:16,700 [INFO]   + Telegram alerts rate-limited to 1 per 10 min; log line every cycle.
2026-07-01 03:32:16,701 [INFO] 
2026-07-01 03:32:16,701 [INFO] V2.5.16 [MOMENTUM GATE ON SAME-SIDE STREAKS + SMA8 TODAY-ONLY FIX — 2026-06-17]
2026-07-01 03:32:16,701 [INFO]   + PROBLEM: in choppy markets the bot ran 3+ rapid same-direction trades —
2026-07-01 03:32:16,701 [INFO]     first 1-2 win small, the 3rd buys into the reversal and takes the full
2026-07-01 03:32:16,701 [INFO]     -18% HARDSL, then keeps buying the same side, wiping the day's gains.
2026-07-01 03:32:16,701 [INFO]     Diagnosis (May+June real-opt data): the persistence is the VWAP engine
2026-07-01 03:32:16,701 [INFO]     (no regime filter, re-fires same side each 15m bar). The 1st/2nd winners
2026-07-01 03:32:16,701 [INFO]     exit on the peak ladder (TRAIL_+N); the 3rd dies on HARDSL/VWAP_TRAIL.
2026-07-01 03:32:16,701 [INFO]   + MOMENTUM GATE: the 3rd+ CONSECUTIVE same-direction entry (any engine) is
2026-07-01 03:32:16,701 [INFO]     blocked unless spot has moved >= MOM_GATE_PTS (12) WITH the trade over the
2026-07-01 03:32:16,701 [INFO]     last MOM_GATE_BARS (5) closed 1m bars. 1st/2nd same-side entries untouched.
2026-07-01 03:32:16,701 [INFO]     Run counted from DAY.trades_today (closed trades). New fetch_nifty_1m() +
2026-07-01 03:32:16,701 [INFO]     momentum_gate_ok(); fails OPEN if 1m data unavailable; "🚧 Momentum-gate
2026-07-01 03:32:16,701 [INFO]     BLOCK" Telegram on a block. Backtest (May real-opt): baseline -7.3 pt →
2026-07-01 03:32:16,701 [INFO]     gate +104.0 pt, 0 winners blocked (blocks only flat-momentum |mv|<=8 chop).
2026-07-01 03:32:16,701 [INFO]   + SMA8 TODAY-ONLY FIX: sma8_low_of_option() now averages ONLY today's closed
2026-07-01 03:32:16,701 [INFO]     15m option lows (arms after SMA_TRAIL_MIN_BARS=4 today-bars). Previously it
2026-07-01 03:32:16,701 [INFO]     averaged 8 bars from a 10-day fetch, mixing yesterday's different-level /
2026-07-01 03:32:16,701 [INFO]     illiquid lows → false trail exits. NOT removed: backtest showed deleting
2026-07-01 03:32:16,702 [INFO]     SMA8 costs -66 pt (it is a tighter stop than the -18% HARDSL).
2026-07-01 03:32:16,702 [INFO]   + Ladder exit, HARDSL, flip logic, stale-data guard all UNCHANGED.
2026-07-01 03:32:16,702 [INFO]   + start_orion.sh now launches V2.5.16 (90s crash-fallback still → V2.5.14).
2026-07-01 03:32:16,702 [INFO] 
2026-07-01 03:32:16,702 [INFO] V2.5.17 [3 CHOP-BLEED GUARDS — 2026-06-18]
2026-07-01 03:32:16,702 [INFO]   + CONTEXT: 06-16 (-20.4pt/7trades) and 06-17 (-44.0pt/4trades) were both
2026-07-01 03:32:16,702 [INFO]     compressed chop days (full range 141pt & 107pt; 06-17 had 9 mean-crosses in
2026-07-01 03:32:16,702 [INFO]     a 107pt box). The regime classifier stayed BULL all 76 bars both days and
2026-07-01 03:32:16,702 [INFO]     chop_block fired 0 times, so the breakout engines kept firing into noise.
2026-07-01 03:32:16,702 [INFO]     See ~/orion_backtest_lab/results/RESULTS.md (2026-06-18 post-mortem).
2026-07-01 03:32:16,702 [INFO]   + #1 MORNING CHOP GATE (CHOP_GATE_ENABLED): decided ONCE after ~10:30 IST from
2026-07-01 03:32:16,702 [INFO]     the first-hour (09:15-10:15) FUT bars. Stand aside (block ALL new entries for
2026-07-01 03:32:16,702 [INFO]     the day) when early efficiency-ratio <= CHOP_ER_MAX (0.25) AND (first-hour
2026-07-01 03:32:16,702 [INFO]     FUT-VWAP cross-count >= CHOP_VWAP_CROSSES_MIN (3) OR first-hour range <
2026-07-01 03:32:16,702 [INFO]     CHOP_RANGE_PT_MAX (110pt)). Exits always allowed. Fails OPEN (not enough
2026-07-01 03:32:16,703 [INFO]     bars yet -> no decision -> trade normally). morning_chop_verdict().
2026-07-01 03:32:16,703 [INFO]   + #2 VWAP BODY BAND (VWAP_BODY_CLIMAX_PCT): VWAP entry now takes only the
2026-07-01 03:32:16,703 [INFO]     65-86% body band — existing >=65% min kept, NEW >=87% climax/exhaustion bars
2026-07-01 03:32:16,703 [INFO]     skipped (climax bars fade). One added guard line in check_vwap_signal().
2026-07-01 03:32:16,703 [INFO]   + #3 MOMENTUM-FADE GATE (FADE_GATE_ENABLED): for a 3rd+ consecutive same-side
2026-07-01 03:32:16,704 [INFO]     entry that follows >= FADE_MIN_PRIOR_WINS (2) consecutive same-side WINS,
2026-07-01 03:32:16,704 [INFO]     inspect 3-min option premiums of BOTH the trend-side and opposite-side ATM
2026-07-01 03:32:16,704 [INFO]     strikes over the last FADE_OPT_BARS (3) closed bars. Enter ONLY IF the
2026-07-01 03:32:16,704 [INFO]     trend-side option is NOT decaying AND the opposite-side option IS decaying;
2026-07-01 03:32:16,704 [INFO]     otherwise skip (momentum has faded / is rotating to the other side). Fails
2026-07-01 03:32:16,704 [INFO]     OPEN on missing data. fade_gate_ok() + fetch_option_3m(). Complements the
2026-07-01 03:32:16,704 [INFO]     V2.5.16 spot-move momentum gate (both must pass).
2026-07-01 03:32:16,704 [INFO]   + All three guards are ADDITIVE; ladder/HARDSL/flip/SMA8/stale-guard UNCHANGED.
2026-07-01 03:32:16,704 [INFO]   + NOT yet sim-A/B'd — shipped on user direction; 2026-06-18 is paper-only, so
2026-07-01 03:32:16,704 [INFO]     the live paper session is the first validation. WATCH first CHOP-GATE day +
2026-07-01 03:32:16,704 [INFO]     first FADE block + that #2 climax-skip doesn't starve VWAP.
2026-07-01 03:32:16,705 [INFO]   + start_orion.sh now launches V2.5.17 (pkill pattern V2_5_1[567];
2026-07-01 03:32:16,705 [INFO]     90s crash-fallback still → V2.5.14 archive).
2026-07-01 03:32:16,705 [INFO] 
2026-07-01 03:32:16,705 [INFO] V2.5.18 [SMA8 ENTRY-AWARE FIX + CHOP-GATE RE-ARM — 2026-06-19]
2026-07-01 03:32:16,705 [INFO]   + CONTEXT: 2026-06-19 (paper) — gap-down day. One V3 PE (24000PE @114) entered
2026-07-01 03:32:16,705 [INFO]     correctly at 10:15 on a Grade-A R-cluster break, but SMA8_LOW_TRAIL exited it
2026-07-01 03:32:16,705 [INFO]     31s later at +1.6 (the trail evaluated the 10:00 bar — which CLOSED BEFORE
2026-07-01 03:32:16,705 [INFO]     entry — against today's lows-avg). Spot then fell 24040->23926 without us;
2026-07-01 03:32:16,705 [INFO]     morning chop-gate (ER=0.01, range=70pt) then stood aside the rest of the day.
2026-07-01 03:32:16,705 [INFO]   + FIX A (SMA8 pre-entry bar): the SMA8(low) trail now NEVER acts on a 15m bar
2026-07-01 03:32:16,705 [INFO]     whose CLOSE time (bar-start + 15m) is <= POS.entry_time. A fresh entry can no
2026-07-01 03:32:16,705 [INFO]     longer be ejected on price action that happened before it was opened.
2026-07-01 03:32:16,706 [INFO]   + FIX C (SMA8 arm window): trail arms on bars-SINCE-ENTRY, not bars-of-day.
2026-07-01 03:32:16,706 [INFO]     sma8_low_of_option() now averages only TODAY's closed bars that closed AFTER
2026-07-01 03:32:16,706 [INFO]     entry and needs >= SMA_TRAIL_MIN_BARS_SINCE_ENTRY (1) of them. With 1 own bar
2026-07-01 03:32:16,706 [INFO]     SMA8L == that bar's own low, so close(>=low) can't trigger -> first real
2026-07-01 03:32:16,706 [INFO]     trigger needs >=2 own bars. SMA_TRAIL_MIN_BARS (4, bars-of-day) is now only
2026-07-01 03:32:16,706 [INFO]     the fallback when entry_time is unknown (state-load edge). NOT a BE-gate.
2026-07-01 03:32:16,706 [INFO]   + CHOP-GATE RE-ARM (CHOP_REARM_ENABLED): after a morning stand-aside, release
2026-07-01 03:32:16,706 [INFO]     the block when a CLOSED FUT 15m bar breaks the recorded first-hour range by
2026-07-01 03:32:16,706 [INFO]     >= CHOP_REARM_BUFFER_PT (15pt) with body >= CHOP_REARM_BODY_MIN (65%), in the
2026-07-01 03:32:16,706 [INFO]     regime direction (BULL=>up-break only, BEAR=>down-break only, else either).
2026-07-01 03:32:16,706 [INFO]     FUT leads spot, so this triggers earlier than a spot-range break. Re-arm is
2026-07-01 03:32:16,706 [INFO]     one-way for the day (stays live once released); per-trade momentum/fade/CB
2026-07-01 03:32:16,706 [INFO]     guards still apply. _morning_chop_verdict_impl() stashes FH hi/lo;
2026-07-01 03:32:16,706 [INFO]     chop_rearm_check() evaluated each cycle while blocked. Logs [CHOPGATE] RE-ARMED.
2026-07-01 03:32:16,706 [INFO]   + Ladder/HARDSL/flip/VWAP-trail/stale-guard UNCHANGED. SMA8 KEPT (deleting it
2026-07-01 03:32:16,707 [INFO]     cost -66pt, V2.5.16) — this only changes WHEN it may fire, not whether.
2026-07-01 03:32:16,707 [INFO]   + NOT yet sim-A/B'd — shipped on user direction 2026-06-19; backtest the
2026-07-01 03:32:16,707 [INFO]     re-arm thresholds on post-chop trend days before relying on it live.
2026-07-01 03:32:16,707 [INFO] 
2026-07-01 03:32:16,707 [INFO] V2.5.19 [THREE FUT-VWAP ENTRY PATHWAYS — 2026-06-21]
2026-07-01 03:32:16,707 [INFO]   + Built on user direction 2026-06-21. THREE new VWAP-cross entry pathways.
2026-07-01 03:32:16,707 [INFO]     NOT yet sim-A/B'd — BACKTEST before flipping start_orion.sh to V2.5.19.
2026-07-01 03:32:16,707 [INFO]     All three are flag-gated (default ON). Existing V2/V3/FLIP UNCHANGED.
2026-07-01 03:32:16,707 [INFO] 
2026-07-01 03:32:16,707 [INFO]   + FEATURE 1 — FUT 15m VWAP cross + CONFIRMATION CANDLE (all-day).
2026-07-01 03:32:16,707 [INFO]     VWAP15_CONFIRM_ENABLED. The existing VWAP engine no longer fires on the
2026-07-01 03:32:16,707 [INFO]     cross bar alone: it now requires the cross bar (iloc[-3], body 65-86% band)
2026-07-01 03:32:16,707 [INFO]     PLUS the next closed bar (iloc[-2]) to CONFIRM in the same direction —
2026-07-01 03:32:16,707 [INFO]     same-colour candle that still closes on the same side of FUT-VWAP. Fires in
2026-07-01 03:32:16,707 [INFO]     either direction, any time in the entry window. Re-entries are governed by
2026-07-01 03:32:16,707 [INFO]     the existing momentum gate (no extra cap). check_vwap_signal().
2026-07-01 03:32:16,708 [INFO]     INTERPRETATION: "confirmation candle in same direction" = next 15m candle
2026-07-01 03:32:16,708 [INFO]     closes same side of its open (same colour) AND same side of VWAP as the
2026-07-01 03:32:16,708 [INFO]     cross. Confirmation candle has NO body-size requirement (only the cross bar
2026-07-01 03:32:16,708 [INFO]     does). If wrong, adjust _vwap15_confirm_ok().
2026-07-01 03:32:16,708 [INFO] 
2026-07-01 03:32:16,708 [INFO]   + FEATURE 2 — FUT 5m VWAP cross + S/R distance, FIXED +12 TARGET scalp.
2026-07-01 03:32:16,708 [INFO]     FUT5_SCALP_ENABLED. New engine 'FUT5VWAP'. On each closed FUT 5m bar that
2026-07-01 03:32:16,708 [INFO]     CROSSES its session VWAP (bar opens one side, closes the other) with body
2026-07-01 03:32:16,708 [INFO]     65-86% AND whose close is > FUT5_SCALP_SR_MIN_DIST (20pt) from EVERY one of
2026-07-01 03:32:16,708 [INFO]     yesterday's classic pivots S1/R1/S2/R2 → buy in the cross direction. Exit is
2026-07-01 03:32:16,708 [INFO]     a FIXED +FUT5_SCALP_TARGET_PTS (12) option points (HARDSL + 15:25 force-close
2026-07-01 03:32:16,708 [INFO]     still apply; NO trail/SMA8). One trade per event: deduped on the 5m bar ts,
2026-07-01 03:32:16,708 [INFO]     so the next entry needs a fresh qualifying cross. check_fut5m_vwap_scalp_signal().
2026-07-01 03:32:16,708 [INFO]     INTERPRETATION: ">20 points away from s1/r1/s2/r2" = min distance to ALL four
2026-07-01 03:32:16,708 [INFO]     pivots > 20pt (price in clear space, not hugging a pivot). "cross" = bar
2026-07-01 03:32:16,708 [INFO]     open & close on opposite sides of VWAP. Pivots = classic floor-trader pivots
2026-07-01 03:32:16,708 [INFO]     from the prior trading day's H/L/C. If wrong, adjust compute_classic_pivots()
2026-07-01 03:32:16,708 [INFO]     / check_fut5m_vwap_scalp_signal().
2026-07-01 03:32:16,708 [INFO] 
2026-07-01 03:32:16,708 [INFO]   + FEATURE 3 — MORNING 09:15-10:15 exception (bypasses the 09:45 start gate).
2026-07-01 03:32:16,708 [INFO]     MORNING_VWAP_ENABLED. Before the normal 09:45 entry start, between
2026-07-01 03:32:16,708 [INFO]     MORNING_WIN_START (09:15) and MORNING_WIN_END (10:15): if a closed FUT 15m
2026-07-01 03:32:16,708 [INFO]     bar crosses its VWAP (body 65-86%) AND its close is > MORNING_VWAP_SR_MIN_DIST
2026-07-01 03:32:16,709 [INFO]     (20pt) from every pivot S1/R1/S2/R2 → buy in the cross direction. Re-entries
2026-07-01 03:32:16,709 [INFO]     per momentum gate. Uses engine 'VWAP' (so it inherits the VWAP option-VWAP
2026-07-01 03:32:16,709 [INFO]     trail exit). Runs even when in_entry_window() is False; still respects
2026-07-01 03:32:16,709 [INFO]     stale-guard, gap-suppress, CB/halt, manual cooldown. check_morning_vwap15_signal().
2026-07-01 03:32:16,709 [INFO]     INTERPRETATION: this only ADDS the pre-09:45 window; from 09:45 on, the
2026-07-01 03:32:16,709 [INFO]     normal engines (incl. Feature 1) already run. No confirmation candle is
2026-07-01 03:32:16,709 [INFO]     required here (spec did not ask for one).
2026-07-01 03:32:16,709 [INFO] 
2026-07-01 03:32:16,709 [INFO]   + Classic pivots computed at boot from prior-day H/L/C → DAY.pivots
2026-07-01 03:32:16,709 [INFO]     {P,S1,R1,S2,R2}; min_dist_to_pivots() helper. New fetch_nifty_fut_5m().
2026-07-01 03:32:16,709 [INFO] 
2026-07-01 03:32:16,709 [INFO] === REJECTED DECISIONS (DO NOT RE-ADD WITHOUT NEW BACKTEST EVIDENCE) ===
2026-07-01 03:32:16,709 [INFO]   SKIP_HOUR_13         : -Rs 46k (kills profitable flips in that window)
2026-07-01 03:32:16,709 [INFO]   SKIP_TUESDAYS        : +Rs 56k but calendar-overfit; RSI gate replaces
2026-07-01 03:32:16,709 [INFO]   ADX<20 filter        : -Rs 16k
2026-07-01 03:32:16,709 [INFO]   ADX<25 filter        : -Rs 34k
2026-07-01 03:32:16,709 [INFO]   BE armor at +15%     : net negative
2026-07-01 03:32:16,709 [INFO]   Same-side flip       : -Rs 191k CATASTROPHIC
2026-07-01 03:32:16,709 [INFO]   REVERSAL_FLIP=True   : WR 12% vs 33%
2026-07-01 03:32:16,709 [INFO]   K cap on CE          : hurts WR (no cap is better)
2026-07-01 03:32:16,709 [INFO]   V2.5.10 macro SMA50  : -Rs 2.3L vs V2.5.9; lagging filter blocked PE in bear phases
2026-07-01 03:32:16,710 [INFO]   V2.5.11 straddle halt: straddle expansion days WR 69.8% > normal 66.9%;
2026-07-01 03:32:16,710 [INFO]                          halting on expansion removed profitable trades (+Rs 2,54,234 phantom)
2026-07-01 03:32:25,712 [INFO] [boot] Logs pushed to GitHub: Nifty_FlightRecorder_V2_5_19_20260701_090157.log, Nifty_BarLevel_V2_5_19_20260701_090157.csv
2026-07-01 03:32:27,958 [INFO] [INDICATORS] spot=23917.8 | 1h: close=23864.8 sma20=24022.7 sma50=24024.8 rsi=37.9 macd=-39.42/-22.29(bear) | 15m: K=41.3↓(prev 67.3) | regime=PE-eligible halted=False active=False
2026-07-01 03:32:27,958 [INFO] [SIGNAL] CE: reg=False K=False(K=41.3>=38,rising) Kextr=False RSI=False(37.9>53) MACD=False => BLOCK | PE: reg=True K=True(K=41.3<=80,falling) Kextr=False RSI=True(37.9<47) MACD=True => BLOCK
2026-07-01 03:37:41,506 [INFO] [INDICATORS] spot=23917.8 | 1h: close=23864.8 sma20=24022.7 sma50=24024.8 rsi=37.9 macd=-39.42/-22.29(bear) | 15m: K=41.3↓(prev 67.3) | regime=PE-eligible halted=False active=False
2026-07-01 03:37:41,506 [INFO] [SIGNAL] CE: reg=False K=False(K=41.3>=38,rising) Kextr=False RSI=False(37.9>53) MACD=False => BLOCK | PE: reg=True K=True(K=41.3<=80,falling) Kextr=False RSI=True(37.9<47) MACD=True => BLOCK
2026-07-01 03:37:44,707 [INFO] [periodic] Logs pushed to GitHub: Nifty_FlightRecorder_V2_5_19_20260701_090157.log, Nifty_BarLevel_V2_5_19_20260701_090157.csv
2026-07-01 03:42:47,731 [INFO] [INDICATORS] spot=23917.8 | 1h: close=23864.8 sma20=24022.7 sma50=24024.8 rsi=37.9 macd=-39.42/-22.29(bear) | 15m: K=41.3↓(prev 67.3) | regime=PE-eligible halted=False active=False
2026-07-01 03:42:47,731 [INFO] [SIGNAL] CE: reg=False K=False(K=41.3>=38,rising) Kextr=False RSI=False(37.9>53) MACD=False => BLOCK | PE: reg=True K=True(K=41.3<=80,falling) Kextr=False RSI=True(37.9<47) MACD=True => BLOCK
2026-07-01 03:42:50,095 [INFO] [periodic] Logs pushed to GitHub: Nifty_FlightRecorder_V2_5_19_20260701_090157.log, Nifty_BarLevel_V2_5_19_20260701_090157.csv
2026-07-01 03:45:20,873 [INFO] [MVWAP] Skip — close 24040 only 14pt from a pivot (need >20)
2026-07-01 03:45:51,042 [INFO] [MVWAP] Skip — close 24040 only 14pt from a pivot (need >20)
2026-07-01 03:46:21,262 [INFO] [MVWAP] Skip — close 24040 only 14pt from a pivot (need >20)
2026-07-01 03:46:51,428 [INFO] [MVWAP] Skip — close 24040 only 14pt from a pivot (need >20)
2026-07-01 03:47:21,643 [INFO] [MVWAP] Skip — close 24040 only 14pt from a pivot (need >20)
2026-07-01 03:47:51,817 [INFO] [MVWAP] Skip — close 24040 only 14pt from a pivot (need >20)
2026-07-01 03:47:51,817 [INFO] [INDICATORS] spot=23904.5 | 1h: close=23917.8 sma20=24009.4 sma50=24019.6 rsi=43.9 macd=-38.58/-25.55(bear) | 15m: K=40.0↓(prev 41.3) | regime=PE-eligible halted=False active=False
2026-07-01 03:47:51,817 [INFO] [SIGNAL] CE: reg=False K=False(K=40.0>=38,rising) Kextr=False RSI=False(43.9>53) MACD=False => BLOCK | PE: reg=True K=True(K=40.0<=80,falling) Kextr=False RSI=True(43.9<47) MACD=True => BLOCK
2026-07-01 03:47:54,558 [INFO] [periodic] Logs pushed to GitHub: Nifty_FlightRecorder_V2_5_19_20260701_090157.log, Nifty_BarLevel_V2_5_19_20260701_090157.csv
2026-07-01 03:48:24,763 [INFO] [MVWAP] Skip — close 24040 only 14pt from a pivot (need >20)
2026-07-01 03:48:54,919 [INFO] [MVWAP] Skip — close 24040 only 14pt from a pivot (need >20)
2026-07-01 03:49:25,073 [INFO] [MVWAP] Skip — close 24040 only 14pt from a pivot (need >20)
2026-07-01 03:49:55,246 [INFO] [MVWAP] Skip — close 24040 only 14pt from a pivot (need >20)
2026-07-01 03:50:25,463 [INFO] [STRADDLE] Reference: ₹339.4 at 09:20
2026-07-01 03:50:25,466 [INFO] [MVWAP] Skip — close 24040 only 14pt from a pivot (need >20)
2026-07-01 03:50:55,635 [INFO] [MVWAP] Skip — close 24040 only 14pt from a pivot (need >20)
2026-07-01 03:51:25,797 [INFO] [MVWAP] Skip — close 24040 only 14pt from a pivot (need >20)
2026-07-01 03:51:55,959 [INFO] [MVWAP] Skip — close 24040 only 14pt from a pivot (need >20)
2026-07-01 03:52:26,270 [INFO] [MVWAP] Skip — close 24040 only 14pt from a pivot (need >20)
2026-07-01 03:52:56,442 [INFO] [MVWAP] Skip — close 24040 only 14pt from a pivot (need >20)
2026-07-01 03:52:56,442 [INFO] [INDICATORS] spot=23915.7 | 1h: close=23917.8 sma20=24009.4 sma50=24019.6 rsi=43.9 macd=-38.58/-25.55(bear) | 15m: K=40.0↓(prev 41.3) | regime=PE-eligible halted=False active=False
2026-07-01 03:52:56,443 [INFO] [SIGNAL] CE: reg=False K=False(K=40.0>=38,rising) Kextr=False RSI=False(43.9>53) MACD=False => BLOCK | PE: reg=True K=True(K=40.0<=80,falling) Kextr=False RSI=True(43.9<47) MACD=True => BLOCK
2026-07-01 03:52:58,373 [INFO] [periodic] Logs pushed to GitHub: Nifty_FlightRecorder_V2_5_19_20260701_090157.log, Nifty_BarLevel_V2_5_19_20260701_090157.csv
2026-07-01 03:53:28,525 [INFO] [MVWAP] Skip — close 24040 only 14pt from a pivot (need >20)
2026-07-01 03:53:58,676 [INFO] [MVWAP] Skip — close 24040 only 14pt from a pivot (need >20)
2026-07-01 03:54:28,840 [INFO] [MVWAP] Skip — close 24040 only 14pt from a pivot (need >20)
2026-07-01 03:54:58,997 [INFO] [MVWAP] Skip — close 24040 only 14pt from a pivot (need >20)
2026-07-01 03:55:29,163 [INFO] [MVWAP] Skip — close 24040 only 14pt from a pivot (need >20)
2026-07-01 03:55:59,371 [INFO] [MVWAP] Skip — close 24040 only 14pt from a pivot (need >20)
2026-07-01 03:56:29,531 [INFO] [MVWAP] Skip — close 24040 only 14pt from a pivot (need >20)
2026-07-01 03:56:59,750 [INFO] [MVWAP] Skip — close 24040 only 14pt from a pivot (need >20)
2026-07-01 03:57:29,911 [INFO] [MVWAP] Skip — close 24040 only 14pt from a pivot (need >20)
2026-07-01 03:58:00,081 [INFO] [MVWAP] Skip — close 24040 only 14pt from a pivot (need >20)
2026-07-01 03:58:00,082 [INFO] [INDICATORS] spot=23914.4 | 1h: close=23917.8 sma20=24009.4 sma50=24019.6 rsi=43.9 macd=-38.58/-25.55(bear) | 15m: K=40.0↓(prev 41.3) | regime=PE-eligible halted=False active=False
2026-07-01 03:58:00,082 [INFO] [SIGNAL] CE: reg=False K=False(K=40.0>=38,rising) Kextr=False RSI=False(43.9>53) MACD=False => BLOCK | PE: reg=True K=True(K=40.0<=80,falling) Kextr=False RSI=True(43.9<47) MACD=True => BLOCK
2026-07-01 03:58:02,006 [INFO] [periodic] Logs pushed to GitHub: Nifty_FlightRecorder_V2_5_19_20260701_090157.log, Nifty_BarLevel_V2_5_19_20260701_090157.csv
2026-07-01 03:58:32,176 [INFO] [MVWAP] Skip — close 24040 only 14pt from a pivot (need >20)
2026-07-01 03:59:02,331 [INFO] [MVWAP] Skip — close 24040 only 14pt from a pivot (need >20)
2026-07-01 03:59:32,492 [INFO] [MVWAP] Skip — close 24040 only 14pt from a pivot (need >20)
2026-07-01 04:00:02,758 [INFO] [MVWAP] Skip — close 24040 only 14pt from a pivot (need >20)
2026-07-01 04:03:03,750 [INFO] [INDICATORS] spot=23924.2 | 1h: close=23917.8 sma20=24009.4 sma50=24019.6 rsi=43.9 macd=-38.58/-25.55(bear) | 15m: K=52.8↑(prev 40.0) | regime=PE-eligible halted=False active=False
2026-07-01 04:03:03,750 [INFO] [SIGNAL] CE: reg=False K=True(K=52.8>=38,rising) Kextr=False RSI=False(43.9>53) MACD=False => BLOCK | PE: reg=True K=False(K=52.8<=80,falling) Kextr=False RSI=True(43.9<47) MACD=True => BLOCK
2026-07-01 04:03:06,478 [INFO] [periodic] Logs pushed to GitHub: Nifty_FlightRecorder_V2_5_19_20260701_090157.log, Nifty_BarLevel_V2_5_19_20260701_090157.csv
2026-07-01 04:08:08,191 [INFO] [INDICATORS] spot=23933.1 | 1h: close=23917.8 sma20=24009.4 sma50=24019.6 rsi=43.9 macd=-38.58/-25.55(bear) | 15m: K=52.8↑(prev 40.0) | regime=PE-eligible halted=False active=False
2026-07-01 04:08:08,191 [INFO] [SIGNAL] CE: reg=False K=True(K=52.8>=38,rising) Kextr=False RSI=False(43.9>53) MACD=False => BLOCK | PE: reg=True K=False(K=52.8<=80,falling) Kextr=False RSI=True(43.9<47) MACD=True => BLOCK
2026-07-01 04:08:10,147 [INFO] [periodic] Logs pushed to GitHub: Nifty_FlightRecorder_V2_5_19_20260701_090157.log, Nifty_BarLevel_V2_5_19_20260701_090157.csv
2026-07-01 04:13:11,860 [INFO] [INDICATORS] spot=23930.3 | 1h: close=23917.8 sma20=24009.4 sma50=24019.6 rsi=43.9 macd=-38.58/-25.55(bear) | 15m: K=52.8↑(prev 40.0) | regime=PE-eligible halted=False active=False
2026-07-01 04:13:11,860 [INFO] [SIGNAL] CE: reg=False K=True(K=52.8>=38,rising) Kextr=False RSI=False(43.9>53) MACD=False => BLOCK | PE: reg=True K=False(K=52.8<=80,falling) Kextr=False RSI=True(43.9<47) MACD=True => BLOCK
2026-07-01 04:13:13,948 [INFO] [periodic] Logs pushed to GitHub: Nifty_FlightRecorder_V2_5_19_20260701_090157.log, Nifty_BarLevel_V2_5_19_20260701_090157.csv
2026-07-01 04:18:16,503 [INFO] [INDICATORS] spot=23953.5 | 1h: close=23917.8 sma20=24009.4 sma50=24019.6 rsi=43.9 macd=-38.58/-25.55(bear) | 15m: K=86.1↑(prev 52.8) | regime=PE-eligible halted=False active=False
2026-07-01 04:18:16,503 [INFO] [SIGNAL] CE: reg=False K=True(K=86.1>=38,rising) Kextr=False RSI=False(43.9>53) MACD=False => BLOCK | PE: reg=True K=False(K=86.1<=80,falling) Kextr=True RSI=True(43.9<47) MACD=True => BLOCK
2026-07-01 04:18:19,281 [INFO] [periodic] Logs pushed to GitHub: Nifty_FlightRecorder_V2_5_19_20260701_090157.log, Nifty_BarLevel_V2_5_19_20260701_090157.csv
2026-07-01 04:23:20,935 [INFO] [INDICATORS] spot=23949.5 | 1h: close=23917.8 sma20=24009.4 sma50=24019.6 rsi=43.9 macd=-38.58/-25.55(bear) | 15m: K=86.1↑(prev 52.8) | regime=PE-eligible halted=False active=False
2026-07-01 04:23:20,936 [INFO] [SIGNAL] CE: reg=False K=True(K=86.1>=38,rising) Kextr=False RSI=False(43.9>53) MACD=False => BLOCK | PE: reg=True K=False(K=86.1<=80,falling) Kextr=True RSI=True(43.9<47) MACD=True => BLOCK
2026-07-01 04:23:22,867 [INFO] [periodic] Logs pushed to GitHub: Nifty_FlightRecorder_V2_5_19_20260701_090157.log, Nifty_BarLevel_V2_5_19_20260701_090157.csv
2026-07-01 04:28:24,587 [INFO] [INDICATORS] spot=23975.5 | 1h: close=23917.8 sma20=24009.4 sma50=24019.6 rsi=43.9 macd=-38.58/-25.55(bear) | 15m: K=86.1↑(prev 52.8) | regime=PE-eligible halted=False active=False
2026-07-01 04:28:24,587 [INFO] [SIGNAL] CE: reg=False K=True(K=86.1>=38,rising) Kextr=False RSI=False(43.9>53) MACD=False => BLOCK | PE: reg=True K=False(K=86.1<=80,falling) Kextr=True RSI=True(43.9<47) MACD=True => BLOCK
2026-07-01 04:28:26,520 [INFO] [periodic] Logs pushed to GitHub: Nifty_FlightRecorder_V2_5_19_20260701_090157.log, Nifty_BarLevel_V2_5_19_20260701_090157.csv
2026-07-01 04:30:27,250 [INFO] [VWAP] Signal — FUT 24074>24035 body=77% side=CE
2026-07-01 04:30:27,293 [INFO] ENTRY: NFO:NIFTY2670724000CE @ 172.05  engine=VWAP  detail=FUT VWAP 24074>24035 body=77% | bar=152
2026-07-01 04:33:30,587 [INFO] [INDICATORS] spot=23977.7 | 1h: close=23917.8 sma20=24009.4 sma50=24019.6 rsi=43.9 macd=-38.58/-25.55(bear) | 15m: K=94.2↑(prev 86.1) | regime=PE-eligible halted=False active=True
2026-07-01 04:33:30,587 [INFO] [SIGNAL] CE: reg=False K=True(K=94.2>=38,rising) Kextr=False RSI=False(43.9>53) MACD=False => BLOCK | PE: reg=True K=False(K=94.2<=80,falling) Kextr=True RSI=True(43.9<47) MACD=True => BLOCK
2026-07-01 04:33:30,587 [INFO] [STATE] CE NFO:NIFTY2670724000CE ltp=164.30 entry=172.05 pnl=-7.75(-4.5%) sl=141.08 peak=172.05 tr_armed=False elapsed=3min
2026-07-01 04:33:33,382 [INFO] [periodic] Logs pushed to GitHub: Nifty_FlightRecorder_V2_5_19_20260701_090157.log, Nifty_BarLevel_V2_5_19_20260701_090157.csv
2026-07-01 04:38:35,671 [INFO] [INDICATORS] spot=23966.7 | 1h: close=23917.8 sma20=24009.4 sma50=24019.6 rsi=43.9 macd=-38.58/-25.55(bear) | 15m: K=94.2↑(prev 86.1) | regime=PE-eligible halted=False active=True
2026-07-01 04:38:35,671 [INFO] [SIGNAL] CE: reg=False K=True(K=94.2>=38,rising) Kextr=False RSI=False(43.9>53) MACD=False => BLOCK | PE: reg=True K=False(K=94.2<=80,falling) Kextr=True RSI=True(43.9<47) MACD=True => BLOCK
2026-07-01 04:38:35,671 [INFO] [STATE] CE NFO:NIFTY2670724000CE ltp=163.00 entry=172.05 pnl=-9.05(-5.3%) sl=141.08 peak=172.05 tr_armed=False elapsed=8min
2026-07-01 04:38:37,604 [INFO] [periodic] Logs pushed to GitHub: Nifty_FlightRecorder_V2_5_19_20260701_090157.log, Nifty_BarLevel_V2_5_19_20260701_090157.csv
2026-07-01 04:43:39,816 [INFO] [INDICATORS] spot=23982.2 | 1h: close=23917.8 sma20=24009.4 sma50=24019.6 rsi=43.9 macd=-38.58/-25.55(bear) | 15m: K=94.2↑(prev 86.1) | regime=PE-eligible halted=False active=True
2026-07-01 04:43:39,816 [INFO] [SIGNAL] CE: reg=False K=True(K=94.2>=38,rising) Kextr=False RSI=False(43.9>53) MACD=False => BLOCK | PE: reg=True K=False(K=94.2<=80,falling) Kextr=True RSI=True(43.9<47) MACD=True => BLOCK
2026-07-01 04:43:39,816 [INFO] [STATE] CE NFO:NIFTY2670724000CE ltp=169.00 entry=172.05 pnl=-3.05(-1.8%) sl=141.08 peak=172.05 tr_armed=False elapsed=13min
2026-07-01 04:43:41,728 [INFO] [periodic] Logs pushed to GitHub: Nifty_FlightRecorder_V2_5_19_20260701_090157.log, Nifty_BarLevel_V2_5_19_20260701_090157.csv
2026-07-01 04:48:44,038 [INFO] [INDICATORS] spot=24001.4 | 1h: close=23987.0 sma20=23998.9 sma50=24015.7 rsi=50.6 macd=-31.96/-26.83(bear) | 15m: K=100.0↑(prev 94.2) | regime=PE-eligible halted=False active=True
2026-07-01 04:48:44,038 [INFO] [SIGNAL] CE: reg=False K=True(K=100.0>=38,rising) Kextr=False RSI=False(50.6>53) MACD=False => BLOCK | PE: reg=True K=False(K=100.0<=80,falling) Kextr=True RSI=False(50.6<47) MACD=True => BLOCK
2026-07-01 04:48:44,038 [INFO] [STATE] CE NFO:NIFTY2670724000CE ltp=181.90 entry=172.05 pnl=+9.85(+5.7%) sl=141.08 peak=181.90 tr_armed=False elapsed=18min
2026-07-01 04:48:46,858 [INFO] [periodic] Logs pushed to GitHub: Nifty_FlightRecorder_V2_5_19_20260701_090157.log, Nifty_BarLevel_V2_5_19_20260701_090157.csv
2026-07-01 04:52:49,583 [INFO] [TRAIL] SL ratcheted 183.35 → 189.85  (peak=194.85)
2026-07-01 04:53:19,802 [INFO] [TRAIL] SL ratcheted 189.85 → 192.30  (peak=197.30)
2026-07-01 04:53:50,050 [INFO] [TRAIL] SL ratcheted 192.30 → 193.45  (peak=198.45)
2026-07-01 04:53:50,080 [INFO] [INDICATORS] spot=24018.2 | 1h: close=23987.0 sma20=23998.9 sma50=24015.7 rsi=50.6 macd=-31.96/-26.83(bear) | 15m: K=100.0↑(prev 94.2) | regime=PE-eligible halted=False active=True
2026-07-01 04:53:50,081 [INFO] [SIGNAL] CE: reg=False K=True(K=100.0>=38,rising) Kextr=False RSI=False(50.6>53) MACD=False => BLOCK | PE: reg=True K=False(K=100.0<=80,falling) Kextr=True RSI=False(50.6<47) MACD=True => BLOCK
2026-07-01 04:53:50,081 [INFO] [STATE] CE NFO:NIFTY2670724000CE ltp=198.45 entry=172.05 pnl=+26.40(+15.3%) sl=193.45 peak=198.45 tr_armed=True elapsed=23min
2026-07-01 04:53:51,980 [INFO] [periodic] Logs pushed to GitHub: Nifty_FlightRecorder_V2_5_19_20260701_090157.log, Nifty_BarLevel_V2_5_19_20260701_090157.csv
2026-07-01 04:54:52,423 [INFO] EXIT: NFO:NIFTY2670724000CE @ 193.45 reason=TRAIL_+21 pnl/sh=+21.40 is_flip=False losses=0/4
2026-07-01 04:58:54,745 [INFO] [INDICATORS] spot=23994.6 | 1h: close=23987.0 sma20=23998.9 sma50=24015.7 rsi=50.6 macd=-31.96/-26.83(bear) | 15m: K=100.0↑(prev 94.2) | regime=PE-eligible halted=False active=False
2026-07-01 04:58:54,745 [INFO] [SIGNAL] CE: reg=False K=True(K=100.0>=38,rising) Kextr=False RSI=False(50.6>53) MACD=False => BLOCK | PE: reg=True K=False(K=100.0<=80,falling) Kextr=True RSI=False(50.6<47) MACD=True => BLOCK
2026-07-01 04:58:56,800 [INFO] [periodic] Logs pushed to GitHub: Nifty_FlightRecorder_V2_5_19_20260701_090157.log, Nifty_BarLevel_V2_5_19_20260701_090157.csv
2026-07-01 05:00:27,331 [INFO] [CHOPGATE] Clear to trade — ER=1.00 crosses=0 range=150pt
2026-07-01 05:03:58,715 [INFO] [INDICATORS] spot=23992.7 | 1h: close=23987.0 sma20=23998.9 sma50=24015.7 rsi=50.6 macd=-31.96/-26.83(bear) | 15m: K=100.0↓(prev 100.0) | regime=PE-eligible halted=False active=False
2026-07-01 05:03:58,715 [INFO] [SIGNAL] CE: reg=False K=False(K=100.0>=38,rising) Kextr=False RSI=False(50.6>53) MACD=False => BLOCK | PE: reg=True K=False(K=100.0<=80,falling) Kextr=True RSI=False(50.6<47) MACD=True => BLOCK
2026-07-01 05:04:01,498 [INFO] [periodic] Logs pushed to GitHub: Nifty_FlightRecorder_V2_5_19_20260701_090157.log, Nifty_BarLevel_V2_5_19_20260701_090157.csv
2026-07-01 05:09:03,378 [INFO] [INDICATORS] spot=23973.0 | 1h: close=23987.0 sma20=23998.9 sma50=24015.7 rsi=50.6 macd=-31.96/-26.83(bear) | 15m: K=100.0↓(prev 100.0) | regime=PE-eligible halted=False active=False
2026-07-01 05:09:03,378 [INFO] [SIGNAL] CE: reg=False K=False(K=100.0>=38,rising) Kextr=False RSI=False(50.6>53) MACD=False => BLOCK | PE: reg=True K=False(K=100.0<=80,falling) Kextr=True RSI=False(50.6<47) MACD=True => BLOCK
2026-07-01 05:09:05,301 [INFO] [periodic] Logs pushed to GitHub: Nifty_FlightRecorder_V2_5_19_20260701_090157.log, Nifty_BarLevel_V2_5_19_20260701_090157.csv
2026-07-01 05:14:07,089 [INFO] [INDICATORS] spot=23948.0 | 1h: close=23987.0 sma20=23998.9 sma50=24015.7 rsi=50.6 macd=-31.96/-26.83(bear) | 15m: K=100.0↓(prev 100.0) | regime=PE-eligible halted=False active=False
2026-07-01 05:14:07,089 [INFO] [SIGNAL] CE: reg=False K=False(K=100.0>=38,rising) Kextr=False RSI=False(50.6>53) MACD=False => BLOCK | PE: reg=True K=False(K=100.0<=80,falling) Kextr=True RSI=False(50.6<47) MACD=True => BLOCK
2026-07-01 05:14:09,122 [INFO] [periodic] Logs pushed to GitHub: Nifty_FlightRecorder_V2_5_19_20260701_090157.log, Nifty_BarLevel_V2_5_19_20260701_090157.csv
2026-07-01 05:15:09,475 [INFO] [VWAP] Climax skip — body=87% >= 87%
2026-07-01 05:15:39,659 [INFO] [VWAP] Climax skip — body=87% >= 87%
2026-07-01 05:16:09,824 [INFO] [VWAP] Climax skip — body=87% >= 87%
2026-07-01 05:16:39,987 [INFO] [VWAP] Climax skip — body=87% >= 87%
2026-07-01 05:17:10,388 [INFO] [VWAP] Climax skip — body=87% >= 87%
2026-07-01 05:17:40,559 [INFO] [VWAP] Climax skip — body=87% >= 87%
2026-07-01 05:18:10,734 [INFO] [VWAP] Climax skip — body=87% >= 87%
2026-07-01 05:18:40,907 [INFO] [VWAP] Climax skip — body=87% >= 87%
2026-07-01 05:19:11,087 [INFO] [VWAP] Climax skip — body=87% >= 87%
2026-07-01 05:19:11,089 [INFO] [INDICATORS] spot=23968.0 | 1h: close=23987.0 sma20=23998.9 sma50=24015.7 rsi=50.6 macd=-31.96/-26.83(bear) | 15m: K=87.6↓(prev 100.0) | regime=PE-eligible halted=False active=False
2026-07-01 05:19:11,089 [INFO] [SIGNAL] CE: reg=False K=False(K=87.6>=38,rising) Kextr=False RSI=False(50.6>53) MACD=False => BLOCK | PE: reg=True K=False(K=87.6<=80,falling) Kextr=True RSI=False(50.6<47) MACD=True => BLOCK
2026-07-01 05:19:13,841 [INFO] [periodic] Logs pushed to GitHub: Nifty_FlightRecorder_V2_5_19_20260701_090157.log, Nifty_BarLevel_V2_5_19_20260701_090157.csv
2026-07-01 05:19:44,018 [INFO] [VWAP] Climax skip — body=87% >= 87%
2026-07-01 05:20:14,257 [INFO] [VWAP] Climax skip — body=87% >= 87%
2026-07-01 05:20:44,424 [INFO] [VWAP] Climax skip — body=87% >= 87%
2026-07-01 05:21:14,594 [INFO] [VWAP] Climax skip — body=87% >= 87%
2026-07-01 05:21:44,776 [INFO] [VWAP] Climax skip — body=87% >= 87%
2026-07-01 05:22:14,954 [INFO] [VWAP] Climax skip — body=87% >= 87%
2026-07-01 05:22:45,147 [INFO] [VWAP] Climax skip — body=87% >= 87%
2026-07-01 05:23:15,320 [INFO] [VWAP] Climax skip — body=87% >= 87%
2026-07-01 05:23:45,501 [INFO] [VWAP] Climax skip — body=87% >= 87%
2026-07-01 05:24:15,667 [INFO] [VWAP] Climax skip — body=87% >= 87%
2026-07-01 05:24:15,670 [INFO] [INDICATORS] spot=23981.2 | 1h: close=23987.0 sma20=23998.9 sma50=24015.7 rsi=50.6 macd=-31.96/-26.83(bear) | 15m: K=87.6↓(prev 100.0) | regime=PE-eligible halted=False active=False
2026-07-01 05:24:15,670 [INFO] [SIGNAL] CE: reg=False K=False(K=87.6>=38,rising) Kextr=False RSI=False(50.6>53) MACD=False => BLOCK | PE: reg=True K=False(K=87.6<=80,falling) Kextr=True RSI=False(50.6<47) MACD=True => BLOCK
2026-07-01 05:24:17,635 [INFO] [periodic] Logs pushed to GitHub: Nifty_FlightRecorder_V2_5_19_20260701_090157.log, Nifty_BarLevel_V2_5_19_20260701_090157.csv
2026-07-01 05:24:47,823 [INFO] [VWAP] Climax skip — body=87% >= 87%
2026-07-01 05:25:17,995 [INFO] [VWAP] Climax skip — body=87% >= 87%
2026-07-01 05:25:48,178 [INFO] [VWAP] Climax skip — body=87% >= 87%
2026-07-01 05:26:18,361 [INFO] [VWAP] Climax skip — body=87% >= 87%
2026-07-01 05:26:48,545 [INFO] [VWAP] Climax skip — body=87% >= 87%
2026-07-01 05:27:18,712 [INFO] [VWAP] Climax skip — body=87% >= 87%
2026-07-01 05:27:48,881 [INFO] [VWAP] Climax skip — body=87% >= 87%
2026-07-01 05:28:19,048 [INFO] [VWAP] Climax skip — body=87% >= 87%
2026-07-01 05:28:49,252 [INFO] [VWAP] Climax skip — body=87% >= 87%
2026-07-01 05:29:19,420 [INFO] [VWAP] Climax skip — body=87% >= 87%
2026-07-01 05:29:19,422 [INFO] [INDICATORS] spot=23974.1 | 1h: close=23987.0 sma20=23998.9 sma50=24015.7 rsi=50.6 macd=-31.96/-26.83(bear) | 15m: K=87.6↓(prev 100.0) | regime=PE-eligible halted=False active=False
2026-07-01 05:29:19,423 [INFO] [SIGNAL] CE: reg=False K=False(K=87.6>=38,rising) Kextr=False RSI=False(50.6>53) MACD=False => BLOCK | PE: reg=True K=False(K=87.6<=80,falling) Kextr=True RSI=False(50.6<47) MACD=True => BLOCK
2026-07-01 05:29:21,304 [INFO] [periodic] Logs pushed to GitHub: Nifty_FlightRecorder_V2_5_19_20260701_090157.log, Nifty_BarLevel_V2_5_19_20260701_090157.csv
2026-07-01 05:29:51,560 [INFO] [VWAP] Climax skip — body=87% >= 87%
2026-07-01 05:34:23,359 [INFO] [INDICATORS] spot=23981.8 | 1h: close=23987.0 sma20=23998.9 sma50=24015.7 rsi=50.6 macd=-31.96/-26.83(bear) | 15m: K=80.6↓(prev 87.6) | regime=PE-eligible halted=False active=False
2026-07-01 05:34:23,359 [INFO] [SIGNAL] CE: reg=False K=False(K=80.6>=38,rising) Kextr=False RSI=False(50.6>53) MACD=False => BLOCK | PE: reg=True K=False(K=80.6<=80,falling) Kextr=True RSI=False(50.6<47) MACD=True => BLOCK
2026-07-01 05:34:26,182 [INFO] [periodic] Logs pushed to GitHub: Nifty_FlightRecorder_V2_5_19_20260701_090157.log, Nifty_BarLevel_V2_5_19_20260701_090157.csv
2026-07-01 05:39:28,019 [INFO] [INDICATORS] spot=23989.2 | 1h: close=23987.0 sma20=23998.9 sma50=24015.7 rsi=50.6 macd=-31.96/-26.83(bear) | 15m: K=80.6↓(prev 87.6) | regime=PE-eligible halted=False active=False
2026-07-01 05:39:28,019 [INFO] [SIGNAL] CE: reg=False K=False(K=80.6>=38,rising) Kextr=False RSI=False(50.6>53) MACD=False => BLOCK | PE: reg=True K=False(K=80.6<=80,falling) Kextr=True RSI=False(50.6<47) MACD=True => BLOCK
2026-07-01 05:39:29,973 [INFO] [periodic] Logs pushed to GitHub: Nifty_FlightRecorder_V2_5_19_20260701_090157.log, Nifty_BarLevel_V2_5_19_20260701_090157.csv
2026-07-01 05:44:31,832 [INFO] [INDICATORS] spot=24005.6 | 1h: close=23987.0 sma20=23998.9 sma50=24015.7 rsi=50.6 macd=-31.96/-26.83(bear) | 15m: K=80.6↓(prev 87.6) | regime=PE-eligible halted=False active=False
2026-07-01 05:44:31,838 [INFO] [SIGNAL] CE: reg=False K=False(K=80.6>=38,rising) Kextr=False RSI=False(50.6>53) MACD=False => BLOCK | PE: reg=True K=False(K=80.6<=80,falling) Kextr=True RSI=False(50.6<47) MACD=True => BLOCK
2026-07-01 05:44:33,979 [INFO] [periodic] Logs pushed to GitHub: Nifty_FlightRecorder_V2_5_19_20260701_090157.log, Nifty_BarLevel_V2_5_19_20260701_090157.csv
2026-07-01 05:45:04,202 [INFO] [VWAP] Climax skip — body=100% >= 87%
2026-07-01 05:45:34,380 [INFO] [VWAP] Climax skip — body=100% >= 87%
2026-07-01 05:46:04,580 [INFO] [VWAP] Climax skip — body=100% >= 87%
2026-07-01 05:46:34,868 [INFO] [VWAP] Climax skip — body=100% >= 87%
2026-07-01 05:47:05,063 [INFO] [VWAP] Climax skip — body=100% >= 87%
2026-07-01 05:47:35,269 [INFO] [VWAP] Climax skip — body=100% >= 87%
2026-07-01 05:48:05,487 [INFO] [VWAP] Climax skip — body=100% >= 87%
2026-07-01 05:48:35,732 [INFO] [VWAP] Climax skip — body=100% >= 87%
2026-07-01 05:49:06,029 [INFO] [VWAP] Climax skip — body=100% >= 87%
2026-07-01 05:49:37,778 [INFO] [VWAP] Climax skip — body=100% >= 87%
2026-07-01 05:49:37,782 [INFO] [INDICATORS] spot=24022.5 | 1h: close=24019.5 sma20=23987.7 sma50=24015.9 rsi=53.4 macd=-23.82/-26.23(bull) | 15m: K=80.6↓(prev 80.6) | regime=NEUTRAL halted=False active=False
2026-07-01 05:49:37,782 [INFO] [SIGNAL] CE: reg=False K=False(K=80.6>=38,rising) Kextr=False RSI=True(53.4>53) MACD=True => BLOCK | PE: reg=False K=False(K=80.6<=80,falling) Kextr=True RSI=False(53.4<47) MACD=False => BLOCK
2026-07-01 05:49:44,231 [INFO] [periodic] Logs pushed to GitHub: Nifty_FlightRecorder_V2_5_19_20260701_090157.log, Nifty_BarLevel_V2_5_19_20260701_090157.csv
2026-07-01 05:50:15,734 [INFO] [VWAP] Climax skip — body=100% >= 87%
2026-07-01 05:50:46,978 [INFO] [VWAP] Climax skip — body=100% >= 87%
2026-07-01 05:51:18,522 [INFO] [VWAP] Climax skip — body=100% >= 87%
2026-07-01 05:51:50,493 [INFO] [VWAP] Climax skip — body=100% >= 87%
2026-07-01 05:52:22,484 [INFO] [VWAP] Climax skip — body=100% >= 87%
2026-07-01 05:52:54,246 [INFO] [VWAP] Climax skip — body=100% >= 87%
2026-07-01 05:53:26,477 [INFO] [VWAP] Climax skip — body=100% >= 87%
2026-07-01 05:53:58,472 [INFO] [VWAP] Climax skip — body=100% >= 87%
2026-07-01 05:54:29,498 [INFO] [VWAP] Climax skip — body=100% >= 87%
2026-07-01 05:55:00,527 [INFO] [VWAP] Climax skip — body=100% >= 87%
2026-07-01 05:55:00,531 [INFO] [INDICATORS] spot=24008.1 | 1h: close=24019.5 sma20=23987.7 sma50=24015.9 rsi=53.4 macd=-23.82/-26.23(bull) | 15m: K=80.6↓(prev 80.6) | regime=NEUTRAL halted=False active=False
2026-07-01 05:55:00,532 [INFO] [SIGNAL] CE: reg=False K=False(K=80.6>=38,rising) Kextr=False RSI=True(53.4>53) MACD=True => BLOCK | PE: reg=False K=False(K=80.6<=80,falling) Kextr=True RSI=False(53.4<47) MACD=False => BLOCK
2026-07-01 05:55:08,484 [INFO] [periodic] Logs pushed to GitHub: Nifty_FlightRecorder_V2_5_19_20260701_090157.log, Nifty_BarLevel_V2_5_19_20260701_090157.csv
2026-07-01 05:55:39,990 [INFO] [VWAP] Climax skip — body=100% >= 87%
2026-07-01 05:56:11,484 [INFO] [VWAP] Climax skip — body=100% >= 87%
2026-07-01 05:56:42,994 [INFO] [VWAP] Climax skip — body=100% >= 87%
2026-07-01 05:57:14,271 [INFO] [VWAP] Climax skip — body=100% >= 87%
2026-07-01 05:57:45,500 [INFO] [VWAP] Climax skip — body=100% >= 87%
2026-07-01 05:58:15,771 [INFO] [VWAP] Climax skip — body=100% >= 87%
2026-07-01 05:58:45,958 [INFO] [VWAP] Climax skip — body=100% >= 87%
2026-07-01 05:59:16,142 [INFO] [VWAP] Climax skip — body=100% >= 87%
2026-07-01 05:59:46,364 [INFO] [VWAP] Climax skip — body=100% >= 87%
2026-07-01 06:00:17,418 [INFO] [INDICATORS] spot=24012.0 | 1h: close=24019.5 sma20=23987.7 sma50=24015.9 rsi=53.4 macd=-23.82/-26.23(bull) | 15m: K=90.0↑(prev 80.6) | regime=NEUTRAL halted=False active=False
2026-07-01 06:00:17,418 [INFO] [SIGNAL] CE: reg=False K=True(K=90.0>=38,rising) Kextr=False RSI=True(53.4>53) MACD=True => BLOCK | PE: reg=False K=False(K=90.0<=80,falling) Kextr=True RSI=False(53.4<47) MACD=False => BLOCK
2026-07-01 06:00:19,515 [INFO] [periodic] Logs pushed to GitHub: Nifty_FlightRecorder_V2_5_19_20260701_090157.log, Nifty_BarLevel_V2_5_19_20260701_090157.csv
2026-07-01 06:05:31,278 [INFO] [INDICATORS] spot=23992.7 | 1h: close=24019.5 sma20=23987.7 sma50=24015.9 rsi=53.4 macd=-23.82/-26.23(bull) | 15m: K=90.0↑(prev 80.6) | regime=NEUTRAL halted=False active=False
2026-07-01 06:05:31,281 [INFO] [SIGNAL] CE: reg=False K=True(K=90.0>=38,rising) Kextr=False RSI=True(53.4>53) MACD=True => BLOCK | PE: reg=False K=False(K=90.0<=80,falling) Kextr=True RSI=False(53.4<47) MACD=False => BLOCK
2026-07-01 06:05:36,534 [INFO] [periodic] Logs pushed to GitHub: Nifty_FlightRecorder_V2_5_19_20260701_090157.log, Nifty_BarLevel_V2_5_19_20260701_090157.csv
2026-07-01 06:10:48,540 [INFO] [INDICATORS] spot=23996.5 | 1h: close=24019.5 sma20=23987.7 sma50=24015.9 rsi=53.4 macd=-23.82/-26.23(bull) | 15m: K=90.0↑(prev 80.6) | regime=NEUTRAL halted=False active=False
2026-07-01 06:10:48,540 [INFO] [SIGNAL] CE: reg=False K=True(K=90.0>=38,rising) Kextr=False RSI=True(53.4>53) MACD=True => BLOCK | PE: reg=False K=False(K=90.0<=80,falling) Kextr=True RSI=False(53.4<47) MACD=False => BLOCK
2026-07-01 06:10:51,788 [INFO] [periodic] Logs pushed to GitHub: Nifty_FlightRecorder_V2_5_19_20260701_090157.log, Nifty_BarLevel_V2_5_19_20260701_090157.csv
2026-07-01 06:16:08,806 [INFO] [INDICATORS] spot=24015.1 | 1h: close=24019.5 sma20=23987.7 sma50=24015.9 rsi=53.4 macd=-23.82/-26.23(bull) | 15m: K=94.7↑(prev 90.0) | regime=NEUTRAL halted=False active=False
2026-07-01 06:16:08,806 [INFO] [SIGNAL] CE: reg=False K=True(K=94.7>=38,rising) Kextr=False RSI=True(53.4>53) MACD=True => BLOCK | PE: reg=False K=False(K=94.7<=80,falling) Kextr=True RSI=False(53.4<47) MACD=False => BLOCK
2026-07-01 06:16:12,782 [INFO] [periodic] Logs pushed to GitHub: Nifty_FlightRecorder_V2_5_19_20260701_090157.log, Nifty_BarLevel_V2_5_19_20260701_090157.csv
2026-07-01 06:21:25,805 [INFO] [INDICATORS] spot=24013.2 | 1h: close=24019.5 sma20=23987.7 sma50=24015.9 rsi=53.4 macd=-23.82/-26.23(bull) | 15m: K=94.7↑(prev 90.0) | regime=NEUTRAL halted=False active=False
2026-07-01 06:21:25,805 [INFO] [SIGNAL] CE: reg=False K=True(K=94.7>=38,rising) Kextr=False RSI=True(53.4>53) MACD=True => BLOCK | PE: reg=False K=False(K=94.7<=80,falling) Kextr=True RSI=False(53.4<47) MACD=False => BLOCK
2026-07-01 06:21:29,784 [INFO] [periodic] Logs pushed to GitHub: Nifty_FlightRecorder_V2_5_19_20260701_090157.log, Nifty_BarLevel_V2_5_19_20260701_090157.csv
2026-07-01 06:26:43,793 [INFO] [INDICATORS] spot=24001.3 | 1h: close=24019.5 sma20=23987.7 sma50=24015.9 rsi=53.4 macd=-23.82/-26.23(bull) | 15m: K=94.7↑(prev 90.0) | regime=NEUTRAL halted=False active=False
2026-07-01 06:26:43,793 [INFO] [SIGNAL] CE: reg=False K=True(K=94.7>=38,rising) Kextr=False RSI=True(53.4>53) MACD=True => BLOCK | PE: reg=False K=False(K=94.7<=80,falling) Kextr=True RSI=False(53.4<47) MACD=False => BLOCK
2026-07-01 06:26:47,033 [INFO] [periodic] Logs pushed to GitHub: Nifty_FlightRecorder_V2_5_19_20260701_090157.log, Nifty_BarLevel_V2_5_19_20260701_090157.csv
2026-07-01 06:32:00,037 [INFO] [INDICATORS] spot=24026.0 | 1h: close=24019.5 sma20=23987.7 sma50=24015.9 rsi=53.5 macd=-23.82/-26.23(bull) | 15m: K=94.7↓(prev 94.7) | regime=NEUTRAL halted=False active=False
2026-07-01 06:32:00,037 [INFO] [SIGNAL] CE: reg=False K=False(K=94.7>=38,rising) Kextr=False RSI=True(53.5>53) MACD=True => BLOCK | PE: reg=False K=False(K=94.7<=80,falling) Kextr=True RSI=False(53.5<47) MACD=False => BLOCK
2026-07-01 06:32:03,293 [INFO] [periodic] Logs pushed to GitHub: Nifty_FlightRecorder_V2_5_19_20260701_090157.log, Nifty_BarLevel_V2_5_19_20260701_090157.csv
2026-07-01 06:37:16,243 [INFO] [INDICATORS] spot=24028.6 | 1h: close=24019.5 sma20=23987.7 sma50=24015.9 rsi=53.5 macd=-23.82/-26.23(bull) | 15m: K=94.7↓(prev 94.7) | regime=NEUTRAL halted=False active=False
2026-07-01 06:37:16,244 [INFO] [SIGNAL] CE: reg=False K=False(K=94.7>=38,rising) Kextr=False RSI=True(53.5>53) MACD=True => BLOCK | PE: reg=False K=False(K=94.7<=80,falling) Kextr=True RSI=False(53.5<47) MACD=False => BLOCK
2026-07-01 06:37:18,244 [INFO] [periodic] Logs pushed to GitHub: Nifty_FlightRecorder_V2_5_19_20260701_090157.log, Nifty_BarLevel_V2_5_19_20260701_090157.csv
2026-07-01 06:42:19,962 [INFO] [INDICATORS] spot=24029.0 | 1h: close=24019.5 sma20=23987.7 sma50=24015.9 rsi=53.5 macd=-23.82/-26.23(bull) | 15m: K=94.7↓(prev 94.7) | regime=NEUTRAL halted=False active=False
2026-07-01 06:42:19,962 [INFO] [SIGNAL] CE: reg=False K=False(K=94.7>=38,rising) Kextr=False RSI=True(53.5>53) MACD=True => BLOCK | PE: reg=False K=False(K=94.7<=80,falling) Kextr=True RSI=False(53.5<47) MACD=False => BLOCK
2026-07-01 06:42:21,909 [INFO] [periodic] Logs pushed to GitHub: Nifty_FlightRecorder_V2_5_19_20260701_090157.log, Nifty_BarLevel_V2_5_19_20260701_090157.csv
2026-07-01 06:47:23,808 [INFO] [INDICATORS] spot=24028.4 | 1h: close=24023.5 sma20=23980.2 sma50=24017.1 rsi=53.8 macd=-16.85/-24.35(bull) | 15m: K=96.7↑(prev 94.7) | regime=NEUTRAL halted=False active=False
2026-07-01 06:47:23,808 [INFO] [SIGNAL] CE: reg=False K=True(K=96.7>=38,rising) Kextr=False RSI=True(53.8>53) MACD=True => BLOCK | PE: reg=False K=False(K=96.7<=80,falling) Kextr=True RSI=False(53.8<47) MACD=False => BLOCK
2026-07-01 06:47:25,762 [INFO] [periodic] Logs pushed to GitHub: Nifty_FlightRecorder_V2_5_19_20260701_090157.log, Nifty_BarLevel_V2_5_19_20260701_090157.csv
2026-07-01 06:52:28,383 [INFO] [INDICATORS] spot=24021.8 | 1h: close=24023.5 sma20=23980.2 sma50=24017.1 rsi=53.8 macd=-16.85/-24.35(bull) | 15m: K=96.7↑(prev 94.7) | regime=NEUTRAL halted=False active=False
2026-07-01 06:52:28,383 [INFO] [SIGNAL] CE: reg=False K=True(K=96.7>=38,rising) Kextr=False RSI=True(53.8>53) MACD=True => BLOCK | PE: reg=False K=False(K=96.7<=80,falling) Kextr=True RSI=False(53.8<47) MACD=False => BLOCK
2026-07-01 06:52:30,457 [INFO] [periodic] Logs pushed to GitHub: Nifty_FlightRecorder_V2_5_19_20260701_090157.log, Nifty_BarLevel_V2_5_19_20260701_090157.csv
2026-07-01 06:57:32,852 [INFO] [INDICATORS] spot=24028.9 | 1h: close=24023.5 sma20=23980.2 sma50=24017.1 rsi=53.8 macd=-16.85/-24.35(bull) | 15m: K=96.7↑(prev 94.7) | regime=NEUTRAL halted=False active=False
2026-07-01 06:57:32,852 [INFO] [SIGNAL] CE: reg=False K=True(K=96.7>=38,rising) Kextr=False RSI=True(53.8>53) MACD=True => BLOCK | PE: reg=False K=False(K=96.7<=80,falling) Kextr=True RSI=False(53.8<47) MACD=False => BLOCK
2026-07-01 06:57:34,934 [INFO] [periodic] Logs pushed to GitHub: Nifty_FlightRecorder_V2_5_19_20260701_090157.log, Nifty_BarLevel_V2_5_19_20260701_090157.csv
2026-07-01 07:02:36,709 [INFO] [INDICATORS] spot=24025.2 | 1h: close=24023.5 sma20=23980.2 sma50=24017.1 rsi=53.8 macd=-16.85/-24.35(bull) | 15m: K=84.0↓(prev 96.7) | regime=NEUTRAL halted=False active=False
2026-07-01 07:02:36,709 [INFO] [SIGNAL] CE: reg=False K=False(K=84.0>=38,rising) Kextr=False RSI=True(53.8>53) MACD=True => BLOCK | PE: reg=False K=False(K=84.0<=80,falling) Kextr=True RSI=False(53.8<47) MACD=False => BLOCK
2026-07-01 07:02:39,072 [INFO] [periodic] Logs pushed to GitHub: Nifty_FlightRecorder_V2_5_19_20260701_090157.log, Nifty_BarLevel_V2_5_19_20260701_090157.csv
2026-07-01 07:07:43,036 [INFO] [INDICATORS] spot=24036.1 | 1h: close=24023.5 sma20=23980.2 sma50=24017.1 rsi=53.8 macd=-16.85/-24.35(bull) | 15m: K=84.0↓(prev 96.7) | regime=NEUTRAL halted=False active=False
2026-07-01 07:07:43,036 [INFO] [SIGNAL] CE: reg=False K=False(K=84.0>=38,rising) Kextr=False RSI=True(53.8>53) MACD=True => BLOCK | PE: reg=False K=False(K=84.0<=80,falling) Kextr=True RSI=False(53.8<47) MACD=False => BLOCK
2026-07-01 07:07:45,045 [INFO] [periodic] Logs pushed to GitHub: Nifty_FlightRecorder_V2_5_19_20260701_090157.log, Nifty_BarLevel_V2_5_19_20260701_090157.csv
2026-07-01 07:12:46,829 [INFO] [INDICATORS] spot=24026.5 | 1h: close=24023.5 sma20=23980.2 sma50=24017.1 rsi=53.8 macd=-16.85/-24.35(bull) | 15m: K=84.0↓(prev 96.7) | regime=NEUTRAL halted=False active=False
2026-07-01 07:12:46,829 [INFO] [SIGNAL] CE: reg=False K=False(K=84.0>=38,rising) Kextr=False RSI=True(53.8>53) MACD=True => BLOCK | PE: reg=False K=False(K=84.0<=80,falling) Kextr=True RSI=False(53.8<47) MACD=False => BLOCK
2026-07-01 07:12:48,955 [INFO] [periodic] Logs pushed to GitHub: Nifty_FlightRecorder_V2_5_19_20260701_090157.log, Nifty_BarLevel_V2_5_19_20260701_090157.csv
2026-07-01 07:17:50,743 [INFO] [INDICATORS] spot=24026.6 | 1h: close=24023.5 sma20=23980.2 sma50=24017.1 rsi=53.8 macd=-16.85/-24.35(bull) | 15m: K=78.8↓(prev 84.0) | regime=NEUTRAL halted=False active=False
2026-07-01 07:17:50,744 [INFO] [SIGNAL] CE: reg=False K=False(K=78.8>=38,rising) Kextr=False RSI=True(53.8>53) MACD=True => BLOCK | PE: reg=False K=True(K=78.8<=80,falling) Kextr=True RSI=False(53.8<47) MACD=False => BLOCK
