2026-07-20 03:30:24,534 [INFO] [STATE] State from 2026-07-17 — resetting trades_today for 2026-07-20
2026-07-20 03:30:24,534 [INFO] [STATE] Loaded prior state. POS.active=False losses=0
2026-07-20 03:30:26,357 [INFO] [BOOT] Nifty FUT token: 15639810 expiry=2026-07-28 sym=NIFTY26JULFUT
2026-07-20 03:30:26,375 [INFO] [BOOT] Expiry: 2026-07-21, 93 strikes, 186 option contracts
2026-07-20 03:30:26,376 [INFO] [BOOT] PAPER mode (kite_paper) — mStock init + self-test SKIPPED (bypassed).
2026-07-20 03:30:26,511 [INFO] [PIVOTS] P=24271 R1=24443 R2=24539 S1=24175 S2=24003
2026-07-20 03:30:26,513 [WARNING] [OI Plan] Stale plan (2026-06-01) — ignoring for today's levels
2026-07-20 03:30:26,514 [INFO] [OI Plan] No valid plan found — running without OI levels (normal mode)
2026-07-20 03:30:26,514 [INFO] 
2026-07-20 03:30:26,514 [INFO] +========================================================================+
2026-07-20 03:30:26,514 [INFO] | ORION V2.5.15 — STRATEGY DESIGN                                        |
2026-07-20 03:30:26,515 [INFO] | Backtest: 363 trades | PnL Rs +6,88,158 | WR 64.5% | MaxDD -1,119     |
2026-07-20 03:30:26,515 [INFO] +========================================================================+
2026-07-20 03:30:26,515 [INFO] | ENGINE V2 (fires every 15m close — regime: BULL/BEAR/TRANSITION only)  |
2026-07-20 03:30:26,515 [INFO] |   CE: 1h close>SMA20>SMA50 | K>=38 rising | K<25 recently             |
2026-07-20 03:30:26,515 [INFO] |        RSI>53 | MACD bull | premium 30-180                             |
2026-07-20 03:30:26,515 [INFO] |   PE: 1h close<SMA20<SMA50 | K<=80 falling K>=25 | K>75 recently      |
2026-07-20 03:30:26,515 [INFO] |        RSI<47 | MACD bear | premium 30-300                             |
2026-07-20 03:30:26,515 [INFO] |                                                                         |
2026-07-20 03:30:26,515 [INFO] | ENGINE V3 (15m G/R cluster break/reject — fires in any regime)         |
2026-07-20 03:30:26,515 [INFO] |   Grade A (>=3 source kinds) / Grade B (>=2)                           |
2026-07-20 03:30:26,515 [INFO] |   PDC excluded from clusters; G/R need >=25pt buffer from PDC          |
2026-07-20 03:30:26,516 [INFO] |   premium 30-180 CE / 30-300 PE                                        |
2026-07-20 03:30:26,516 [INFO] |                                                                         |
2026-07-20 03:30:26,516 [INFO] | ENGINE VWAP (triple confirmation — fires in any regime)                 |
2026-07-20 03:30:26,516 [INFO] |   1. Nifty FUTURES 15m close crosses FUT VWAP, body>=65% (PRIMARY)     |
2026-07-20 03:30:26,516 [INFO] |   2. Nifty SPOT 15m close same direction above/below spot VWAP         |
2026-07-20 03:30:26,516 [INFO] |   3. ATM CE/PE LTP also above/below its daily VWAP simultaneously      |
2026-07-20 03:30:26,516 [INFO] |   premium 30-180 CE / 30-300 PE                                        |
2026-07-20 03:30:26,516 [INFO] |                                                                         |
2026-07-20 03:30:26,516 [INFO] | ENGINE FLIP (opposite-side only, max 3/day, excluded from CB)          |
2026-07-20 03:30:26,516 [INFO] |   Path A (in-trade): elapsed>=30 + peak>=entry+15 + LTP<=entry+10      |
2026-07-20 03:30:26,516 [INFO] |   Path B (post-exit): K reversal within 60min                          |
2026-07-20 03:30:26,516 [INFO] |                                                                         |
2026-07-20 03:30:26,516 [INFO] | UNIVERSAL EXIT (priority order):                                        |
2026-07-20 03:30:26,516 [INFO] |   1. HARDSL -18%                                                        |
2026-07-20 03:30:26,516 [INFO] |   2. Continuous trail: arms when peak>=entry+15, SL=peak-5             |
2026-07-20 03:30:26,516 [INFO] |      floor=entry+10, ratchets up with peak (never down)                |
2026-07-20 03:30:26,516 [INFO] |   3. VWAP trades: exit when opt 15m close < opt VWAP                  |
2026-07-20 03:30:26,517 [INFO] |   4. V2/V3/FLIP trades: SMA8(low) trail on 15m                        |
2026-07-20 03:30:26,517 [INFO] |   5. Force close 15:25  6. CB=3 non-flip losses                        |
2026-07-20 03:30:26,517 [INFO] |                                                                         |
2026-07-20 03:30:26,517 [INFO] | INFORMATIONAL (no trade gate): Straddle alerts | Options VWAP          |
2026-07-20 03:30:26,517 [INFO] +========================================================================+
2026-07-20 03:30:26,517 [INFO] 
2026-07-20 03:30:26,517 [INFO] === ORION CHANGE HISTORY (V2.2.2 -> V2.5.9) ===
2026-07-20 03:30:26,517 [INFO] 
2026-07-20 03:30:26,517 [INFO] V2.2.2 [PRODUCTION BASELINE — T10]
2026-07-20 03:30:26,517 [INFO]   Entry : 1h SMA20/50 regime + 15m StochRSI K (CE>=38 rising, PE<=80 falling)
2026-07-20 03:30:26,517 [INFO]   Exit  : HARDSL -35%, TIME_SL 210min/-20%, BE +15% -> option SMA8(low) trail
2026-07-20 03:30:26,517 [INFO]   CB=2, 1 lot, no flip, no V3, no chop filter
2026-07-20 03:30:26,517 [INFO] 
2026-07-20 03:30:26,517 [INFO] V2.3  [+V3 CLUSTER LEVELS]
2026-07-20 03:30:26,518 [INFO]   + PDH/PDL/round_50/round_100/PDC/1h swing pivots clustered within 20pts
2026-07-20 03:30:26,518 [INFO]   + Grade A (>=3 source kinds) / Grade B (>=2)
2026-07-20 03:30:26,518 [INFO]   + ADX regime classifier (BULL/BEAR/CHOP/TRANSITION)
2026-07-20 03:30:26,518 [INFO] 
2026-07-20 03:30:26,518 [INFO] V2.4  [+EXIT UPGRADES]
2026-07-20 03:30:26,518 [INFO]   + 15m option SMA8(low) trail (KEPT in all future versions)
2026-07-20 03:30:26,518 [INFO]   + ATR-based exits (REMOVED — not robust enough)
2026-07-20 03:30:26,518 [INFO]   + BE armor at +15% (REMOVED later — net negative in backtest)
2026-07-20 03:30:26,518 [INFO] 
2026-07-20 03:30:26,518 [INFO] V2.5.0  [HYBRID V2+V3 + TIME-RATCHET]
2026-07-20 03:30:26,518 [INFO]   + Hybrid V2+V3 entry (V2 priority on same-bar tiebreak)
2026-07-20 03:30:26,518 [INFO]   + Time-ratchet exit: 90min / +20 step
2026-07-20 03:30:26,518 [INFO] 
2026-07-20 03:30:26,518 [INFO] V2.5.1  [ENTRY REFINEMENT]
2026-07-20 03:30:26,518 [INFO]   + V2 PE_floor=25 (K>=25 required for PE entry)
2026-07-20 03:30:26,518 [INFO]   + V2 CE: no upper K cap (cap tested and REJECTED — hurts WR)
2026-07-20 03:30:26,519 [INFO]   + V2 priority confirmed: +Rs 52k vs V3-priority
2026-07-20 03:30:26,519 [INFO] 
2026-07-20 03:30:26,519 [INFO] V2.5.2  [FLIP RULE +Rs 130k]
2026-07-20 03:30:26,519 [INFO]   + Path A flip (in-trade): elapsed>=30 + peak>=entry+15 + LTP<=entry+10 + K reversed
2026-07-20 03:30:26,519 [INFO]   + Path B flip (post-exit): K reversal within 60min
2026-07-20 03:30:26,519 [INFO]   + Opposite-side only (same-side continuation REJECTED: -Rs 191k CATASTROPHIC)
2026-07-20 03:30:26,519 [INFO]   + CE->PE: K falling, 25<=K<=80 | PE->CE: K rising, K>=38
2026-07-20 03:30:26,519 [INFO] 
2026-07-20 03:30:26,519 [INFO] V2.5.3  [V3 SINGLETONS + HARDSL LOCKED]
2026-07-20 03:30:26,519 [INFO]   + Promoted singletons: PDH/PDL/round_100(+-200 PDC)/swing pivots standalone Grade B
2026-07-20 03:30:26,519 [INFO]   + HARDSL locked at -25% (swept -35% to -15%; -25% optimal)
2026-07-20 03:30:26,519 [INFO]   + PnL Rs +3,14,418
2026-07-20 03:30:26,519 [INFO] 
2026-07-20 03:30:26,519 [INFO] V2.5.4  [FLIP CAP]
2026-07-20 03:30:26,519 [INFO]   + MAX_FLIPS_PER_DAY=3 (flips 1-3 win Rs 131k; flips 4+ lose Rs 21k)
2026-07-20 03:30:26,519 [INFO]   + PnL Rs +3,23,851
2026-07-20 03:30:26,519 [INFO] 
2026-07-20 03:30:26,519 [INFO] V2.5.5  [CHOP FILTER +Rs 49k]
2026-07-20 03:30:26,520 [INFO]   + RSI [47,53] indecision band blocks ALL entries
2026-07-20 03:30:26,520 [INFO]   + PnL Rs +3,72,598
2026-07-20 03:30:26,520 [INFO] 
2026-07-20 03:30:26,520 [INFO] V2.5.6  [V3 PDC CONTAMINATION FIX — LOCKED Rs 3,85,724 / WR 35.7%]
2026-07-20 03:30:26,520 [INFO]   + Exclude PDC from clustering (PDC is reference, not tradeable level)
2026-07-20 03:30:26,520 [INFO]   + G/R require >=25pt buffer from PDC (motivated by 2026-05-18 bad paper trade)
2026-07-20 03:30:26,520 [INFO]   + PnL Rs +3,85,724 / MaxDD -1,331 / Red 5/18
2026-07-20 03:30:26,520 [INFO] 
2026-07-20 03:30:26,520 [INFO] V2.5.7  [VELVET ROPE + RATCHET +Rs 1,14,324 / WR 35.7%->55.4%]
2026-07-20 03:30:26,520 [INFO]   + Velvet Rope: premium hits entry+15 -> SL immediately to entry+2
2026-07-20 03:30:26,520 [INFO]   + Ratchet Gate: 30min elapsed + entry+25 -> SL to entry+15
2026-07-20 03:30:26,520 [INFO]   + Runner Trail: +20 per +20pts peak (one-way)
2026-07-20 03:30:26,520 [INFO]   + Trade-off: Red months 5->10/18, MaxDD -1,331->-1,885
2026-07-20 03:30:26,520 [INFO] 
2026-07-20 03:30:26,520 [INFO] V2.5.8  [K EXTREME + FULL SMA ALIGNMENT]
2026-07-20 03:30:26,520 [INFO]   + K extreme filter: CE entry only if K<25 recently (3 bars); PE if K>75 recently
2026-07-20 03:30:26,520 [INFO]   + Full SMA alignment: CE needs close>SMA20>SMA50 (was just close>SMA20)
2026-07-20 03:30:26,520 [INFO] 
2026-07-20 03:30:26,521 [INFO] V2.5.9  [Rs 6,70,425 / WR 66.9% / 357 trades / MaxDD -1,485 / Red 8/18]
2026-07-20 03:30:26,521 [INFO]   + RSI DIRECTIONAL GATE replaces RSI [47,53] chop filter:
2026-07-20 03:30:26,521 [INFO]       CE: 1h RSI>53 required | PE: 1h RSI<47 required
2026-07-20 03:30:26,521 [INFO]   + MACD 1h alignment: CE needs MACD_line>signal; PE needs MACD_line<signal
2026-07-20 03:30:26,521 [INFO]   + Premium gate: 30<=entry_LTP<=180 (blocks deep OTM and IV-spike entries)
2026-07-20 03:30:26,521 [INFO]   + Tightened exit params: RI=12 (was 15), RT=20 (was 30), RS=25 (was 20)
2026-07-20 03:30:26,521 [INFO]   + CB=3 (was 4)
2026-07-20 03:30:26,521 [INFO]   + Straddle monitoring: informational Telegram at 9:45 and 11:30
2026-07-20 03:30:26,521 [INFO]   + Options VWAP: informational context at entry/pulse/exit
2026-07-20 03:30:26,521 [INFO] 
2026-07-20 03:30:26,521 [INFO] V2.5.12 [CURRENT LOCKED — Rs 6,88,158 / WR 64.5% / 363 trades / MaxDD -1,119 / Red 5/18]
2026-07-20 03:30:26,521 [INFO]   SOURCE: VRL (Vishal Rajput) code analysis — peak-based ratchet ladder
2026-07-20 03:30:26,521 [INFO]   + HARDSL tightened -25% → -18% (faster loss cut, less capital exposed)
2026-07-20 03:30:26,521 [INFO]   + 20-min time gate REMOVED — purely peak-based ladder (no waiting)
2026-07-20 03:30:26,521 [INFO]   + Ladder Tier2: peak >= entry+24 → SL = entry+12 (immediate)
2026-07-20 03:30:26,521 [INFO]   + Ladder Tier3: peak >= entry+36 → SL = entry+24 (immediate)
2026-07-20 03:30:26,521 [INFO]   + Entry logic UNCHANGED from V2.5.9
2026-07-20 03:30:26,521 [INFO]   + Validated: real option data (May 4-21 2026, 12 days)
2026-07-20 03:30:26,521 [INFO]   + Key improvement: MaxDD -1,485 → -1,119 (-25%), Red months 8 → 5
2026-07-20 03:30:26,522 [INFO] 
2026-07-20 03:30:26,522 [INFO] V2.5.12-LIVE [2026-05-29 — FIRST LIVE TRADING SESSION WITH mSTOCK EXECUTION]
2026-07-20 03:30:26,522 [INFO]   + EXECUTION_BROKER switched from kite_paper → mstock_live
2026-07-20 03:30:26,522 [INFO]   + mStock Type B API integrated: login → set_access_token → verify_totp (TOTP auto)
2026-07-20 03:30:26,522 [INFO]   + Instrument master: direct fetch from OpenAPIScripMaster (173k symbols, name field)
2026-07-20 03:30:26,522 [INFO]   + order_status: mStock returns 'Traded' status (not 'COMPLETE') — mapped correctly
2026-07-20 03:30:26,522 [INFO]   + place_order: disclosedquantity="0" required (blank causes IA400 rejection)
2026-07-20 03:30:26,522 [INFO]   + IP 18.212.243.203 (PythonAnywhere) whitelisted in mStock API settings
2026-07-20 03:30:26,522 [INFO]   + BUY: 15s timeout, cancel-and-check on timeout, abort if not filled
2026-07-20 03:30:26,522 [INFO]   + SELL: 3 retries × 5s, 🚨 CRITICAL Telegram alert if all fail, POS.active stays True
2026-07-20 03:30:26,522 [INFO]   + V3 REGIME GATE REMOVED: V3 now fires in CHOP/INSUFFICIENT regime
2026-07-20 03:30:26,522 [INFO]       Root cause of bug: regime gate wrapped ALL signals including V3;
2026-07-20 03:30:26,522 [INFO]       V3 uses cluster break/reject as its own confirmation — ADX not needed
2026-07-20 03:30:26,522 [INFO]       V2 and FLIP remain regime-gated (BULL/BEAR/TRANSITION only)
2026-07-20 03:30:26,522 [INFO]   + V3 engine: acts on ALL Grade A/B clusters simultaneously (not just nearest)
2026-07-20 03:30:26,523 [INFO]   + PREMIUM_MAX asymmetric: CE=180 (unchanged), PE=300 (was 180, captures panic moves)
2026-07-20 03:30:26,523 [INFO]   + VWAP double confirmation engine (new):
2026-07-20 03:30:26,523 [INFO]       Fires when Nifty 15m bar crosses daily VWAP with body>=50% range
2026-07-20 03:30:26,523 [INFO]       AND ATM CE/PE LTP is also above/below its daily VWAP simultaneously
2026-07-20 03:30:26,523 [INFO]       Self-confirming like V3 — no regime gate
2026-07-20 03:30:26,523 [INFO]   + LOTS_PER_TRADE = 2 (live)
2026-07-20 03:30:26,523 [INFO] 
2026-07-20 03:30:26,523 [INFO] V2.5.13 [VWAP TRAIL EXIT + BOOT SELF-TEST + STABILITY FIXES]
2026-07-20 03:30:26,523 [INFO]   + VWAP engine trades: trail exit uses option's own VWAP (15m close < option VWAP)
2026-07-20 03:30:26,523 [INFO]     instead of SMA8(low) trail — holds through pullbacks better on VWAP-confirmed moves
2026-07-20 03:30:26,523 [INFO]   + V2/V3/FLIP trades: keep original SMA8(low) trail (unchanged)
2026-07-20 03:30:26,523 [INFO]   + Boot self-test: BUY (LIMIT ₹0.05) + SELL (LIMIT ₹9999) on deep OTM option at startup
2026-07-20 03:30:26,523 [INFO]     Both must succeed and cancel cleanly or bot aborts — confirms mStock connectivity + IP
2026-07-20 03:30:26,523 [INFO]   + MStockBroker class inlined into single .py file (no separate mstock_broker.py)
2026-07-20 03:30:26,523 [INFO]   + IA403 recovery: rebuilds SDK client from scratch on IP mismatch, 3 consecutive → halt
2026-07-20 03:30:26,523 [INFO]   + Position sync cooldown: 180s → 300s (avoids false MANUAL_EXIT on slow fills)
2026-07-20 03:30:26,523 [INFO]   + MANUAL_EXIT fix: clears buy_order_id before close_trade to prevent duplicate SELL
2026-07-20 03:30:26,523 [INFO]   + State file: added date field, resets trades_today/losses on new day boundary
2026-07-20 03:30:26,524 [INFO]   + VWAP dedup log spam removed (silent return on same-bar re-fire)
2026-07-20 03:30:26,524 [INFO] 
2026-07-20 03:30:26,524 [INFO] V2.5.14 [TIERED PROFIT LOCK LADDER — inspired by VRL]
2026-07-20 03:30:26,524 [INFO]   + Replaced sparse 3-tier ratchet (Velvet Rope + T2 + T3 + Runner) with 7-tier ladder
2026-07-20 03:30:26,524 [INFO]   + Ladder: +12→+2, +18→+8, +24→+12, +30→+20, +36→+24, +40→+30, +50→+40
2026-07-20 03:30:26,524 [INFO]   + More tiers = less profit give-back on sharp reversals
2026-07-20 03:30:26,524 [INFO]   + Checked every tick (not candle-based) — same as before but tighter protection
2026-07-20 03:30:26,524 [INFO]   + Unified code: single loop replaces 3 separate sections (3a/3b/3c → 3)
2026-07-20 03:30:26,524 [INFO]   + VWAP engine upgraded to TRIPLE confirmation:
2026-07-20 03:30:26,524 [INFO]     Gate 1 (PRIMARY): Nifty FUTURES 15m close crosses futures VWAP, body >= 50%
2026-07-20 03:30:26,524 [INFO]     Gate 2: Nifty SPOT 15m close same direction above/below spot VWAP
2026-07-20 03:30:26,524 [INFO]     Gate 3: ATM option LTP above/below option's own VWAP
2026-07-20 03:30:26,524 [INFO]   + Futures VWAP is now the primary decision criterion — real margin-backed money
2026-07-20 03:30:26,524 [INFO]   + Nifty FUT token auto-resolved from Kite instruments at boot (no hardcoding)
2026-07-20 03:30:26,524 [INFO] 
2026-07-20 03:30:26,524 [INFO] V2.5.15 [STALE DATA GUARD — 2026-06-12]
2026-07-20 03:30:26,524 [INFO]   + ROOT CAUSE FOUND: Kite intermittently returned a 15m series ending ~2h in
2026-07-20 03:30:26,525 [INFO]     the past. Evidence: VWAP entry logged bar=198 at 11:30 but bar=197 at 13:30
2026-07-20 03:30:26,525 [INFO]     (bar index went BACKWARDS); the 13:30 entry cited a 67% bearish bar +
2026-07-20 03:30:26,525 [INFO]     FUT 23375 while the live tape was +68 pts off the low in 4 min → bought PE
2026-07-20 03:30:26,525 [INFO]     into a V-reversal → HARDSL -21.73. Fresh-data replay confirms the signal
2026-07-20 03:30:26,525 [INFO]     does NOT fire at 13:30 with up-to-date frames. Likely also suppressed valid
2026-07-20 03:30:26,525 [INFO]     signals (Jun-11 zero-trade day: fresh-data replay finds 4 trades / +35 pts).
2026-07-20 03:30:26,525 [INFO]   + Guard (active 09:32+): if last 15m bar (spot or futures) is older than
2026-07-20 03:30:26,525 [INFO]     16 min → instant refetch from Kite; if recovered, continue + Telegram info;
2026-07-20 03:30:26,525 [INFO]     if still stale → Telegram alert + ENTRIES blocked for that cycle only.
2026-07-20 03:30:26,525 [INFO]   + EXITS are never blocked on data quality.
2026-07-20 03:30:26,525 [INFO]   + Telegram alerts rate-limited to 1 per 10 min; log line every cycle.
2026-07-20 03:30:26,525 [INFO] 
2026-07-20 03:30:26,525 [INFO] V2.5.16 [MOMENTUM GATE ON SAME-SIDE STREAKS + SMA8 TODAY-ONLY FIX — 2026-06-17]
2026-07-20 03:30:26,525 [INFO]   + PROBLEM: in choppy markets the bot ran 3+ rapid same-direction trades —
2026-07-20 03:30:26,525 [INFO]     first 1-2 win small, the 3rd buys into the reversal and takes the full
2026-07-20 03:30:26,525 [INFO]     -18% HARDSL, then keeps buying the same side, wiping the day's gains.
2026-07-20 03:30:26,526 [INFO]     Diagnosis (May+June real-opt data): the persistence is the VWAP engine
2026-07-20 03:30:26,526 [INFO]     (no regime filter, re-fires same side each 15m bar). The 1st/2nd winners
2026-07-20 03:30:26,526 [INFO]     exit on the peak ladder (TRAIL_+N); the 3rd dies on HARDSL/VWAP_TRAIL.
2026-07-20 03:30:26,526 [INFO]   + MOMENTUM GATE: the 3rd+ CONSECUTIVE same-direction entry (any engine) is
2026-07-20 03:30:26,526 [INFO]     blocked unless spot has moved >= MOM_GATE_PTS (12) WITH the trade over the
2026-07-20 03:30:26,526 [INFO]     last MOM_GATE_BARS (5) closed 1m bars. 1st/2nd same-side entries untouched.
2026-07-20 03:30:26,526 [INFO]     Run counted from DAY.trades_today (closed trades). New fetch_nifty_1m() +
2026-07-20 03:30:26,526 [INFO]     momentum_gate_ok(); fails OPEN if 1m data unavailable; "🚧 Momentum-gate
2026-07-20 03:30:26,526 [INFO]     BLOCK" Telegram on a block. Backtest (May real-opt): baseline -7.3 pt →
2026-07-20 03:30:26,526 [INFO]     gate +104.0 pt, 0 winners blocked (blocks only flat-momentum |mv|<=8 chop).
2026-07-20 03:30:26,526 [INFO]   + SMA8 TODAY-ONLY FIX: sma8_low_of_option() now averages ONLY today's closed
2026-07-20 03:30:26,526 [INFO]     15m option lows (arms after SMA_TRAIL_MIN_BARS=4 today-bars). Previously it
2026-07-20 03:30:26,526 [INFO]     averaged 8 bars from a 10-day fetch, mixing yesterday's different-level /
2026-07-20 03:30:26,526 [INFO]     illiquid lows → false trail exits. NOT removed: backtest showed deleting
2026-07-20 03:30:26,526 [INFO]     SMA8 costs -66 pt (it is a tighter stop than the -18% HARDSL).
2026-07-20 03:30:26,526 [INFO]   + Ladder exit, HARDSL, flip logic, stale-data guard all UNCHANGED.
2026-07-20 03:30:26,526 [INFO]   + start_orion.sh now launches V2.5.16 (90s crash-fallback still → V2.5.14).
2026-07-20 03:30:26,526 [INFO] 
2026-07-20 03:30:26,527 [INFO] V2.5.17 [3 CHOP-BLEED GUARDS — 2026-06-18]
2026-07-20 03:30:26,527 [INFO]   + CONTEXT: 06-16 (-20.4pt/7trades) and 06-17 (-44.0pt/4trades) were both
2026-07-20 03:30:26,527 [INFO]     compressed chop days (full range 141pt & 107pt; 06-17 had 9 mean-crosses in
2026-07-20 03:30:26,527 [INFO]     a 107pt box). The regime classifier stayed BULL all 76 bars both days and
2026-07-20 03:30:26,527 [INFO]     chop_block fired 0 times, so the breakout engines kept firing into noise.
2026-07-20 03:30:26,527 [INFO]     See ~/orion_backtest_lab/results/RESULTS.md (2026-06-18 post-mortem).
2026-07-20 03:30:26,527 [INFO]   + #1 MORNING CHOP GATE (CHOP_GATE_ENABLED): decided ONCE after ~10:30 IST from
2026-07-20 03:30:26,527 [INFO]     the first-hour (09:15-10:15) FUT bars. Stand aside (block ALL new entries for
2026-07-20 03:30:26,527 [INFO]     the day) when early efficiency-ratio <= CHOP_ER_MAX (0.25) AND (first-hour
2026-07-20 03:30:26,527 [INFO]     FUT-VWAP cross-count >= CHOP_VWAP_CROSSES_MIN (3) OR first-hour range <
2026-07-20 03:30:26,527 [INFO]     CHOP_RANGE_PT_MAX (110pt)). Exits always allowed. Fails OPEN (not enough
2026-07-20 03:30:26,527 [INFO]     bars yet -> no decision -> trade normally). morning_chop_verdict().
2026-07-20 03:30:26,527 [INFO]   + #2 VWAP BODY BAND (VWAP_BODY_CLIMAX_PCT): VWAP entry now takes only the
2026-07-20 03:30:26,527 [INFO]     65-86% body band — existing >=65% min kept, NEW >=87% climax/exhaustion bars
2026-07-20 03:30:26,527 [INFO]     skipped (climax bars fade). One added guard line in check_vwap_signal().
2026-07-20 03:30:26,527 [INFO]   + #3 MOMENTUM-FADE GATE (FADE_GATE_ENABLED): for a 3rd+ consecutive same-side
2026-07-20 03:30:26,527 [INFO]     entry that follows >= FADE_MIN_PRIOR_WINS (2) consecutive same-side WINS,
2026-07-20 03:30:26,527 [INFO]     inspect 3-min option premiums of BOTH the trend-side and opposite-side ATM
2026-07-20 03:30:26,528 [INFO]     strikes over the last FADE_OPT_BARS (3) closed bars. Enter ONLY IF the
2026-07-20 03:30:26,528 [INFO]     trend-side option is NOT decaying AND the opposite-side option IS decaying;
2026-07-20 03:30:26,528 [INFO]     otherwise skip (momentum has faded / is rotating to the other side). Fails
2026-07-20 03:30:26,528 [INFO]     OPEN on missing data. fade_gate_ok() + fetch_option_3m(). Complements the
2026-07-20 03:30:26,528 [INFO]     V2.5.16 spot-move momentum gate (both must pass).
2026-07-20 03:30:26,528 [INFO]   + All three guards are ADDITIVE; ladder/HARDSL/flip/SMA8/stale-guard UNCHANGED.
2026-07-20 03:30:26,528 [INFO]   + NOT yet sim-A/B'd — shipped on user direction; 2026-06-18 is paper-only, so
2026-07-20 03:30:26,528 [INFO]     the live paper session is the first validation. WATCH first CHOP-GATE day +
2026-07-20 03:30:26,528 [INFO]     first FADE block + that #2 climax-skip doesn't starve VWAP.
2026-07-20 03:30:26,528 [INFO]   + start_orion.sh now launches V2.5.17 (pkill pattern V2_5_1[567];
2026-07-20 03:30:26,528 [INFO]     90s crash-fallback still → V2.5.14 archive).
2026-07-20 03:30:26,528 [INFO] 
2026-07-20 03:30:26,528 [INFO] V2.5.18 [SMA8 ENTRY-AWARE FIX + CHOP-GATE RE-ARM — 2026-06-19]
2026-07-20 03:30:26,528 [INFO]   + CONTEXT: 2026-06-19 (paper) — gap-down day. One V3 PE (24000PE @114) entered
2026-07-20 03:30:26,528 [INFO]     correctly at 10:15 on a Grade-A R-cluster break, but SMA8_LOW_TRAIL exited it
2026-07-20 03:30:26,528 [INFO]     31s later at +1.6 (the trail evaluated the 10:00 bar — which CLOSED BEFORE
2026-07-20 03:30:26,528 [INFO]     entry — against today's lows-avg). Spot then fell 24040->23926 without us;
2026-07-20 03:30:26,528 [INFO]     morning chop-gate (ER=0.01, range=70pt) then stood aside the rest of the day.
2026-07-20 03:30:26,529 [INFO]   + FIX A (SMA8 pre-entry bar): the SMA8(low) trail now NEVER acts on a 15m bar
2026-07-20 03:30:26,529 [INFO]     whose CLOSE time (bar-start + 15m) is <= POS.entry_time. A fresh entry can no
2026-07-20 03:30:26,529 [INFO]     longer be ejected on price action that happened before it was opened.
2026-07-20 03:30:26,529 [INFO]   + FIX C (SMA8 arm window): trail arms on bars-SINCE-ENTRY, not bars-of-day.
2026-07-20 03:30:26,529 [INFO]     sma8_low_of_option() now averages only TODAY's closed bars that closed AFTER
2026-07-20 03:30:26,529 [INFO]     entry and needs >= SMA_TRAIL_MIN_BARS_SINCE_ENTRY (1) of them. With 1 own bar
2026-07-20 03:30:26,529 [INFO]     SMA8L == that bar's own low, so close(>=low) can't trigger -> first real
2026-07-20 03:30:26,529 [INFO]     trigger needs >=2 own bars. SMA_TRAIL_MIN_BARS (4, bars-of-day) is now only
2026-07-20 03:30:26,529 [INFO]     the fallback when entry_time is unknown (state-load edge). NOT a BE-gate.
2026-07-20 03:30:26,529 [INFO]   + CHOP-GATE RE-ARM (CHOP_REARM_ENABLED): after a morning stand-aside, release
2026-07-20 03:30:26,529 [INFO]     the block when a CLOSED FUT 15m bar breaks the recorded first-hour range by
2026-07-20 03:30:26,529 [INFO]     >= CHOP_REARM_BUFFER_PT (15pt) with body >= CHOP_REARM_BODY_MIN (65%), in the
2026-07-20 03:30:26,529 [INFO]     regime direction (BULL=>up-break only, BEAR=>down-break only, else either).
2026-07-20 03:30:26,529 [INFO]     FUT leads spot, so this triggers earlier than a spot-range break. Re-arm is
2026-07-20 03:30:26,529 [INFO]     one-way for the day (stays live once released); per-trade momentum/fade/CB
2026-07-20 03:30:26,529 [INFO]     guards still apply. _morning_chop_verdict_impl() stashes FH hi/lo;
2026-07-20 03:30:26,529 [INFO]     chop_rearm_check() evaluated each cycle while blocked. Logs [CHOPGATE] RE-ARMED.
2026-07-20 03:30:26,529 [INFO]   + Ladder/HARDSL/flip/VWAP-trail/stale-guard UNCHANGED. SMA8 KEPT (deleting it
2026-07-20 03:30:26,530 [INFO]     cost -66pt, V2.5.16) — this only changes WHEN it may fire, not whether.
2026-07-20 03:30:26,530 [INFO]   + NOT yet sim-A/B'd — shipped on user direction 2026-06-19; backtest the
2026-07-20 03:30:26,530 [INFO]     re-arm thresholds on post-chop trend days before relying on it live.
2026-07-20 03:30:26,530 [INFO] 
2026-07-20 03:30:26,530 [INFO] V2.5.19 [THREE FUT-VWAP ENTRY PATHWAYS — 2026-06-21]
2026-07-20 03:30:26,530 [INFO]   + Built on user direction 2026-06-21. THREE new VWAP-cross entry pathways.
2026-07-20 03:30:26,530 [INFO]     NOT yet sim-A/B'd — BACKTEST before flipping start_orion.sh to V2.5.19.
2026-07-20 03:30:26,530 [INFO]     All three are flag-gated (default ON). Existing V2/V3/FLIP UNCHANGED.
2026-07-20 03:30:26,530 [INFO] 
2026-07-20 03:30:26,530 [INFO]   + FEATURE 1 — FUT 15m VWAP cross + CONFIRMATION CANDLE (all-day).
2026-07-20 03:30:26,530 [INFO]     VWAP15_CONFIRM_ENABLED. The existing VWAP engine no longer fires on the
2026-07-20 03:30:26,530 [INFO]     cross bar alone: it now requires the cross bar (iloc[-3], body 65-86% band)
2026-07-20 03:30:26,530 [INFO]     PLUS the next closed bar (iloc[-2]) to CONFIRM in the same direction —
2026-07-20 03:30:26,530 [INFO]     same-colour candle that still closes on the same side of FUT-VWAP. Fires in
2026-07-20 03:30:26,530 [INFO]     either direction, any time in the entry window. Re-entries are governed by
2026-07-20 03:30:26,530 [INFO]     the existing momentum gate (no extra cap). check_vwap_signal().
2026-07-20 03:30:26,530 [INFO]     INTERPRETATION: "confirmation candle in same direction" = next 15m candle
2026-07-20 03:30:26,531 [INFO]     closes same side of its open (same colour) AND same side of VWAP as the
2026-07-20 03:30:26,531 [INFO]     cross. Confirmation candle has NO body-size requirement (only the cross bar
2026-07-20 03:30:26,531 [INFO]     does). If wrong, adjust _vwap15_confirm_ok().
2026-07-20 03:30:26,531 [INFO] 
2026-07-20 03:30:26,531 [INFO]   + FEATURE 2 — FUT 5m VWAP cross + S/R distance, FIXED +12 TARGET scalp.
2026-07-20 03:30:26,531 [INFO]     FUT5_SCALP_ENABLED. New engine 'FUT5VWAP'. On each closed FUT 5m bar that
2026-07-20 03:30:26,531 [INFO]     CROSSES its session VWAP (bar opens one side, closes the other) with body
2026-07-20 03:30:26,531 [INFO]     65-86% AND whose close is > FUT5_SCALP_SR_MIN_DIST (20pt) from EVERY one of
2026-07-20 03:30:26,531 [INFO]     yesterday's classic pivots S1/R1/S2/R2 → buy in the cross direction. Exit is
2026-07-20 03:30:26,531 [INFO]     a FIXED +FUT5_SCALP_TARGET_PTS (12) option points (HARDSL + 15:25 force-close
2026-07-20 03:30:26,531 [INFO]     still apply; NO trail/SMA8). One trade per event: deduped on the 5m bar ts,
2026-07-20 03:30:26,531 [INFO]     so the next entry needs a fresh qualifying cross. check_fut5m_vwap_scalp_signal().
2026-07-20 03:30:26,531 [INFO]     INTERPRETATION: ">20 points away from s1/r1/s2/r2" = min distance to ALL four
2026-07-20 03:30:26,531 [INFO]     pivots > 20pt (price in clear space, not hugging a pivot). "cross" = bar
2026-07-20 03:30:26,531 [INFO]     open & close on opposite sides of VWAP. Pivots = classic floor-trader pivots
2026-07-20 03:30:26,531 [INFO]     from the prior trading day's H/L/C. If wrong, adjust compute_classic_pivots()
2026-07-20 03:30:26,531 [INFO]     / check_fut5m_vwap_scalp_signal().
2026-07-20 03:30:26,531 [INFO] 
2026-07-20 03:30:26,532 [INFO]   + FEATURE 3 — MORNING 09:15-10:15 exception (bypasses the 09:45 start gate).
2026-07-20 03:30:26,532 [INFO]     MORNING_VWAP_ENABLED. Before the normal 09:45 entry start, between
2026-07-20 03:30:26,532 [INFO]     MORNING_WIN_START (09:15) and MORNING_WIN_END (10:15): if a closed FUT 15m
2026-07-20 03:30:26,532 [INFO]     bar crosses its VWAP (body 65-86%) AND its close is > MORNING_VWAP_SR_MIN_DIST
2026-07-20 03:30:26,532 [INFO]     (20pt) from every pivot S1/R1/S2/R2 → buy in the cross direction. Re-entries
2026-07-20 03:30:26,532 [INFO]     per momentum gate. Uses engine 'VWAP' (so it inherits the VWAP option-VWAP
2026-07-20 03:30:26,532 [INFO]     trail exit). Runs even when in_entry_window() is False; still respects
2026-07-20 03:30:26,532 [INFO]     stale-guard, gap-suppress, CB/halt, manual cooldown. check_morning_vwap15_signal().
2026-07-20 03:30:26,532 [INFO]     INTERPRETATION: this only ADDS the pre-09:45 window; from 09:45 on, the
2026-07-20 03:30:26,532 [INFO]     normal engines (incl. Feature 1) already run. No confirmation candle is
2026-07-20 03:30:26,532 [INFO]     required here (spec did not ask for one).
2026-07-20 03:30:26,532 [INFO] 
2026-07-20 03:30:26,532 [INFO]   + Classic pivots computed at boot from prior-day H/L/C → DAY.pivots
2026-07-20 03:30:26,532 [INFO]     {P,S1,R1,S2,R2}; min_dist_to_pivots() helper. New fetch_nifty_fut_5m().
2026-07-20 03:30:26,532 [INFO] 
2026-07-20 03:30:26,532 [INFO] === REJECTED DECISIONS (DO NOT RE-ADD WITHOUT NEW BACKTEST EVIDENCE) ===
2026-07-20 03:30:26,532 [INFO]   SKIP_HOUR_13         : -Rs 46k (kills profitable flips in that window)
2026-07-20 03:30:26,532 [INFO]   SKIP_TUESDAYS        : +Rs 56k but calendar-overfit; RSI gate replaces
2026-07-20 03:30:26,533 [INFO]   ADX<20 filter        : -Rs 16k
2026-07-20 03:30:26,533 [INFO]   ADX<25 filter        : -Rs 34k
2026-07-20 03:30:26,533 [INFO]   BE armor at +15%     : net negative
2026-07-20 03:30:26,533 [INFO]   Same-side flip       : -Rs 191k CATASTROPHIC
2026-07-20 03:30:26,533 [INFO]   REVERSAL_FLIP=True   : WR 12% vs 33%
2026-07-20 03:30:26,533 [INFO]   K cap on CE          : hurts WR (no cap is better)
2026-07-20 03:30:26,533 [INFO]   V2.5.10 macro SMA50  : -Rs 2.3L vs V2.5.9; lagging filter blocked PE in bear phases
2026-07-20 03:30:26,533 [INFO]   V2.5.11 straddle halt: straddle expansion days WR 69.8% > normal 66.9%;
2026-07-20 03:30:26,533 [INFO]                          halting on expansion removed profitable trades (+Rs 2,54,234 phantom)
2026-07-20 03:30:31,708 [INFO] [boot] Logs pushed to GitHub: Nifty_FlightRecorder_V2_5_19_20260720_090024.log, Nifty_BarLevel_V2_5_19_20260720_090024.csv
2026-07-20 03:30:31,848 [INFO] [INDICATORS] spot=24346.7 | 1h: close=24328.8 sma20=24164.4 sma50=24128.1 rsi=65.7 macd=39.79/15.37(bull) | 15m: K=94.8↑(prev 85.6) | regime=CE-eligible halted=False active=False
2026-07-20 03:30:31,848 [INFO] [SIGNAL] CE: reg=True K=True(K=94.8>=38,rising) Kextr=False RSI=True(65.7>53) MACD=True => BLOCK | PE: reg=False K=False(K=94.8<=80,falling) Kextr=True RSI=False(65.7<47) MACD=False => BLOCK
2026-07-20 03:35:34,648 [INFO] [INDICATORS] spot=24346.7 | 1h: close=24328.8 sma20=24164.4 sma50=24128.1 rsi=65.7 macd=39.79/15.37(bull) | 15m: K=94.8↑(prev 85.6) | regime=CE-eligible halted=False active=False
2026-07-20 03:35:34,648 [INFO] [SIGNAL] CE: reg=True K=True(K=94.8>=38,rising) Kextr=False RSI=True(65.7>53) MACD=True => BLOCK | PE: reg=False K=False(K=94.8<=80,falling) Kextr=True RSI=False(65.7<47) MACD=False => BLOCK
2026-07-20 03:35:36,678 [INFO] [periodic] Logs pushed to GitHub: Nifty_FlightRecorder_V2_5_19_20260720_090024.log, Nifty_BarLevel_V2_5_19_20260720_090024.csv
2026-07-20 03:40:38,131 [INFO] [INDICATORS] spot=24346.7 | 1h: close=24328.8 sma20=24164.4 sma50=24128.1 rsi=65.7 macd=39.79/15.37(bull) | 15m: K=94.8↑(prev 85.6) | regime=CE-eligible halted=False active=False
2026-07-20 03:40:38,131 [INFO] [SIGNAL] CE: reg=True K=True(K=94.8>=38,rising) Kextr=False RSI=True(65.7>53) MACD=True => BLOCK | PE: reg=False K=False(K=94.8<=80,falling) Kextr=True RSI=False(65.7<47) MACD=False => BLOCK
2026-07-20 03:40:40,383 [INFO] [periodic] Logs pushed to GitHub: Nifty_FlightRecorder_V2_5_19_20260720_090024.log, Nifty_BarLevel_V2_5_19_20260720_090024.csv
2026-07-20 03:45:11,719 [INFO] [MVWAP] Signal — 24344>24241 body=70% side=CE (morning exception)
2026-07-20 03:45:11,721 [INFO] [VETO] VWAP CE BLOCKED — CE into a DOWNtrend: spot 24222.5 is -18.4 below FUT VWAP 24240.9 (buffer 5)
2026-07-20 03:45:42,698 [INFO] [INDICATORS] spot=24238.8 | 1h: close=24346.7 sma20=24171.6 sma50=24137.4 rsi=66.9 macd=47.19/21.73(bull) | 15m: K=94.8↓(prev 94.8) | regime=CE-eligible halted=False active=False
2026-07-20 03:45:42,698 [INFO] [SIGNAL] CE: reg=True K=False(K=94.8>=38,rising) Kextr=False RSI=True(66.9>53) MACD=True => BLOCK | PE: reg=False K=False(K=94.8<=80,falling) Kextr=True RSI=False(66.9<47) MACD=False => BLOCK
2026-07-20 03:45:45,567 [INFO] [periodic] Logs pushed to GitHub: Nifty_FlightRecorder_V2_5_19_20260720_090024.log, Nifty_BarLevel_V2_5_19_20260720_090024.csv
2026-07-20 03:50:16,981 [INFO] [STRADDLE] Reference: ₹194.5 at 09:20
2026-07-20 03:50:47,140 [INFO] [INDICATORS] spot=24202.2 | 1h: close=24346.7 sma20=24171.6 sma50=24137.4 rsi=66.9 macd=47.19/21.73(bull) | 15m: K=94.8↓(prev 94.8) | regime=CE-eligible halted=False active=False
2026-07-20 03:50:47,140 [INFO] [SIGNAL] CE: reg=True K=False(K=94.8>=38,rising) Kextr=False RSI=True(66.9>53) MACD=True => BLOCK | PE: reg=False K=False(K=94.8<=80,falling) Kextr=True RSI=False(66.9<47) MACD=False => BLOCK
2026-07-20 03:50:49,190 [INFO] [periodic] Logs pushed to GitHub: Nifty_FlightRecorder_V2_5_19_20260720_090024.log, Nifty_BarLevel_V2_5_19_20260720_090024.csv
2026-07-20 03:55:50,645 [INFO] [INDICATORS] spot=24196.5 | 1h: close=24346.7 sma20=24171.6 sma50=24137.4 rsi=66.9 macd=47.19/21.73(bull) | 15m: K=94.8↓(prev 94.8) | regime=CE-eligible halted=False active=False
2026-07-20 03:55:50,645 [INFO] [SIGNAL] CE: reg=True K=False(K=94.8>=38,rising) Kextr=False RSI=True(66.9>53) MACD=True => BLOCK | PE: reg=False K=False(K=94.8<=80,falling) Kextr=True RSI=False(66.9<47) MACD=False => BLOCK
2026-07-20 03:55:52,754 [INFO] [periodic] Logs pushed to GitHub: Nifty_FlightRecorder_V2_5_19_20260720_090024.log, Nifty_BarLevel_V2_5_19_20260720_090024.csv
2026-07-20 04:00:54,251 [INFO] [INDICATORS] spot=24183.2 | 1h: close=24346.7 sma20=24171.6 sma50=24137.4 rsi=66.9 macd=47.19/21.73(bull) | 15m: K=66.7↓(prev 94.8) | regime=CE-eligible halted=False active=False
2026-07-20 04:00:54,251 [INFO] [SIGNAL] CE: reg=True K=False(K=66.7>=38,rising) Kextr=False RSI=True(66.9>53) MACD=True => BLOCK | PE: reg=False K=True(K=66.7<=80,falling) Kextr=True RSI=False(66.9<47) MACD=False => BLOCK
2026-07-20 04:00:57,105 [INFO] [periodic] Logs pushed to GitHub: Nifty_FlightRecorder_V2_5_19_20260720_090024.log, Nifty_BarLevel_V2_5_19_20260720_090024.csv
2026-07-20 04:05:58,649 [INFO] [INDICATORS] spot=24177.2 | 1h: close=24346.7 sma20=24171.6 sma50=24137.4 rsi=66.9 macd=47.19/21.73(bull) | 15m: K=66.7↓(prev 94.8) | regime=CE-eligible halted=False active=False
2026-07-20 04:05:58,649 [INFO] [SIGNAL] CE: reg=True K=False(K=66.7>=38,rising) Kextr=False RSI=True(66.9>53) MACD=True => BLOCK | PE: reg=False K=True(K=66.7<=80,falling) Kextr=True RSI=False(66.9<47) MACD=False => BLOCK
2026-07-20 04:06:00,701 [INFO] [periodic] Logs pushed to GitHub: Nifty_FlightRecorder_V2_5_19_20260720_090024.log, Nifty_BarLevel_V2_5_19_20260720_090024.csv
2026-07-20 04:11:02,192 [INFO] [INDICATORS] spot=24169.3 | 1h: close=24346.7 sma20=24171.6 sma50=24137.4 rsi=66.9 macd=47.19/21.73(bull) | 15m: K=66.7↓(prev 94.8) | regime=CE-eligible halted=False active=False
2026-07-20 04:11:02,192 [INFO] [SIGNAL] CE: reg=True K=False(K=66.7>=38,rising) Kextr=False RSI=True(66.9>53) MACD=True => BLOCK | PE: reg=False K=True(K=66.7<=80,falling) Kextr=True RSI=False(66.9<47) MACD=False => BLOCK
2026-07-20 04:11:04,581 [INFO] [periodic] Logs pushed to GitHub: Nifty_FlightRecorder_V2_5_19_20260720_090024.log, Nifty_BarLevel_V2_5_19_20260720_090024.csv
2026-07-20 04:16:06,969 [INFO] [INDICATORS] spot=24166.1 | 1h: close=24346.7 sma20=24171.6 sma50=24137.4 rsi=66.9 macd=47.19/21.73(bull) | 15m: K=33.3↓(prev 66.7) | regime=CE-eligible halted=False active=False
2026-07-20 04:16:06,970 [INFO] [SIGNAL] CE: reg=True K=False(K=33.3>=38,rising) Kextr=False RSI=True(66.9>53) MACD=True => BLOCK | PE: reg=False K=True(K=33.3<=80,falling) Kextr=True RSI=False(66.9<47) MACD=False => BLOCK
2026-07-20 04:16:09,816 [INFO] [periodic] Logs pushed to GitHub: Nifty_FlightRecorder_V2_5_19_20260720_090024.log, Nifty_BarLevel_V2_5_19_20260720_090024.csv
2026-07-20 04:21:11,485 [INFO] [INDICATORS] spot=24170.8 | 1h: close=24346.7 sma20=24171.6 sma50=24137.4 rsi=66.9 macd=47.19/21.73(bull) | 15m: K=33.3↓(prev 66.7) | regime=CE-eligible halted=False active=False
2026-07-20 04:21:11,485 [INFO] [SIGNAL] CE: reg=True K=False(K=33.3>=38,rising) Kextr=False RSI=True(66.9>53) MACD=True => BLOCK | PE: reg=False K=True(K=33.3<=80,falling) Kextr=True RSI=False(66.9<47) MACD=False => BLOCK
2026-07-20 04:21:13,556 [INFO] [periodic] Logs pushed to GitHub: Nifty_FlightRecorder_V2_5_19_20260720_090024.log, Nifty_BarLevel_V2_5_19_20260720_090024.csv
2026-07-20 04:26:15,073 [INFO] [INDICATORS] spot=24182.2 | 1h: close=24346.7 sma20=24171.6 sma50=24137.4 rsi=66.9 macd=47.19/21.73(bull) | 15m: K=33.3↓(prev 66.7) | regime=CE-eligible halted=False active=False
2026-07-20 04:26:15,073 [INFO] [SIGNAL] CE: reg=True K=False(K=33.3>=38,rising) Kextr=False RSI=True(66.9>53) MACD=True => BLOCK | PE: reg=False K=True(K=33.3<=80,falling) Kextr=True RSI=False(66.9<47) MACD=False => BLOCK
2026-07-20 04:26:17,143 [INFO] [periodic] Logs pushed to GitHub: Nifty_FlightRecorder_V2_5_19_20260720_090024.log, Nifty_BarLevel_V2_5_19_20260720_090024.csv
2026-07-20 04:31:18,657 [INFO] [INDICATORS] spot=24183.3 | 1h: close=24346.7 sma20=24171.6 sma50=24137.4 rsi=66.9 macd=47.19/21.73(bull) | 15m: K=3.3↓(prev 33.3) | regime=CE-eligible halted=False active=False
2026-07-20 04:31:18,657 [INFO] [SIGNAL] CE: reg=True K=False(K=3.3>=38,rising) Kextr=True RSI=True(66.9>53) MACD=True => BLOCK | PE: reg=False K=False(K=3.3<=80,falling) Kextr=True RSI=False(66.9<47) MACD=False => BLOCK
2026-07-20 04:31:21,494 [INFO] [periodic] Logs pushed to GitHub: Nifty_FlightRecorder_V2_5_19_20260720_090024.log, Nifty_BarLevel_V2_5_19_20260720_090024.csv
2026-07-20 04:36:23,023 [INFO] [INDICATORS] spot=24207.8 | 1h: close=24346.7 sma20=24171.6 sma50=24137.4 rsi=66.9 macd=47.19/21.73(bull) | 15m: K=3.3↓(prev 33.3) | regime=CE-eligible halted=False active=False
2026-07-20 04:36:23,023 [INFO] [SIGNAL] CE: reg=True K=False(K=3.3>=38,rising) Kextr=True RSI=True(66.9>53) MACD=True => BLOCK | PE: reg=False K=False(K=3.3<=80,falling) Kextr=True RSI=False(66.9<47) MACD=False => BLOCK
2026-07-20 04:36:25,057 [INFO] [periodic] Logs pushed to GitHub: Nifty_FlightRecorder_V2_5_19_20260720_090024.log, Nifty_BarLevel_V2_5_19_20260720_090024.csv
2026-07-20 04:41:26,587 [INFO] [INDICATORS] spot=24211.0 | 1h: close=24346.7 sma20=24171.6 sma50=24137.4 rsi=66.9 macd=47.19/21.73(bull) | 15m: K=3.3↓(prev 33.3) | regime=CE-eligible halted=False active=False
2026-07-20 04:41:26,587 [INFO] [SIGNAL] CE: reg=True K=False(K=3.3>=38,rising) Kextr=True RSI=True(66.9>53) MACD=True => BLOCK | PE: reg=False K=False(K=3.3<=80,falling) Kextr=True RSI=False(66.9<47) MACD=False => BLOCK
2026-07-20 04:41:28,606 [INFO] [periodic] Logs pushed to GitHub: Nifty_FlightRecorder_V2_5_19_20260720_090024.log, Nifty_BarLevel_V2_5_19_20260720_090024.csv
2026-07-20 04:46:30,118 [INFO] [INDICATORS] spot=24215.3 | 1h: close=24210.0 sma20=24173.4 sma50=24143.6 rsi=51.8 macd=41.54/25.69(bull) | 15m: K=9.9↑(prev 3.3) | regime=CE-eligible halted=False active=False
2026-07-20 04:46:30,118 [INFO] [SIGNAL] CE: reg=True K=False(K=9.9>=38,rising) Kextr=True RSI=False(51.8>53) MACD=True => BLOCK | PE: reg=False K=False(K=9.9<=80,falling) Kextr=False RSI=False(51.8<47) MACD=False => BLOCK
2026-07-20 04:46:32,993 [INFO] [periodic] Logs pushed to GitHub: Nifty_FlightRecorder_V2_5_19_20260720_090024.log, Nifty_BarLevel_V2_5_19_20260720_090024.csv
2026-07-20 04:50:04,041 [INFO] [FUT5VWAP] Signal — 24213>24195 body=77% side=CE (fixed +12pt target)
2026-07-20 04:50:04,079 [INFO] ENTRY: NFO:NIFTY2672124200CE @ 92.70  engine=FUT5VWAP  detail=FUT5 VWAP cross 24213>24195 body=77% pivΔ=38pt | bar=74
2026-07-20 04:51:35,493 [INFO] [INDICATORS] spot=24222.2 | 1h: close=24210.0 sma20=24173.4 sma50=24143.6 rsi=51.8 macd=41.54/25.69(bull) | 15m: K=9.9↑(prev 3.3) | regime=CE-eligible halted=False active=True
2026-07-20 04:51:35,494 [INFO] [SIGNAL] CE: reg=True K=False(K=9.9>=38,rising) Kextr=True RSI=False(51.8>53) MACD=True => BLOCK | PE: reg=False K=False(K=9.9<=80,falling) Kextr=False RSI=False(51.8<47) MACD=False => BLOCK
2026-07-20 04:51:35,494 [INFO] [STATE] CE NFO:NIFTY2672124200CE ltp=89.35 entry=92.70 pnl=-3.35(-3.6%) sl=76.01 peak=92.70 tr_armed=False elapsed=1min
2026-07-20 04:51:37,544 [INFO] [periodic] Logs pushed to GitHub: Nifty_FlightRecorder_V2_5_19_20260720_090024.log, Nifty_BarLevel_V2_5_19_20260720_090024.csv
2026-07-20 04:56:39,155 [INFO] [INDICATORS] spot=24218.5 | 1h: close=24210.0 sma20=24173.4 sma50=24143.6 rsi=51.8 macd=41.54/25.69(bull) | 15m: K=9.9↑(prev 3.3) | regime=CE-eligible halted=False active=True
2026-07-20 04:56:39,155 [INFO] [SIGNAL] CE: reg=True K=False(K=9.9>=38,rising) Kextr=True RSI=False(51.8>53) MACD=True => BLOCK | PE: reg=False K=False(K=9.9<=80,falling) Kextr=False RSI=False(51.8<47) MACD=False => BLOCK
2026-07-20 04:56:39,155 [INFO] [STATE] CE NFO:NIFTY2672124200CE ltp=89.10 entry=92.70 pnl=-3.60(-3.9%) sl=76.01 peak=92.70 tr_armed=False elapsed=6min
2026-07-20 04:56:41,205 [INFO] [periodic] Logs pushed to GitHub: Nifty_FlightRecorder_V2_5_19_20260720_090024.log, Nifty_BarLevel_V2_5_19_20260720_090024.csv
2026-07-20 05:01:42,893 [INFO] [INDICATORS] spot=24235.5 | 1h: close=24210.0 sma20=24173.4 sma50=24143.6 rsi=51.8 macd=41.54/25.69(bull) | 15m: K=19.9↑(prev 9.9) | regime=CE-eligible halted=False active=True
2026-07-20 05:01:42,894 [INFO] [SIGNAL] CE: reg=True K=False(K=19.9>=38,rising) Kextr=True RSI=False(51.8>53) MACD=True => BLOCK | PE: reg=False K=False(K=19.9<=80,falling) Kextr=False RSI=False(51.8<47) MACD=False => BLOCK
2026-07-20 05:01:42,894 [INFO] [STATE] CE NFO:NIFTY2672124200CE ltp=97.60 entry=92.70 pnl=+4.90(+5.3%) sl=76.01 peak=97.60 tr_armed=False elapsed=11min
2026-07-20 05:01:45,769 [INFO] [periodic] Logs pushed to GitHub: Nifty_FlightRecorder_V2_5_19_20260720_090024.log, Nifty_BarLevel_V2_5_19_20260720_090024.csv
2026-07-20 05:06:47,409 [INFO] [INDICATORS] spot=24220.9 | 1h: close=24210.0 sma20=24173.4 sma50=24143.6 rsi=51.8 macd=41.54/25.69(bull) | 15m: K=19.9↑(prev 9.9) | regime=CE-eligible halted=False active=True
2026-07-20 05:06:47,409 [INFO] [SIGNAL] CE: reg=True K=False(K=19.9>=38,rising) Kextr=True RSI=False(51.8>53) MACD=True => BLOCK | PE: reg=False K=False(K=19.9<=80,falling) Kextr=False RSI=False(51.8<47) MACD=False => BLOCK
2026-07-20 05:06:47,409 [INFO] [STATE] CE NFO:NIFTY2672124200CE ltp=86.55 entry=92.70 pnl=-6.15(-6.6%) sl=76.01 peak=97.60 tr_armed=False elapsed=16min
2026-07-20 05:06:49,692 [INFO] [periodic] Logs pushed to GitHub: Nifty_FlightRecorder_V2_5_19_20260720_090024.log, Nifty_BarLevel_V2_5_19_20260720_090024.csv
2026-07-20 05:11:51,746 [INFO] [INDICATORS] spot=24217.5 | 1h: close=24210.0 sma20=24173.4 sma50=24143.6 rsi=51.8 macd=41.54/25.69(bull) | 15m: K=19.9↑(prev 9.9) | regime=CE-eligible halted=False active=True
2026-07-20 05:11:51,746 [INFO] [SIGNAL] CE: reg=True K=False(K=19.9>=38,rising) Kextr=True RSI=False(51.8>53) MACD=True => BLOCK | PE: reg=False K=False(K=19.9<=80,falling) Kextr=False RSI=False(51.8<47) MACD=False => BLOCK
2026-07-20 05:11:51,747 [INFO] [STATE] CE NFO:NIFTY2672124200CE ltp=81.70 entry=92.70 pnl=-11.00(-11.9%) sl=76.01 peak=97.60 tr_armed=False elapsed=21min
2026-07-20 05:11:53,879 [INFO] [periodic] Logs pushed to GitHub: Nifty_FlightRecorder_V2_5_19_20260720_090024.log, Nifty_BarLevel_V2_5_19_20260720_090024.csv
2026-07-20 05:16:55,814 [INFO] [INDICATORS] spot=24223.0 | 1h: close=24210.0 sma20=24173.4 sma50=24143.6 rsi=51.8 macd=41.54/25.69(bull) | 15m: K=24.7↑(prev 19.9) | regime=CE-eligible halted=False active=True
2026-07-20 05:16:55,814 [INFO] [SIGNAL] CE: reg=True K=False(K=24.7>=38,rising) Kextr=True RSI=False(51.8>53) MACD=True => BLOCK | PE: reg=False K=False(K=24.7<=80,falling) Kextr=False RSI=False(51.8<47) MACD=False => BLOCK
2026-07-20 05:16:55,814 [INFO] [STATE] CE NFO:NIFTY2672124200CE ltp=85.00 entry=92.70 pnl=-7.70(-8.3%) sl=76.01 peak=97.60 tr_armed=False elapsed=26min
2026-07-20 05:16:58,719 [INFO] [periodic] Logs pushed to GitHub: Nifty_FlightRecorder_V2_5_19_20260720_090024.log, Nifty_BarLevel_V2_5_19_20260720_090024.csv
2026-07-20 05:22:00,673 [INFO] [INDICATORS] spot=24229.2 | 1h: close=24210.0 sma20=24173.4 sma50=24143.6 rsi=51.8 macd=41.54/25.69(bull) | 15m: K=24.7↑(prev 19.9) | regime=CE-eligible halted=False active=True
2026-07-20 05:22:00,674 [INFO] [SIGNAL] CE: reg=True K=False(K=24.7>=38,rising) Kextr=True RSI=False(51.8>53) MACD=True => BLOCK | PE: reg=False K=False(K=24.7<=80,falling) Kextr=False RSI=False(51.8<47) MACD=False => BLOCK
2026-07-20 05:22:00,674 [INFO] [STATE] CE NFO:NIFTY2672124200CE ltp=89.60 entry=92.70 pnl=-3.10(-3.3%) sl=76.01 peak=97.60 tr_armed=False elapsed=31min
2026-07-20 05:22:02,774 [INFO] [periodic] Logs pushed to GitHub: Nifty_FlightRecorder_V2_5_19_20260720_090024.log, Nifty_BarLevel_V2_5_19_20260720_090024.csv
2026-07-20 05:27:04,779 [INFO] [INDICATORS] spot=24224.4 | 1h: close=24210.0 sma20=24173.4 sma50=24143.6 rsi=51.8 macd=41.54/25.69(bull) | 15m: K=24.7↑(prev 19.9) | regime=CE-eligible halted=False active=True
2026-07-20 05:27:04,779 [INFO] [SIGNAL] CE: reg=True K=False(K=24.7>=38,rising) Kextr=True RSI=False(51.8>53) MACD=True => BLOCK | PE: reg=False K=False(K=24.7<=80,falling) Kextr=False RSI=False(51.8<47) MACD=False => BLOCK
2026-07-20 05:27:04,779 [INFO] [STATE] CE NFO:NIFTY2672124200CE ltp=85.80 entry=92.70 pnl=-6.90(-7.4%) sl=76.01 peak=97.60 tr_armed=False elapsed=37min
2026-07-20 05:27:06,956 [INFO] [periodic] Logs pushed to GitHub: Nifty_FlightRecorder_V2_5_19_20260720_090024.log, Nifty_BarLevel_V2_5_19_20260720_090024.csv
2026-07-20 05:32:09,001 [INFO] [INDICATORS] spot=24222.0 | 1h: close=24210.0 sma20=24173.4 sma50=24143.6 rsi=51.8 macd=41.54/25.69(bull) | 15m: K=27.9↑(prev 24.7) | regime=CE-eligible halted=False active=True
2026-07-20 05:32:09,001 [INFO] [SIGNAL] CE: reg=True K=False(K=27.9>=38,rising) Kextr=True RSI=False(51.8>53) MACD=True => BLOCK | PE: reg=False K=False(K=27.9<=80,falling) Kextr=False RSI=False(51.8<47) MACD=False => BLOCK
2026-07-20 05:32:09,001 [INFO] [STATE] CE NFO:NIFTY2672124200CE ltp=85.65 entry=92.70 pnl=-7.05(-7.6%) sl=76.01 peak=97.60 tr_armed=False elapsed=42min
2026-07-20 05:32:12,030 [INFO] [periodic] Logs pushed to GitHub: Nifty_FlightRecorder_V2_5_19_20260720_090024.log, Nifty_BarLevel_V2_5_19_20260720_090024.csv
2026-07-20 05:37:13,992 [INFO] [INDICATORS] spot=24221.8 | 1h: close=24210.0 sma20=24173.4 sma50=24143.6 rsi=51.8 macd=41.54/25.69(bull) | 15m: K=27.9↑(prev 24.7) | regime=CE-eligible halted=False active=True
2026-07-20 05:37:13,992 [INFO] [SIGNAL] CE: reg=True K=False(K=27.9>=38,rising) Kextr=True RSI=False(51.8>53) MACD=True => BLOCK | PE: reg=False K=False(K=27.9<=80,falling) Kextr=False RSI=False(51.8<47) MACD=False => BLOCK
2026-07-20 05:37:13,992 [INFO] [STATE] CE NFO:NIFTY2672124200CE ltp=86.85 entry=92.70 pnl=-5.85(-6.3%) sl=76.01 peak=97.60 tr_armed=False elapsed=47min
2026-07-20 05:37:16,121 [INFO] [periodic] Logs pushed to GitHub: Nifty_FlightRecorder_V2_5_19_20260720_090024.log, Nifty_BarLevel_V2_5_19_20260720_090024.csv
2026-07-20 05:42:18,108 [INFO] [INDICATORS] spot=24220.3 | 1h: close=24210.0 sma20=24173.4 sma50=24143.6 rsi=51.8 macd=41.54/25.69(bull) | 15m: K=27.9↑(prev 24.7) | regime=CE-eligible halted=False active=True
2026-07-20 05:42:18,108 [INFO] [SIGNAL] CE: reg=True K=False(K=27.9>=38,rising) Kextr=True RSI=False(51.8>53) MACD=True => BLOCK | PE: reg=False K=False(K=27.9<=80,falling) Kextr=False RSI=False(51.8<47) MACD=False => BLOCK
2026-07-20 05:42:18,108 [INFO] [STATE] CE NFO:NIFTY2672124200CE ltp=83.45 entry=92.70 pnl=-9.25(-10.0%) sl=76.01 peak=97.60 tr_armed=False elapsed=52min
2026-07-20 05:42:20,312 [INFO] [periodic] Logs pushed to GitHub: Nifty_FlightRecorder_V2_5_19_20260720_090024.log, Nifty_BarLevel_V2_5_19_20260720_090024.csv
2026-07-20 05:47:22,245 [INFO] [INDICATORS] spot=24212.0 | 1h: close=24214.6 sma20=24174.6 sma50=24147.0 rsi=52.2 macd=37.01/27.96(bull) | 15m: K=25.7↓(prev 27.9) | regime=CE-eligible halted=False active=True
2026-07-20 05:47:22,246 [INFO] [SIGNAL] CE: reg=True K=False(K=25.7>=38,rising) Kextr=True RSI=False(52.2>53) MACD=True => BLOCK | PE: reg=False K=True(K=25.7<=80,falling) Kextr=False RSI=False(52.2<47) MACD=False => BLOCK
2026-07-20 05:47:22,246 [INFO] [STATE] CE NFO:NIFTY2672124200CE ltp=80.40 entry=92.70 pnl=-12.30(-13.3%) sl=76.01 peak=97.60 tr_armed=False elapsed=57min
2026-07-20 05:47:25,343 [INFO] [periodic] Logs pushed to GitHub: Nifty_FlightRecorder_V2_5_19_20260720_090024.log, Nifty_BarLevel_V2_5_19_20260720_090024.csv
2026-07-20 05:52:27,338 [INFO] [INDICATORS] spot=24220.7 | 1h: close=24214.6 sma20=24174.6 sma50=24147.0 rsi=52.2 macd=37.01/27.96(bull) | 15m: K=25.7↓(prev 27.9) | regime=CE-eligible halted=False active=True
2026-07-20 05:52:27,339 [INFO] [SIGNAL] CE: reg=True K=False(K=25.7>=38,rising) Kextr=True RSI=False(52.2>53) MACD=True => BLOCK | PE: reg=False K=True(K=25.7<=80,falling) Kextr=False RSI=False(52.2<47) MACD=False => BLOCK
2026-07-20 05:52:27,339 [INFO] [STATE] CE NFO:NIFTY2672124200CE ltp=81.20 entry=92.70 pnl=-11.50(-12.4%) sl=76.01 peak=97.60 tr_armed=False elapsed=62min
2026-07-20 05:52:29,479 [INFO] [periodic] Logs pushed to GitHub: Nifty_FlightRecorder_V2_5_19_20260720_090024.log, Nifty_BarLevel_V2_5_19_20260720_090024.csv
2026-07-20 05:57:31,438 [INFO] [INDICATORS] spot=24218.2 | 1h: close=24214.6 sma20=24174.6 sma50=24147.0 rsi=52.2 macd=37.01/27.96(bull) | 15m: K=25.7↓(prev 27.9) | regime=CE-eligible halted=False active=True
2026-07-20 05:57:31,439 [INFO] [SIGNAL] CE: reg=True K=False(K=25.7>=38,rising) Kextr=True RSI=False(52.2>53) MACD=True => BLOCK | PE: reg=False K=True(K=25.7<=80,falling) Kextr=False RSI=False(52.2<47) MACD=False => BLOCK
2026-07-20 05:57:31,439 [INFO] [STATE] CE NFO:NIFTY2672124200CE ltp=82.75 entry=92.70 pnl=-9.95(-10.7%) sl=76.01 peak=97.60 tr_armed=False elapsed=67min
2026-07-20 05:57:33,470 [INFO] [periodic] Logs pushed to GitHub: Nifty_FlightRecorder_V2_5_19_20260720_090024.log, Nifty_BarLevel_V2_5_19_20260720_090024.csv
2026-07-20 05:59:04,035 [INFO] [CB] losses=1/4 (reason=HARDSL_-18pct)
2026-07-20 05:59:04,035 [INFO] EXIT: NFO:NIFTY2672124200CE @ 76.01 reason=HARDSL_-18pct pnl/sh=-16.69 is_flip=False losses=1/4
2026-07-20 05:59:35,047 [INFO] [CHOPGATE] Clear to trade — ER=0.36 crosses=1 range=148pt
2026-07-20 06:02:37,114 [INFO] [INDICATORS] spot=24205.5 | 1h: close=24214.6 sma20=24174.6 sma50=24147.0 rsi=52.2 macd=37.01/27.96(bull) | 15m: K=24.5↓(prev 25.7) | regime=CE-eligible halted=False active=False
2026-07-20 06:02:37,115 [INFO] [SIGNAL] CE: reg=True K=False(K=24.5>=38,rising) Kextr=True RSI=False(52.2>53) MACD=True => BLOCK | PE: reg=False K=False(K=24.5<=80,falling) Kextr=False RSI=False(52.2<47) MACD=False => BLOCK
2026-07-20 06:02:40,003 [INFO] [periodic] Logs pushed to GitHub: Nifty_FlightRecorder_V2_5_19_20260720_090024.log, Nifty_BarLevel_V2_5_19_20260720_090024.csv
2026-07-20 06:07:42,108 [INFO] [INDICATORS] spot=24207.0 | 1h: close=24214.6 sma20=24174.6 sma50=24147.0 rsi=52.2 macd=37.01/27.96(bull) | 15m: K=24.5↓(prev 25.7) | regime=CE-eligible halted=False active=False
2026-07-20 06:07:42,108 [INFO] [SIGNAL] CE: reg=True K=False(K=24.5>=38,rising) Kextr=True RSI=False(52.2>53) MACD=True => BLOCK | PE: reg=False K=False(K=24.5<=80,falling) Kextr=False RSI=False(52.2<47) MACD=False => BLOCK
2026-07-20 06:07:44,229 [INFO] [periodic] Logs pushed to GitHub: Nifty_FlightRecorder_V2_5_19_20260720_090024.log, Nifty_BarLevel_V2_5_19_20260720_090024.csv
2026-07-20 06:12:46,092 [INFO] [INDICATORS] spot=24205.3 | 1h: close=24214.6 sma20=24174.6 sma50=24147.0 rsi=52.2 macd=37.01/27.96(bull) | 15m: K=24.5↓(prev 25.7) | regime=CE-eligible halted=False active=False
2026-07-20 06:12:46,092 [INFO] [SIGNAL] CE: reg=True K=False(K=24.5>=38,rising) Kextr=True RSI=False(52.2>53) MACD=True => BLOCK | PE: reg=False K=False(K=24.5<=80,falling) Kextr=False RSI=False(52.2<47) MACD=False => BLOCK
2026-07-20 06:12:48,207 [INFO] [periodic] Logs pushed to GitHub: Nifty_FlightRecorder_V2_5_19_20260720_090024.log, Nifty_BarLevel_V2_5_19_20260720_090024.csv
2026-07-20 06:17:50,095 [INFO] [INDICATORS] spot=24193.2 | 1h: close=24214.6 sma20=24174.6 sma50=24147.0 rsi=52.2 macd=37.01/27.96(bull) | 15m: K=19.3↓(prev 24.5) | regime=CE-eligible halted=False active=False
2026-07-20 06:17:50,095 [INFO] [SIGNAL] CE: reg=True K=False(K=19.3>=38,rising) Kextr=True RSI=False(52.2>53) MACD=True => BLOCK | PE: reg=False K=False(K=19.3<=80,falling) Kextr=False RSI=False(52.2<47) MACD=False => BLOCK
2026-07-20 06:17:53,143 [INFO] [periodic] Logs pushed to GitHub: Nifty_FlightRecorder_V2_5_19_20260720_090024.log, Nifty_BarLevel_V2_5_19_20260720_090024.csv
2026-07-20 06:22:55,013 [INFO] [INDICATORS] spot=24187.6 | 1h: close=24214.6 sma20=24174.6 sma50=24147.0 rsi=52.2 macd=37.01/27.96(bull) | 15m: K=19.3↓(prev 24.5) | regime=CE-eligible halted=False active=False
2026-07-20 06:22:55,013 [INFO] [SIGNAL] CE: reg=True K=False(K=19.3>=38,rising) Kextr=True RSI=False(52.2>53) MACD=True => BLOCK | PE: reg=False K=False(K=19.3<=80,falling) Kextr=False RSI=False(52.2<47) MACD=False => BLOCK
2026-07-20 06:22:57,149 [INFO] [periodic] Logs pushed to GitHub: Nifty_FlightRecorder_V2_5_19_20260720_090024.log, Nifty_BarLevel_V2_5_19_20260720_090024.csv
2026-07-20 06:27:59,006 [INFO] [INDICATORS] spot=24183.8 | 1h: close=24214.6 sma20=24174.6 sma50=24147.0 rsi=52.2 macd=37.01/27.96(bull) | 15m: K=19.3↓(prev 24.5) | regime=CE-eligible halted=False active=False
2026-07-20 06:27:59,007 [INFO] [SIGNAL] CE: reg=True K=False(K=19.3>=38,rising) Kextr=True RSI=False(52.2>53) MACD=True => BLOCK | PE: reg=False K=False(K=19.3<=80,falling) Kextr=False RSI=False(52.2<47) MACD=False => BLOCK
2026-07-20 06:28:01,199 [INFO] [periodic] Logs pushed to GitHub: Nifty_FlightRecorder_V2_5_19_20260720_090024.log, Nifty_BarLevel_V2_5_19_20260720_090024.csv
2026-07-20 06:30:32,205 [INFO] ENTRY: NFO:NIFTY2672124200CE @ 65.35  engine=V3  detail=Grade B R-cluster REJECT-CE at 24193
2026-07-20 06:33:04,381 [INFO] [INDICATORS] spot=24183.0 | 1h: close=24214.6 sma20=24174.6 sma50=24147.0 rsi=52.2 macd=37.01/27.96(bull) | 15m: K=15.3↓(prev 19.3) | regime=CE-eligible halted=False active=True
2026-07-20 06:33:04,381 [INFO] [SIGNAL] CE: reg=True K=False(K=15.3>=38,rising) Kextr=True RSI=False(52.2>53) MACD=True => BLOCK | PE: reg=False K=False(K=15.3<=80,falling) Kextr=False RSI=False(52.2<47) MACD=False => BLOCK
2026-07-20 06:33:04,381 [INFO] [STATE] CE NFO:NIFTY2672124200CE ltp=64.80 entry=65.35 pnl=-0.55(-0.8%) sl=53.59 peak=65.50 tr_armed=False elapsed=2min
2026-07-20 06:33:07,438 [INFO] [periodic] Logs pushed to GitHub: Nifty_FlightRecorder_V2_5_19_20260720_090024.log, Nifty_BarLevel_V2_5_19_20260720_090024.csv
2026-07-20 06:38:09,852 [INFO] [INDICATORS] spot=24183.2 | 1h: close=24214.6 sma20=24174.6 sma50=24147.0 rsi=52.2 macd=37.01/27.96(bull) | 15m: K=15.3↓(prev 19.3) | regime=CE-eligible halted=False active=True
2026-07-20 06:38:09,852 [INFO] [SIGNAL] CE: reg=True K=False(K=15.3>=38,rising) Kextr=True RSI=False(52.2>53) MACD=True => BLOCK | PE: reg=False K=False(K=15.3<=80,falling) Kextr=False RSI=False(52.2<47) MACD=False => BLOCK
2026-07-20 06:38:09,852 [INFO] [STATE] CE NFO:NIFTY2672124200CE ltp=63.35 entry=65.35 pnl=-2.00(-3.1%) sl=53.59 peak=65.50 tr_armed=False elapsed=7min
2026-07-20 06:38:12,972 [INFO] [periodic] Logs pushed to GitHub: Nifty_FlightRecorder_V2_5_19_20260720_090024.log, Nifty_BarLevel_V2_5_19_20260720_090024.csv
2026-07-20 06:43:15,217 [INFO] [INDICATORS] spot=24188.8 | 1h: close=24214.6 sma20=24174.6 sma50=24147.0 rsi=52.2 macd=37.01/27.96(bull) | 15m: K=15.3↓(prev 19.3) | regime=CE-eligible halted=False active=True
2026-07-20 06:43:15,219 [INFO] [SIGNAL] CE: reg=True K=False(K=15.3>=38,rising) Kextr=True RSI=False(52.2>53) MACD=True => BLOCK | PE: reg=False K=False(K=15.3<=80,falling) Kextr=False RSI=False(52.2<47) MACD=False => BLOCK
2026-07-20 06:43:15,219 [INFO] [STATE] CE NFO:NIFTY2672124200CE ltp=66.90 entry=65.35 pnl=+1.55(+2.4%) sl=53.59 peak=69.60 tr_armed=False elapsed=12min
2026-07-20 06:43:17,562 [INFO] [periodic] Logs pushed to GitHub: Nifty_FlightRecorder_V2_5_19_20260720_090024.log, Nifty_BarLevel_V2_5_19_20260720_090024.csv
2026-07-20 06:48:19,736 [INFO] [INDICATORS] spot=24196.2 | 1h: close=24187.7 sma20=24181.3 sma50=24150.5 rsi=49.7 macd=30.89/28.54(bull) | 15m: K=11.7↓(prev 15.3) | regime=CE-eligible halted=False active=True
2026-07-20 06:48:19,736 [INFO] [SIGNAL] CE: reg=True K=False(K=11.7>=38,rising) Kextr=True RSI=False(49.7>53) MACD=True => BLOCK | PE: reg=False K=False(K=11.7<=80,falling) Kextr=False RSI=False(49.7<47) MACD=False => BLOCK
2026-07-20 06:48:19,736 [INFO] [STATE] CE NFO:NIFTY2672124200CE ltp=69.00 entry=65.35 pnl=+3.65(+5.6%) sl=53.59 peak=71.15 tr_armed=False elapsed=17min
2026-07-20 06:48:22,819 [INFO] [periodic] Logs pushed to GitHub: Nifty_FlightRecorder_V2_5_19_20260720_090024.log, Nifty_BarLevel_V2_5_19_20260720_090024.csv
2026-07-20 06:53:25,052 [INFO] [INDICATORS] spot=24190.7 | 1h: close=24187.7 sma20=24181.3 sma50=24150.5 rsi=49.7 macd=30.89/28.54(bull) | 15m: K=11.7↓(prev 15.3) | regime=CE-eligible halted=False active=True
2026-07-20 06:53:25,053 [INFO] [SIGNAL] CE: reg=True K=False(K=11.7>=38,rising) Kextr=True RSI=False(49.7>53) MACD=True => BLOCK | PE: reg=False K=False(K=11.7<=80,falling) Kextr=False RSI=False(49.7<47) MACD=False => BLOCK
2026-07-20 06:53:25,053 [INFO] [STATE] CE NFO:NIFTY2672124200CE ltp=67.00 entry=65.35 pnl=+1.65(+2.5%) sl=53.59 peak=72.40 tr_armed=False elapsed=22min
2026-07-20 06:53:27,098 [INFO] [periodic] Logs pushed to GitHub: Nifty_FlightRecorder_V2_5_19_20260720_090024.log, Nifty_BarLevel_V2_5_19_20260720_090024.csv
2026-07-20 06:58:29,378 [INFO] [INDICATORS] spot=24179.6 | 1h: close=24187.7 sma20=24181.3 sma50=24150.5 rsi=49.7 macd=30.89/28.54(bull) | 15m: K=11.7↓(prev 15.3) | regime=CE-eligible halted=False active=True
2026-07-20 06:58:29,378 [INFO] [SIGNAL] CE: reg=True K=False(K=11.7>=38,rising) Kextr=True RSI=False(49.7>53) MACD=True => BLOCK | PE: reg=False K=False(K=11.7<=80,falling) Kextr=False RSI=False(49.7<47) MACD=False => BLOCK
2026-07-20 06:58:29,378 [INFO] [STATE] CE NFO:NIFTY2672124200CE ltp=62.50 entry=65.35 pnl=-2.85(-4.4%) sl=53.59 peak=72.40 tr_armed=False elapsed=27min
2026-07-20 06:58:31,473 [INFO] [periodic] Logs pushed to GitHub: Nifty_FlightRecorder_V2_5_19_20260720_090024.log, Nifty_BarLevel_V2_5_19_20260720_090024.csv
2026-07-20 07:03:33,770 [INFO] [INDICATORS] spot=24178.2 | 1h: close=24187.7 sma20=24181.3 sma50=24150.5 rsi=49.7 macd=30.89/28.54(bull) | 15m: K=7.6↓(prev 11.7) | regime=CE-eligible halted=False active=True
2026-07-20 07:03:33,770 [INFO] [SIGNAL] CE: reg=True K=False(K=7.6>=38,rising) Kextr=True RSI=False(49.7>53) MACD=True => BLOCK | PE: reg=False K=False(K=7.6<=80,falling) Kextr=False RSI=False(49.7<47) MACD=False => BLOCK
2026-07-20 07:03:33,770 [INFO] [STATE] CE NFO:NIFTY2672124200CE ltp=61.45 entry=65.35 pnl=-3.90(-6.0%) sl=53.59 peak=72.40 tr_armed=False elapsed=33min
2026-07-20 07:03:36,709 [INFO] [periodic] Logs pushed to GitHub: Nifty_FlightRecorder_V2_5_19_20260720_090024.log, Nifty_BarLevel_V2_5_19_20260720_090024.csv
2026-07-20 07:08:38,930 [INFO] [INDICATORS] spot=24167.0 | 1h: close=24187.7 sma20=24181.3 sma50=24150.5 rsi=49.7 macd=30.89/28.54(bull) | 15m: K=7.6↓(prev 11.7) | regime=CE-eligible halted=False active=True
2026-07-20 07:08:38,931 [INFO] [SIGNAL] CE: reg=True K=False(K=7.6>=38,rising) Kextr=True RSI=False(49.7>53) MACD=True => BLOCK | PE: reg=False K=False(K=7.6<=80,falling) Kextr=False RSI=False(49.7<47) MACD=False => BLOCK
2026-07-20 07:08:38,931 [INFO] [STATE] CE NFO:NIFTY2672124200CE ltp=56.50 entry=65.35 pnl=-8.85(-13.5%) sl=53.59 peak=72.40 tr_armed=False elapsed=38min
2026-07-20 07:08:40,971 [INFO] [periodic] Logs pushed to GitHub: Nifty_FlightRecorder_V2_5_19_20260720_090024.log, Nifty_BarLevel_V2_5_19_20260720_090024.csv
2026-07-20 07:13:43,196 [INFO] [INDICATORS] spot=24162.4 | 1h: close=24187.7 sma20=24181.3 sma50=24150.5 rsi=49.7 macd=30.89/28.54(bull) | 15m: K=7.6↓(prev 11.7) | regime=CE-eligible halted=False active=True
2026-07-20 07:13:43,196 [INFO] [SIGNAL] CE: reg=True K=False(K=7.6>=38,rising) Kextr=True RSI=False(49.7>53) MACD=True => BLOCK | PE: reg=False K=False(K=7.6<=80,falling) Kextr=False RSI=False(49.7<47) MACD=False => BLOCK
2026-07-20 07:13:43,197 [INFO] [STATE] CE NFO:NIFTY2672124200CE ltp=56.10 entry=65.35 pnl=-9.25(-14.2%) sl=53.59 peak=72.40 tr_armed=False elapsed=43min
2026-07-20 07:13:45,412 [INFO] [periodic] Logs pushed to GitHub: Nifty_FlightRecorder_V2_5_19_20260720_090024.log, Nifty_BarLevel_V2_5_19_20260720_090024.csv
2026-07-20 07:16:46,739 [INFO] [CB] losses=2/4 (reason=HARDSL_-18pct)
2026-07-20 07:16:46,739 [INFO] EXIT: NFO:NIFTY2672124200CE @ 53.59 reason=HARDSL_-18pct pnl/sh=-11.76 is_flip=False losses=2/4
2026-07-20 07:18:48,269 [INFO] [INDICATORS] spot=24140.6 | 1h: close=24187.7 sma20=24181.3 sma50=24150.5 rsi=49.7 macd=30.89/28.54(bull) | 15m: K=4.0↓(prev 7.6) | regime=CE-eligible halted=False active=False
2026-07-20 07:18:48,269 [INFO] [SIGNAL] CE: reg=True K=False(K=4.0>=38,rising) Kextr=True RSI=False(49.7>53) MACD=True => BLOCK | PE: reg=False K=False(K=4.0<=80,falling) Kextr=False RSI=False(49.7<47) MACD=False => BLOCK
2026-07-20 07:18:51,349 [INFO] [periodic] Logs pushed to GitHub: Nifty_FlightRecorder_V2_5_19_20260720_090024.log, Nifty_BarLevel_V2_5_19_20260720_090024.csv
2026-07-20 07:23:53,071 [INFO] [INDICATORS] spot=24160.2 | 1h: close=24187.7 sma20=24181.3 sma50=24150.5 rsi=49.7 macd=30.89/28.54(bull) | 15m: K=4.0↓(prev 7.6) | regime=CE-eligible halted=False active=False
2026-07-20 07:23:53,071 [INFO] [SIGNAL] CE: reg=True K=False(K=4.0>=38,rising) Kextr=True RSI=False(49.7>53) MACD=True => BLOCK | PE: reg=False K=False(K=4.0<=80,falling) Kextr=False RSI=False(49.7<47) MACD=False => BLOCK
2026-07-20 07:23:55,175 [INFO] [periodic] Logs pushed to GitHub: Nifty_FlightRecorder_V2_5_19_20260720_090024.log, Nifty_BarLevel_V2_5_19_20260720_090024.csv
2026-07-20 07:28:56,873 [INFO] [INDICATORS] spot=24186.5 | 1h: close=24187.7 sma20=24181.3 sma50=24150.5 rsi=49.7 macd=30.89/28.54(bull) | 15m: K=4.0↓(prev 7.6) | regime=CE-eligible halted=False active=False
2026-07-20 07:28:56,874 [INFO] [SIGNAL] CE: reg=True K=False(K=4.0>=38,rising) Kextr=True RSI=False(49.7>53) MACD=True => BLOCK | PE: reg=False K=False(K=4.0<=80,falling) Kextr=False RSI=False(49.7<47) MACD=False => BLOCK
2026-07-20 07:28:59,071 [INFO] [periodic] Logs pushed to GitHub: Nifty_FlightRecorder_V2_5_19_20260720_090024.log, Nifty_BarLevel_V2_5_19_20260720_090024.csv
2026-07-20 07:34:00,788 [INFO] [INDICATORS] spot=24182.0 | 1h: close=24187.7 sma20=24181.3 sma50=24150.5 rsi=49.7 macd=30.89/28.54(bull) | 15m: K=21.5↑(prev 4.0) | regime=CE-eligible halted=False active=False
2026-07-20 07:34:00,788 [INFO] [SIGNAL] CE: reg=True K=False(K=21.5>=38,rising) Kextr=True RSI=False(49.7>53) MACD=True => BLOCK | PE: reg=False K=False(K=21.5<=80,falling) Kextr=False RSI=False(49.7<47) MACD=False => BLOCK
2026-07-20 07:34:04,063 [INFO] [periodic] Logs pushed to GitHub: Nifty_FlightRecorder_V2_5_19_20260720_090024.log, Nifty_BarLevel_V2_5_19_20260720_090024.csv
2026-07-20 07:39:05,750 [INFO] [INDICATORS] spot=24179.0 | 1h: close=24187.7 sma20=24181.3 sma50=24150.5 rsi=49.7 macd=30.89/28.54(bull) | 15m: K=21.5↑(prev 4.0) | regime=CE-eligible halted=False active=False
2026-07-20 07:39:05,751 [INFO] [SIGNAL] CE: reg=True K=False(K=21.5>=38,rising) Kextr=True RSI=False(49.7>53) MACD=True => BLOCK | PE: reg=False K=False(K=21.5<=80,falling) Kextr=False RSI=False(49.7<47) MACD=False => BLOCK
2026-07-20 07:39:07,932 [INFO] [periodic] Logs pushed to GitHub: Nifty_FlightRecorder_V2_5_19_20260720_090024.log, Nifty_BarLevel_V2_5_19_20260720_090024.csv
2026-07-20 07:44:09,631 [INFO] [INDICATORS] spot=24196.5 | 1h: close=24187.7 sma20=24181.3 sma50=24150.5 rsi=49.7 macd=30.89/28.54(bull) | 15m: K=21.5↑(prev 4.0) | regime=CE-eligible halted=False active=False
2026-07-20 07:44:09,633 [INFO] [SIGNAL] CE: reg=True K=False(K=21.5>=38,rising) Kextr=True RSI=False(49.7>53) MACD=True => BLOCK | PE: reg=False K=False(K=21.5<=80,falling) Kextr=False RSI=False(49.7<47) MACD=False => BLOCK
2026-07-20 07:44:11,927 [INFO] [periodic] Logs pushed to GitHub: Nifty_FlightRecorder_V2_5_19_20260720_090024.log, Nifty_BarLevel_V2_5_19_20260720_090024.csv
2026-07-20 07:49:13,742 [INFO] [FUT5VWAP] Signal — 24229>24188 body=83% side=CE (fixed +12pt target)
2026-07-20 07:49:13,877 [INFO] ENTRY: NFO:NIFTY2672124200CE @ 86.25  engine=FUT5VWAP  detail=FUT5 VWAP cross 24229>24188 body=83% pivΔ=54pt | bar=73
2026-07-20 07:49:14,703 [INFO] [INDICATORS] spot=24219.0 | 1h: close=24225.0 sma20=24188.2 sma50=24153.8 rsi=53.1 macd=28.72/28.58(bull) | 15m: K=54.2↑(prev 21.5) | regime=CE-eligible halted=False active=True
2026-07-20 07:49:14,704 [INFO] [SIGNAL] CE: reg=True K=True(K=54.2>=38,rising) Kextr=True RSI=True(53.1>53) MACD=True => PASS | PE: reg=False K=False(K=54.2<=80,falling) Kextr=False RSI=False(53.1<47) MACD=False => BLOCK
2026-07-20 07:49:14,704 [INFO] [STATE] CE NFO:NIFTY2672124200CE ltp=53.25 entry=86.25 pnl=-33.00(-38.3%) sl=70.73 peak=86.25 tr_armed=False elapsed=0min
2026-07-20 07:49:17,832 [INFO] [periodic] Logs pushed to GitHub: Nifty_FlightRecorder_V2_5_19_20260720_090024.log, Nifty_BarLevel_V2_5_19_20260720_090024.csv
2026-07-20 07:52:49,093 [INFO] EXIT: NFO:NIFTY2672124200CE @ 98.25 reason=TARGET_+12 pnl/sh=+12.00 is_flip=False losses=2/4
2026-07-20 07:54:20,474 [INFO] [INDICATORS] spot=24234.2 | 1h: close=24225.0 sma20=24188.2 sma50=24153.8 rsi=53.1 macd=28.72/28.58(bull) | 15m: K=54.2↑(prev 21.5) | regime=CE-eligible halted=False active=False
2026-07-20 07:54:20,474 [INFO] [SIGNAL] CE: reg=True K=True(K=54.2>=38,rising) Kextr=True RSI=True(53.1>53) MACD=True => PASS | PE: reg=False K=False(K=54.2<=80,falling) Kextr=False RSI=False(53.1<47) MACD=False => BLOCK
2026-07-20 07:54:22,539 [INFO] [periodic] Logs pushed to GitHub: Nifty_FlightRecorder_V2_5_19_20260720_090024.log, Nifty_BarLevel_V2_5_19_20260720_090024.csv
2026-07-20 07:59:24,372 [INFO] [INDICATORS] spot=24242.8 | 1h: close=24225.0 sma20=24188.2 sma50=24153.8 rsi=53.1 macd=28.72/28.58(bull) | 15m: K=54.2↑(prev 21.5) | regime=CE-eligible halted=False active=False
2026-07-20 07:59:24,372 [INFO] [SIGNAL] CE: reg=True K=True(K=54.2>=38,rising) Kextr=True RSI=True(53.1>53) MACD=True => PASS | PE: reg=False K=False(K=54.2<=80,falling) Kextr=False RSI=False(53.1<47) MACD=False => BLOCK
2026-07-20 07:59:26,486 [INFO] [periodic] Logs pushed to GitHub: Nifty_FlightRecorder_V2_5_19_20260720_090024.log, Nifty_BarLevel_V2_5_19_20260720_090024.csv
2026-07-20 08:04:28,064 [INFO] [INDICATORS] spot=24242.0 | 1h: close=24225.0 sma20=24188.2 sma50=24153.8 rsi=53.1 macd=28.72/28.58(bull) | 15m: K=87.5↑(prev 54.2) | regime=CE-eligible halted=False active=False
2026-07-20 08:04:28,064 [INFO] [SIGNAL] CE: reg=True K=True(K=87.5>=38,rising) Kextr=True RSI=True(53.1>53) MACD=True => PASS | PE: reg=False K=False(K=87.5<=80,falling) Kextr=True RSI=False(53.1<47) MACD=False => BLOCK
2026-07-20 08:04:31,028 [INFO] [periodic] Logs pushed to GitHub: Nifty_FlightRecorder_V2_5_19_20260720_090024.log, Nifty_BarLevel_V2_5_19_20260720_090024.csv
2026-07-20 08:09:32,650 [INFO] [INDICATORS] spot=24241.3 | 1h: close=24225.0 sma20=24188.2 sma50=24153.8 rsi=53.1 macd=28.72/28.58(bull) | 15m: K=87.5↑(prev 54.2) | regime=CE-eligible halted=False active=False
2026-07-20 08:09:32,650 [INFO] [SIGNAL] CE: reg=True K=True(K=87.5>=38,rising) Kextr=True RSI=True(53.1>53) MACD=True => PASS | PE: reg=False K=False(K=87.5<=80,falling) Kextr=True RSI=False(53.1<47) MACD=False => BLOCK
2026-07-20 08:09:34,850 [INFO] [periodic] Logs pushed to GitHub: Nifty_FlightRecorder_V2_5_19_20260720_090024.log, Nifty_BarLevel_V2_5_19_20260720_090024.csv
2026-07-20 08:14:36,448 [INFO] [INDICATORS] spot=24232.0 | 1h: close=24225.0 sma20=24188.2 sma50=24153.8 rsi=53.1 macd=28.72/28.58(bull) | 15m: K=87.5↑(prev 54.2) | regime=CE-eligible halted=False active=False
2026-07-20 08:14:36,449 [INFO] [SIGNAL] CE: reg=True K=True(K=87.5>=38,rising) Kextr=True RSI=True(53.1>53) MACD=True => PASS | PE: reg=False K=False(K=87.5<=80,falling) Kextr=True RSI=False(53.1<47) MACD=False => BLOCK
2026-07-20 08:14:38,585 [INFO] [periodic] Logs pushed to GitHub: Nifty_FlightRecorder_V2_5_19_20260720_090024.log, Nifty_BarLevel_V2_5_19_20260720_090024.csv
2026-07-20 08:19:40,170 [INFO] [INDICATORS] spot=24251.5 | 1h: close=24225.0 sma20=24188.2 sma50=24153.8 rsi=53.1 macd=28.72/28.58(bull) | 15m: K=94.6↑(prev 87.5) | regime=CE-eligible halted=False active=False
2026-07-20 08:19:40,171 [INFO] [SIGNAL] CE: reg=True K=True(K=94.6>=38,rising) Kextr=True RSI=True(53.1>53) MACD=True => PASS | PE: reg=False K=False(K=94.6<=80,falling) Kextr=True RSI=False(53.1<47) MACD=False => BLOCK
2026-07-20 08:19:43,072 [INFO] [periodic] Logs pushed to GitHub: Nifty_FlightRecorder_V2_5_19_20260720_090024.log, Nifty_BarLevel_V2_5_19_20260720_090024.csv
2026-07-20 08:24:44,666 [INFO] [INDICATORS] spot=24238.0 | 1h: close=24225.0 sma20=24188.2 sma50=24153.8 rsi=53.1 macd=28.72/28.58(bull) | 15m: K=94.6↑(prev 87.5) | regime=CE-eligible halted=False active=False
2026-07-20 08:24:44,666 [INFO] [SIGNAL] CE: reg=True K=True(K=94.6>=38,rising) Kextr=True RSI=True(53.1>53) MACD=True => PASS | PE: reg=False K=False(K=94.6<=80,falling) Kextr=True RSI=False(53.1<47) MACD=False => BLOCK
2026-07-20 08:24:46,858 [INFO] [periodic] Logs pushed to GitHub: Nifty_FlightRecorder_V2_5_19_20260720_090024.log, Nifty_BarLevel_V2_5_19_20260720_090024.csv
2026-07-20 08:29:48,469 [INFO] [INDICATORS] spot=24254.1 | 1h: close=24225.0 sma20=24188.2 sma50=24153.8 rsi=53.1 macd=28.72/28.58(bull) | 15m: K=94.6↑(prev 87.5) | regime=CE-eligible halted=False active=False
2026-07-20 08:29:48,470 [INFO] [SIGNAL] CE: reg=True K=True(K=94.6>=38,rising) Kextr=True RSI=True(53.1>53) MACD=True => PASS | PE: reg=False K=False(K=94.6<=80,falling) Kextr=True RSI=False(53.1<47) MACD=False => BLOCK
