2026-07-15 03:30:21,849 [INFO] [STATE] State from 2026-07-14 — resetting trades_today for 2026-07-15
2026-07-15 03:30:21,849 [INFO] [STATE] Loaded prior state. POS.active=False losses=0
2026-07-15 03:30:23,739 [INFO] [BOOT] Nifty FUT token: 15639810 expiry=2026-07-28 sym=NIFTY26JULFUT
2026-07-15 03:30:23,754 [INFO] [BOOT] Expiry: 2026-07-21, 93 strikes, 186 option contracts
2026-07-15 03:30:23,754 [INFO] [BOOT] PAPER mode (kite_paper) — mStock init + self-test SKIPPED (bypassed).
2026-07-15 03:30:23,891 [INFO] [PIVOTS] P=24072 R1=24120 R2=24205 S1=23987 S2=23939
2026-07-15 03:30:23,893 [WARNING] [OI Plan] Stale plan (2026-06-01) — ignoring for today's levels
2026-07-15 03:30:23,893 [INFO] [OI Plan] No valid plan found — running without OI levels (normal mode)
2026-07-15 03:30:23,893 [INFO] 
2026-07-15 03:30:23,894 [INFO] +========================================================================+
2026-07-15 03:30:23,894 [INFO] | ORION V2.5.15 — STRATEGY DESIGN                                        |
2026-07-15 03:30:23,894 [INFO] | Backtest: 363 trades | PnL Rs +6,88,158 | WR 64.5% | MaxDD -1,119     |
2026-07-15 03:30:23,894 [INFO] +========================================================================+
2026-07-15 03:30:23,894 [INFO] | ENGINE V2 (fires every 15m close — regime: BULL/BEAR/TRANSITION only)  |
2026-07-15 03:30:23,894 [INFO] |   CE: 1h close>SMA20>SMA50 | K>=38 rising | K<25 recently             |
2026-07-15 03:30:23,894 [INFO] |        RSI>53 | MACD bull | premium 30-180                             |
2026-07-15 03:30:23,894 [INFO] |   PE: 1h close<SMA20<SMA50 | K<=80 falling K>=25 | K>75 recently      |
2026-07-15 03:30:23,894 [INFO] |        RSI<47 | MACD bear | premium 30-300                             |
2026-07-15 03:30:23,894 [INFO] |                                                                         |
2026-07-15 03:30:23,894 [INFO] | ENGINE V3 (15m G/R cluster break/reject — fires in any regime)         |
2026-07-15 03:30:23,894 [INFO] |   Grade A (>=3 source kinds) / Grade B (>=2)                           |
2026-07-15 03:30:23,894 [INFO] |   PDC excluded from clusters; G/R need >=25pt buffer from PDC          |
2026-07-15 03:30:23,894 [INFO] |   premium 30-180 CE / 30-300 PE                                        |
2026-07-15 03:30:23,895 [INFO] |                                                                         |
2026-07-15 03:30:23,895 [INFO] | ENGINE VWAP (triple confirmation — fires in any regime)                 |
2026-07-15 03:30:23,895 [INFO] |   1. Nifty FUTURES 15m close crosses FUT VWAP, body>=65% (PRIMARY)     |
2026-07-15 03:30:23,895 [INFO] |   2. Nifty SPOT 15m close same direction above/below spot VWAP         |
2026-07-15 03:30:23,895 [INFO] |   3. ATM CE/PE LTP also above/below its daily VWAP simultaneously      |
2026-07-15 03:30:23,895 [INFO] |   premium 30-180 CE / 30-300 PE                                        |
2026-07-15 03:30:23,895 [INFO] |                                                                         |
2026-07-15 03:30:23,895 [INFO] | ENGINE FLIP (opposite-side only, max 3/day, excluded from CB)          |
2026-07-15 03:30:23,895 [INFO] |   Path A (in-trade): elapsed>=30 + peak>=entry+15 + LTP<=entry+10      |
2026-07-15 03:30:23,895 [INFO] |   Path B (post-exit): K reversal within 60min                          |
2026-07-15 03:30:23,895 [INFO] |                                                                         |
2026-07-15 03:30:23,895 [INFO] | UNIVERSAL EXIT (priority order):                                        |
2026-07-15 03:30:23,895 [INFO] |   1. HARDSL -18%                                                        |
2026-07-15 03:30:23,895 [INFO] |   2. Continuous trail: arms when peak>=entry+15, SL=peak-5             |
2026-07-15 03:30:23,895 [INFO] |      floor=entry+10, ratchets up with peak (never down)                |
2026-07-15 03:30:23,895 [INFO] |   3. VWAP trades: exit when opt 15m close < opt VWAP                  |
2026-07-15 03:30:23,895 [INFO] |   4. V2/V3/FLIP trades: SMA8(low) trail on 15m                        |
2026-07-15 03:30:23,896 [INFO] |   5. Force close 15:25  6. CB=3 non-flip losses                        |
2026-07-15 03:30:23,896 [INFO] |                                                                         |
2026-07-15 03:30:23,896 [INFO] | INFORMATIONAL (no trade gate): Straddle alerts | Options VWAP          |
2026-07-15 03:30:23,896 [INFO] +========================================================================+
2026-07-15 03:30:23,896 [INFO] 
2026-07-15 03:30:23,896 [INFO] === ORION CHANGE HISTORY (V2.2.2 -> V2.5.9) ===
2026-07-15 03:30:23,896 [INFO] 
2026-07-15 03:30:23,896 [INFO] V2.2.2 [PRODUCTION BASELINE — T10]
2026-07-15 03:30:23,896 [INFO]   Entry : 1h SMA20/50 regime + 15m StochRSI K (CE>=38 rising, PE<=80 falling)
2026-07-15 03:30:23,896 [INFO]   Exit  : HARDSL -35%, TIME_SL 210min/-20%, BE +15% -> option SMA8(low) trail
2026-07-15 03:30:23,896 [INFO]   CB=2, 1 lot, no flip, no V3, no chop filter
2026-07-15 03:30:23,896 [INFO] 
2026-07-15 03:30:23,896 [INFO] V2.3  [+V3 CLUSTER LEVELS]
2026-07-15 03:30:23,896 [INFO]   + PDH/PDL/round_50/round_100/PDC/1h swing pivots clustered within 20pts
2026-07-15 03:30:23,897 [INFO]   + Grade A (>=3 source kinds) / Grade B (>=2)
2026-07-15 03:30:23,897 [INFO]   + ADX regime classifier (BULL/BEAR/CHOP/TRANSITION)
2026-07-15 03:30:23,897 [INFO] 
2026-07-15 03:30:23,897 [INFO] V2.4  [+EXIT UPGRADES]
2026-07-15 03:30:23,897 [INFO]   + 15m option SMA8(low) trail (KEPT in all future versions)
2026-07-15 03:30:23,897 [INFO]   + ATR-based exits (REMOVED — not robust enough)
2026-07-15 03:30:23,897 [INFO]   + BE armor at +15% (REMOVED later — net negative in backtest)
2026-07-15 03:30:23,897 [INFO] 
2026-07-15 03:30:23,897 [INFO] V2.5.0  [HYBRID V2+V3 + TIME-RATCHET]
2026-07-15 03:30:23,897 [INFO]   + Hybrid V2+V3 entry (V2 priority on same-bar tiebreak)
2026-07-15 03:30:23,897 [INFO]   + Time-ratchet exit: 90min / +20 step
2026-07-15 03:30:23,897 [INFO] 
2026-07-15 03:30:23,897 [INFO] V2.5.1  [ENTRY REFINEMENT]
2026-07-15 03:30:23,897 [INFO]   + V2 PE_floor=25 (K>=25 required for PE entry)
2026-07-15 03:30:23,897 [INFO]   + V2 CE: no upper K cap (cap tested and REJECTED — hurts WR)
2026-07-15 03:30:23,897 [INFO]   + V2 priority confirmed: +Rs 52k vs V3-priority
2026-07-15 03:30:23,897 [INFO] 
2026-07-15 03:30:23,897 [INFO] V2.5.2  [FLIP RULE +Rs 130k]
2026-07-15 03:30:23,898 [INFO]   + Path A flip (in-trade): elapsed>=30 + peak>=entry+15 + LTP<=entry+10 + K reversed
2026-07-15 03:30:23,898 [INFO]   + Path B flip (post-exit): K reversal within 60min
2026-07-15 03:30:23,898 [INFO]   + Opposite-side only (same-side continuation REJECTED: -Rs 191k CATASTROPHIC)
2026-07-15 03:30:23,898 [INFO]   + CE->PE: K falling, 25<=K<=80 | PE->CE: K rising, K>=38
2026-07-15 03:30:23,898 [INFO] 
2026-07-15 03:30:23,898 [INFO] V2.5.3  [V3 SINGLETONS + HARDSL LOCKED]
2026-07-15 03:30:23,898 [INFO]   + Promoted singletons: PDH/PDL/round_100(+-200 PDC)/swing pivots standalone Grade B
2026-07-15 03:30:23,898 [INFO]   + HARDSL locked at -25% (swept -35% to -15%; -25% optimal)
2026-07-15 03:30:23,898 [INFO]   + PnL Rs +3,14,418
2026-07-15 03:30:23,898 [INFO] 
2026-07-15 03:30:23,898 [INFO] V2.5.4  [FLIP CAP]
2026-07-15 03:30:23,898 [INFO]   + MAX_FLIPS_PER_DAY=3 (flips 1-3 win Rs 131k; flips 4+ lose Rs 21k)
2026-07-15 03:30:23,898 [INFO]   + PnL Rs +3,23,851
2026-07-15 03:30:23,898 [INFO] 
2026-07-15 03:30:23,898 [INFO] V2.5.5  [CHOP FILTER +Rs 49k]
2026-07-15 03:30:23,898 [INFO]   + RSI [47,53] indecision band blocks ALL entries
2026-07-15 03:30:23,898 [INFO]   + PnL Rs +3,72,598
2026-07-15 03:30:23,898 [INFO] 
2026-07-15 03:30:23,899 [INFO] V2.5.6  [V3 PDC CONTAMINATION FIX — LOCKED Rs 3,85,724 / WR 35.7%]
2026-07-15 03:30:23,899 [INFO]   + Exclude PDC from clustering (PDC is reference, not tradeable level)
2026-07-15 03:30:23,899 [INFO]   + G/R require >=25pt buffer from PDC (motivated by 2026-05-18 bad paper trade)
2026-07-15 03:30:23,899 [INFO]   + PnL Rs +3,85,724 / MaxDD -1,331 / Red 5/18
2026-07-15 03:30:23,899 [INFO] 
2026-07-15 03:30:23,899 [INFO] V2.5.7  [VELVET ROPE + RATCHET +Rs 1,14,324 / WR 35.7%->55.4%]
2026-07-15 03:30:23,899 [INFO]   + Velvet Rope: premium hits entry+15 -> SL immediately to entry+2
2026-07-15 03:30:23,899 [INFO]   + Ratchet Gate: 30min elapsed + entry+25 -> SL to entry+15
2026-07-15 03:30:23,899 [INFO]   + Runner Trail: +20 per +20pts peak (one-way)
2026-07-15 03:30:23,899 [INFO]   + Trade-off: Red months 5->10/18, MaxDD -1,331->-1,885
2026-07-15 03:30:23,899 [INFO] 
2026-07-15 03:30:23,899 [INFO] V2.5.8  [K EXTREME + FULL SMA ALIGNMENT]
2026-07-15 03:30:23,899 [INFO]   + K extreme filter: CE entry only if K<25 recently (3 bars); PE if K>75 recently
2026-07-15 03:30:23,899 [INFO]   + Full SMA alignment: CE needs close>SMA20>SMA50 (was just close>SMA20)
2026-07-15 03:30:23,899 [INFO] 
2026-07-15 03:30:23,899 [INFO] V2.5.9  [Rs 6,70,425 / WR 66.9% / 357 trades / MaxDD -1,485 / Red 8/18]
2026-07-15 03:30:23,899 [INFO]   + RSI DIRECTIONAL GATE replaces RSI [47,53] chop filter:
2026-07-15 03:30:23,899 [INFO]       CE: 1h RSI>53 required | PE: 1h RSI<47 required
2026-07-15 03:30:23,900 [INFO]   + MACD 1h alignment: CE needs MACD_line>signal; PE needs MACD_line<signal
2026-07-15 03:30:23,900 [INFO]   + Premium gate: 30<=entry_LTP<=180 (blocks deep OTM and IV-spike entries)
2026-07-15 03:30:23,900 [INFO]   + Tightened exit params: RI=12 (was 15), RT=20 (was 30), RS=25 (was 20)
2026-07-15 03:30:23,900 [INFO]   + CB=3 (was 4)
2026-07-15 03:30:23,900 [INFO]   + Straddle monitoring: informational Telegram at 9:45 and 11:30
2026-07-15 03:30:23,900 [INFO]   + Options VWAP: informational context at entry/pulse/exit
2026-07-15 03:30:23,900 [INFO] 
2026-07-15 03:30:23,900 [INFO] V2.5.12 [CURRENT LOCKED — Rs 6,88,158 / WR 64.5% / 363 trades / MaxDD -1,119 / Red 5/18]
2026-07-15 03:30:23,900 [INFO]   SOURCE: VRL (Vishal Rajput) code analysis — peak-based ratchet ladder
2026-07-15 03:30:23,900 [INFO]   + HARDSL tightened -25% → -18% (faster loss cut, less capital exposed)
2026-07-15 03:30:23,900 [INFO]   + 20-min time gate REMOVED — purely peak-based ladder (no waiting)
2026-07-15 03:30:23,900 [INFO]   + Ladder Tier2: peak >= entry+24 → SL = entry+12 (immediate)
2026-07-15 03:30:23,900 [INFO]   + Ladder Tier3: peak >= entry+36 → SL = entry+24 (immediate)
2026-07-15 03:30:23,900 [INFO]   + Entry logic UNCHANGED from V2.5.9
2026-07-15 03:30:23,900 [INFO]   + Validated: real option data (May 4-21 2026, 12 days)
2026-07-15 03:30:23,900 [INFO]   + Key improvement: MaxDD -1,485 → -1,119 (-25%), Red months 8 → 5
2026-07-15 03:30:23,900 [INFO] 
2026-07-15 03:30:23,900 [INFO] V2.5.12-LIVE [2026-05-29 — FIRST LIVE TRADING SESSION WITH mSTOCK EXECUTION]
2026-07-15 03:30:23,901 [INFO]   + EXECUTION_BROKER switched from kite_paper → mstock_live
2026-07-15 03:30:23,901 [INFO]   + mStock Type B API integrated: login → set_access_token → verify_totp (TOTP auto)
2026-07-15 03:30:23,901 [INFO]   + Instrument master: direct fetch from OpenAPIScripMaster (173k symbols, name field)
2026-07-15 03:30:23,901 [INFO]   + order_status: mStock returns 'Traded' status (not 'COMPLETE') — mapped correctly
2026-07-15 03:30:23,901 [INFO]   + place_order: disclosedquantity="0" required (blank causes IA400 rejection)
2026-07-15 03:30:23,901 [INFO]   + IP 18.212.243.203 (PythonAnywhere) whitelisted in mStock API settings
2026-07-15 03:30:23,901 [INFO]   + BUY: 15s timeout, cancel-and-check on timeout, abort if not filled
2026-07-15 03:30:23,901 [INFO]   + SELL: 3 retries × 5s, 🚨 CRITICAL Telegram alert if all fail, POS.active stays True
2026-07-15 03:30:23,901 [INFO]   + V3 REGIME GATE REMOVED: V3 now fires in CHOP/INSUFFICIENT regime
2026-07-15 03:30:23,901 [INFO]       Root cause of bug: regime gate wrapped ALL signals including V3;
2026-07-15 03:30:23,901 [INFO]       V3 uses cluster break/reject as its own confirmation — ADX not needed
2026-07-15 03:30:23,901 [INFO]       V2 and FLIP remain regime-gated (BULL/BEAR/TRANSITION only)
2026-07-15 03:30:23,901 [INFO]   + V3 engine: acts on ALL Grade A/B clusters simultaneously (not just nearest)
2026-07-15 03:30:23,901 [INFO]   + PREMIUM_MAX asymmetric: CE=180 (unchanged), PE=300 (was 180, captures panic moves)
2026-07-15 03:30:23,901 [INFO]   + VWAP double confirmation engine (new):
2026-07-15 03:30:23,901 [INFO]       Fires when Nifty 15m bar crosses daily VWAP with body>=50% range
2026-07-15 03:30:23,901 [INFO]       AND ATM CE/PE LTP is also above/below its daily VWAP simultaneously
2026-07-15 03:30:23,902 [INFO]       Self-confirming like V3 — no regime gate
2026-07-15 03:30:23,902 [INFO]   + LOTS_PER_TRADE = 2 (live)
2026-07-15 03:30:23,902 [INFO] 
2026-07-15 03:30:23,902 [INFO] V2.5.13 [VWAP TRAIL EXIT + BOOT SELF-TEST + STABILITY FIXES]
2026-07-15 03:30:23,902 [INFO]   + VWAP engine trades: trail exit uses option's own VWAP (15m close < option VWAP)
2026-07-15 03:30:23,902 [INFO]     instead of SMA8(low) trail — holds through pullbacks better on VWAP-confirmed moves
2026-07-15 03:30:23,902 [INFO]   + V2/V3/FLIP trades: keep original SMA8(low) trail (unchanged)
2026-07-15 03:30:23,902 [INFO]   + Boot self-test: BUY (LIMIT ₹0.05) + SELL (LIMIT ₹9999) on deep OTM option at startup
2026-07-15 03:30:23,902 [INFO]     Both must succeed and cancel cleanly or bot aborts — confirms mStock connectivity + IP
2026-07-15 03:30:23,902 [INFO]   + MStockBroker class inlined into single .py file (no separate mstock_broker.py)
2026-07-15 03:30:23,902 [INFO]   + IA403 recovery: rebuilds SDK client from scratch on IP mismatch, 3 consecutive → halt
2026-07-15 03:30:23,902 [INFO]   + Position sync cooldown: 180s → 300s (avoids false MANUAL_EXIT on slow fills)
2026-07-15 03:30:23,902 [INFO]   + MANUAL_EXIT fix: clears buy_order_id before close_trade to prevent duplicate SELL
2026-07-15 03:30:23,902 [INFO]   + State file: added date field, resets trades_today/losses on new day boundary
2026-07-15 03:30:23,902 [INFO]   + VWAP dedup log spam removed (silent return on same-bar re-fire)
2026-07-15 03:30:23,902 [INFO] 
2026-07-15 03:30:23,902 [INFO] V2.5.14 [TIERED PROFIT LOCK LADDER — inspired by VRL]
2026-07-15 03:30:23,903 [INFO]   + Replaced sparse 3-tier ratchet (Velvet Rope + T2 + T3 + Runner) with 7-tier ladder
2026-07-15 03:30:23,903 [INFO]   + Ladder: +12→+2, +18→+8, +24→+12, +30→+20, +36→+24, +40→+30, +50→+40
2026-07-15 03:30:23,903 [INFO]   + More tiers = less profit give-back on sharp reversals
2026-07-15 03:30:23,903 [INFO]   + Checked every tick (not candle-based) — same as before but tighter protection
2026-07-15 03:30:23,903 [INFO]   + Unified code: single loop replaces 3 separate sections (3a/3b/3c → 3)
2026-07-15 03:30:23,903 [INFO]   + VWAP engine upgraded to TRIPLE confirmation:
2026-07-15 03:30:23,903 [INFO]     Gate 1 (PRIMARY): Nifty FUTURES 15m close crosses futures VWAP, body >= 50%
2026-07-15 03:30:23,903 [INFO]     Gate 2: Nifty SPOT 15m close same direction above/below spot VWAP
2026-07-15 03:30:23,903 [INFO]     Gate 3: ATM option LTP above/below option's own VWAP
2026-07-15 03:30:23,903 [INFO]   + Futures VWAP is now the primary decision criterion — real margin-backed money
2026-07-15 03:30:23,903 [INFO]   + Nifty FUT token auto-resolved from Kite instruments at boot (no hardcoding)
2026-07-15 03:30:23,903 [INFO] 
2026-07-15 03:30:23,903 [INFO] V2.5.15 [STALE DATA GUARD — 2026-06-12]
2026-07-15 03:30:23,903 [INFO]   + ROOT CAUSE FOUND: Kite intermittently returned a 15m series ending ~2h in
2026-07-15 03:30:23,903 [INFO]     the past. Evidence: VWAP entry logged bar=198 at 11:30 but bar=197 at 13:30
2026-07-15 03:30:23,903 [INFO]     (bar index went BACKWARDS); the 13:30 entry cited a 67% bearish bar +
2026-07-15 03:30:23,903 [INFO]     FUT 23375 while the live tape was +68 pts off the low in 4 min → bought PE
2026-07-15 03:30:23,903 [INFO]     into a V-reversal → HARDSL -21.73. Fresh-data replay confirms the signal
2026-07-15 03:30:23,904 [INFO]     does NOT fire at 13:30 with up-to-date frames. Likely also suppressed valid
2026-07-15 03:30:23,904 [INFO]     signals (Jun-11 zero-trade day: fresh-data replay finds 4 trades / +35 pts).
2026-07-15 03:30:23,904 [INFO]   + Guard (active 09:32+): if last 15m bar (spot or futures) is older than
2026-07-15 03:30:23,904 [INFO]     16 min → instant refetch from Kite; if recovered, continue + Telegram info;
2026-07-15 03:30:23,904 [INFO]     if still stale → Telegram alert + ENTRIES blocked for that cycle only.
2026-07-15 03:30:23,904 [INFO]   + EXITS are never blocked on data quality.
2026-07-15 03:30:23,904 [INFO]   + Telegram alerts rate-limited to 1 per 10 min; log line every cycle.
2026-07-15 03:30:23,904 [INFO] 
2026-07-15 03:30:23,904 [INFO] V2.5.16 [MOMENTUM GATE ON SAME-SIDE STREAKS + SMA8 TODAY-ONLY FIX — 2026-06-17]
2026-07-15 03:30:23,904 [INFO]   + PROBLEM: in choppy markets the bot ran 3+ rapid same-direction trades —
2026-07-15 03:30:23,904 [INFO]     first 1-2 win small, the 3rd buys into the reversal and takes the full
2026-07-15 03:30:23,904 [INFO]     -18% HARDSL, then keeps buying the same side, wiping the day's gains.
2026-07-15 03:30:23,904 [INFO]     Diagnosis (May+June real-opt data): the persistence is the VWAP engine
2026-07-15 03:30:23,904 [INFO]     (no regime filter, re-fires same side each 15m bar). The 1st/2nd winners
2026-07-15 03:30:23,904 [INFO]     exit on the peak ladder (TRAIL_+N); the 3rd dies on HARDSL/VWAP_TRAIL.
2026-07-15 03:30:23,904 [INFO]   + MOMENTUM GATE: the 3rd+ CONSECUTIVE same-direction entry (any engine) is
2026-07-15 03:30:23,904 [INFO]     blocked unless spot has moved >= MOM_GATE_PTS (12) WITH the trade over the
2026-07-15 03:30:23,904 [INFO]     last MOM_GATE_BARS (5) closed 1m bars. 1st/2nd same-side entries untouched.
2026-07-15 03:30:23,905 [INFO]     Run counted from DAY.trades_today (closed trades). New fetch_nifty_1m() +
2026-07-15 03:30:23,905 [INFO]     momentum_gate_ok(); fails OPEN if 1m data unavailable; "🚧 Momentum-gate
2026-07-15 03:30:23,905 [INFO]     BLOCK" Telegram on a block. Backtest (May real-opt): baseline -7.3 pt →
2026-07-15 03:30:23,905 [INFO]     gate +104.0 pt, 0 winners blocked (blocks only flat-momentum |mv|<=8 chop).
2026-07-15 03:30:23,905 [INFO]   + SMA8 TODAY-ONLY FIX: sma8_low_of_option() now averages ONLY today's closed
2026-07-15 03:30:23,905 [INFO]     15m option lows (arms after SMA_TRAIL_MIN_BARS=4 today-bars). Previously it
2026-07-15 03:30:23,905 [INFO]     averaged 8 bars from a 10-day fetch, mixing yesterday's different-level /
2026-07-15 03:30:23,905 [INFO]     illiquid lows → false trail exits. NOT removed: backtest showed deleting
2026-07-15 03:30:23,905 [INFO]     SMA8 costs -66 pt (it is a tighter stop than the -18% HARDSL).
2026-07-15 03:30:23,905 [INFO]   + Ladder exit, HARDSL, flip logic, stale-data guard all UNCHANGED.
2026-07-15 03:30:23,905 [INFO]   + start_orion.sh now launches V2.5.16 (90s crash-fallback still → V2.5.14).
2026-07-15 03:30:23,905 [INFO] 
2026-07-15 03:30:23,905 [INFO] V2.5.17 [3 CHOP-BLEED GUARDS — 2026-06-18]
2026-07-15 03:30:23,905 [INFO]   + CONTEXT: 06-16 (-20.4pt/7trades) and 06-17 (-44.0pt/4trades) were both
2026-07-15 03:30:23,905 [INFO]     compressed chop days (full range 141pt & 107pt; 06-17 had 9 mean-crosses in
2026-07-15 03:30:23,905 [INFO]     a 107pt box). The regime classifier stayed BULL all 76 bars both days and
2026-07-15 03:30:23,905 [INFO]     chop_block fired 0 times, so the breakout engines kept firing into noise.
2026-07-15 03:30:23,905 [INFO]     See ~/orion_backtest_lab/results/RESULTS.md (2026-06-18 post-mortem).
2026-07-15 03:30:23,905 [INFO]   + #1 MORNING CHOP GATE (CHOP_GATE_ENABLED): decided ONCE after ~10:30 IST from
2026-07-15 03:30:23,906 [INFO]     the first-hour (09:15-10:15) FUT bars. Stand aside (block ALL new entries for
2026-07-15 03:30:23,906 [INFO]     the day) when early efficiency-ratio <= CHOP_ER_MAX (0.25) AND (first-hour
2026-07-15 03:30:23,906 [INFO]     FUT-VWAP cross-count >= CHOP_VWAP_CROSSES_MIN (3) OR first-hour range <
2026-07-15 03:30:23,906 [INFO]     CHOP_RANGE_PT_MAX (110pt)). Exits always allowed. Fails OPEN (not enough
2026-07-15 03:30:23,906 [INFO]     bars yet -> no decision -> trade normally). morning_chop_verdict().
2026-07-15 03:30:23,906 [INFO]   + #2 VWAP BODY BAND (VWAP_BODY_CLIMAX_PCT): VWAP entry now takes only the
2026-07-15 03:30:23,906 [INFO]     65-86% body band — existing >=65% min kept, NEW >=87% climax/exhaustion bars
2026-07-15 03:30:23,906 [INFO]     skipped (climax bars fade). One added guard line in check_vwap_signal().
2026-07-15 03:30:23,906 [INFO]   + #3 MOMENTUM-FADE GATE (FADE_GATE_ENABLED): for a 3rd+ consecutive same-side
2026-07-15 03:30:23,906 [INFO]     entry that follows >= FADE_MIN_PRIOR_WINS (2) consecutive same-side WINS,
2026-07-15 03:30:23,906 [INFO]     inspect 3-min option premiums of BOTH the trend-side and opposite-side ATM
2026-07-15 03:30:23,906 [INFO]     strikes over the last FADE_OPT_BARS (3) closed bars. Enter ONLY IF the
2026-07-15 03:30:23,906 [INFO]     trend-side option is NOT decaying AND the opposite-side option IS decaying;
2026-07-15 03:30:23,906 [INFO]     otherwise skip (momentum has faded / is rotating to the other side). Fails
2026-07-15 03:30:23,906 [INFO]     OPEN on missing data. fade_gate_ok() + fetch_option_3m(). Complements the
2026-07-15 03:30:23,906 [INFO]     V2.5.16 spot-move momentum gate (both must pass).
2026-07-15 03:30:23,906 [INFO]   + All three guards are ADDITIVE; ladder/HARDSL/flip/SMA8/stale-guard UNCHANGED.
2026-07-15 03:30:23,907 [INFO]   + NOT yet sim-A/B'd — shipped on user direction; 2026-06-18 is paper-only, so
2026-07-15 03:30:23,907 [INFO]     the live paper session is the first validation. WATCH first CHOP-GATE day +
2026-07-15 03:30:23,907 [INFO]     first FADE block + that #2 climax-skip doesn't starve VWAP.
2026-07-15 03:30:23,907 [INFO]   + start_orion.sh now launches V2.5.17 (pkill pattern V2_5_1[567];
2026-07-15 03:30:23,907 [INFO]     90s crash-fallback still → V2.5.14 archive).
2026-07-15 03:30:23,907 [INFO] 
2026-07-15 03:30:23,907 [INFO] V2.5.18 [SMA8 ENTRY-AWARE FIX + CHOP-GATE RE-ARM — 2026-06-19]
2026-07-15 03:30:23,907 [INFO]   + CONTEXT: 2026-06-19 (paper) — gap-down day. One V3 PE (24000PE @114) entered
2026-07-15 03:30:23,907 [INFO]     correctly at 10:15 on a Grade-A R-cluster break, but SMA8_LOW_TRAIL exited it
2026-07-15 03:30:23,907 [INFO]     31s later at +1.6 (the trail evaluated the 10:00 bar — which CLOSED BEFORE
2026-07-15 03:30:23,907 [INFO]     entry — against today's lows-avg). Spot then fell 24040->23926 without us;
2026-07-15 03:30:23,907 [INFO]     morning chop-gate (ER=0.01, range=70pt) then stood aside the rest of the day.
2026-07-15 03:30:23,907 [INFO]   + FIX A (SMA8 pre-entry bar): the SMA8(low) trail now NEVER acts on a 15m bar
2026-07-15 03:30:23,907 [INFO]     whose CLOSE time (bar-start + 15m) is <= POS.entry_time. A fresh entry can no
2026-07-15 03:30:23,907 [INFO]     longer be ejected on price action that happened before it was opened.
2026-07-15 03:30:23,907 [INFO]   + FIX C (SMA8 arm window): trail arms on bars-SINCE-ENTRY, not bars-of-day.
2026-07-15 03:30:23,907 [INFO]     sma8_low_of_option() now averages only TODAY's closed bars that closed AFTER
2026-07-15 03:30:23,907 [INFO]     entry and needs >= SMA_TRAIL_MIN_BARS_SINCE_ENTRY (1) of them. With 1 own bar
2026-07-15 03:30:23,908 [INFO]     SMA8L == that bar's own low, so close(>=low) can't trigger -> first real
2026-07-15 03:30:23,908 [INFO]     trigger needs >=2 own bars. SMA_TRAIL_MIN_BARS (4, bars-of-day) is now only
2026-07-15 03:30:23,908 [INFO]     the fallback when entry_time is unknown (state-load edge). NOT a BE-gate.
2026-07-15 03:30:23,908 [INFO]   + CHOP-GATE RE-ARM (CHOP_REARM_ENABLED): after a morning stand-aside, release
2026-07-15 03:30:23,908 [INFO]     the block when a CLOSED FUT 15m bar breaks the recorded first-hour range by
2026-07-15 03:30:23,908 [INFO]     >= CHOP_REARM_BUFFER_PT (15pt) with body >= CHOP_REARM_BODY_MIN (65%), in the
2026-07-15 03:30:23,908 [INFO]     regime direction (BULL=>up-break only, BEAR=>down-break only, else either).
2026-07-15 03:30:23,908 [INFO]     FUT leads spot, so this triggers earlier than a spot-range break. Re-arm is
2026-07-15 03:30:23,908 [INFO]     one-way for the day (stays live once released); per-trade momentum/fade/CB
2026-07-15 03:30:23,908 [INFO]     guards still apply. _morning_chop_verdict_impl() stashes FH hi/lo;
2026-07-15 03:30:23,908 [INFO]     chop_rearm_check() evaluated each cycle while blocked. Logs [CHOPGATE] RE-ARMED.
2026-07-15 03:30:23,908 [INFO]   + Ladder/HARDSL/flip/VWAP-trail/stale-guard UNCHANGED. SMA8 KEPT (deleting it
2026-07-15 03:30:23,908 [INFO]     cost -66pt, V2.5.16) — this only changes WHEN it may fire, not whether.
2026-07-15 03:30:23,908 [INFO]   + NOT yet sim-A/B'd — shipped on user direction 2026-06-19; backtest the
2026-07-15 03:30:23,908 [INFO]     re-arm thresholds on post-chop trend days before relying on it live.
2026-07-15 03:30:23,908 [INFO] 
2026-07-15 03:30:23,908 [INFO] V2.5.19 [THREE FUT-VWAP ENTRY PATHWAYS — 2026-06-21]
2026-07-15 03:30:23,908 [INFO]   + Built on user direction 2026-06-21. THREE new VWAP-cross entry pathways.
2026-07-15 03:30:23,908 [INFO]     NOT yet sim-A/B'd — BACKTEST before flipping start_orion.sh to V2.5.19.
2026-07-15 03:30:23,909 [INFO]     All three are flag-gated (default ON). Existing V2/V3/FLIP UNCHANGED.
2026-07-15 03:30:23,909 [INFO] 
2026-07-15 03:30:23,909 [INFO]   + FEATURE 1 — FUT 15m VWAP cross + CONFIRMATION CANDLE (all-day).
2026-07-15 03:30:23,909 [INFO]     VWAP15_CONFIRM_ENABLED. The existing VWAP engine no longer fires on the
2026-07-15 03:30:23,909 [INFO]     cross bar alone: it now requires the cross bar (iloc[-3], body 65-86% band)
2026-07-15 03:30:23,909 [INFO]     PLUS the next closed bar (iloc[-2]) to CONFIRM in the same direction —
2026-07-15 03:30:23,909 [INFO]     same-colour candle that still closes on the same side of FUT-VWAP. Fires in
2026-07-15 03:30:23,909 [INFO]     either direction, any time in the entry window. Re-entries are governed by
2026-07-15 03:30:23,909 [INFO]     the existing momentum gate (no extra cap). check_vwap_signal().
2026-07-15 03:30:23,909 [INFO]     INTERPRETATION: "confirmation candle in same direction" = next 15m candle
2026-07-15 03:30:23,909 [INFO]     closes same side of its open (same colour) AND same side of VWAP as the
2026-07-15 03:30:23,909 [INFO]     cross. Confirmation candle has NO body-size requirement (only the cross bar
2026-07-15 03:30:23,909 [INFO]     does). If wrong, adjust _vwap15_confirm_ok().
2026-07-15 03:30:23,909 [INFO] 
2026-07-15 03:30:23,909 [INFO]   + FEATURE 2 — FUT 5m VWAP cross + S/R distance, FIXED +12 TARGET scalp.
2026-07-15 03:30:23,909 [INFO]     FUT5_SCALP_ENABLED. New engine 'FUT5VWAP'. On each closed FUT 5m bar that
2026-07-15 03:30:23,909 [INFO]     CROSSES its session VWAP (bar opens one side, closes the other) with body
2026-07-15 03:30:23,909 [INFO]     65-86% AND whose close is > FUT5_SCALP_SR_MIN_DIST (20pt) from EVERY one of
2026-07-15 03:30:23,910 [INFO]     yesterday's classic pivots S1/R1/S2/R2 → buy in the cross direction. Exit is
2026-07-15 03:30:23,910 [INFO]     a FIXED +FUT5_SCALP_TARGET_PTS (12) option points (HARDSL + 15:25 force-close
2026-07-15 03:30:23,910 [INFO]     still apply; NO trail/SMA8). One trade per event: deduped on the 5m bar ts,
2026-07-15 03:30:23,910 [INFO]     so the next entry needs a fresh qualifying cross. check_fut5m_vwap_scalp_signal().
2026-07-15 03:30:23,910 [INFO]     INTERPRETATION: ">20 points away from s1/r1/s2/r2" = min distance to ALL four
2026-07-15 03:30:23,910 [INFO]     pivots > 20pt (price in clear space, not hugging a pivot). "cross" = bar
2026-07-15 03:30:23,910 [INFO]     open & close on opposite sides of VWAP. Pivots = classic floor-trader pivots
2026-07-15 03:30:23,910 [INFO]     from the prior trading day's H/L/C. If wrong, adjust compute_classic_pivots()
2026-07-15 03:30:23,910 [INFO]     / check_fut5m_vwap_scalp_signal().
2026-07-15 03:30:23,910 [INFO] 
2026-07-15 03:30:23,910 [INFO]   + FEATURE 3 — MORNING 09:15-10:15 exception (bypasses the 09:45 start gate).
2026-07-15 03:30:23,910 [INFO]     MORNING_VWAP_ENABLED. Before the normal 09:45 entry start, between
2026-07-15 03:30:23,910 [INFO]     MORNING_WIN_START (09:15) and MORNING_WIN_END (10:15): if a closed FUT 15m
2026-07-15 03:30:23,910 [INFO]     bar crosses its VWAP (body 65-86%) AND its close is > MORNING_VWAP_SR_MIN_DIST
2026-07-15 03:30:23,910 [INFO]     (20pt) from every pivot S1/R1/S2/R2 → buy in the cross direction. Re-entries
2026-07-15 03:30:23,910 [INFO]     per momentum gate. Uses engine 'VWAP' (so it inherits the VWAP option-VWAP
2026-07-15 03:30:23,910 [INFO]     trail exit). Runs even when in_entry_window() is False; still respects
2026-07-15 03:30:23,911 [INFO]     stale-guard, gap-suppress, CB/halt, manual cooldown. check_morning_vwap15_signal().
2026-07-15 03:30:23,911 [INFO]     INTERPRETATION: this only ADDS the pre-09:45 window; from 09:45 on, the
2026-07-15 03:30:23,911 [INFO]     normal engines (incl. Feature 1) already run. No confirmation candle is
2026-07-15 03:30:23,911 [INFO]     required here (spec did not ask for one).
2026-07-15 03:30:23,911 [INFO] 
2026-07-15 03:30:23,911 [INFO]   + Classic pivots computed at boot from prior-day H/L/C → DAY.pivots
2026-07-15 03:30:23,911 [INFO]     {P,S1,R1,S2,R2}; min_dist_to_pivots() helper. New fetch_nifty_fut_5m().
2026-07-15 03:30:23,911 [INFO] 
2026-07-15 03:30:23,911 [INFO] === REJECTED DECISIONS (DO NOT RE-ADD WITHOUT NEW BACKTEST EVIDENCE) ===
2026-07-15 03:30:23,911 [INFO]   SKIP_HOUR_13         : -Rs 46k (kills profitable flips in that window)
2026-07-15 03:30:23,911 [INFO]   SKIP_TUESDAYS        : +Rs 56k but calendar-overfit; RSI gate replaces
2026-07-15 03:30:23,911 [INFO]   ADX<20 filter        : -Rs 16k
2026-07-15 03:30:23,911 [INFO]   ADX<25 filter        : -Rs 34k
2026-07-15 03:30:23,911 [INFO]   BE armor at +15%     : net negative
2026-07-15 03:30:23,911 [INFO]   Same-side flip       : -Rs 191k CATASTROPHIC
2026-07-15 03:30:23,911 [INFO]   REVERSAL_FLIP=True   : WR 12% vs 33%
2026-07-15 03:30:23,911 [INFO]   K cap on CE          : hurts WR (no cap is better)
2026-07-15 03:30:23,911 [INFO]   V2.5.10 macro SMA50  : -Rs 2.3L vs V2.5.9; lagging filter blocked PE in bear phases
2026-07-15 03:30:23,911 [INFO]   V2.5.11 straddle halt: straddle expansion days WR 69.8% > normal 66.9%;
2026-07-15 03:30:23,912 [INFO]                          halting on expansion removed profitable trades (+Rs 2,54,234 phantom)
2026-07-15 03:30:29,009 [INFO] [boot] Logs pushed to GitHub: Nifty_FlightRecorder_V2_5_19_20260715_090021.log, Nifty_BarLevel_V2_5_19_20260715_090021.csv
2026-07-15 03:30:29,168 [INFO] [INDICATORS] spot=24035.2 | 1h: close=24052.0 sma20=24158.0 sma50=24211.7 rsi=41.5 macd=-22.96/-11.97(bear) | 15m: K=31.2↑(prev 17.3) | regime=PE-eligible halted=False active=False
2026-07-15 03:30:29,169 [INFO] [SIGNAL] CE: reg=False K=False(K=31.2>=38,rising) Kextr=True RSI=False(41.5>53) MACD=False => BLOCK | PE: reg=True K=False(K=31.2<=80,falling) Kextr=False RSI=True(41.5<47) MACD=True => BLOCK
2026-07-15 03:35:32,019 [INFO] [INDICATORS] spot=24035.2 | 1h: close=24052.0 sma20=24158.0 sma50=24211.7 rsi=41.5 macd=-22.96/-11.97(bear) | 15m: K=31.2↑(prev 17.3) | regime=PE-eligible halted=False active=False
2026-07-15 03:35:32,019 [INFO] [SIGNAL] CE: reg=False K=False(K=31.2>=38,rising) Kextr=True RSI=False(41.5>53) MACD=False => BLOCK | PE: reg=True K=False(K=31.2<=80,falling) Kextr=False RSI=True(41.5<47) MACD=True => BLOCK
2026-07-15 03:35:34,158 [INFO] [periodic] Logs pushed to GitHub: Nifty_FlightRecorder_V2_5_19_20260715_090021.log, Nifty_BarLevel_V2_5_19_20260715_090021.csv
2026-07-15 03:40:35,760 [INFO] [INDICATORS] spot=24035.2 | 1h: close=24052.0 sma20=24158.0 sma50=24211.7 rsi=41.5 macd=-22.96/-11.97(bear) | 15m: K=31.2↑(prev 17.3) | regime=PE-eligible halted=False active=False
2026-07-15 03:40:35,761 [INFO] [SIGNAL] CE: reg=False K=False(K=31.2>=38,rising) Kextr=True RSI=False(41.5>53) MACD=False => BLOCK | PE: reg=True K=False(K=31.2<=80,falling) Kextr=False RSI=True(41.5<47) MACD=True => BLOCK
2026-07-15 03:40:37,839 [INFO] [periodic] Logs pushed to GitHub: Nifty_FlightRecorder_V2_5_19_20260715_090021.log, Nifty_BarLevel_V2_5_19_20260715_090021.csv
2026-07-15 03:45:39,437 [INFO] [INDICATORS] spot=24089.5 | 1h: close=24035.2 sma20=24149.2 sma50=24206.9 rsi=40.2 macd=-27.80/-15.13(bear) | 15m: K=29.7↓(prev 31.2) | regime=PE-eligible halted=False active=False
2026-07-15 03:45:39,438 [INFO] [SIGNAL] CE: reg=False K=False(K=29.7>=38,rising) Kextr=True RSI=False(40.2>53) MACD=False => BLOCK | PE: reg=True K=True(K=29.7<=80,falling) Kextr=False RSI=True(40.2<47) MACD=True => BLOCK
2026-07-15 03:45:42,375 [INFO] [periodic] Logs pushed to GitHub: Nifty_FlightRecorder_V2_5_19_20260715_090021.log, Nifty_BarLevel_V2_5_19_20260715_090021.csv
2026-07-15 03:50:14,565 [INFO] [STRADDLE] Reference: ₹322.8 at 09:20
2026-07-15 03:50:44,726 [INFO] [INDICATORS] spot=24163.5 | 1h: close=24035.2 sma20=24149.2 sma50=24206.9 rsi=40.2 macd=-27.80/-15.13(bear) | 15m: K=29.7↓(prev 31.2) | regime=PE-eligible halted=False active=False
2026-07-15 03:50:44,726 [INFO] [SIGNAL] CE: reg=False K=False(K=29.7>=38,rising) Kextr=True RSI=False(40.2>53) MACD=False => BLOCK | PE: reg=True K=True(K=29.7<=80,falling) Kextr=False RSI=True(40.2<47) MACD=True => BLOCK
2026-07-15 03:50:46,757 [INFO] [periodic] Logs pushed to GitHub: Nifty_FlightRecorder_V2_5_19_20260715_090021.log, Nifty_BarLevel_V2_5_19_20260715_090021.csv
2026-07-15 03:55:48,573 [INFO] [INDICATORS] spot=24195.3 | 1h: close=24035.2 sma20=24149.2 sma50=24206.9 rsi=40.2 macd=-27.80/-15.13(bear) | 15m: K=29.7↓(prev 31.2) | regime=PE-eligible halted=False active=False
2026-07-15 03:55:48,573 [INFO] [SIGNAL] CE: reg=False K=False(K=29.7>=38,rising) Kextr=True RSI=False(40.2>53) MACD=False => BLOCK | PE: reg=True K=True(K=29.7<=80,falling) Kextr=False RSI=True(40.2<47) MACD=True => BLOCK
2026-07-15 03:55:50,606 [INFO] [periodic] Logs pushed to GitHub: Nifty_FlightRecorder_V2_5_19_20260715_090021.log, Nifty_BarLevel_V2_5_19_20260715_090021.csv
2026-07-15 04:00:22,103 [INFO] [MVWAP] Skip — close 24189 only 16pt from a pivot (need >20)
2026-07-15 04:00:52,267 [INFO] [MVWAP] Skip — close 24189 only 16pt from a pivot (need >20)
2026-07-15 04:00:52,268 [INFO] [INDICATORS] spot=24207.2 | 1h: close=24035.2 sma20=24149.2 sma50=24206.9 rsi=40.2 macd=-27.80/-15.13(bear) | 15m: K=58.0↑(prev 29.7) | regime=PE-eligible halted=False active=False
2026-07-15 04:00:52,268 [INFO] [SIGNAL] CE: reg=False K=True(K=58.0>=38,rising) Kextr=True RSI=False(40.2>53) MACD=False => BLOCK | PE: reg=True K=False(K=58.0<=80,falling) Kextr=False RSI=True(40.2<47) MACD=True => BLOCK
2026-07-15 04:00:55,144 [INFO] [periodic] Logs pushed to GitHub: Nifty_FlightRecorder_V2_5_19_20260715_090021.log, Nifty_BarLevel_V2_5_19_20260715_090021.csv
2026-07-15 04:01:25,315 [INFO] [MVWAP] Skip — close 24189 only 16pt from a pivot (need >20)
2026-07-15 04:01:55,477 [INFO] [MVWAP] Skip — close 24189 only 16pt from a pivot (need >20)
2026-07-15 04:02:25,637 [INFO] [MVWAP] Skip — close 24189 only 16pt from a pivot (need >20)
2026-07-15 04:02:55,800 [INFO] [MVWAP] Skip — close 24189 only 16pt from a pivot (need >20)
2026-07-15 04:03:25,965 [INFO] [MVWAP] Skip — close 24189 only 16pt from a pivot (need >20)
2026-07-15 04:03:56,144 [INFO] [MVWAP] Skip — close 24189 only 16pt from a pivot (need >20)
2026-07-15 04:04:26,314 [INFO] [MVWAP] Skip — close 24189 only 16pt from a pivot (need >20)
2026-07-15 04:04:56,477 [INFO] [MVWAP] Skip — close 24189 only 16pt from a pivot (need >20)
2026-07-15 04:05:26,645 [INFO] [MVWAP] Skip — close 24189 only 16pt from a pivot (need >20)
2026-07-15 04:05:56,809 [INFO] [MVWAP] Skip — close 24189 only 16pt from a pivot (need >20)
2026-07-15 04:05:56,809 [INFO] [INDICATORS] spot=24201.1 | 1h: close=24035.2 sma20=24149.2 sma50=24206.9 rsi=40.2 macd=-27.80/-15.13(bear) | 15m: K=58.0↑(prev 29.7) | regime=PE-eligible halted=False active=False
2026-07-15 04:05:56,810 [INFO] [SIGNAL] CE: reg=False K=True(K=58.0>=38,rising) Kextr=True RSI=False(40.2>53) MACD=False => BLOCK | PE: reg=True K=False(K=58.0<=80,falling) Kextr=False RSI=True(40.2<47) MACD=True => BLOCK
2026-07-15 04:05:58,844 [INFO] [periodic] Logs pushed to GitHub: Nifty_FlightRecorder_V2_5_19_20260715_090021.log, Nifty_BarLevel_V2_5_19_20260715_090021.csv
2026-07-15 04:06:29,002 [INFO] [MVWAP] Skip — close 24189 only 16pt from a pivot (need >20)
2026-07-15 04:06:59,169 [INFO] [MVWAP] Skip — close 24189 only 16pt from a pivot (need >20)
2026-07-15 04:07:29,330 [INFO] [MVWAP] Skip — close 24189 only 16pt from a pivot (need >20)
2026-07-15 04:07:59,509 [INFO] [MVWAP] Skip — close 24189 only 16pt from a pivot (need >20)
2026-07-15 04:08:29,668 [INFO] [MVWAP] Skip — close 24189 only 16pt from a pivot (need >20)
2026-07-15 04:08:59,832 [INFO] [MVWAP] Skip — close 24189 only 16pt from a pivot (need >20)
2026-07-15 04:09:29,991 [INFO] [MVWAP] Skip — close 24189 only 16pt from a pivot (need >20)
2026-07-15 04:10:00,168 [INFO] [MVWAP] Skip — close 24189 only 16pt from a pivot (need >20)
2026-07-15 04:10:30,339 [INFO] [MVWAP] Skip — close 24189 only 16pt from a pivot (need >20)
2026-07-15 04:11:00,495 [INFO] [MVWAP] Skip — close 24189 only 16pt from a pivot (need >20)
2026-07-15 04:11:00,495 [INFO] [INDICATORS] spot=24196.5 | 1h: close=24035.2 sma20=24149.2 sma50=24206.9 rsi=40.2 macd=-27.80/-15.13(bear) | 15m: K=58.0↑(prev 29.7) | regime=PE-eligible halted=False active=False
2026-07-15 04:11:00,495 [INFO] [SIGNAL] CE: reg=False K=True(K=58.0>=38,rising) Kextr=True RSI=False(40.2>53) MACD=False => BLOCK | PE: reg=True K=False(K=58.0<=80,falling) Kextr=False RSI=True(40.2<47) MACD=True => BLOCK
2026-07-15 04:11:02,470 [INFO] [periodic] Logs pushed to GitHub: Nifty_FlightRecorder_V2_5_19_20260715_090021.log, Nifty_BarLevel_V2_5_19_20260715_090021.csv
2026-07-15 04:11:32,627 [INFO] [MVWAP] Skip — close 24189 only 16pt from a pivot (need >20)
2026-07-15 04:12:02,786 [INFO] [MVWAP] Skip — close 24189 only 16pt from a pivot (need >20)
2026-07-15 04:12:33,088 [INFO] [MVWAP] Skip — close 24189 only 16pt from a pivot (need >20)
2026-07-15 04:13:03,256 [INFO] [MVWAP] Skip — close 24189 only 16pt from a pivot (need >20)
2026-07-15 04:13:33,417 [INFO] [MVWAP] Skip — close 24189 only 16pt from a pivot (need >20)
2026-07-15 04:14:03,578 [INFO] [MVWAP] Skip — close 24189 only 16pt from a pivot (need >20)
2026-07-15 04:14:33,742 [INFO] [MVWAP] Skip — close 24189 only 16pt from a pivot (need >20)
2026-07-15 04:15:04,801 [INFO] ENTRY: NFO:NIFTY2672124200CE @ 155.70  engine=V3  detail=Grade B G-cluster BREAK-CE at 24154
2026-07-15 04:16:06,086 [INFO] [INDICATORS] spot=24202.3 | 1h: close=24035.2 sma20=24149.2 sma50=24206.9 rsi=40.2 macd=-27.80/-15.13(bear) | 15m: K=72.9↑(prev 58.0) | regime=PE-eligible halted=False active=True
2026-07-15 04:16:06,086 [INFO] [SIGNAL] CE: reg=False K=True(K=72.9>=38,rising) Kextr=False RSI=False(40.2>53) MACD=False => BLOCK | PE: reg=True K=False(K=72.9<=80,falling) Kextr=False RSI=True(40.2<47) MACD=True => BLOCK
2026-07-15 04:16:06,086 [INFO] [STATE] CE NFO:NIFTY2672124200CE ltp=157.45 entry=155.70 pnl=+1.75(+1.1%) sl=127.67 peak=157.45 tr_armed=False elapsed=1min
2026-07-15 04:16:08,991 [INFO] [periodic] Logs pushed to GitHub: Nifty_FlightRecorder_V2_5_19_20260715_090021.log, Nifty_BarLevel_V2_5_19_20260715_090021.csv
2026-07-15 04:21:11,329 [INFO] [INDICATORS] spot=24197.8 | 1h: close=24035.2 sma20=24149.2 sma50=24206.9 rsi=40.2 macd=-27.80/-15.13(bear) | 15m: K=72.9↑(prev 58.0) | regime=PE-eligible halted=False active=True
2026-07-15 04:21:11,329 [INFO] [SIGNAL] CE: reg=False K=True(K=72.9>=38,rising) Kextr=False RSI=False(40.2>53) MACD=False => BLOCK | PE: reg=True K=False(K=72.9<=80,falling) Kextr=False RSI=True(40.2<47) MACD=True => BLOCK
2026-07-15 04:21:11,330 [INFO] [STATE] CE NFO:NIFTY2672124200CE ltp=155.30 entry=155.70 pnl=-0.40(-0.3%) sl=127.67 peak=157.45 tr_armed=False elapsed=6min
2026-07-15 04:21:13,382 [INFO] [periodic] Logs pushed to GitHub: Nifty_FlightRecorder_V2_5_19_20260715_090021.log, Nifty_BarLevel_V2_5_19_20260715_090021.csv
2026-07-15 04:26:15,488 [INFO] [INDICATORS] spot=24202.8 | 1h: close=24035.2 sma20=24149.2 sma50=24206.9 rsi=40.2 macd=-27.80/-15.13(bear) | 15m: K=72.9↑(prev 58.0) | regime=PE-eligible halted=False active=True
2026-07-15 04:26:15,488 [INFO] [SIGNAL] CE: reg=False K=True(K=72.9>=38,rising) Kextr=False RSI=False(40.2>53) MACD=False => BLOCK | PE: reg=True K=False(K=72.9<=80,falling) Kextr=False RSI=True(40.2<47) MACD=True => BLOCK
2026-07-15 04:26:15,488 [INFO] [STATE] CE NFO:NIFTY2672124200CE ltp=157.75 entry=155.70 pnl=+2.05(+1.3%) sl=127.67 peak=158.05 tr_armed=False elapsed=11min
2026-07-15 04:26:17,517 [INFO] [periodic] Logs pushed to GitHub: Nifty_FlightRecorder_V2_5_19_20260715_090021.log, Nifty_BarLevel_V2_5_19_20260715_090021.csv
2026-07-15 04:31:19,641 [INFO] [INDICATORS] spot=24177.7 | 1h: close=24035.2 sma20=24149.2 sma50=24206.9 rsi=40.2 macd=-27.80/-15.13(bear) | 15m: K=97.4↑(prev 72.9) | regime=PE-eligible halted=False active=True
2026-07-15 04:31:19,641 [INFO] [SIGNAL] CE: reg=False K=True(K=97.4>=38,rising) Kextr=False RSI=False(40.2>53) MACD=False => BLOCK | PE: reg=True K=False(K=97.4<=80,falling) Kextr=True RSI=True(40.2<47) MACD=True => BLOCK
2026-07-15 04:31:19,641 [INFO] [STATE] CE NFO:NIFTY2672124200CE ltp=145.45 entry=155.70 pnl=-10.25(-6.6%) sl=127.67 peak=158.05 tr_armed=False elapsed=16min
2026-07-15 04:31:22,564 [INFO] [periodic] Logs pushed to GitHub: Nifty_FlightRecorder_V2_5_19_20260715_090021.log, Nifty_BarLevel_V2_5_19_20260715_090021.csv
2026-07-15 04:36:24,692 [INFO] [INDICATORS] spot=24186.7 | 1h: close=24035.2 sma20=24149.2 sma50=24206.9 rsi=40.2 macd=-27.80/-15.13(bear) | 15m: K=97.4↑(prev 72.9) | regime=PE-eligible halted=False active=True
2026-07-15 04:36:24,692 [INFO] [SIGNAL] CE: reg=False K=True(K=97.4>=38,rising) Kextr=False RSI=False(40.2>53) MACD=False => BLOCK | PE: reg=True K=False(K=97.4<=80,falling) Kextr=True RSI=True(40.2<47) MACD=True => BLOCK
2026-07-15 04:36:24,692 [INFO] [STATE] CE NFO:NIFTY2672124200CE ltp=146.60 entry=155.70 pnl=-9.10(-5.8%) sl=127.67 peak=158.05 tr_armed=False elapsed=21min
2026-07-15 04:36:26,784 [INFO] [periodic] Logs pushed to GitHub: Nifty_FlightRecorder_V2_5_19_20260715_090021.log, Nifty_BarLevel_V2_5_19_20260715_090021.csv
2026-07-15 04:41:28,919 [INFO] [INDICATORS] spot=24190.5 | 1h: close=24035.2 sma20=24149.2 sma50=24206.9 rsi=40.2 macd=-27.80/-15.13(bear) | 15m: K=97.4↑(prev 72.9) | regime=PE-eligible halted=False active=True
2026-07-15 04:41:28,919 [INFO] [SIGNAL] CE: reg=False K=True(K=97.4>=38,rising) Kextr=False RSI=False(40.2>53) MACD=False => BLOCK | PE: reg=True K=False(K=97.4<=80,falling) Kextr=True RSI=True(40.2<47) MACD=True => BLOCK
2026-07-15 04:41:28,919 [INFO] [STATE] CE NFO:NIFTY2672124200CE ltp=147.05 entry=155.70 pnl=-8.65(-5.6%) sl=127.67 peak=158.05 tr_armed=False elapsed=26min
2026-07-15 04:41:30,957 [INFO] [periodic] Logs pushed to GitHub: Nifty_FlightRecorder_V2_5_19_20260715_090021.log, Nifty_BarLevel_V2_5_19_20260715_090021.csv
2026-07-15 04:46:33,194 [INFO] [INDICATORS] spot=24202.8 | 1h: close=24202.3 sma20=24150.3 sma50=24205.5 rsi=55.1 macd=-17.95/-15.70(bear) | 15m: K=97.2↓(prev 97.4) | regime=NEUTRAL halted=False active=True
2026-07-15 04:46:33,195 [INFO] [SIGNAL] CE: reg=False K=False(K=97.2>=38,rising) Kextr=False RSI=True(55.1>53) MACD=False => BLOCK | PE: reg=False K=False(K=97.2<=80,falling) Kextr=True RSI=False(55.1<47) MACD=True => BLOCK
2026-07-15 04:46:33,195 [INFO] [STATE] CE NFO:NIFTY2672124200CE ltp=155.35 entry=155.70 pnl=-0.35(-0.2%) sl=127.67 peak=158.05 tr_armed=False elapsed=31min
2026-07-15 04:46:36,033 [INFO] [periodic] Logs pushed to GitHub: Nifty_FlightRecorder_V2_5_19_20260715_090021.log, Nifty_BarLevel_V2_5_19_20260715_090021.csv
2026-07-15 04:51:38,214 [INFO] [INDICATORS] spot=24211.8 | 1h: close=24202.3 sma20=24150.3 sma50=24205.5 rsi=55.1 macd=-17.95/-15.70(bear) | 15m: K=97.2↓(prev 97.4) | regime=NEUTRAL halted=False active=True
2026-07-15 04:51:38,214 [INFO] [SIGNAL] CE: reg=False K=False(K=97.2>=38,rising) Kextr=False RSI=True(55.1>53) MACD=False => BLOCK | PE: reg=False K=False(K=97.2<=80,falling) Kextr=True RSI=False(55.1<47) MACD=True => BLOCK
2026-07-15 04:51:38,214 [INFO] [STATE] CE NFO:NIFTY2672124200CE ltp=158.90 entry=155.70 pnl=+3.20(+2.1%) sl=127.67 peak=161.10 tr_armed=False elapsed=36min
2026-07-15 04:51:40,235 [INFO] [periodic] Logs pushed to GitHub: Nifty_FlightRecorder_V2_5_19_20260715_090021.log, Nifty_BarLevel_V2_5_19_20260715_090021.csv
2026-07-15 04:56:42,914 [INFO] [INDICATORS] spot=24216.2 | 1h: close=24202.3 sma20=24150.3 sma50=24205.5 rsi=55.1 macd=-17.95/-15.70(bear) | 15m: K=97.2↓(prev 97.4) | regime=NEUTRAL halted=False active=True
2026-07-15 04:56:42,914 [INFO] [SIGNAL] CE: reg=False K=False(K=97.2>=38,rising) Kextr=False RSI=True(55.1>53) MACD=False => BLOCK | PE: reg=False K=False(K=97.2<=80,falling) Kextr=True RSI=False(55.1<47) MACD=True => BLOCK
2026-07-15 04:56:42,914 [INFO] [STATE] CE NFO:NIFTY2672124200CE ltp=159.85 entry=155.70 pnl=+4.15(+2.7%) sl=127.67 peak=161.10 tr_armed=False elapsed=41min
2026-07-15 04:56:44,976 [INFO] [periodic] Logs pushed to GitHub: Nifty_FlightRecorder_V2_5_19_20260715_090021.log, Nifty_BarLevel_V2_5_19_20260715_090021.csv
2026-07-15 05:01:47,463 [INFO] [INDICATORS] spot=24201.8 | 1h: close=24202.3 sma20=24150.3 sma50=24205.5 rsi=55.1 macd=-17.95/-15.70(bear) | 15m: K=97.4↑(prev 97.2) | regime=NEUTRAL halted=False active=True
2026-07-15 05:01:47,464 [INFO] [SIGNAL] CE: reg=False K=True(K=97.4>=38,rising) Kextr=False RSI=True(55.1>53) MACD=False => BLOCK | PE: reg=False K=False(K=97.4<=80,falling) Kextr=True RSI=False(55.1<47) MACD=True => BLOCK
2026-07-15 05:01:47,464 [INFO] [STATE] CE NFO:NIFTY2672124200CE ltp=153.25 entry=155.70 pnl=-2.45(-1.6%) sl=127.67 peak=161.10 tr_armed=False elapsed=46min
2026-07-15 05:01:50,470 [INFO] [periodic] Logs pushed to GitHub: Nifty_FlightRecorder_V2_5_19_20260715_090021.log, Nifty_BarLevel_V2_5_19_20260715_090021.csv
2026-07-15 05:06:54,057 [INFO] [INDICATORS] spot=24200.3 | 1h: close=24202.3 sma20=24150.3 sma50=24205.5 rsi=55.1 macd=-17.95/-15.70(bear) | 15m: K=97.4↑(prev 97.2) | regime=NEUTRAL halted=False active=True
2026-07-15 05:06:54,058 [INFO] [SIGNAL] CE: reg=False K=True(K=97.4>=38,rising) Kextr=False RSI=True(55.1>53) MACD=False => BLOCK | PE: reg=False K=False(K=97.4<=80,falling) Kextr=True RSI=False(55.1<47) MACD=True => BLOCK
2026-07-15 05:06:54,058 [INFO] [STATE] CE NFO:NIFTY2672124200CE ltp=149.20 entry=155.70 pnl=-6.50(-4.2%) sl=127.67 peak=161.10 tr_armed=False elapsed=51min
2026-07-15 05:06:56,177 [INFO] [periodic] Logs pushed to GitHub: Nifty_FlightRecorder_V2_5_19_20260715_090021.log, Nifty_BarLevel_V2_5_19_20260715_090021.csv
2026-07-15 05:11:58,603 [INFO] [INDICATORS] spot=24202.5 | 1h: close=24202.3 sma20=24150.3 sma50=24205.5 rsi=55.1 macd=-17.95/-15.70(bear) | 15m: K=97.4↑(prev 97.2) | regime=NEUTRAL halted=False active=True
2026-07-15 05:11:58,603 [INFO] [SIGNAL] CE: reg=False K=True(K=97.4>=38,rising) Kextr=False RSI=True(55.1>53) MACD=False => BLOCK | PE: reg=False K=False(K=97.4<=80,falling) Kextr=True RSI=False(55.1<47) MACD=True => BLOCK
2026-07-15 05:11:58,603 [INFO] [STATE] CE NFO:NIFTY2672124200CE ltp=152.15 entry=155.70 pnl=-3.55(-2.3%) sl=127.67 peak=161.10 tr_armed=False elapsed=56min
2026-07-15 05:12:00,743 [INFO] [periodic] Logs pushed to GitHub: Nifty_FlightRecorder_V2_5_19_20260715_090021.log, Nifty_BarLevel_V2_5_19_20260715_090021.csv
2026-07-15 05:17:03,218 [INFO] [INDICATORS] spot=24201.9 | 1h: close=24202.3 sma20=24150.3 sma50=24205.5 rsi=55.1 macd=-17.95/-15.70(bear) | 15m: K=99.9↑(prev 97.4) | regime=NEUTRAL halted=False active=True
2026-07-15 05:17:03,218 [INFO] [SIGNAL] CE: reg=False K=True(K=99.9>=38,rising) Kextr=False RSI=True(55.1>53) MACD=False => BLOCK | PE: reg=False K=False(K=99.9<=80,falling) Kextr=True RSI=False(55.1<47) MACD=True => BLOCK
2026-07-15 05:17:03,218 [INFO] [STATE] CE NFO:NIFTY2672124200CE ltp=154.20 entry=155.70 pnl=-1.50(-1.0%) sl=127.67 peak=161.10 tr_armed=False elapsed=61min
