2026-07-10 03:30:25,265 [INFO] [STATE] State from 2026-07-09 — resetting trades_today for 2026-07-10
2026-07-10 03:30:25,265 [INFO] [STATE] Loaded prior state. POS.active=False losses=0
2026-07-10 03:30:27,154 [INFO] [BOOT] Nifty FUT token: 15639810 expiry=2026-07-28 sym=NIFTY26JULFUT
2026-07-10 03:30:27,173 [INFO] [BOOT] Expiry: 2026-07-14, 99 strikes, 198 option contracts
2026-07-10 03:30:27,174 [INFO] [BOOT] PAPER mode (kite_paper) — mStock init + self-test SKIPPED (bypassed).
2026-07-10 03:30:27,333 [INFO] [PIVOTS] P=24014 R1=24102 R2=24223 S1=23894 S2=23805
2026-07-10 03:30:27,335 [WARNING] [OI Plan] Stale plan (2026-06-01) — ignoring for today's levels
2026-07-10 03:30:27,335 [INFO] [OI Plan] No valid plan found — running without OI levels (normal mode)
2026-07-10 03:30:27,335 [INFO] [GAP] +2.01% gap; suppressing entries until 10:15
2026-07-10 03:30:27,336 [INFO] 
2026-07-10 03:30:27,336 [INFO] +========================================================================+
2026-07-10 03:30:27,336 [INFO] | ORION V2.5.15 — STRATEGY DESIGN                                        |
2026-07-10 03:30:27,336 [INFO] | Backtest: 363 trades | PnL Rs +6,88,158 | WR 64.5% | MaxDD -1,119     |
2026-07-10 03:30:27,336 [INFO] +========================================================================+
2026-07-10 03:30:27,336 [INFO] | ENGINE V2 (fires every 15m close — regime: BULL/BEAR/TRANSITION only)  |
2026-07-10 03:30:27,336 [INFO] |   CE: 1h close>SMA20>SMA50 | K>=38 rising | K<25 recently             |
2026-07-10 03:30:27,336 [INFO] |        RSI>53 | MACD bull | premium 30-180                             |
2026-07-10 03:30:27,336 [INFO] |   PE: 1h close<SMA20<SMA50 | K<=80 falling K>=25 | K>75 recently      |
2026-07-10 03:30:27,336 [INFO] |        RSI<47 | MACD bear | premium 30-300                             |
2026-07-10 03:30:27,337 [INFO] |                                                                         |
2026-07-10 03:30:27,337 [INFO] | ENGINE V3 (15m G/R cluster break/reject — fires in any regime)         |
2026-07-10 03:30:27,337 [INFO] |   Grade A (>=3 source kinds) / Grade B (>=2)                           |
2026-07-10 03:30:27,337 [INFO] |   PDC excluded from clusters; G/R need >=25pt buffer from PDC          |
2026-07-10 03:30:27,337 [INFO] |   premium 30-180 CE / 30-300 PE                                        |
2026-07-10 03:30:27,337 [INFO] |                                                                         |
2026-07-10 03:30:27,337 [INFO] | ENGINE VWAP (triple confirmation — fires in any regime)                 |
2026-07-10 03:30:27,337 [INFO] |   1. Nifty FUTURES 15m close crosses FUT VWAP, body>=65% (PRIMARY)     |
2026-07-10 03:30:27,337 [INFO] |   2. Nifty SPOT 15m close same direction above/below spot VWAP         |
2026-07-10 03:30:27,337 [INFO] |   3. ATM CE/PE LTP also above/below its daily VWAP simultaneously      |
2026-07-10 03:30:27,337 [INFO] |   premium 30-180 CE / 30-300 PE                                        |
2026-07-10 03:30:27,337 [INFO] |                                                                         |
2026-07-10 03:30:27,337 [INFO] | ENGINE FLIP (opposite-side only, max 3/day, excluded from CB)          |
2026-07-10 03:30:27,337 [INFO] |   Path A (in-trade): elapsed>=30 + peak>=entry+15 + LTP<=entry+10      |
2026-07-10 03:30:27,337 [INFO] |   Path B (post-exit): K reversal within 60min                          |
2026-07-10 03:30:27,338 [INFO] |                                                                         |
2026-07-10 03:30:27,338 [INFO] | UNIVERSAL EXIT (priority order):                                        |
2026-07-10 03:30:27,338 [INFO] |   1. HARDSL -18%                                                        |
2026-07-10 03:30:27,338 [INFO] |   2. Continuous trail: arms when peak>=entry+15, SL=peak-5             |
2026-07-10 03:30:27,338 [INFO] |      floor=entry+10, ratchets up with peak (never down)                |
2026-07-10 03:30:27,338 [INFO] |   3. VWAP trades: exit when opt 15m close < opt VWAP                  |
2026-07-10 03:30:27,338 [INFO] |   4. V2/V3/FLIP trades: SMA8(low) trail on 15m                        |
2026-07-10 03:30:27,338 [INFO] |   5. Force close 15:25  6. CB=3 non-flip losses                        |
2026-07-10 03:30:27,338 [INFO] |                                                                         |
2026-07-10 03:30:27,338 [INFO] | INFORMATIONAL (no trade gate): Straddle alerts | Options VWAP          |
2026-07-10 03:30:27,338 [INFO] +========================================================================+
2026-07-10 03:30:27,339 [INFO] 
2026-07-10 03:30:27,339 [INFO] === ORION CHANGE HISTORY (V2.2.2 -> V2.5.9) ===
2026-07-10 03:30:27,339 [INFO] 
2026-07-10 03:30:27,339 [INFO] V2.2.2 [PRODUCTION BASELINE — T10]
2026-07-10 03:30:27,339 [INFO]   Entry : 1h SMA20/50 regime + 15m StochRSI K (CE>=38 rising, PE<=80 falling)
2026-07-10 03:30:27,339 [INFO]   Exit  : HARDSL -35%, TIME_SL 210min/-20%, BE +15% -> option SMA8(low) trail
2026-07-10 03:30:27,339 [INFO]   CB=2, 1 lot, no flip, no V3, no chop filter
2026-07-10 03:30:27,339 [INFO] 
2026-07-10 03:30:27,339 [INFO] V2.3  [+V3 CLUSTER LEVELS]
2026-07-10 03:30:27,339 [INFO]   + PDH/PDL/round_50/round_100/PDC/1h swing pivots clustered within 20pts
2026-07-10 03:30:27,339 [INFO]   + Grade A (>=3 source kinds) / Grade B (>=2)
2026-07-10 03:30:27,339 [INFO]   + ADX regime classifier (BULL/BEAR/CHOP/TRANSITION)
2026-07-10 03:30:27,339 [INFO] 
2026-07-10 03:30:27,339 [INFO] V2.4  [+EXIT UPGRADES]
2026-07-10 03:30:27,339 [INFO]   + 15m option SMA8(low) trail (KEPT in all future versions)
2026-07-10 03:30:27,339 [INFO]   + ATR-based exits (REMOVED — not robust enough)
2026-07-10 03:30:27,340 [INFO]   + BE armor at +15% (REMOVED later — net negative in backtest)
2026-07-10 03:30:27,340 [INFO] 
2026-07-10 03:30:27,340 [INFO] V2.5.0  [HYBRID V2+V3 + TIME-RATCHET]
2026-07-10 03:30:27,340 [INFO]   + Hybrid V2+V3 entry (V2 priority on same-bar tiebreak)
2026-07-10 03:30:27,340 [INFO]   + Time-ratchet exit: 90min / +20 step
2026-07-10 03:30:27,340 [INFO] 
2026-07-10 03:30:27,340 [INFO] V2.5.1  [ENTRY REFINEMENT]
2026-07-10 03:30:27,340 [INFO]   + V2 PE_floor=25 (K>=25 required for PE entry)
2026-07-10 03:30:27,340 [INFO]   + V2 CE: no upper K cap (cap tested and REJECTED — hurts WR)
2026-07-10 03:30:27,340 [INFO]   + V2 priority confirmed: +Rs 52k vs V3-priority
2026-07-10 03:30:27,340 [INFO] 
2026-07-10 03:30:27,340 [INFO] V2.5.2  [FLIP RULE +Rs 130k]
2026-07-10 03:30:27,340 [INFO]   + Path A flip (in-trade): elapsed>=30 + peak>=entry+15 + LTP<=entry+10 + K reversed
2026-07-10 03:30:27,340 [INFO]   + Path B flip (post-exit): K reversal within 60min
2026-07-10 03:30:27,340 [INFO]   + Opposite-side only (same-side continuation REJECTED: -Rs 191k CATASTROPHIC)
2026-07-10 03:30:27,340 [INFO]   + CE->PE: K falling, 25<=K<=80 | PE->CE: K rising, K>=38
2026-07-10 03:30:27,340 [INFO] 
2026-07-10 03:30:27,341 [INFO] V2.5.3  [V3 SINGLETONS + HARDSL LOCKED]
2026-07-10 03:30:27,341 [INFO]   + Promoted singletons: PDH/PDL/round_100(+-200 PDC)/swing pivots standalone Grade B
2026-07-10 03:30:27,341 [INFO]   + HARDSL locked at -25% (swept -35% to -15%; -25% optimal)
2026-07-10 03:30:27,341 [INFO]   + PnL Rs +3,14,418
2026-07-10 03:30:27,341 [INFO] 
2026-07-10 03:30:27,341 [INFO] V2.5.4  [FLIP CAP]
2026-07-10 03:30:27,341 [INFO]   + MAX_FLIPS_PER_DAY=3 (flips 1-3 win Rs 131k; flips 4+ lose Rs 21k)
2026-07-10 03:30:27,341 [INFO]   + PnL Rs +3,23,851
2026-07-10 03:30:27,341 [INFO] 
2026-07-10 03:30:27,341 [INFO] V2.5.5  [CHOP FILTER +Rs 49k]
2026-07-10 03:30:27,341 [INFO]   + RSI [47,53] indecision band blocks ALL entries
2026-07-10 03:30:27,341 [INFO]   + PnL Rs +3,72,598
2026-07-10 03:30:27,341 [INFO] 
2026-07-10 03:30:27,341 [INFO] V2.5.6  [V3 PDC CONTAMINATION FIX — LOCKED Rs 3,85,724 / WR 35.7%]
2026-07-10 03:30:27,341 [INFO]   + Exclude PDC from clustering (PDC is reference, not tradeable level)
2026-07-10 03:30:27,341 [INFO]   + G/R require >=25pt buffer from PDC (motivated by 2026-05-18 bad paper trade)
2026-07-10 03:30:27,341 [INFO]   + PnL Rs +3,85,724 / MaxDD -1,331 / Red 5/18
2026-07-10 03:30:27,342 [INFO] 
2026-07-10 03:30:27,342 [INFO] V2.5.7  [VELVET ROPE + RATCHET +Rs 1,14,324 / WR 35.7%->55.4%]
2026-07-10 03:30:27,342 [INFO]   + Velvet Rope: premium hits entry+15 -> SL immediately to entry+2
2026-07-10 03:30:27,342 [INFO]   + Ratchet Gate: 30min elapsed + entry+25 -> SL to entry+15
2026-07-10 03:30:27,342 [INFO]   + Runner Trail: +20 per +20pts peak (one-way)
2026-07-10 03:30:27,342 [INFO]   + Trade-off: Red months 5->10/18, MaxDD -1,331->-1,885
2026-07-10 03:30:27,342 [INFO] 
2026-07-10 03:30:27,342 [INFO] V2.5.8  [K EXTREME + FULL SMA ALIGNMENT]
2026-07-10 03:30:27,342 [INFO]   + K extreme filter: CE entry only if K<25 recently (3 bars); PE if K>75 recently
2026-07-10 03:30:27,342 [INFO]   + Full SMA alignment: CE needs close>SMA20>SMA50 (was just close>SMA20)
2026-07-10 03:30:27,342 [INFO] 
2026-07-10 03:30:27,342 [INFO] V2.5.9  [Rs 6,70,425 / WR 66.9% / 357 trades / MaxDD -1,485 / Red 8/18]
2026-07-10 03:30:27,342 [INFO]   + RSI DIRECTIONAL GATE replaces RSI [47,53] chop filter:
2026-07-10 03:30:27,342 [INFO]       CE: 1h RSI>53 required | PE: 1h RSI<47 required
2026-07-10 03:30:27,342 [INFO]   + MACD 1h alignment: CE needs MACD_line>signal; PE needs MACD_line<signal
2026-07-10 03:30:27,342 [INFO]   + Premium gate: 30<=entry_LTP<=180 (blocks deep OTM and IV-spike entries)
2026-07-10 03:30:27,342 [INFO]   + Tightened exit params: RI=12 (was 15), RT=20 (was 30), RS=25 (was 20)
2026-07-10 03:30:27,343 [INFO]   + CB=3 (was 4)
2026-07-10 03:30:27,343 [INFO]   + Straddle monitoring: informational Telegram at 9:45 and 11:30
2026-07-10 03:30:27,343 [INFO]   + Options VWAP: informational context at entry/pulse/exit
2026-07-10 03:30:27,343 [INFO] 
2026-07-10 03:30:27,343 [INFO] V2.5.12 [CURRENT LOCKED — Rs 6,88,158 / WR 64.5% / 363 trades / MaxDD -1,119 / Red 5/18]
2026-07-10 03:30:27,343 [INFO]   SOURCE: VRL (Vishal Rajput) code analysis — peak-based ratchet ladder
2026-07-10 03:30:27,343 [INFO]   + HARDSL tightened -25% → -18% (faster loss cut, less capital exposed)
2026-07-10 03:30:27,343 [INFO]   + 20-min time gate REMOVED — purely peak-based ladder (no waiting)
2026-07-10 03:30:27,343 [INFO]   + Ladder Tier2: peak >= entry+24 → SL = entry+12 (immediate)
2026-07-10 03:30:27,343 [INFO]   + Ladder Tier3: peak >= entry+36 → SL = entry+24 (immediate)
2026-07-10 03:30:27,343 [INFO]   + Entry logic UNCHANGED from V2.5.9
2026-07-10 03:30:27,343 [INFO]   + Validated: real option data (May 4-21 2026, 12 days)
2026-07-10 03:30:27,343 [INFO]   + Key improvement: MaxDD -1,485 → -1,119 (-25%), Red months 8 → 5
2026-07-10 03:30:27,343 [INFO] 
2026-07-10 03:30:27,343 [INFO] V2.5.12-LIVE [2026-05-29 — FIRST LIVE TRADING SESSION WITH mSTOCK EXECUTION]
2026-07-10 03:30:27,343 [INFO]   + EXECUTION_BROKER switched from kite_paper → mstock_live
2026-07-10 03:30:27,343 [INFO]   + mStock Type B API integrated: login → set_access_token → verify_totp (TOTP auto)
2026-07-10 03:30:27,344 [INFO]   + Instrument master: direct fetch from OpenAPIScripMaster (173k symbols, name field)
2026-07-10 03:30:27,344 [INFO]   + order_status: mStock returns 'Traded' status (not 'COMPLETE') — mapped correctly
2026-07-10 03:30:27,344 [INFO]   + place_order: disclosedquantity="0" required (blank causes IA400 rejection)
2026-07-10 03:30:27,344 [INFO]   + IP 18.212.243.203 (PythonAnywhere) whitelisted in mStock API settings
2026-07-10 03:30:27,344 [INFO]   + BUY: 15s timeout, cancel-and-check on timeout, abort if not filled
2026-07-10 03:30:27,344 [INFO]   + SELL: 3 retries × 5s, 🚨 CRITICAL Telegram alert if all fail, POS.active stays True
2026-07-10 03:30:27,344 [INFO]   + V3 REGIME GATE REMOVED: V3 now fires in CHOP/INSUFFICIENT regime
2026-07-10 03:30:27,344 [INFO]       Root cause of bug: regime gate wrapped ALL signals including V3;
2026-07-10 03:30:27,344 [INFO]       V3 uses cluster break/reject as its own confirmation — ADX not needed
2026-07-10 03:30:27,344 [INFO]       V2 and FLIP remain regime-gated (BULL/BEAR/TRANSITION only)
2026-07-10 03:30:27,344 [INFO]   + V3 engine: acts on ALL Grade A/B clusters simultaneously (not just nearest)
2026-07-10 03:30:27,344 [INFO]   + PREMIUM_MAX asymmetric: CE=180 (unchanged), PE=300 (was 180, captures panic moves)
2026-07-10 03:30:27,344 [INFO]   + VWAP double confirmation engine (new):
2026-07-10 03:30:27,344 [INFO]       Fires when Nifty 15m bar crosses daily VWAP with body>=50% range
2026-07-10 03:30:27,344 [INFO]       AND ATM CE/PE LTP is also above/below its daily VWAP simultaneously
2026-07-10 03:30:27,344 [INFO]       Self-confirming like V3 — no regime gate
2026-07-10 03:30:27,344 [INFO]   + LOTS_PER_TRADE = 2 (live)
2026-07-10 03:30:27,345 [INFO] 
2026-07-10 03:30:27,345 [INFO] V2.5.13 [VWAP TRAIL EXIT + BOOT SELF-TEST + STABILITY FIXES]
2026-07-10 03:30:27,345 [INFO]   + VWAP engine trades: trail exit uses option's own VWAP (15m close < option VWAP)
2026-07-10 03:30:27,345 [INFO]     instead of SMA8(low) trail — holds through pullbacks better on VWAP-confirmed moves
2026-07-10 03:30:27,345 [INFO]   + V2/V3/FLIP trades: keep original SMA8(low) trail (unchanged)
2026-07-10 03:30:27,345 [INFO]   + Boot self-test: BUY (LIMIT ₹0.05) + SELL (LIMIT ₹9999) on deep OTM option at startup
2026-07-10 03:30:27,345 [INFO]     Both must succeed and cancel cleanly or bot aborts — confirms mStock connectivity + IP
2026-07-10 03:30:27,345 [INFO]   + MStockBroker class inlined into single .py file (no separate mstock_broker.py)
2026-07-10 03:30:27,345 [INFO]   + IA403 recovery: rebuilds SDK client from scratch on IP mismatch, 3 consecutive → halt
2026-07-10 03:30:27,345 [INFO]   + Position sync cooldown: 180s → 300s (avoids false MANUAL_EXIT on slow fills)
2026-07-10 03:30:27,345 [INFO]   + MANUAL_EXIT fix: clears buy_order_id before close_trade to prevent duplicate SELL
2026-07-10 03:30:27,345 [INFO]   + State file: added date field, resets trades_today/losses on new day boundary
2026-07-10 03:30:27,345 [INFO]   + VWAP dedup log spam removed (silent return on same-bar re-fire)
2026-07-10 03:30:27,345 [INFO] 
2026-07-10 03:30:27,345 [INFO] V2.5.14 [TIERED PROFIT LOCK LADDER — inspired by VRL]
2026-07-10 03:30:27,345 [INFO]   + Replaced sparse 3-tier ratchet (Velvet Rope + T2 + T3 + Runner) with 7-tier ladder
2026-07-10 03:30:27,345 [INFO]   + Ladder: +12→+2, +18→+8, +24→+12, +30→+20, +36→+24, +40→+30, +50→+40
2026-07-10 03:30:27,345 [INFO]   + More tiers = less profit give-back on sharp reversals
2026-07-10 03:30:27,345 [INFO]   + Checked every tick (not candle-based) — same as before but tighter protection
2026-07-10 03:30:27,346 [INFO]   + Unified code: single loop replaces 3 separate sections (3a/3b/3c → 3)
2026-07-10 03:30:27,346 [INFO]   + VWAP engine upgraded to TRIPLE confirmation:
2026-07-10 03:30:27,346 [INFO]     Gate 1 (PRIMARY): Nifty FUTURES 15m close crosses futures VWAP, body >= 50%
2026-07-10 03:30:27,346 [INFO]     Gate 2: Nifty SPOT 15m close same direction above/below spot VWAP
2026-07-10 03:30:27,346 [INFO]     Gate 3: ATM option LTP above/below option's own VWAP
2026-07-10 03:30:27,346 [INFO]   + Futures VWAP is now the primary decision criterion — real margin-backed money
2026-07-10 03:30:27,346 [INFO]   + Nifty FUT token auto-resolved from Kite instruments at boot (no hardcoding)
2026-07-10 03:30:27,346 [INFO] 
2026-07-10 03:30:27,346 [INFO] V2.5.15 [STALE DATA GUARD — 2026-06-12]
2026-07-10 03:30:27,346 [INFO]   + ROOT CAUSE FOUND: Kite intermittently returned a 15m series ending ~2h in
2026-07-10 03:30:27,346 [INFO]     the past. Evidence: VWAP entry logged bar=198 at 11:30 but bar=197 at 13:30
2026-07-10 03:30:27,346 [INFO]     (bar index went BACKWARDS); the 13:30 entry cited a 67% bearish bar +
2026-07-10 03:30:27,346 [INFO]     FUT 23375 while the live tape was +68 pts off the low in 4 min → bought PE
2026-07-10 03:30:27,346 [INFO]     into a V-reversal → HARDSL -21.73. Fresh-data replay confirms the signal
2026-07-10 03:30:27,346 [INFO]     does NOT fire at 13:30 with up-to-date frames. Likely also suppressed valid
2026-07-10 03:30:27,346 [INFO]     signals (Jun-11 zero-trade day: fresh-data replay finds 4 trades / +35 pts).
2026-07-10 03:30:27,347 [INFO]   + Guard (active 09:32+): if last 15m bar (spot or futures) is older than
2026-07-10 03:30:27,347 [INFO]     16 min → instant refetch from Kite; if recovered, continue + Telegram info;
2026-07-10 03:30:27,347 [INFO]     if still stale → Telegram alert + ENTRIES blocked for that cycle only.
2026-07-10 03:30:27,347 [INFO]   + EXITS are never blocked on data quality.
2026-07-10 03:30:27,347 [INFO]   + Telegram alerts rate-limited to 1 per 10 min; log line every cycle.
2026-07-10 03:30:27,347 [INFO] 
2026-07-10 03:30:27,347 [INFO] V2.5.16 [MOMENTUM GATE ON SAME-SIDE STREAKS + SMA8 TODAY-ONLY FIX — 2026-06-17]
2026-07-10 03:30:27,347 [INFO]   + PROBLEM: in choppy markets the bot ran 3+ rapid same-direction trades —
2026-07-10 03:30:27,347 [INFO]     first 1-2 win small, the 3rd buys into the reversal and takes the full
2026-07-10 03:30:27,347 [INFO]     -18% HARDSL, then keeps buying the same side, wiping the day's gains.
2026-07-10 03:30:27,347 [INFO]     Diagnosis (May+June real-opt data): the persistence is the VWAP engine
2026-07-10 03:30:27,347 [INFO]     (no regime filter, re-fires same side each 15m bar). The 1st/2nd winners
2026-07-10 03:30:27,347 [INFO]     exit on the peak ladder (TRAIL_+N); the 3rd dies on HARDSL/VWAP_TRAIL.
2026-07-10 03:30:27,347 [INFO]   + MOMENTUM GATE: the 3rd+ CONSECUTIVE same-direction entry (any engine) is
2026-07-10 03:30:27,347 [INFO]     blocked unless spot has moved >= MOM_GATE_PTS (12) WITH the trade over the
2026-07-10 03:30:27,347 [INFO]     last MOM_GATE_BARS (5) closed 1m bars. 1st/2nd same-side entries untouched.
2026-07-10 03:30:27,347 [INFO]     Run counted from DAY.trades_today (closed trades). New fetch_nifty_1m() +
2026-07-10 03:30:27,347 [INFO]     momentum_gate_ok(); fails OPEN if 1m data unavailable; "🚧 Momentum-gate
2026-07-10 03:30:27,347 [INFO]     BLOCK" Telegram on a block. Backtest (May real-opt): baseline -7.3 pt →
2026-07-10 03:30:27,347 [INFO]     gate +104.0 pt, 0 winners blocked (blocks only flat-momentum |mv|<=8 chop).
2026-07-10 03:30:27,348 [INFO]   + SMA8 TODAY-ONLY FIX: sma8_low_of_option() now averages ONLY today's closed
2026-07-10 03:30:27,348 [INFO]     15m option lows (arms after SMA_TRAIL_MIN_BARS=4 today-bars). Previously it
2026-07-10 03:30:27,348 [INFO]     averaged 8 bars from a 10-day fetch, mixing yesterday's different-level /
2026-07-10 03:30:27,348 [INFO]     illiquid lows → false trail exits. NOT removed: backtest showed deleting
2026-07-10 03:30:27,348 [INFO]     SMA8 costs -66 pt (it is a tighter stop than the -18% HARDSL).
2026-07-10 03:30:27,348 [INFO]   + Ladder exit, HARDSL, flip logic, stale-data guard all UNCHANGED.
2026-07-10 03:30:27,348 [INFO]   + start_orion.sh now launches V2.5.16 (90s crash-fallback still → V2.5.14).
2026-07-10 03:30:27,348 [INFO] 
2026-07-10 03:30:27,348 [INFO] V2.5.17 [3 CHOP-BLEED GUARDS — 2026-06-18]
2026-07-10 03:30:27,348 [INFO]   + CONTEXT: 06-16 (-20.4pt/7trades) and 06-17 (-44.0pt/4trades) were both
2026-07-10 03:30:27,348 [INFO]     compressed chop days (full range 141pt & 107pt; 06-17 had 9 mean-crosses in
2026-07-10 03:30:27,348 [INFO]     a 107pt box). The regime classifier stayed BULL all 76 bars both days and
2026-07-10 03:30:27,348 [INFO]     chop_block fired 0 times, so the breakout engines kept firing into noise.
2026-07-10 03:30:27,348 [INFO]     See ~/orion_backtest_lab/results/RESULTS.md (2026-06-18 post-mortem).
2026-07-10 03:30:27,348 [INFO]   + #1 MORNING CHOP GATE (CHOP_GATE_ENABLED): decided ONCE after ~10:30 IST from
2026-07-10 03:30:27,348 [INFO]     the first-hour (09:15-10:15) FUT bars. Stand aside (block ALL new entries for
2026-07-10 03:30:27,348 [INFO]     the day) when early efficiency-ratio <= CHOP_ER_MAX (0.25) AND (first-hour
2026-07-10 03:30:27,348 [INFO]     FUT-VWAP cross-count >= CHOP_VWAP_CROSSES_MIN (3) OR first-hour range <
2026-07-10 03:30:27,348 [INFO]     CHOP_RANGE_PT_MAX (110pt)). Exits always allowed. Fails OPEN (not enough
2026-07-10 03:30:27,349 [INFO]     bars yet -> no decision -> trade normally). morning_chop_verdict().
2026-07-10 03:30:27,349 [INFO]   + #2 VWAP BODY BAND (VWAP_BODY_CLIMAX_PCT): VWAP entry now takes only the
2026-07-10 03:30:27,349 [INFO]     65-86% body band — existing >=65% min kept, NEW >=87% climax/exhaustion bars
2026-07-10 03:30:27,349 [INFO]     skipped (climax bars fade). One added guard line in check_vwap_signal().
2026-07-10 03:30:27,349 [INFO]   + #3 MOMENTUM-FADE GATE (FADE_GATE_ENABLED): for a 3rd+ consecutive same-side
2026-07-10 03:30:27,349 [INFO]     entry that follows >= FADE_MIN_PRIOR_WINS (2) consecutive same-side WINS,
2026-07-10 03:30:27,349 [INFO]     inspect 3-min option premiums of BOTH the trend-side and opposite-side ATM
2026-07-10 03:30:27,349 [INFO]     strikes over the last FADE_OPT_BARS (3) closed bars. Enter ONLY IF the
2026-07-10 03:30:27,349 [INFO]     trend-side option is NOT decaying AND the opposite-side option IS decaying;
2026-07-10 03:30:27,349 [INFO]     otherwise skip (momentum has faded / is rotating to the other side). Fails
2026-07-10 03:30:27,349 [INFO]     OPEN on missing data. fade_gate_ok() + fetch_option_3m(). Complements the
2026-07-10 03:30:27,349 [INFO]     V2.5.16 spot-move momentum gate (both must pass).
2026-07-10 03:30:27,349 [INFO]   + All three guards are ADDITIVE; ladder/HARDSL/flip/SMA8/stale-guard UNCHANGED.
2026-07-10 03:30:27,349 [INFO]   + NOT yet sim-A/B'd — shipped on user direction; 2026-06-18 is paper-only, so
2026-07-10 03:30:27,349 [INFO]     the live paper session is the first validation. WATCH first CHOP-GATE day +
2026-07-10 03:30:27,349 [INFO]     first FADE block + that #2 climax-skip doesn't starve VWAP.
2026-07-10 03:30:27,349 [INFO]   + start_orion.sh now launches V2.5.17 (pkill pattern V2_5_1[567];
2026-07-10 03:30:27,349 [INFO]     90s crash-fallback still → V2.5.14 archive).
2026-07-10 03:30:27,350 [INFO] 
2026-07-10 03:30:27,350 [INFO] V2.5.18 [SMA8 ENTRY-AWARE FIX + CHOP-GATE RE-ARM — 2026-06-19]
2026-07-10 03:30:27,350 [INFO]   + CONTEXT: 2026-06-19 (paper) — gap-down day. One V3 PE (24000PE @114) entered
2026-07-10 03:30:27,350 [INFO]     correctly at 10:15 on a Grade-A R-cluster break, but SMA8_LOW_TRAIL exited it
2026-07-10 03:30:27,350 [INFO]     31s later at +1.6 (the trail evaluated the 10:00 bar — which CLOSED BEFORE
2026-07-10 03:30:27,350 [INFO]     entry — against today's lows-avg). Spot then fell 24040->23926 without us;
2026-07-10 03:30:27,350 [INFO]     morning chop-gate (ER=0.01, range=70pt) then stood aside the rest of the day.
2026-07-10 03:30:27,350 [INFO]   + FIX A (SMA8 pre-entry bar): the SMA8(low) trail now NEVER acts on a 15m bar
2026-07-10 03:30:27,350 [INFO]     whose CLOSE time (bar-start + 15m) is <= POS.entry_time. A fresh entry can no
2026-07-10 03:30:27,350 [INFO]     longer be ejected on price action that happened before it was opened.
2026-07-10 03:30:27,350 [INFO]   + FIX C (SMA8 arm window): trail arms on bars-SINCE-ENTRY, not bars-of-day.
2026-07-10 03:30:27,350 [INFO]     sma8_low_of_option() now averages only TODAY's closed bars that closed AFTER
2026-07-10 03:30:27,350 [INFO]     entry and needs >= SMA_TRAIL_MIN_BARS_SINCE_ENTRY (1) of them. With 1 own bar
2026-07-10 03:30:27,350 [INFO]     SMA8L == that bar's own low, so close(>=low) can't trigger -> first real
2026-07-10 03:30:27,350 [INFO]     trigger needs >=2 own bars. SMA_TRAIL_MIN_BARS (4, bars-of-day) is now only
2026-07-10 03:30:27,350 [INFO]     the fallback when entry_time is unknown (state-load edge). NOT a BE-gate.
2026-07-10 03:30:27,350 [INFO]   + CHOP-GATE RE-ARM (CHOP_REARM_ENABLED): after a morning stand-aside, release
2026-07-10 03:30:27,351 [INFO]     the block when a CLOSED FUT 15m bar breaks the recorded first-hour range by
2026-07-10 03:30:27,351 [INFO]     >= CHOP_REARM_BUFFER_PT (15pt) with body >= CHOP_REARM_BODY_MIN (65%), in the
2026-07-10 03:30:27,351 [INFO]     regime direction (BULL=>up-break only, BEAR=>down-break only, else either).
2026-07-10 03:30:27,351 [INFO]     FUT leads spot, so this triggers earlier than a spot-range break. Re-arm is
2026-07-10 03:30:27,351 [INFO]     one-way for the day (stays live once released); per-trade momentum/fade/CB
2026-07-10 03:30:27,351 [INFO]     guards still apply. _morning_chop_verdict_impl() stashes FH hi/lo;
2026-07-10 03:30:27,351 [INFO]     chop_rearm_check() evaluated each cycle while blocked. Logs [CHOPGATE] RE-ARMED.
2026-07-10 03:30:27,351 [INFO]   + Ladder/HARDSL/flip/VWAP-trail/stale-guard UNCHANGED. SMA8 KEPT (deleting it
2026-07-10 03:30:27,351 [INFO]     cost -66pt, V2.5.16) — this only changes WHEN it may fire, not whether.
2026-07-10 03:30:27,351 [INFO]   + NOT yet sim-A/B'd — shipped on user direction 2026-06-19; backtest the
2026-07-10 03:30:27,351 [INFO]     re-arm thresholds on post-chop trend days before relying on it live.
2026-07-10 03:30:27,351 [INFO] 
2026-07-10 03:30:27,351 [INFO] V2.5.19 [THREE FUT-VWAP ENTRY PATHWAYS — 2026-06-21]
2026-07-10 03:30:27,351 [INFO]   + Built on user direction 2026-06-21. THREE new VWAP-cross entry pathways.
2026-07-10 03:30:27,351 [INFO]     NOT yet sim-A/B'd — BACKTEST before flipping start_orion.sh to V2.5.19.
2026-07-10 03:30:27,351 [INFO]     All three are flag-gated (default ON). Existing V2/V3/FLIP UNCHANGED.
2026-07-10 03:30:27,351 [INFO] 
2026-07-10 03:30:27,351 [INFO]   + FEATURE 1 — FUT 15m VWAP cross + CONFIRMATION CANDLE (all-day).
2026-07-10 03:30:27,351 [INFO]     VWAP15_CONFIRM_ENABLED. The existing VWAP engine no longer fires on the
2026-07-10 03:30:27,352 [INFO]     cross bar alone: it now requires the cross bar (iloc[-3], body 65-86% band)
2026-07-10 03:30:27,352 [INFO]     PLUS the next closed bar (iloc[-2]) to CONFIRM in the same direction —
2026-07-10 03:30:27,352 [INFO]     same-colour candle that still closes on the same side of FUT-VWAP. Fires in
2026-07-10 03:30:27,352 [INFO]     either direction, any time in the entry window. Re-entries are governed by
2026-07-10 03:30:27,352 [INFO]     the existing momentum gate (no extra cap). check_vwap_signal().
2026-07-10 03:30:27,352 [INFO]     INTERPRETATION: "confirmation candle in same direction" = next 15m candle
2026-07-10 03:30:27,352 [INFO]     closes same side of its open (same colour) AND same side of VWAP as the
2026-07-10 03:30:27,352 [INFO]     cross. Confirmation candle has NO body-size requirement (only the cross bar
2026-07-10 03:30:27,352 [INFO]     does). If wrong, adjust _vwap15_confirm_ok().
2026-07-10 03:30:27,352 [INFO] 
2026-07-10 03:30:27,352 [INFO]   + FEATURE 2 — FUT 5m VWAP cross + S/R distance, FIXED +12 TARGET scalp.
2026-07-10 03:30:27,352 [INFO]     FUT5_SCALP_ENABLED. New engine 'FUT5VWAP'. On each closed FUT 5m bar that
2026-07-10 03:30:27,352 [INFO]     CROSSES its session VWAP (bar opens one side, closes the other) with body
2026-07-10 03:30:27,352 [INFO]     65-86% AND whose close is > FUT5_SCALP_SR_MIN_DIST (20pt) from EVERY one of
2026-07-10 03:30:27,352 [INFO]     yesterday's classic pivots S1/R1/S2/R2 → buy in the cross direction. Exit is
2026-07-10 03:30:27,352 [INFO]     a FIXED +FUT5_SCALP_TARGET_PTS (12) option points (HARDSL + 15:25 force-close
2026-07-10 03:30:27,352 [INFO]     still apply; NO trail/SMA8). One trade per event: deduped on the 5m bar ts,
2026-07-10 03:30:27,352 [INFO]     so the next entry needs a fresh qualifying cross. check_fut5m_vwap_scalp_signal().
2026-07-10 03:30:27,353 [INFO]     INTERPRETATION: ">20 points away from s1/r1/s2/r2" = min distance to ALL four
2026-07-10 03:30:27,353 [INFO]     pivots > 20pt (price in clear space, not hugging a pivot). "cross" = bar
2026-07-10 03:30:27,353 [INFO]     open & close on opposite sides of VWAP. Pivots = classic floor-trader pivots
2026-07-10 03:30:27,353 [INFO]     from the prior trading day's H/L/C. If wrong, adjust compute_classic_pivots()
2026-07-10 03:30:27,353 [INFO]     / check_fut5m_vwap_scalp_signal().
2026-07-10 03:30:27,353 [INFO] 
2026-07-10 03:30:27,353 [INFO]   + FEATURE 3 — MORNING 09:15-10:15 exception (bypasses the 09:45 start gate).
2026-07-10 03:30:27,353 [INFO]     MORNING_VWAP_ENABLED. Before the normal 09:45 entry start, between
2026-07-10 03:30:27,353 [INFO]     MORNING_WIN_START (09:15) and MORNING_WIN_END (10:15): if a closed FUT 15m
2026-07-10 03:30:27,353 [INFO]     bar crosses its VWAP (body 65-86%) AND its close is > MORNING_VWAP_SR_MIN_DIST
2026-07-10 03:30:27,353 [INFO]     (20pt) from every pivot S1/R1/S2/R2 → buy in the cross direction. Re-entries
2026-07-10 03:30:27,353 [INFO]     per momentum gate. Uses engine 'VWAP' (so it inherits the VWAP option-VWAP
2026-07-10 03:30:27,353 [INFO]     trail exit). Runs even when in_entry_window() is False; still respects
2026-07-10 03:30:27,353 [INFO]     stale-guard, gap-suppress, CB/halt, manual cooldown. check_morning_vwap15_signal().
2026-07-10 03:30:27,353 [INFO]     INTERPRETATION: this only ADDS the pre-09:45 window; from 09:45 on, the
2026-07-10 03:30:27,353 [INFO]     normal engines (incl. Feature 1) already run. No confirmation candle is
2026-07-10 03:30:27,353 [INFO]     required here (spec did not ask for one).
2026-07-10 03:30:27,353 [INFO] 
2026-07-10 03:30:27,353 [INFO]   + Classic pivots computed at boot from prior-day H/L/C → DAY.pivots
2026-07-10 03:30:27,354 [INFO]     {P,S1,R1,S2,R2}; min_dist_to_pivots() helper. New fetch_nifty_fut_5m().
2026-07-10 03:30:27,354 [INFO] 
2026-07-10 03:30:27,354 [INFO] === REJECTED DECISIONS (DO NOT RE-ADD WITHOUT NEW BACKTEST EVIDENCE) ===
2026-07-10 03:30:27,354 [INFO]   SKIP_HOUR_13         : -Rs 46k (kills profitable flips in that window)
2026-07-10 03:30:27,354 [INFO]   SKIP_TUESDAYS        : +Rs 56k but calendar-overfit; RSI gate replaces
2026-07-10 03:30:27,354 [INFO]   ADX<20 filter        : -Rs 16k
2026-07-10 03:30:27,354 [INFO]   ADX<25 filter        : -Rs 34k
2026-07-10 03:30:27,354 [INFO]   BE armor at +15%     : net negative
2026-07-10 03:30:27,354 [INFO]   Same-side flip       : -Rs 191k CATASTROPHIC
2026-07-10 03:30:27,354 [INFO]   REVERSAL_FLIP=True   : WR 12% vs 33%
2026-07-10 03:30:27,354 [INFO]   K cap on CE          : hurts WR (no cap is better)
2026-07-10 03:30:27,354 [INFO]   V2.5.10 macro SMA50  : -Rs 2.3L vs V2.5.9; lagging filter blocked PE in bear phases
2026-07-10 03:30:27,354 [INFO]   V2.5.11 straddle halt: straddle expansion days WR 69.8% > normal 66.9%;
2026-07-10 03:30:27,354 [INFO]                          halting on expansion removed profitable trades (+Rs 2,54,234 phantom)
2026-07-10 03:30:32,725 [INFO] [boot] Logs pushed to GitHub: Nifty_FlightRecorder_V2_5_19_20260710_090025.log, Nifty_BarLevel_V2_5_19_20260710_090025.csv
2026-07-10 03:30:32,904 [INFO] [INDICATORS] spot=23981.9 | 1h: close=23940.5 sma20=24197.9 sma50=24197.1 rsi=35.3 macd=-81.99/-56.92(bear) | 15m: K=21.2↓(prev 50.1) | regime=NEUTRAL halted=False active=False
2026-07-10 03:30:32,904 [INFO] [SIGNAL] CE: reg=False K=False(K=21.2>=38,rising) Kextr=True RSI=False(35.3>53) MACD=False => BLOCK | PE: reg=False K=False(K=21.2<=80,falling) Kextr=True RSI=True(35.3<47) MACD=True => BLOCK
2026-07-10 03:35:35,665 [INFO] [INDICATORS] spot=23981.9 | 1h: close=23940.5 sma20=24197.9 sma50=24197.1 rsi=35.3 macd=-81.99/-56.92(bear) | 15m: K=21.2↓(prev 50.1) | regime=NEUTRAL halted=False active=False
2026-07-10 03:35:35,665 [INFO] [SIGNAL] CE: reg=False K=False(K=21.2>=38,rising) Kextr=True RSI=False(35.3>53) MACD=False => BLOCK | PE: reg=False K=False(K=21.2<=80,falling) Kextr=True RSI=True(35.3<47) MACD=True => BLOCK
2026-07-10 03:35:37,923 [INFO] [periodic] Logs pushed to GitHub: Nifty_FlightRecorder_V2_5_19_20260710_090025.log, Nifty_BarLevel_V2_5_19_20260710_090025.csv
2026-07-10 03:40:39,697 [INFO] [INDICATORS] spot=23981.9 | 1h: close=23940.5 sma20=24197.9 sma50=24197.1 rsi=35.3 macd=-81.99/-56.92(bear) | 15m: K=21.2↓(prev 50.1) | regime=NEUTRAL halted=False active=False
2026-07-10 03:40:39,698 [INFO] [SIGNAL] CE: reg=False K=False(K=21.2>=38,rising) Kextr=True RSI=False(35.3>53) MACD=False => BLOCK | PE: reg=False K=False(K=21.2<=80,falling) Kextr=True RSI=True(35.3<47) MACD=True => BLOCK
2026-07-10 03:40:41,944 [INFO] [periodic] Logs pushed to GitHub: Nifty_FlightRecorder_V2_5_19_20260710_090025.log, Nifty_BarLevel_V2_5_19_20260710_090025.csv
2026-07-10 03:45:43,918 [INFO] [INDICATORS] spot=24140.8 | 1h: close=23981.9 sma20=24172.8 sma50=24199.5 rsi=38.8 macd=-82.95/-62.13(bear) | 15m: K=30.4↑(prev 21.2) | regime=PE-eligible halted=False active=False
2026-07-10 03:45:43,918 [INFO] [SIGNAL] CE: reg=False K=False(K=30.4>=38,rising) Kextr=True RSI=False(38.8>53) MACD=False => BLOCK | PE: reg=True K=False(K=30.4<=80,falling) Kextr=False RSI=True(38.8<47) MACD=True => BLOCK
2026-07-10 03:45:47,105 [INFO] [periodic] Logs pushed to GitHub: Nifty_FlightRecorder_V2_5_19_20260710_090025.log, Nifty_BarLevel_V2_5_19_20260710_090025.csv
2026-07-10 03:50:18,741 [INFO] [STRADDLE] Reference: ₹229.8 at 09:20
2026-07-10 03:50:48,915 [INFO] [INDICATORS] spot=24156.5 | 1h: close=23981.9 sma20=24172.8 sma50=24199.5 rsi=38.8 macd=-82.95/-62.13(bear) | 15m: K=30.4↑(prev 21.2) | regime=PE-eligible halted=False active=False
2026-07-10 03:50:48,915 [INFO] [SIGNAL] CE: reg=False K=False(K=30.4>=38,rising) Kextr=True RSI=False(38.8>53) MACD=False => BLOCK | PE: reg=True K=False(K=30.4<=80,falling) Kextr=False RSI=True(38.8<47) MACD=True => BLOCK
2026-07-10 03:50:51,134 [INFO] [periodic] Logs pushed to GitHub: Nifty_FlightRecorder_V2_5_19_20260710_090025.log, Nifty_BarLevel_V2_5_19_20260710_090025.csv
2026-07-10 03:55:52,986 [INFO] [INDICATORS] spot=24171.2 | 1h: close=23981.9 sma20=24172.8 sma50=24199.5 rsi=38.8 macd=-82.95/-62.13(bear) | 15m: K=30.4↑(prev 21.2) | regime=PE-eligible halted=False active=False
2026-07-10 03:55:52,986 [INFO] [SIGNAL] CE: reg=False K=False(K=30.4>=38,rising) Kextr=True RSI=False(38.8>53) MACD=False => BLOCK | PE: reg=True K=False(K=30.4<=80,falling) Kextr=False RSI=True(38.8<47) MACD=True => BLOCK
2026-07-10 03:55:55,210 [INFO] [periodic] Logs pushed to GitHub: Nifty_FlightRecorder_V2_5_19_20260710_090025.log, Nifty_BarLevel_V2_5_19_20260710_090025.csv
2026-07-10 04:00:56,994 [INFO] [INDICATORS] spot=24173.4 | 1h: close=23981.9 sma20=24172.8 sma50=24199.5 rsi=38.8 macd=-82.95/-62.13(bear) | 15m: K=47.7↑(prev 30.4) | regime=PE-eligible halted=False active=False
2026-07-10 04:00:56,994 [INFO] [SIGNAL] CE: reg=False K=True(K=47.7>=38,rising) Kextr=True RSI=False(38.8>53) MACD=False => BLOCK | PE: reg=True K=False(K=47.7<=80,falling) Kextr=False RSI=True(38.8<47) MACD=True => BLOCK
2026-07-10 04:01:00,301 [INFO] [periodic] Logs pushed to GitHub: Nifty_FlightRecorder_V2_5_19_20260710_090025.log, Nifty_BarLevel_V2_5_19_20260710_090025.csv
2026-07-10 04:06:02,404 [INFO] [INDICATORS] spot=24186.5 | 1h: close=23981.9 sma20=24172.8 sma50=24199.5 rsi=38.8 macd=-82.95/-62.13(bear) | 15m: K=47.7↑(prev 30.4) | regime=PE-eligible halted=False active=False
2026-07-10 04:06:02,404 [INFO] [SIGNAL] CE: reg=False K=True(K=47.7>=38,rising) Kextr=True RSI=False(38.8>53) MACD=False => BLOCK | PE: reg=True K=False(K=47.7<=80,falling) Kextr=False RSI=True(38.8<47) MACD=True => BLOCK
2026-07-10 04:06:04,568 [INFO] [periodic] Logs pushed to GitHub: Nifty_FlightRecorder_V2_5_19_20260710_090025.log, Nifty_BarLevel_V2_5_19_20260710_090025.csv
2026-07-10 04:11:06,350 [INFO] [INDICATORS] spot=24197.4 | 1h: close=23981.9 sma20=24172.8 sma50=24199.5 rsi=38.8 macd=-82.95/-62.13(bear) | 15m: K=47.7↑(prev 30.4) | regime=PE-eligible halted=False active=False
2026-07-10 04:11:06,350 [INFO] [SIGNAL] CE: reg=False K=True(K=47.7>=38,rising) Kextr=True RSI=False(38.8>53) MACD=False => BLOCK | PE: reg=True K=False(K=47.7<=80,falling) Kextr=False RSI=True(38.8<47) MACD=True => BLOCK
2026-07-10 04:11:08,560 [INFO] [periodic] Logs pushed to GitHub: Nifty_FlightRecorder_V2_5_19_20260710_090025.log, Nifty_BarLevel_V2_5_19_20260710_090025.csv
2026-07-10 04:16:11,167 [INFO] [INDICATORS] spot=24197.2 | 1h: close=23981.9 sma20=24172.8 sma50=24199.5 rsi=38.8 macd=-82.95/-62.13(bear) | 15m: K=81.0↑(prev 47.7) | regime=PE-eligible halted=False active=False
2026-07-10 04:16:11,167 [INFO] [SIGNAL] CE: reg=False K=True(K=81.0>=38,rising) Kextr=True RSI=False(38.8>53) MACD=False => BLOCK | PE: reg=True K=False(K=81.0<=80,falling) Kextr=True RSI=True(38.8<47) MACD=True => BLOCK
2026-07-10 04:16:14,337 [INFO] [periodic] Logs pushed to GitHub: Nifty_FlightRecorder_V2_5_19_20260710_090025.log, Nifty_BarLevel_V2_5_19_20260710_090025.csv
2026-07-10 04:21:16,103 [INFO] [INDICATORS] spot=24201.5 | 1h: close=23981.9 sma20=24172.8 sma50=24199.5 rsi=38.8 macd=-82.95/-62.13(bear) | 15m: K=81.0↑(prev 47.7) | regime=PE-eligible halted=False active=False
2026-07-10 04:21:16,103 [INFO] [SIGNAL] CE: reg=False K=True(K=81.0>=38,rising) Kextr=True RSI=False(38.8>53) MACD=False => BLOCK | PE: reg=True K=False(K=81.0<=80,falling) Kextr=True RSI=True(38.8<47) MACD=True => BLOCK
2026-07-10 04:21:18,364 [INFO] [periodic] Logs pushed to GitHub: Nifty_FlightRecorder_V2_5_19_20260710_090025.log, Nifty_BarLevel_V2_5_19_20260710_090025.csv
2026-07-10 04:26:20,109 [INFO] [INDICATORS] spot=24203.5 | 1h: close=23981.9 sma20=24172.8 sma50=24199.5 rsi=38.8 macd=-82.95/-62.13(bear) | 15m: K=81.0↑(prev 47.7) | regime=PE-eligible halted=False active=False
2026-07-10 04:26:20,109 [INFO] [SIGNAL] CE: reg=False K=True(K=81.0>=38,rising) Kextr=True RSI=False(38.8>53) MACD=False => BLOCK | PE: reg=True K=False(K=81.0<=80,falling) Kextr=True RSI=True(38.8<47) MACD=True => BLOCK
2026-07-10 04:26:22,328 [INFO] [periodic] Logs pushed to GitHub: Nifty_FlightRecorder_V2_5_19_20260710_090025.log, Nifty_BarLevel_V2_5_19_20260710_090025.csv
2026-07-10 04:31:24,127 [INFO] [INDICATORS] spot=24220.8 | 1h: close=23981.9 sma20=24172.8 sma50=24199.5 rsi=38.8 macd=-82.95/-62.13(bear) | 15m: K=100.0↑(prev 81.0) | regime=PE-eligible halted=False active=False
2026-07-10 04:31:24,127 [INFO] [SIGNAL] CE: reg=False K=True(K=100.0>=38,rising) Kextr=False RSI=False(38.8>53) MACD=False => BLOCK | PE: reg=True K=False(K=100.0<=80,falling) Kextr=True RSI=True(38.8<47) MACD=True => BLOCK
2026-07-10 04:31:27,347 [INFO] [periodic] Logs pushed to GitHub: Nifty_FlightRecorder_V2_5_19_20260710_090025.log, Nifty_BarLevel_V2_5_19_20260710_090025.csv
2026-07-10 04:36:29,247 [INFO] [INDICATORS] spot=24210.9 | 1h: close=23981.9 sma20=24172.8 sma50=24199.5 rsi=38.8 macd=-82.95/-62.13(bear) | 15m: K=100.0↑(prev 81.0) | regime=PE-eligible halted=False active=False
2026-07-10 04:36:29,247 [INFO] [SIGNAL] CE: reg=False K=True(K=100.0>=38,rising) Kextr=False RSI=False(38.8>53) MACD=False => BLOCK | PE: reg=True K=False(K=100.0<=80,falling) Kextr=True RSI=True(38.8<47) MACD=True => BLOCK
2026-07-10 04:36:31,499 [INFO] [periodic] Logs pushed to GitHub: Nifty_FlightRecorder_V2_5_19_20260710_090025.log, Nifty_BarLevel_V2_5_19_20260710_090025.csv
2026-07-10 04:41:33,312 [INFO] [INDICATORS] spot=24215.1 | 1h: close=23981.9 sma20=24172.8 sma50=24199.5 rsi=38.8 macd=-82.95/-62.13(bear) | 15m: K=100.0↑(prev 81.0) | regime=PE-eligible halted=False active=False
2026-07-10 04:41:33,313 [INFO] [SIGNAL] CE: reg=False K=True(K=100.0>=38,rising) Kextr=False RSI=False(38.8>53) MACD=False => BLOCK | PE: reg=True K=False(K=100.0<=80,falling) Kextr=True RSI=True(38.8<47) MACD=True => BLOCK
2026-07-10 04:41:35,550 [INFO] [periodic] Logs pushed to GitHub: Nifty_FlightRecorder_V2_5_19_20260710_090025.log, Nifty_BarLevel_V2_5_19_20260710_090025.csv
2026-07-10 04:46:37,436 [INFO] [INDICATORS] spot=24213.2 | 1h: close=24211.2 sma20=24157.7 sma50=24205.4 rsi=53.7 macd=-64.46/-62.59(bear) | 15m: K=99.2↓(prev 100.0) | regime=NEUTRAL halted=False active=False
2026-07-10 04:46:37,436 [INFO] [SIGNAL] CE: reg=False K=False(K=99.2>=38,rising) Kextr=False RSI=True(53.7>53) MACD=False => BLOCK | PE: reg=False K=False(K=99.2<=80,falling) Kextr=True RSI=False(53.7<47) MACD=True => BLOCK
2026-07-10 04:46:40,531 [INFO] [periodic] Logs pushed to GitHub: Nifty_FlightRecorder_V2_5_19_20260710_090025.log, Nifty_BarLevel_V2_5_19_20260710_090025.csv
2026-07-10 04:51:43,018 [INFO] [INDICATORS] spot=24213.4 | 1h: close=24211.2 sma20=24157.7 sma50=24205.4 rsi=53.7 macd=-64.46/-62.59(bear) | 15m: K=99.2↓(prev 100.0) | regime=NEUTRAL halted=False active=False
2026-07-10 04:51:43,018 [INFO] [SIGNAL] CE: reg=False K=False(K=99.2>=38,rising) Kextr=False RSI=True(53.7>53) MACD=False => BLOCK | PE: reg=False K=False(K=99.2<=80,falling) Kextr=True RSI=False(53.7<47) MACD=True => BLOCK
2026-07-10 04:51:45,174 [INFO] [periodic] Logs pushed to GitHub: Nifty_FlightRecorder_V2_5_19_20260710_090025.log, Nifty_BarLevel_V2_5_19_20260710_090025.csv
2026-07-10 04:56:47,078 [INFO] [INDICATORS] spot=24216.2 | 1h: close=24211.2 sma20=24157.7 sma50=24205.4 rsi=53.7 macd=-64.46/-62.59(bear) | 15m: K=99.2↓(prev 100.0) | regime=NEUTRAL halted=False active=False
2026-07-10 04:56:47,079 [INFO] [SIGNAL] CE: reg=False K=False(K=99.2>=38,rising) Kextr=False RSI=True(53.7>53) MACD=False => BLOCK | PE: reg=False K=False(K=99.2<=80,falling) Kextr=True RSI=False(53.7<47) MACD=True => BLOCK
2026-07-10 04:56:49,218 [INFO] [periodic] Logs pushed to GitHub: Nifty_FlightRecorder_V2_5_19_20260710_090025.log, Nifty_BarLevel_V2_5_19_20260710_090025.csv
2026-07-10 05:00:20,610 [INFO] [CHOPGATE] Clear to trade — ER=0.32 crosses=0 range=110pt
2026-07-10 05:00:20,649 [INFO] ENTRY: NFO:NIFTY2671424200CE @ 111.70  engine=V3  detail=Grade A G-cluster BREAK-CE at 24140
2026-07-10 05:01:52,196 [INFO] [INDICATORS] spot=24192.8 | 1h: close=24211.2 sma20=24157.7 sma50=24205.4 rsi=53.7 macd=-64.46/-62.59(bear) | 15m: K=97.2↓(prev 99.2) | regime=NEUTRAL halted=False active=True
2026-07-10 05:01:52,197 [INFO] [SIGNAL] CE: reg=False K=False(K=97.2>=38,rising) Kextr=False RSI=True(53.7>53) MACD=False => BLOCK | PE: reg=False K=False(K=97.2<=80,falling) Kextr=True RSI=False(53.7<47) MACD=True => BLOCK
2026-07-10 05:01:52,197 [INFO] [STATE] CE NFO:NIFTY2671424200CE ltp=108.65 entry=111.70 pnl=-3.05(-2.7%) sl=91.59 peak=111.70 tr_armed=False elapsed=1min
2026-07-10 05:01:55,397 [INFO] [periodic] Logs pushed to GitHub: Nifty_FlightRecorder_V2_5_19_20260710_090025.log, Nifty_BarLevel_V2_5_19_20260710_090025.csv
2026-07-10 05:06:57,669 [INFO] [INDICATORS] spot=24196.5 | 1h: close=24211.2 sma20=24157.7 sma50=24205.4 rsi=53.7 macd=-64.46/-62.59(bear) | 15m: K=97.2↓(prev 99.2) | regime=NEUTRAL halted=False active=True
2026-07-10 05:06:57,670 [INFO] [SIGNAL] CE: reg=False K=False(K=97.2>=38,rising) Kextr=False RSI=True(53.7>53) MACD=False => BLOCK | PE: reg=False K=False(K=97.2<=80,falling) Kextr=True RSI=False(53.7<47) MACD=True => BLOCK
2026-07-10 05:06:57,670 [INFO] [STATE] CE NFO:NIFTY2671424200CE ltp=111.90 entry=111.70 pnl=+0.20(+0.2%) sl=91.59 peak=111.90 tr_armed=False elapsed=6min
2026-07-10 05:06:59,895 [INFO] [periodic] Logs pushed to GitHub: Nifty_FlightRecorder_V2_5_19_20260710_090025.log, Nifty_BarLevel_V2_5_19_20260710_090025.csv
2026-07-10 05:12:02,273 [INFO] [INDICATORS] spot=24206.0 | 1h: close=24211.2 sma20=24157.7 sma50=24205.4 rsi=53.7 macd=-64.46/-62.59(bear) | 15m: K=97.2↓(prev 99.2) | regime=NEUTRAL halted=False active=True
2026-07-10 05:12:02,273 [INFO] [SIGNAL] CE: reg=False K=False(K=97.2>=38,rising) Kextr=False RSI=True(53.7>53) MACD=False => BLOCK | PE: reg=False K=False(K=97.2<=80,falling) Kextr=True RSI=False(53.7<47) MACD=True => BLOCK
2026-07-10 05:12:02,273 [INFO] [STATE] CE NFO:NIFTY2671424200CE ltp=115.30 entry=111.70 pnl=+3.60(+3.2%) sl=91.59 peak=115.85 tr_armed=False elapsed=11min
2026-07-10 05:12:04,520 [INFO] [periodic] Logs pushed to GitHub: Nifty_FlightRecorder_V2_5_19_20260710_090025.log, Nifty_BarLevel_V2_5_19_20260710_090025.csv
2026-07-10 05:17:07,111 [INFO] [INDICATORS] spot=24206.4 | 1h: close=24211.2 sma20=24157.7 sma50=24205.4 rsi=53.7 macd=-64.46/-62.59(bear) | 15m: K=95.9↓(prev 97.2) | regime=NEUTRAL halted=False active=True
2026-07-10 05:17:07,111 [INFO] [SIGNAL] CE: reg=False K=False(K=95.9>=38,rising) Kextr=False RSI=True(53.7>53) MACD=False => BLOCK | PE: reg=False K=False(K=95.9<=80,falling) Kextr=True RSI=False(53.7<47) MACD=True => BLOCK
2026-07-10 05:17:07,112 [INFO] [STATE] CE NFO:NIFTY2671424200CE ltp=113.85 entry=111.70 pnl=+2.15(+1.9%) sl=91.59 peak=117.65 tr_armed=False elapsed=16min
2026-07-10 05:17:10,142 [INFO] [periodic] Logs pushed to GitHub: Nifty_FlightRecorder_V2_5_19_20260710_090025.log, Nifty_BarLevel_V2_5_19_20260710_090025.csv
2026-07-10 05:22:12,562 [INFO] [INDICATORS] spot=24209.5 | 1h: close=24211.2 sma20=24157.7 sma50=24205.4 rsi=53.7 macd=-64.46/-62.59(bear) | 15m: K=95.9↓(prev 97.2) | regime=NEUTRAL halted=False active=True
2026-07-10 05:22:12,562 [INFO] [SIGNAL] CE: reg=False K=False(K=95.9>=38,rising) Kextr=False RSI=True(53.7>53) MACD=False => BLOCK | PE: reg=False K=False(K=95.9<=80,falling) Kextr=True RSI=False(53.7<47) MACD=True => BLOCK
2026-07-10 05:22:12,563 [INFO] [STATE] CE NFO:NIFTY2671424200CE ltp=117.50 entry=111.70 pnl=+5.80(+5.2%) sl=91.59 peak=117.75 tr_armed=False elapsed=21min
2026-07-10 05:22:14,787 [INFO] [periodic] Logs pushed to GitHub: Nifty_FlightRecorder_V2_5_19_20260710_090025.log, Nifty_BarLevel_V2_5_19_20260710_090025.csv
2026-07-10 05:27:17,093 [INFO] [INDICATORS] spot=24205.4 | 1h: close=24211.2 sma20=24157.7 sma50=24205.4 rsi=53.7 macd=-64.46/-62.59(bear) | 15m: K=95.9↓(prev 97.2) | regime=NEUTRAL halted=False active=True
2026-07-10 05:27:17,093 [INFO] [SIGNAL] CE: reg=False K=False(K=95.9>=38,rising) Kextr=False RSI=True(53.7>53) MACD=False => BLOCK | PE: reg=False K=False(K=95.9<=80,falling) Kextr=True RSI=False(53.7<47) MACD=True => BLOCK
2026-07-10 05:27:17,093 [INFO] [STATE] CE NFO:NIFTY2671424200CE ltp=115.00 entry=111.70 pnl=+3.30(+3.0%) sl=91.59 peak=118.40 tr_armed=False elapsed=26min
2026-07-10 05:27:19,457 [INFO] [periodic] Logs pushed to GitHub: Nifty_FlightRecorder_V2_5_19_20260710_090025.log, Nifty_BarLevel_V2_5_19_20260710_090025.csv
2026-07-10 05:32:21,776 [INFO] [INDICATORS] spot=24204.3 | 1h: close=24211.2 sma20=24157.7 sma50=24205.4 rsi=53.7 macd=-64.46/-62.59(bear) | 15m: K=93.4↓(prev 95.9) | regime=NEUTRAL halted=False active=True
2026-07-10 05:32:21,776 [INFO] [SIGNAL] CE: reg=False K=False(K=93.4>=38,rising) Kextr=False RSI=True(53.7>53) MACD=False => BLOCK | PE: reg=False K=False(K=93.4<=80,falling) Kextr=True RSI=False(53.7<47) MACD=True => BLOCK
2026-07-10 05:32:21,776 [INFO] [STATE] CE NFO:NIFTY2671424200CE ltp=112.50 entry=111.70 pnl=+0.80(+0.7%) sl=91.59 peak=118.40 tr_armed=False elapsed=32min
2026-07-10 05:32:24,945 [INFO] [periodic] Logs pushed to GitHub: Nifty_FlightRecorder_V2_5_19_20260710_090025.log, Nifty_BarLevel_V2_5_19_20260710_090025.csv
2026-07-10 05:37:27,257 [INFO] [INDICATORS] spot=24189.7 | 1h: close=24211.2 sma20=24157.7 sma50=24205.4 rsi=53.7 macd=-64.46/-62.59(bear) | 15m: K=93.4↓(prev 95.9) | regime=NEUTRAL halted=False active=True
2026-07-10 05:37:27,257 [INFO] [SIGNAL] CE: reg=False K=False(K=93.4>=38,rising) Kextr=False RSI=True(53.7>53) MACD=False => BLOCK | PE: reg=False K=False(K=93.4<=80,falling) Kextr=True RSI=False(53.7<47) MACD=True => BLOCK
2026-07-10 05:37:27,258 [INFO] [STATE] CE NFO:NIFTY2671424200CE ltp=105.50 entry=111.70 pnl=-6.20(-5.6%) sl=91.59 peak=118.40 tr_armed=False elapsed=37min
2026-07-10 05:37:29,588 [INFO] [periodic] Logs pushed to GitHub: Nifty_FlightRecorder_V2_5_19_20260710_090025.log, Nifty_BarLevel_V2_5_19_20260710_090025.csv
2026-07-10 05:42:31,903 [INFO] [INDICATORS] spot=24179.0 | 1h: close=24211.2 sma20=24157.7 sma50=24205.4 rsi=53.7 macd=-64.46/-62.59(bear) | 15m: K=93.4↓(prev 95.9) | regime=NEUTRAL halted=False active=True
2026-07-10 05:42:31,903 [INFO] [SIGNAL] CE: reg=False K=False(K=93.4>=38,rising) Kextr=False RSI=True(53.7>53) MACD=False => BLOCK | PE: reg=False K=False(K=93.4<=80,falling) Kextr=True RSI=False(53.7<47) MACD=True => BLOCK
2026-07-10 05:42:31,903 [INFO] [STATE] CE NFO:NIFTY2671424200CE ltp=98.50 entry=111.70 pnl=-13.20(-11.8%) sl=91.59 peak=118.40 tr_armed=False elapsed=42min
2026-07-10 05:42:34,262 [INFO] [periodic] Logs pushed to GitHub: Nifty_FlightRecorder_V2_5_19_20260710_090025.log, Nifty_BarLevel_V2_5_19_20260710_090025.csv
2026-07-10 05:47:36,598 [INFO] [INDICATORS] spot=24171.8 | 1h: close=24180.0 sma20=24141.5 sma50=24209.2 rsi=51.8 macd=-51.73/-60.42(bull) | 15m: K=89.0↓(prev 93.4) | regime=NEUTRAL halted=False active=True
2026-07-10 05:47:36,599 [INFO] [SIGNAL] CE: reg=False K=False(K=89.0>=38,rising) Kextr=False RSI=False(51.8>53) MACD=True => BLOCK | PE: reg=False K=False(K=89.0<=80,falling) Kextr=True RSI=False(51.8<47) MACD=False => BLOCK
2026-07-10 05:47:36,599 [INFO] [STATE] CE NFO:NIFTY2671424200CE ltp=98.45 entry=111.70 pnl=-13.25(-11.9%) sl=91.59 peak=118.40 tr_armed=False elapsed=47min
2026-07-10 05:47:39,691 [INFO] [periodic] Logs pushed to GitHub: Nifty_FlightRecorder_V2_5_19_20260710_090025.log, Nifty_BarLevel_V2_5_19_20260710_090025.csv
2026-07-10 05:52:42,001 [INFO] [INDICATORS] spot=24174.0 | 1h: close=24180.0 sma20=24141.5 sma50=24209.2 rsi=51.8 macd=-51.73/-60.42(bull) | 15m: K=89.0↓(prev 93.4) | regime=NEUTRAL halted=False active=True
2026-07-10 05:52:42,001 [INFO] [SIGNAL] CE: reg=False K=False(K=89.0>=38,rising) Kextr=False RSI=False(51.8>53) MACD=True => BLOCK | PE: reg=False K=False(K=89.0<=80,falling) Kextr=True RSI=False(51.8<47) MACD=False => BLOCK
2026-07-10 05:52:42,001 [INFO] [STATE] CE NFO:NIFTY2671424200CE ltp=98.45 entry=111.70 pnl=-13.25(-11.9%) sl=91.59 peak=118.40 tr_armed=False elapsed=52min
2026-07-10 05:52:44,609 [INFO] [periodic] Logs pushed to GitHub: Nifty_FlightRecorder_V2_5_19_20260710_090025.log, Nifty_BarLevel_V2_5_19_20260710_090025.csv
2026-07-10 05:57:46,912 [INFO] [INDICATORS] spot=24169.7 | 1h: close=24180.0 sma20=24141.5 sma50=24209.2 rsi=51.8 macd=-51.73/-60.42(bull) | 15m: K=89.0↓(prev 93.4) | regime=NEUTRAL halted=False active=True
2026-07-10 05:57:46,912 [INFO] [SIGNAL] CE: reg=False K=False(K=89.0>=38,rising) Kextr=False RSI=False(51.8>53) MACD=True => BLOCK | PE: reg=False K=False(K=89.0<=80,falling) Kextr=True RSI=False(51.8<47) MACD=False => BLOCK
2026-07-10 05:57:46,912 [INFO] [STATE] CE NFO:NIFTY2671424200CE ltp=98.45 entry=111.70 pnl=-13.25(-11.9%) sl=91.59 peak=118.40 tr_armed=False elapsed=57min
2026-07-10 05:57:49,175 [INFO] [periodic] Logs pushed to GitHub: Nifty_FlightRecorder_V2_5_19_20260710_090025.log, Nifty_BarLevel_V2_5_19_20260710_090025.csv
2026-07-10 06:02:52,372 [INFO] [INDICATORS] spot=24164.8 | 1h: close=24180.0 sma20=24141.5 sma50=24209.2 rsi=51.8 macd=-51.73/-60.42(bull) | 15m: K=80.2↓(prev 89.0) | regime=NEUTRAL halted=False active=True
2026-07-10 06:02:52,372 [INFO] [SIGNAL] CE: reg=False K=False(K=80.2>=38,rising) Kextr=False RSI=False(51.8>53) MACD=True => BLOCK | PE: reg=False K=False(K=80.2<=80,falling) Kextr=True RSI=False(51.8<47) MACD=False => BLOCK
2026-07-10 06:02:52,372 [INFO] [STATE] CE NFO:NIFTY2671424200CE ltp=94.80 entry=111.70 pnl=-16.90(-15.1%) sl=91.59 peak=118.40 tr_armed=False elapsed=62min
2026-07-10 06:02:55,455 [INFO] [periodic] Logs pushed to GitHub: Nifty_FlightRecorder_V2_5_19_20260710_090025.log, Nifty_BarLevel_V2_5_19_20260710_090025.csv
2026-07-10 06:07:57,807 [INFO] [INDICATORS] spot=24161.0 | 1h: close=24180.0 sma20=24141.5 sma50=24209.2 rsi=51.8 macd=-51.73/-60.42(bull) | 15m: K=80.2↓(prev 89.0) | regime=NEUTRAL halted=False active=True
2026-07-10 06:07:57,807 [INFO] [SIGNAL] CE: reg=False K=False(K=80.2>=38,rising) Kextr=False RSI=False(51.8>53) MACD=True => BLOCK | PE: reg=False K=False(K=80.2<=80,falling) Kextr=True RSI=False(51.8<47) MACD=False => BLOCK
2026-07-10 06:07:57,807 [INFO] [STATE] CE NFO:NIFTY2671424200CE ltp=95.30 entry=111.70 pnl=-16.40(-14.7%) sl=91.59 peak=118.40 tr_armed=False elapsed=67min
2026-07-10 06:08:00,187 [INFO] [periodic] Logs pushed to GitHub: Nifty_FlightRecorder_V2_5_19_20260710_090025.log, Nifty_BarLevel_V2_5_19_20260710_090025.csv
2026-07-10 06:13:02,502 [INFO] [INDICATORS] spot=24162.8 | 1h: close=24180.0 sma20=24141.5 sma50=24209.2 rsi=51.8 macd=-51.73/-60.42(bull) | 15m: K=80.2↓(prev 89.0) | regime=NEUTRAL halted=False active=True
2026-07-10 06:13:02,502 [INFO] [SIGNAL] CE: reg=False K=False(K=80.2>=38,rising) Kextr=False RSI=False(51.8>53) MACD=True => BLOCK | PE: reg=False K=False(K=80.2<=80,falling) Kextr=True RSI=False(51.8<47) MACD=False => BLOCK
2026-07-10 06:13:02,502 [INFO] [STATE] CE NFO:NIFTY2671424200CE ltp=93.95 entry=111.70 pnl=-17.75(-15.9%) sl=91.59 peak=118.40 tr_armed=False elapsed=72min
2026-07-10 06:13:04,729 [INFO] [periodic] Logs pushed to GitHub: Nifty_FlightRecorder_V2_5_19_20260710_090025.log, Nifty_BarLevel_V2_5_19_20260710_090025.csv
2026-07-10 06:18:07,070 [INFO] [INDICATORS] spot=24175.7 | 1h: close=24180.0 sma20=24141.5 sma50=24209.2 rsi=51.8 macd=-51.73/-60.42(bull) | 15m: K=74.1↓(prev 80.2) | regime=NEUTRAL halted=False active=True
2026-07-10 06:18:07,070 [INFO] [SIGNAL] CE: reg=False K=False(K=74.1>=38,rising) Kextr=False RSI=False(51.8>53) MACD=True => BLOCK | PE: reg=False K=True(K=74.1<=80,falling) Kextr=True RSI=False(51.8<47) MACD=False => BLOCK
2026-07-10 06:18:07,071 [INFO] [STATE] CE NFO:NIFTY2671424200CE ltp=99.80 entry=111.70 pnl=-11.90(-10.7%) sl=91.59 peak=118.40 tr_armed=False elapsed=77min
2026-07-10 06:18:10,155 [INFO] [periodic] Logs pushed to GitHub: Nifty_FlightRecorder_V2_5_19_20260710_090025.log, Nifty_BarLevel_V2_5_19_20260710_090025.csv
2026-07-10 06:23:12,861 [INFO] [INDICATORS] spot=24166.6 | 1h: close=24180.0 sma20=24141.5 sma50=24209.2 rsi=51.8 macd=-51.73/-60.42(bull) | 15m: K=74.1↓(prev 80.2) | regime=NEUTRAL halted=False active=True
2026-07-10 06:23:12,861 [INFO] [SIGNAL] CE: reg=False K=False(K=74.1>=38,rising) Kextr=False RSI=False(51.8>53) MACD=True => BLOCK | PE: reg=False K=True(K=74.1<=80,falling) Kextr=True RSI=False(51.8<47) MACD=False => BLOCK
2026-07-10 06:23:12,861 [INFO] [STATE] CE NFO:NIFTY2671424200CE ltp=93.95 entry=111.70 pnl=-17.75(-15.9%) sl=91.59 peak=118.40 tr_armed=False elapsed=82min
2026-07-10 06:23:15,077 [INFO] [periodic] Logs pushed to GitHub: Nifty_FlightRecorder_V2_5_19_20260710_090025.log, Nifty_BarLevel_V2_5_19_20260710_090025.csv
2026-07-10 06:23:45,287 [INFO] [CB] losses=1/4 (reason=HARDSL_-18pct)
2026-07-10 06:23:45,287 [INFO] EXIT: NFO:NIFTY2671424200CE @ 91.59 reason=HARDSL_-18pct pnl/sh=-20.11 is_flip=False losses=1/4
2026-07-10 06:24:16,423 [INFO] ENTRY: NFO:NIFTY2671424200PE @ 127.15  engine=FLIP  detail=FLIP CE->PE K=74.1 (prev 80.2) age=1min flips_today=1/3
2026-07-10 06:28:19,231 [INFO] [INDICATORS] spot=24162.2 | 1h: close=24180.0 sma20=24141.5 sma50=24209.2 rsi=51.8 macd=-51.73/-60.42(bull) | 15m: K=74.1↓(prev 80.2) | regime=NEUTRAL halted=False active=True
2026-07-10 06:28:19,231 [INFO] [SIGNAL] CE: reg=False K=False(K=74.1>=38,rising) Kextr=False RSI=False(51.8>53) MACD=True => BLOCK | PE: reg=False K=True(K=74.1<=80,falling) Kextr=True RSI=False(51.8<47) MACD=False => BLOCK
2026-07-10 06:28:19,231 [INFO] [STATE] PE NFO:NIFTY2671424200PE ltp=125.30 entry=127.15 pnl=-1.85(-1.5%) sl=104.26 peak=128.80 tr_armed=False elapsed=4min
2026-07-10 06:28:21,506 [INFO] [periodic] Logs pushed to GitHub: Nifty_FlightRecorder_V2_5_19_20260710_090025.log, Nifty_BarLevel_V2_5_19_20260710_090025.csv
2026-07-10 06:33:24,140 [INFO] [INDICATORS] spot=24183.8 | 1h: close=24180.0 sma20=24141.5 sma50=24209.2 rsi=51.8 macd=-51.73/-60.42(bull) | 15m: K=72.2↓(prev 74.1) | regime=NEUTRAL halted=False active=True
2026-07-10 06:33:24,140 [INFO] [SIGNAL] CE: reg=False K=False(K=72.2>=38,rising) Kextr=False RSI=False(51.8>53) MACD=True => BLOCK | PE: reg=False K=True(K=72.2<=80,falling) Kextr=True RSI=False(51.8<47) MACD=False => BLOCK
2026-07-10 06:33:24,140 [INFO] [STATE] PE NFO:NIFTY2671424200PE ltp=112.30 entry=127.15 pnl=-14.85(-11.7%) sl=104.26 peak=128.80 tr_armed=False elapsed=9min
2026-07-10 06:33:27,148 [INFO] [periodic] Logs pushed to GitHub: Nifty_FlightRecorder_V2_5_19_20260710_090025.log, Nifty_BarLevel_V2_5_19_20260710_090025.csv
2026-07-10 06:38:29,772 [INFO] [INDICATORS] spot=24180.5 | 1h: close=24180.0 sma20=24141.5 sma50=24209.2 rsi=51.8 macd=-51.73/-60.42(bull) | 15m: K=72.2↓(prev 74.1) | regime=NEUTRAL halted=False active=True
2026-07-10 06:38:29,772 [INFO] [SIGNAL] CE: reg=False K=False(K=72.2>=38,rising) Kextr=False RSI=False(51.8>53) MACD=True => BLOCK | PE: reg=False K=True(K=72.2<=80,falling) Kextr=True RSI=False(51.8<47) MACD=False => BLOCK
2026-07-10 06:38:29,772 [INFO] [STATE] PE NFO:NIFTY2671424200PE ltp=114.75 entry=127.15 pnl=-12.40(-9.8%) sl=104.26 peak=128.80 tr_armed=False elapsed=14min
2026-07-10 06:38:32,260 [INFO] [periodic] Logs pushed to GitHub: Nifty_FlightRecorder_V2_5_19_20260710_090025.log, Nifty_BarLevel_V2_5_19_20260710_090025.csv
2026-07-10 06:43:34,873 [INFO] [INDICATORS] spot=24160.5 | 1h: close=24180.0 sma20=24141.5 sma50=24209.2 rsi=51.8 macd=-51.73/-60.42(bull) | 15m: K=72.2↓(prev 74.1) | regime=NEUTRAL halted=False active=True
2026-07-10 06:43:34,873 [INFO] [SIGNAL] CE: reg=False K=False(K=72.2>=38,rising) Kextr=False RSI=False(51.8>53) MACD=True => BLOCK | PE: reg=False K=True(K=72.2<=80,falling) Kextr=True RSI=False(51.8<47) MACD=False => BLOCK
2026-07-10 06:43:34,873 [INFO] [STATE] PE NFO:NIFTY2671424200PE ltp=125.45 entry=127.15 pnl=-1.70(-1.3%) sl=104.26 peak=128.80 tr_armed=False elapsed=19min
2026-07-10 06:43:37,156 [INFO] [periodic] Logs pushed to GitHub: Nifty_FlightRecorder_V2_5_19_20260710_090025.log, Nifty_BarLevel_V2_5_19_20260710_090025.csv
2026-07-10 06:48:39,676 [INFO] [INDICATORS] spot=24168.4 | 1h: close=24164.8 sma20=24127.9 sma50=24212.1 rsi=50.9 macd=-42.39/-56.82(bull) | 15m: K=72.8↑(prev 72.2) | regime=NEUTRAL halted=False active=True
2026-07-10 06:48:39,676 [INFO] [SIGNAL] CE: reg=False K=True(K=72.8>=38,rising) Kextr=False RSI=False(50.9>53) MACD=True => BLOCK | PE: reg=False K=False(K=72.8<=80,falling) Kextr=True RSI=False(50.9<47) MACD=False => BLOCK
2026-07-10 06:48:39,677 [INFO] [STATE] PE NFO:NIFTY2671424200PE ltp=125.05 entry=127.15 pnl=-2.10(-1.7%) sl=104.26 peak=128.80 tr_armed=False elapsed=24min
2026-07-10 06:48:42,719 [INFO] [periodic] Logs pushed to GitHub: Nifty_FlightRecorder_V2_5_19_20260710_090025.log, Nifty_BarLevel_V2_5_19_20260710_090025.csv
2026-07-10 06:53:45,236 [INFO] [INDICATORS] spot=24167.2 | 1h: close=24164.8 sma20=24127.9 sma50=24212.1 rsi=50.9 macd=-42.39/-56.82(bull) | 15m: K=72.8↑(prev 72.2) | regime=NEUTRAL halted=False active=True
2026-07-10 06:53:45,236 [INFO] [SIGNAL] CE: reg=False K=True(K=72.8>=38,rising) Kextr=False RSI=False(50.9>53) MACD=True => BLOCK | PE: reg=False K=False(K=72.8<=80,falling) Kextr=True RSI=False(50.9<47) MACD=False => BLOCK
2026-07-10 06:53:45,236 [INFO] [STATE] PE NFO:NIFTY2671424200PE ltp=123.50 entry=127.15 pnl=-3.65(-2.9%) sl=104.26 peak=128.80 tr_armed=False elapsed=29min
2026-07-10 06:53:47,457 [INFO] [periodic] Logs pushed to GitHub: Nifty_FlightRecorder_V2_5_19_20260710_090025.log, Nifty_BarLevel_V2_5_19_20260710_090025.csv
2026-07-10 06:58:50,078 [INFO] [INDICATORS] spot=24191.3 | 1h: close=24164.8 sma20=24127.9 sma50=24212.1 rsi=50.9 macd=-42.39/-56.82(bull) | 15m: K=72.8↑(prev 72.2) | regime=NEUTRAL halted=False active=True
2026-07-10 06:58:50,078 [INFO] [SIGNAL] CE: reg=False K=True(K=72.8>=38,rising) Kextr=False RSI=False(50.9>53) MACD=True => BLOCK | PE: reg=False K=False(K=72.8<=80,falling) Kextr=True RSI=False(50.9<47) MACD=False => BLOCK
2026-07-10 06:58:50,078 [INFO] [STATE] PE NFO:NIFTY2671424200PE ltp=106.20 entry=127.15 pnl=-20.95(-16.5%) sl=104.26 peak=128.80 tr_armed=False elapsed=34min
2026-07-10 06:58:52,717 [INFO] [periodic] Logs pushed to GitHub: Nifty_FlightRecorder_V2_5_19_20260710_090025.log, Nifty_BarLevel_V2_5_19_20260710_090025.csv
2026-07-10 07:03:55,312 [INFO] [INDICATORS] spot=24182.8 | 1h: close=24164.8 sma20=24127.9 sma50=24212.1 rsi=50.9 macd=-42.39/-56.82(bull) | 15m: K=74.7↑(prev 72.8) | regime=NEUTRAL halted=False active=True
2026-07-10 07:03:55,312 [INFO] [SIGNAL] CE: reg=False K=True(K=74.7>=38,rising) Kextr=False RSI=False(50.9>53) MACD=True => BLOCK | PE: reg=False K=False(K=74.7<=80,falling) Kextr=False RSI=False(50.9<47) MACD=False => BLOCK
2026-07-10 07:03:55,312 [INFO] [STATE] PE NFO:NIFTY2671424200PE ltp=112.00 entry=127.15 pnl=-15.15(-11.9%) sl=104.26 peak=128.80 tr_armed=False elapsed=39min
2026-07-10 07:03:58,526 [INFO] [periodic] Logs pushed to GitHub: Nifty_FlightRecorder_V2_5_19_20260710_090025.log, Nifty_BarLevel_V2_5_19_20260710_090025.csv
2026-07-10 07:09:01,058 [INFO] [INDICATORS] spot=24181.6 | 1h: close=24164.8 sma20=24127.9 sma50=24212.1 rsi=50.9 macd=-42.39/-56.82(bull) | 15m: K=74.7↑(prev 72.8) | regime=NEUTRAL halted=False active=True
2026-07-10 07:09:01,059 [INFO] [SIGNAL] CE: reg=False K=True(K=74.7>=38,rising) Kextr=False RSI=False(50.9>53) MACD=True => BLOCK | PE: reg=False K=False(K=74.7<=80,falling) Kextr=False RSI=False(50.9<47) MACD=False => BLOCK
2026-07-10 07:09:01,059 [INFO] [STATE] PE NFO:NIFTY2671424200PE ltp=113.15 entry=127.15 pnl=-14.00(-11.0%) sl=104.26 peak=128.80 tr_armed=False elapsed=44min
2026-07-10 07:09:03,532 [INFO] [periodic] Logs pushed to GitHub: Nifty_FlightRecorder_V2_5_19_20260710_090025.log, Nifty_BarLevel_V2_5_19_20260710_090025.csv
2026-07-10 07:14:06,128 [INFO] [INDICATORS] spot=24189.0 | 1h: close=24164.8 sma20=24127.9 sma50=24212.1 rsi=50.9 macd=-42.39/-56.82(bull) | 15m: K=74.7↑(prev 72.8) | regime=NEUTRAL halted=False active=True
2026-07-10 07:14:06,128 [INFO] [SIGNAL] CE: reg=False K=True(K=74.7>=38,rising) Kextr=False RSI=False(50.9>53) MACD=True => BLOCK | PE: reg=False K=False(K=74.7<=80,falling) Kextr=False RSI=False(50.9<47) MACD=False => BLOCK
2026-07-10 07:14:06,128 [INFO] [STATE] PE NFO:NIFTY2671424200PE ltp=108.10 entry=127.15 pnl=-19.05(-15.0%) sl=104.26 peak=128.80 tr_armed=False elapsed=49min
2026-07-10 07:14:08,445 [INFO] [periodic] Logs pushed to GitHub: Nifty_FlightRecorder_V2_5_19_20260710_090025.log, Nifty_BarLevel_V2_5_19_20260710_090025.csv
2026-07-10 07:19:11,334 [INFO] [INDICATORS] spot=24192.2 | 1h: close=24164.8 sma20=24127.9 sma50=24212.1 rsi=50.9 macd=-42.39/-56.82(bull) | 15m: K=63.0↓(prev 74.7) | regime=NEUTRAL halted=False active=True
2026-07-10 07:19:11,335 [INFO] [SIGNAL] CE: reg=False K=False(K=63.0>=38,rising) Kextr=False RSI=False(50.9>53) MACD=True => BLOCK | PE: reg=False K=True(K=63.0<=80,falling) Kextr=False RSI=False(50.9<47) MACD=False => BLOCK
2026-07-10 07:19:11,335 [INFO] [STATE] PE NFO:NIFTY2671424200PE ltp=107.90 entry=127.15 pnl=-19.25(-15.1%) sl=104.26 peak=128.80 tr_armed=False elapsed=54min
2026-07-10 07:19:14,539 [INFO] [periodic] Logs pushed to GitHub: Nifty_FlightRecorder_V2_5_19_20260710_090025.log, Nifty_BarLevel_V2_5_19_20260710_090025.csv
2026-07-10 07:24:17,068 [INFO] [INDICATORS] spot=24189.9 | 1h: close=24164.8 sma20=24127.9 sma50=24212.1 rsi=50.9 macd=-42.39/-56.82(bull) | 15m: K=63.0↓(prev 74.7) | regime=NEUTRAL halted=False active=True
2026-07-10 07:24:17,068 [INFO] [SIGNAL] CE: reg=False K=False(K=63.0>=38,rising) Kextr=False RSI=False(50.9>53) MACD=True => BLOCK | PE: reg=False K=True(K=63.0<=80,falling) Kextr=False RSI=False(50.9<47) MACD=False => BLOCK
2026-07-10 07:24:17,068 [INFO] [STATE] PE NFO:NIFTY2671424200PE ltp=109.65 entry=127.15 pnl=-17.50(-13.8%) sl=104.26 peak=128.80 tr_armed=False elapsed=60min
2026-07-10 07:24:19,385 [INFO] [periodic] Logs pushed to GitHub: Nifty_FlightRecorder_V2_5_19_20260710_090025.log, Nifty_BarLevel_V2_5_19_20260710_090025.csv
2026-07-10 07:29:22,323 [INFO] [INDICATORS] spot=24182.1 | 1h: close=24164.8 sma20=24127.9 sma50=24212.1 rsi=50.9 macd=-42.39/-56.82(bull) | 15m: K=63.0↓(prev 74.7) | regime=NEUTRAL halted=False active=True
2026-07-10 07:29:22,324 [INFO] [SIGNAL] CE: reg=False K=False(K=63.0>=38,rising) Kextr=False RSI=False(50.9>53) MACD=True => BLOCK | PE: reg=False K=True(K=63.0<=80,falling) Kextr=False RSI=False(50.9<47) MACD=False => BLOCK
2026-07-10 07:29:22,324 [INFO] [STATE] PE NFO:NIFTY2671424200PE ltp=112.90 entry=127.15 pnl=-14.25(-11.2%) sl=104.26 peak=128.80 tr_armed=False elapsed=65min
2026-07-10 07:29:24,697 [INFO] [periodic] Logs pushed to GitHub: Nifty_FlightRecorder_V2_5_19_20260710_090025.log, Nifty_BarLevel_V2_5_19_20260710_090025.csv
2026-07-10 07:34:27,356 [INFO] [INDICATORS] spot=24196.2 | 1h: close=24164.8 sma20=24127.9 sma50=24212.1 rsi=50.9 macd=-42.39/-56.81(bull) | 15m: K=47.4↓(prev 63.0) | regime=NEUTRAL halted=False active=True
2026-07-10 07:34:27,356 [INFO] [SIGNAL] CE: reg=False K=False(K=47.4>=38,rising) Kextr=False RSI=False(50.9>53) MACD=True => BLOCK | PE: reg=False K=True(K=47.4<=80,falling) Kextr=False RSI=False(50.9<47) MACD=False => BLOCK
2026-07-10 07:34:27,357 [INFO] [STATE] PE NFO:NIFTY2671424200PE ltp=107.90 entry=127.15 pnl=-19.25(-15.1%) sl=104.26 peak=128.80 tr_armed=False elapsed=70min
2026-07-10 07:34:30,596 [INFO] [periodic] Logs pushed to GitHub: Nifty_FlightRecorder_V2_5_19_20260710_090025.log, Nifty_BarLevel_V2_5_19_20260710_090025.csv
2026-07-10 07:39:32,814 [INFO] [INDICATORS] spot=24183.5 | 1h: close=24164.8 sma20=24127.9 sma50=24212.1 rsi=50.9 macd=-42.39/-56.81(bull) | 15m: K=47.4↓(prev 63.0) | regime=NEUTRAL halted=False active=True
2026-07-10 07:39:32,814 [INFO] [SIGNAL] CE: reg=False K=False(K=47.4>=38,rising) Kextr=False RSI=False(50.9>53) MACD=True => BLOCK | PE: reg=False K=True(K=47.4<=80,falling) Kextr=False RSI=False(50.9<47) MACD=False => BLOCK
2026-07-10 07:39:32,815 [INFO] [STATE] PE NFO:NIFTY2671424200PE ltp=112.25 entry=127.15 pnl=-14.90(-11.7%) sl=104.26 peak=128.80 tr_armed=False elapsed=75min
2026-07-10 07:39:35,485 [INFO] [periodic] Logs pushed to GitHub: Nifty_FlightRecorder_V2_5_19_20260710_090025.log, Nifty_BarLevel_V2_5_19_20260710_090025.csv
2026-07-10 07:44:37,712 [INFO] [INDICATORS] spot=24183.9 | 1h: close=24164.8 sma20=24127.9 sma50=24212.1 rsi=50.9 macd=-42.39/-56.81(bull) | 15m: K=47.4↓(prev 63.0) | regime=NEUTRAL halted=False active=True
2026-07-10 07:44:37,712 [INFO] [SIGNAL] CE: reg=False K=False(K=47.4>=38,rising) Kextr=False RSI=False(50.9>53) MACD=True => BLOCK | PE: reg=False K=True(K=47.4<=80,falling) Kextr=False RSI=False(50.9<47) MACD=False => BLOCK
2026-07-10 07:44:37,713 [INFO] [STATE] PE NFO:NIFTY2671424200PE ltp=112.95 entry=127.15 pnl=-14.20(-11.2%) sl=104.26 peak=128.80 tr_armed=False elapsed=80min
2026-07-10 07:44:40,043 [INFO] [periodic] Logs pushed to GitHub: Nifty_FlightRecorder_V2_5_19_20260710_090025.log, Nifty_BarLevel_V2_5_19_20260710_090025.csv
2026-07-10 07:49:42,504 [INFO] [INDICATORS] spot=24174.7 | 1h: close=24185.8 sma20=24114.1 sma50=24215.4 rsi=52.1 macd=-32.90/-52.03(bull) | 15m: K=32.4↓(prev 47.4) | regime=NEUTRAL halted=False active=True
2026-07-10 07:49:42,504 [INFO] [SIGNAL] CE: reg=False K=False(K=32.4>=38,rising) Kextr=False RSI=False(52.1>53) MACD=True => BLOCK | PE: reg=False K=True(K=32.4<=80,falling) Kextr=False RSI=False(52.1<47) MACD=False => BLOCK
2026-07-10 07:49:42,504 [INFO] [STATE] PE NFO:NIFTY2671424200PE ltp=119.85 entry=127.15 pnl=-7.30(-5.7%) sl=104.26 peak=128.80 tr_armed=False elapsed=85min
2026-07-10 07:49:45,621 [INFO] [periodic] Logs pushed to GitHub: Nifty_FlightRecorder_V2_5_19_20260710_090025.log, Nifty_BarLevel_V2_5_19_20260710_090025.csv
2026-07-10 07:54:47,919 [INFO] [INDICATORS] spot=24165.3 | 1h: close=24185.8 sma20=24114.1 sma50=24215.4 rsi=52.1 macd=-32.90/-52.03(bull) | 15m: K=32.4↓(prev 47.4) | regime=NEUTRAL halted=False active=True
2026-07-10 07:54:47,919 [INFO] [SIGNAL] CE: reg=False K=False(K=32.4>=38,rising) Kextr=False RSI=False(52.1>53) MACD=True => BLOCK | PE: reg=False K=True(K=32.4<=80,falling) Kextr=False RSI=False(52.1<47) MACD=False => BLOCK
2026-07-10 07:54:47,919 [INFO] [STATE] PE NFO:NIFTY2671424200PE ltp=123.65 entry=127.15 pnl=-3.50(-2.8%) sl=104.26 peak=128.80 tr_armed=False elapsed=90min
2026-07-10 07:54:50,162 [INFO] [periodic] Logs pushed to GitHub: Nifty_FlightRecorder_V2_5_19_20260710_090025.log, Nifty_BarLevel_V2_5_19_20260710_090025.csv
2026-07-10 07:59:52,422 [INFO] [INDICATORS] spot=24175.5 | 1h: close=24185.8 sma20=24114.1 sma50=24215.4 rsi=52.1 macd=-32.90/-52.03(bull) | 15m: K=32.4↓(prev 47.4) | regime=NEUTRAL halted=False active=True
2026-07-10 07:59:52,422 [INFO] [SIGNAL] CE: reg=False K=False(K=32.4>=38,rising) Kextr=False RSI=False(52.1>53) MACD=True => BLOCK | PE: reg=False K=True(K=32.4<=80,falling) Kextr=False RSI=False(52.1<47) MACD=False => BLOCK
2026-07-10 07:59:52,422 [INFO] [STATE] PE NFO:NIFTY2671424200PE ltp=118.35 entry=127.15 pnl=-8.80(-6.9%) sl=104.26 peak=128.80 tr_armed=False elapsed=95min
2026-07-10 07:59:54,773 [INFO] [periodic] Logs pushed to GitHub: Nifty_FlightRecorder_V2_5_19_20260710_090025.log, Nifty_BarLevel_V2_5_19_20260710_090025.csv
2026-07-10 08:04:57,165 [INFO] [INDICATORS] spot=24184.5 | 1h: close=24185.8 sma20=24114.1 sma50=24215.4 rsi=52.1 macd=-32.90/-52.03(bull) | 15m: K=22.8↓(prev 32.4) | regime=NEUTRAL halted=False active=True
2026-07-10 08:04:57,165 [INFO] [SIGNAL] CE: reg=False K=False(K=22.8>=38,rising) Kextr=True RSI=False(52.1>53) MACD=True => BLOCK | PE: reg=False K=False(K=22.8<=80,falling) Kextr=False RSI=False(52.1<47) MACD=False => BLOCK
2026-07-10 08:04:57,165 [INFO] [STATE] PE NFO:NIFTY2671424200PE ltp=113.10 entry=127.15 pnl=-14.05(-11.0%) sl=104.26 peak=128.80 tr_armed=False elapsed=100min
2026-07-10 08:05:00,659 [INFO] [periodic] Logs pushed to GitHub: Nifty_FlightRecorder_V2_5_19_20260710_090025.log, Nifty_BarLevel_V2_5_19_20260710_090025.csv
2026-07-10 08:10:02,881 [INFO] EXIT: NFO:NIFTY2671424200PE @ 104.26 reason=HARDSL_-18pct pnl/sh=-22.89 is_flip=True losses=1/4
2026-07-10 08:10:03,739 [INFO] [INDICATORS] spot=24195.9 | 1h: close=24185.8 sma20=24114.1 sma50=24215.4 rsi=52.1 macd=-32.90/-52.03(bull) | 15m: K=22.8↓(prev 32.4) | regime=NEUTRAL halted=False active=False
2026-07-10 08:10:03,739 [INFO] [SIGNAL] CE: reg=False K=False(K=22.8>=38,rising) Kextr=True RSI=False(52.1>53) MACD=True => BLOCK | PE: reg=False K=False(K=22.8<=80,falling) Kextr=False RSI=False(52.1<47) MACD=False => BLOCK
2026-07-10 08:10:06,160 [INFO] [periodic] Logs pushed to GitHub: Nifty_FlightRecorder_V2_5_19_20260710_090025.log, Nifty_BarLevel_V2_5_19_20260710_090025.csv
2026-07-10 08:15:08,047 [INFO] ENTRY: NFO:NIFTY2671424200CE @ 105.80  engine=V3  detail=Grade B G-cluster BREAK-CE at 24100
2026-07-10 08:15:08,888 [INFO] [INDICATORS] spot=24198.3 | 1h: close=24185.8 sma20=24114.1 sma50=24215.4 rsi=52.1 macd=-32.90/-52.03(bull) | 15m: K=32.3↑(prev 22.8) | regime=NEUTRAL halted=False active=True
2026-07-10 08:15:08,889 [INFO] [SIGNAL] CE: reg=False K=False(K=32.3>=38,rising) Kextr=True RSI=False(52.1>53) MACD=True => BLOCK | PE: reg=False K=False(K=32.3<=80,falling) Kextr=False RSI=False(52.1<47) MACD=False => BLOCK
2026-07-10 08:15:08,889 [INFO] [STATE] CE NFO:NIFTY2671424200CE ltp=104.10 entry=105.80 pnl=-1.70(-1.6%) sl=86.76 peak=105.80 tr_armed=False elapsed=0min
