2026-07-06 03:30:22,071 [INFO] [STATE] State from 2026-07-03 — resetting trades_today for 2026-07-06
2026-07-06 03:30:22,071 [INFO] [STATE] Loaded prior state. POS.active=False losses=0
2026-07-06 03:30:23,701 [INFO] [BOOT] Nifty FUT token: 15639810 expiry=2026-07-28 sym=NIFTY26JULFUT
2026-07-06 03:30:23,715 [INFO] [BOOT] Expiry: 2026-07-07, 100 strikes, 200 option contracts
2026-07-06 03:30:23,715 [INFO] [BOOT] PAPER mode (kite_paper) — mStock init + self-test SKIPPED (bypassed).
2026-07-06 03:30:23,854 [INFO] [PIVOTS] P=24301 R1=24349 R2=24426 S1=24223 S2=24175
2026-07-06 03:30:23,857 [WARNING] [OI Plan] Stale plan (2026-06-01) — ignoring for today's levels
2026-07-06 03:30:23,857 [INFO] [OI Plan] No valid plan found — running without OI levels (normal mode)
2026-07-06 03:30:23,857 [INFO] 
2026-07-06 03:30:23,857 [INFO] +========================================================================+
2026-07-06 03:30:23,857 [INFO] | ORION V2.5.15 — STRATEGY DESIGN                                        |
2026-07-06 03:30:23,858 [INFO] | Backtest: 363 trades | PnL Rs +6,88,158 | WR 64.5% | MaxDD -1,119     |
2026-07-06 03:30:23,858 [INFO] +========================================================================+
2026-07-06 03:30:23,858 [INFO] | ENGINE V2 (fires every 15m close — regime: BULL/BEAR/TRANSITION only)  |
2026-07-06 03:30:23,858 [INFO] |   CE: 1h close>SMA20>SMA50 | K>=38 rising | K<25 recently             |
2026-07-06 03:30:23,858 [INFO] |        RSI>53 | MACD bull | premium 30-180                             |
2026-07-06 03:30:23,858 [INFO] |   PE: 1h close<SMA20<SMA50 | K<=80 falling K>=25 | K>75 recently      |
2026-07-06 03:30:23,858 [INFO] |        RSI<47 | MACD bear | premium 30-300                             |
2026-07-06 03:30:23,858 [INFO] |                                                                         |
2026-07-06 03:30:23,858 [INFO] | ENGINE V3 (15m G/R cluster break/reject — fires in any regime)         |
2026-07-06 03:30:23,858 [INFO] |   Grade A (>=3 source kinds) / Grade B (>=2)                           |
2026-07-06 03:30:23,858 [INFO] |   PDC excluded from clusters; G/R need >=25pt buffer from PDC          |
2026-07-06 03:30:23,858 [INFO] |   premium 30-180 CE / 30-300 PE                                        |
2026-07-06 03:30:23,858 [INFO] |                                                                         |
2026-07-06 03:30:23,858 [INFO] | ENGINE VWAP (triple confirmation — fires in any regime)                 |
2026-07-06 03:30:23,858 [INFO] |   1. Nifty FUTURES 15m close crosses FUT VWAP, body>=65% (PRIMARY)     |
2026-07-06 03:30:23,859 [INFO] |   2. Nifty SPOT 15m close same direction above/below spot VWAP         |
2026-07-06 03:30:23,859 [INFO] |   3. ATM CE/PE LTP also above/below its daily VWAP simultaneously      |
2026-07-06 03:30:23,859 [INFO] |   premium 30-180 CE / 30-300 PE                                        |
2026-07-06 03:30:23,859 [INFO] |                                                                         |
2026-07-06 03:30:23,859 [INFO] | ENGINE FLIP (opposite-side only, max 3/day, excluded from CB)          |
2026-07-06 03:30:23,859 [INFO] |   Path A (in-trade): elapsed>=30 + peak>=entry+15 + LTP<=entry+10      |
2026-07-06 03:30:23,859 [INFO] |   Path B (post-exit): K reversal within 60min                          |
2026-07-06 03:30:23,859 [INFO] |                                                                         |
2026-07-06 03:30:23,859 [INFO] | UNIVERSAL EXIT (priority order):                                        |
2026-07-06 03:30:23,859 [INFO] |   1. HARDSL -18%                                                        |
2026-07-06 03:30:23,859 [INFO] |   2. Continuous trail: arms when peak>=entry+15, SL=peak-5             |
2026-07-06 03:30:23,859 [INFO] |      floor=entry+10, ratchets up with peak (never down)                |
2026-07-06 03:30:23,859 [INFO] |   3. VWAP trades: exit when opt 15m close < opt VWAP                  |
2026-07-06 03:30:23,859 [INFO] |   4. V2/V3/FLIP trades: SMA8(low) trail on 15m                        |
2026-07-06 03:30:23,859 [INFO] |   5. Force close 15:25  6. CB=3 non-flip losses                        |
2026-07-06 03:30:23,859 [INFO] |                                                                         |
2026-07-06 03:30:23,859 [INFO] | INFORMATIONAL (no trade gate): Straddle alerts | Options VWAP          |
2026-07-06 03:30:23,860 [INFO] +========================================================================+
2026-07-06 03:30:23,860 [INFO] 
2026-07-06 03:30:23,860 [INFO] === ORION CHANGE HISTORY (V2.2.2 -> V2.5.9) ===
2026-07-06 03:30:23,860 [INFO] 
2026-07-06 03:30:23,860 [INFO] V2.2.2 [PRODUCTION BASELINE — T10]
2026-07-06 03:30:23,860 [INFO]   Entry : 1h SMA20/50 regime + 15m StochRSI K (CE>=38 rising, PE<=80 falling)
2026-07-06 03:30:23,860 [INFO]   Exit  : HARDSL -35%, TIME_SL 210min/-20%, BE +15% -> option SMA8(low) trail
2026-07-06 03:30:23,860 [INFO]   CB=2, 1 lot, no flip, no V3, no chop filter
2026-07-06 03:30:23,860 [INFO] 
2026-07-06 03:30:23,860 [INFO] V2.3  [+V3 CLUSTER LEVELS]
2026-07-06 03:30:23,860 [INFO]   + PDH/PDL/round_50/round_100/PDC/1h swing pivots clustered within 20pts
2026-07-06 03:30:23,860 [INFO]   + Grade A (>=3 source kinds) / Grade B (>=2)
2026-07-06 03:30:23,860 [INFO]   + ADX regime classifier (BULL/BEAR/CHOP/TRANSITION)
2026-07-06 03:30:23,860 [INFO] 
2026-07-06 03:30:23,860 [INFO] V2.4  [+EXIT UPGRADES]
2026-07-06 03:30:23,860 [INFO]   + 15m option SMA8(low) trail (KEPT in all future versions)
2026-07-06 03:30:23,861 [INFO]   + ATR-based exits (REMOVED — not robust enough)
2026-07-06 03:30:23,861 [INFO]   + BE armor at +15% (REMOVED later — net negative in backtest)
2026-07-06 03:30:23,861 [INFO] 
2026-07-06 03:30:23,861 [INFO] V2.5.0  [HYBRID V2+V3 + TIME-RATCHET]
2026-07-06 03:30:23,861 [INFO]   + Hybrid V2+V3 entry (V2 priority on same-bar tiebreak)
2026-07-06 03:30:23,861 [INFO]   + Time-ratchet exit: 90min / +20 step
2026-07-06 03:30:23,861 [INFO] 
2026-07-06 03:30:23,861 [INFO] V2.5.1  [ENTRY REFINEMENT]
2026-07-06 03:30:23,861 [INFO]   + V2 PE_floor=25 (K>=25 required for PE entry)
2026-07-06 03:30:23,861 [INFO]   + V2 CE: no upper K cap (cap tested and REJECTED — hurts WR)
2026-07-06 03:30:23,861 [INFO]   + V2 priority confirmed: +Rs 52k vs V3-priority
2026-07-06 03:30:23,861 [INFO] 
2026-07-06 03:30:23,861 [INFO] V2.5.2  [FLIP RULE +Rs 130k]
2026-07-06 03:30:23,861 [INFO]   + Path A flip (in-trade): elapsed>=30 + peak>=entry+15 + LTP<=entry+10 + K reversed
2026-07-06 03:30:23,861 [INFO]   + Path B flip (post-exit): K reversal within 60min
2026-07-06 03:30:23,861 [INFO]   + Opposite-side only (same-side continuation REJECTED: -Rs 191k CATASTROPHIC)
2026-07-06 03:30:23,861 [INFO]   + CE->PE: K falling, 25<=K<=80 | PE->CE: K rising, K>=38
2026-07-06 03:30:23,862 [INFO] 
2026-07-06 03:30:23,862 [INFO] V2.5.3  [V3 SINGLETONS + HARDSL LOCKED]
2026-07-06 03:30:23,862 [INFO]   + Promoted singletons: PDH/PDL/round_100(+-200 PDC)/swing pivots standalone Grade B
2026-07-06 03:30:23,862 [INFO]   + HARDSL locked at -25% (swept -35% to -15%; -25% optimal)
2026-07-06 03:30:23,862 [INFO]   + PnL Rs +3,14,418
2026-07-06 03:30:23,862 [INFO] 
2026-07-06 03:30:23,862 [INFO] V2.5.4  [FLIP CAP]
2026-07-06 03:30:23,862 [INFO]   + MAX_FLIPS_PER_DAY=3 (flips 1-3 win Rs 131k; flips 4+ lose Rs 21k)
2026-07-06 03:30:23,862 [INFO]   + PnL Rs +3,23,851
2026-07-06 03:30:23,862 [INFO] 
2026-07-06 03:30:23,862 [INFO] V2.5.5  [CHOP FILTER +Rs 49k]
2026-07-06 03:30:23,862 [INFO]   + RSI [47,53] indecision band blocks ALL entries
2026-07-06 03:30:23,862 [INFO]   + PnL Rs +3,72,598
2026-07-06 03:30:23,862 [INFO] 
2026-07-06 03:30:23,862 [INFO] V2.5.6  [V3 PDC CONTAMINATION FIX — LOCKED Rs 3,85,724 / WR 35.7%]
2026-07-06 03:30:23,862 [INFO]   + Exclude PDC from clustering (PDC is reference, not tradeable level)
2026-07-06 03:30:23,862 [INFO]   + G/R require >=25pt buffer from PDC (motivated by 2026-05-18 bad paper trade)
2026-07-06 03:30:23,862 [INFO]   + PnL Rs +3,85,724 / MaxDD -1,331 / Red 5/18
2026-07-06 03:30:23,863 [INFO] 
2026-07-06 03:30:23,863 [INFO] V2.5.7  [VELVET ROPE + RATCHET +Rs 1,14,324 / WR 35.7%->55.4%]
2026-07-06 03:30:23,863 [INFO]   + Velvet Rope: premium hits entry+15 -> SL immediately to entry+2
2026-07-06 03:30:23,863 [INFO]   + Ratchet Gate: 30min elapsed + entry+25 -> SL to entry+15
2026-07-06 03:30:23,863 [INFO]   + Runner Trail: +20 per +20pts peak (one-way)
2026-07-06 03:30:23,863 [INFO]   + Trade-off: Red months 5->10/18, MaxDD -1,331->-1,885
2026-07-06 03:30:23,863 [INFO] 
2026-07-06 03:30:23,863 [INFO] V2.5.8  [K EXTREME + FULL SMA ALIGNMENT]
2026-07-06 03:30:23,863 [INFO]   + K extreme filter: CE entry only if K<25 recently (3 bars); PE if K>75 recently
2026-07-06 03:30:23,863 [INFO]   + Full SMA alignment: CE needs close>SMA20>SMA50 (was just close>SMA20)
2026-07-06 03:30:23,863 [INFO] 
2026-07-06 03:30:23,863 [INFO] V2.5.9  [Rs 6,70,425 / WR 66.9% / 357 trades / MaxDD -1,485 / Red 8/18]
2026-07-06 03:30:23,863 [INFO]   + RSI DIRECTIONAL GATE replaces RSI [47,53] chop filter:
2026-07-06 03:30:23,863 [INFO]       CE: 1h RSI>53 required | PE: 1h RSI<47 required
2026-07-06 03:30:23,863 [INFO]   + MACD 1h alignment: CE needs MACD_line>signal; PE needs MACD_line<signal
2026-07-06 03:30:23,863 [INFO]   + Premium gate: 30<=entry_LTP<=180 (blocks deep OTM and IV-spike entries)
2026-07-06 03:30:23,863 [INFO]   + Tightened exit params: RI=12 (was 15), RT=20 (was 30), RS=25 (was 20)
2026-07-06 03:30:23,863 [INFO]   + CB=3 (was 4)
2026-07-06 03:30:23,864 [INFO]   + Straddle monitoring: informational Telegram at 9:45 and 11:30
2026-07-06 03:30:23,864 [INFO]   + Options VWAP: informational context at entry/pulse/exit
2026-07-06 03:30:23,864 [INFO] 
2026-07-06 03:30:23,864 [INFO] V2.5.12 [CURRENT LOCKED — Rs 6,88,158 / WR 64.5% / 363 trades / MaxDD -1,119 / Red 5/18]
2026-07-06 03:30:23,864 [INFO]   SOURCE: VRL (Vishal Rajput) code analysis — peak-based ratchet ladder
2026-07-06 03:30:23,864 [INFO]   + HARDSL tightened -25% → -18% (faster loss cut, less capital exposed)
2026-07-06 03:30:23,864 [INFO]   + 20-min time gate REMOVED — purely peak-based ladder (no waiting)
2026-07-06 03:30:23,864 [INFO]   + Ladder Tier2: peak >= entry+24 → SL = entry+12 (immediate)
2026-07-06 03:30:23,864 [INFO]   + Ladder Tier3: peak >= entry+36 → SL = entry+24 (immediate)
2026-07-06 03:30:23,864 [INFO]   + Entry logic UNCHANGED from V2.5.9
2026-07-06 03:30:23,864 [INFO]   + Validated: real option data (May 4-21 2026, 12 days)
2026-07-06 03:30:23,864 [INFO]   + Key improvement: MaxDD -1,485 → -1,119 (-25%), Red months 8 → 5
2026-07-06 03:30:23,864 [INFO] 
2026-07-06 03:30:23,864 [INFO] V2.5.12-LIVE [2026-05-29 — FIRST LIVE TRADING SESSION WITH mSTOCK EXECUTION]
2026-07-06 03:30:23,864 [INFO]   + EXECUTION_BROKER switched from kite_paper → mstock_live
2026-07-06 03:30:23,864 [INFO]   + mStock Type B API integrated: login → set_access_token → verify_totp (TOTP auto)
2026-07-06 03:30:23,864 [INFO]   + Instrument master: direct fetch from OpenAPIScripMaster (173k symbols, name field)
2026-07-06 03:30:23,864 [INFO]   + order_status: mStock returns 'Traded' status (not 'COMPLETE') — mapped correctly
2026-07-06 03:30:23,864 [INFO]   + place_order: disclosedquantity="0" required (blank causes IA400 rejection)
2026-07-06 03:30:23,864 [INFO]   + IP 18.212.243.203 (PythonAnywhere) whitelisted in mStock API settings
2026-07-06 03:30:23,865 [INFO]   + BUY: 15s timeout, cancel-and-check on timeout, abort if not filled
2026-07-06 03:30:23,865 [INFO]   + SELL: 3 retries × 5s, 🚨 CRITICAL Telegram alert if all fail, POS.active stays True
2026-07-06 03:30:23,865 [INFO]   + V3 REGIME GATE REMOVED: V3 now fires in CHOP/INSUFFICIENT regime
2026-07-06 03:30:23,865 [INFO]       Root cause of bug: regime gate wrapped ALL signals including V3;
2026-07-06 03:30:23,865 [INFO]       V3 uses cluster break/reject as its own confirmation — ADX not needed
2026-07-06 03:30:23,865 [INFO]       V2 and FLIP remain regime-gated (BULL/BEAR/TRANSITION only)
2026-07-06 03:30:23,865 [INFO]   + V3 engine: acts on ALL Grade A/B clusters simultaneously (not just nearest)
2026-07-06 03:30:23,865 [INFO]   + PREMIUM_MAX asymmetric: CE=180 (unchanged), PE=300 (was 180, captures panic moves)
2026-07-06 03:30:23,865 [INFO]   + VWAP double confirmation engine (new):
2026-07-06 03:30:23,865 [INFO]       Fires when Nifty 15m bar crosses daily VWAP with body>=50% range
2026-07-06 03:30:23,865 [INFO]       AND ATM CE/PE LTP is also above/below its daily VWAP simultaneously
2026-07-06 03:30:23,865 [INFO]       Self-confirming like V3 — no regime gate
2026-07-06 03:30:23,865 [INFO]   + LOTS_PER_TRADE = 2 (live)
2026-07-06 03:30:23,865 [INFO] 
2026-07-06 03:30:23,865 [INFO] V2.5.13 [VWAP TRAIL EXIT + BOOT SELF-TEST + STABILITY FIXES]
2026-07-06 03:30:23,865 [INFO]   + VWAP engine trades: trail exit uses option's own VWAP (15m close < option VWAP)
2026-07-06 03:30:23,865 [INFO]     instead of SMA8(low) trail — holds through pullbacks better on VWAP-confirmed moves
2026-07-06 03:30:23,865 [INFO]   + V2/V3/FLIP trades: keep original SMA8(low) trail (unchanged)
2026-07-06 03:30:23,865 [INFO]   + Boot self-test: BUY (LIMIT ₹0.05) + SELL (LIMIT ₹9999) on deep OTM option at startup
2026-07-06 03:30:23,865 [INFO]     Both must succeed and cancel cleanly or bot aborts — confirms mStock connectivity + IP
2026-07-06 03:30:23,865 [INFO]   + MStockBroker class inlined into single .py file (no separate mstock_broker.py)
2026-07-06 03:30:23,865 [INFO]   + IA403 recovery: rebuilds SDK client from scratch on IP mismatch, 3 consecutive → halt
2026-07-06 03:30:23,866 [INFO]   + Position sync cooldown: 180s → 300s (avoids false MANUAL_EXIT on slow fills)
2026-07-06 03:30:23,866 [INFO]   + MANUAL_EXIT fix: clears buy_order_id before close_trade to prevent duplicate SELL
2026-07-06 03:30:23,866 [INFO]   + State file: added date field, resets trades_today/losses on new day boundary
2026-07-06 03:30:23,866 [INFO]   + VWAP dedup log spam removed (silent return on same-bar re-fire)
2026-07-06 03:30:23,866 [INFO] 
2026-07-06 03:30:23,866 [INFO] V2.5.14 [TIERED PROFIT LOCK LADDER — inspired by VRL]
2026-07-06 03:30:23,866 [INFO]   + Replaced sparse 3-tier ratchet (Velvet Rope + T2 + T3 + Runner) with 7-tier ladder
2026-07-06 03:30:23,866 [INFO]   + Ladder: +12→+2, +18→+8, +24→+12, +30→+20, +36→+24, +40→+30, +50→+40
2026-07-06 03:30:23,866 [INFO]   + More tiers = less profit give-back on sharp reversals
2026-07-06 03:30:23,866 [INFO]   + Checked every tick (not candle-based) — same as before but tighter protection
2026-07-06 03:30:23,866 [INFO]   + Unified code: single loop replaces 3 separate sections (3a/3b/3c → 3)
2026-07-06 03:30:23,866 [INFO]   + VWAP engine upgraded to TRIPLE confirmation:
2026-07-06 03:30:23,866 [INFO]     Gate 1 (PRIMARY): Nifty FUTURES 15m close crosses futures VWAP, body >= 50%
2026-07-06 03:30:23,866 [INFO]     Gate 2: Nifty SPOT 15m close same direction above/below spot VWAP
2026-07-06 03:30:23,866 [INFO]     Gate 3: ATM option LTP above/below option's own VWAP
2026-07-06 03:30:23,866 [INFO]   + Futures VWAP is now the primary decision criterion — real margin-backed money
2026-07-06 03:30:23,866 [INFO]   + Nifty FUT token auto-resolved from Kite instruments at boot (no hardcoding)
2026-07-06 03:30:23,866 [INFO] 
2026-07-06 03:30:23,867 [INFO] V2.5.15 [STALE DATA GUARD — 2026-06-12]
2026-07-06 03:30:23,867 [INFO]   + ROOT CAUSE FOUND: Kite intermittently returned a 15m series ending ~2h in
2026-07-06 03:30:23,867 [INFO]     the past. Evidence: VWAP entry logged bar=198 at 11:30 but bar=197 at 13:30
2026-07-06 03:30:23,867 [INFO]     (bar index went BACKWARDS); the 13:30 entry cited a 67% bearish bar +
2026-07-06 03:30:23,867 [INFO]     FUT 23375 while the live tape was +68 pts off the low in 4 min → bought PE
2026-07-06 03:30:23,867 [INFO]     into a V-reversal → HARDSL -21.73. Fresh-data replay confirms the signal
2026-07-06 03:30:23,867 [INFO]     does NOT fire at 13:30 with up-to-date frames. Likely also suppressed valid
2026-07-06 03:30:23,867 [INFO]     signals (Jun-11 zero-trade day: fresh-data replay finds 4 trades / +35 pts).
2026-07-06 03:30:23,867 [INFO]   + Guard (active 09:32+): if last 15m bar (spot or futures) is older than
2026-07-06 03:30:23,867 [INFO]     16 min → instant refetch from Kite; if recovered, continue + Telegram info;
2026-07-06 03:30:23,867 [INFO]     if still stale → Telegram alert + ENTRIES blocked for that cycle only.
2026-07-06 03:30:23,867 [INFO]   + EXITS are never blocked on data quality.
2026-07-06 03:30:23,867 [INFO]   + Telegram alerts rate-limited to 1 per 10 min; log line every cycle.
2026-07-06 03:30:23,867 [INFO] 
2026-07-06 03:30:23,867 [INFO] V2.5.16 [MOMENTUM GATE ON SAME-SIDE STREAKS + SMA8 TODAY-ONLY FIX — 2026-06-17]
2026-07-06 03:30:23,867 [INFO]   + PROBLEM: in choppy markets the bot ran 3+ rapid same-direction trades —
2026-07-06 03:30:23,867 [INFO]     first 1-2 win small, the 3rd buys into the reversal and takes the full
2026-07-06 03:30:23,867 [INFO]     -18% HARDSL, then keeps buying the same side, wiping the day's gains.
2026-07-06 03:30:23,867 [INFO]     Diagnosis (May+June real-opt data): the persistence is the VWAP engine
2026-07-06 03:30:23,868 [INFO]     (no regime filter, re-fires same side each 15m bar). The 1st/2nd winners
2026-07-06 03:30:23,868 [INFO]     exit on the peak ladder (TRAIL_+N); the 3rd dies on HARDSL/VWAP_TRAIL.
2026-07-06 03:30:23,868 [INFO]   + MOMENTUM GATE: the 3rd+ CONSECUTIVE same-direction entry (any engine) is
2026-07-06 03:30:23,868 [INFO]     blocked unless spot has moved >= MOM_GATE_PTS (12) WITH the trade over the
2026-07-06 03:30:23,868 [INFO]     last MOM_GATE_BARS (5) closed 1m bars. 1st/2nd same-side entries untouched.
2026-07-06 03:30:23,868 [INFO]     Run counted from DAY.trades_today (closed trades). New fetch_nifty_1m() +
2026-07-06 03:30:23,868 [INFO]     momentum_gate_ok(); fails OPEN if 1m data unavailable; "🚧 Momentum-gate
2026-07-06 03:30:23,868 [INFO]     BLOCK" Telegram on a block. Backtest (May real-opt): baseline -7.3 pt →
2026-07-06 03:30:23,868 [INFO]     gate +104.0 pt, 0 winners blocked (blocks only flat-momentum |mv|<=8 chop).
2026-07-06 03:30:23,868 [INFO]   + SMA8 TODAY-ONLY FIX: sma8_low_of_option() now averages ONLY today's closed
2026-07-06 03:30:23,868 [INFO]     15m option lows (arms after SMA_TRAIL_MIN_BARS=4 today-bars). Previously it
2026-07-06 03:30:23,868 [INFO]     averaged 8 bars from a 10-day fetch, mixing yesterday's different-level /
2026-07-06 03:30:23,868 [INFO]     illiquid lows → false trail exits. NOT removed: backtest showed deleting
2026-07-06 03:30:23,868 [INFO]     SMA8 costs -66 pt (it is a tighter stop than the -18% HARDSL).
2026-07-06 03:30:23,868 [INFO]   + Ladder exit, HARDSL, flip logic, stale-data guard all UNCHANGED.
2026-07-06 03:30:23,868 [INFO]   + start_orion.sh now launches V2.5.16 (90s crash-fallback still → V2.5.14).
2026-07-06 03:30:23,868 [INFO] 
2026-07-06 03:30:23,868 [INFO] V2.5.17 [3 CHOP-BLEED GUARDS — 2026-06-18]
2026-07-06 03:30:23,869 [INFO]   + CONTEXT: 06-16 (-20.4pt/7trades) and 06-17 (-44.0pt/4trades) were both
2026-07-06 03:30:23,869 [INFO]     compressed chop days (full range 141pt & 107pt; 06-17 had 9 mean-crosses in
2026-07-06 03:30:23,869 [INFO]     a 107pt box). The regime classifier stayed BULL all 76 bars both days and
2026-07-06 03:30:23,869 [INFO]     chop_block fired 0 times, so the breakout engines kept firing into noise.
2026-07-06 03:30:23,869 [INFO]     See ~/orion_backtest_lab/results/RESULTS.md (2026-06-18 post-mortem).
2026-07-06 03:30:23,869 [INFO]   + #1 MORNING CHOP GATE (CHOP_GATE_ENABLED): decided ONCE after ~10:30 IST from
2026-07-06 03:30:23,869 [INFO]     the first-hour (09:15-10:15) FUT bars. Stand aside (block ALL new entries for
2026-07-06 03:30:23,869 [INFO]     the day) when early efficiency-ratio <= CHOP_ER_MAX (0.25) AND (first-hour
2026-07-06 03:30:23,869 [INFO]     FUT-VWAP cross-count >= CHOP_VWAP_CROSSES_MIN (3) OR first-hour range <
2026-07-06 03:30:23,869 [INFO]     CHOP_RANGE_PT_MAX (110pt)). Exits always allowed. Fails OPEN (not enough
2026-07-06 03:30:23,869 [INFO]     bars yet -> no decision -> trade normally). morning_chop_verdict().
2026-07-06 03:30:23,869 [INFO]   + #2 VWAP BODY BAND (VWAP_BODY_CLIMAX_PCT): VWAP entry now takes only the
2026-07-06 03:30:23,869 [INFO]     65-86% body band — existing >=65% min kept, NEW >=87% climax/exhaustion bars
2026-07-06 03:30:23,869 [INFO]     skipped (climax bars fade). One added guard line in check_vwap_signal().
2026-07-06 03:30:23,869 [INFO]   + #3 MOMENTUM-FADE GATE (FADE_GATE_ENABLED): for a 3rd+ consecutive same-side
2026-07-06 03:30:23,869 [INFO]     entry that follows >= FADE_MIN_PRIOR_WINS (2) consecutive same-side WINS,
2026-07-06 03:30:23,869 [INFO]     inspect 3-min option premiums of BOTH the trend-side and opposite-side ATM
2026-07-06 03:30:23,869 [INFO]     strikes over the last FADE_OPT_BARS (3) closed bars. Enter ONLY IF the
2026-07-06 03:30:23,869 [INFO]     trend-side option is NOT decaying AND the opposite-side option IS decaying;
2026-07-06 03:30:23,870 [INFO]     otherwise skip (momentum has faded / is rotating to the other side). Fails
2026-07-06 03:30:23,870 [INFO]     OPEN on missing data. fade_gate_ok() + fetch_option_3m(). Complements the
2026-07-06 03:30:23,870 [INFO]     V2.5.16 spot-move momentum gate (both must pass).
2026-07-06 03:30:23,870 [INFO]   + All three guards are ADDITIVE; ladder/HARDSL/flip/SMA8/stale-guard UNCHANGED.
2026-07-06 03:30:23,870 [INFO]   + NOT yet sim-A/B'd — shipped on user direction; 2026-06-18 is paper-only, so
2026-07-06 03:30:23,870 [INFO]     the live paper session is the first validation. WATCH first CHOP-GATE day +
2026-07-06 03:30:23,870 [INFO]     first FADE block + that #2 climax-skip doesn't starve VWAP.
2026-07-06 03:30:23,870 [INFO]   + start_orion.sh now launches V2.5.17 (pkill pattern V2_5_1[567];
2026-07-06 03:30:23,870 [INFO]     90s crash-fallback still → V2.5.14 archive).
2026-07-06 03:30:23,870 [INFO] 
2026-07-06 03:30:23,870 [INFO] V2.5.18 [SMA8 ENTRY-AWARE FIX + CHOP-GATE RE-ARM — 2026-06-19]
2026-07-06 03:30:23,870 [INFO]   + CONTEXT: 2026-06-19 (paper) — gap-down day. One V3 PE (24000PE @114) entered
2026-07-06 03:30:23,870 [INFO]     correctly at 10:15 on a Grade-A R-cluster break, but SMA8_LOW_TRAIL exited it
2026-07-06 03:30:23,870 [INFO]     31s later at +1.6 (the trail evaluated the 10:00 bar — which CLOSED BEFORE
2026-07-06 03:30:23,870 [INFO]     entry — against today's lows-avg). Spot then fell 24040->23926 without us;
2026-07-06 03:30:23,870 [INFO]     morning chop-gate (ER=0.01, range=70pt) then stood aside the rest of the day.
2026-07-06 03:30:23,870 [INFO]   + FIX A (SMA8 pre-entry bar): the SMA8(low) trail now NEVER acts on a 15m bar
2026-07-06 03:30:23,871 [INFO]     whose CLOSE time (bar-start + 15m) is <= POS.entry_time. A fresh entry can no
2026-07-06 03:30:23,871 [INFO]     longer be ejected on price action that happened before it was opened.
2026-07-06 03:30:23,871 [INFO]   + FIX C (SMA8 arm window): trail arms on bars-SINCE-ENTRY, not bars-of-day.
2026-07-06 03:30:23,871 [INFO]     sma8_low_of_option() now averages only TODAY's closed bars that closed AFTER
2026-07-06 03:30:23,871 [INFO]     entry and needs >= SMA_TRAIL_MIN_BARS_SINCE_ENTRY (1) of them. With 1 own bar
2026-07-06 03:30:23,871 [INFO]     SMA8L == that bar's own low, so close(>=low) can't trigger -> first real
2026-07-06 03:30:23,871 [INFO]     trigger needs >=2 own bars. SMA_TRAIL_MIN_BARS (4, bars-of-day) is now only
2026-07-06 03:30:23,871 [INFO]     the fallback when entry_time is unknown (state-load edge). NOT a BE-gate.
2026-07-06 03:30:23,871 [INFO]   + CHOP-GATE RE-ARM (CHOP_REARM_ENABLED): after a morning stand-aside, release
2026-07-06 03:30:23,871 [INFO]     the block when a CLOSED FUT 15m bar breaks the recorded first-hour range by
2026-07-06 03:30:23,871 [INFO]     >= CHOP_REARM_BUFFER_PT (15pt) with body >= CHOP_REARM_BODY_MIN (65%), in the
2026-07-06 03:30:23,871 [INFO]     regime direction (BULL=>up-break only, BEAR=>down-break only, else either).
2026-07-06 03:30:23,871 [INFO]     FUT leads spot, so this triggers earlier than a spot-range break. Re-arm is
2026-07-06 03:30:23,871 [INFO]     one-way for the day (stays live once released); per-trade momentum/fade/CB
2026-07-06 03:30:23,871 [INFO]     guards still apply. _morning_chop_verdict_impl() stashes FH hi/lo;
2026-07-06 03:30:23,871 [INFO]     chop_rearm_check() evaluated each cycle while blocked. Logs [CHOPGATE] RE-ARMED.
2026-07-06 03:30:23,871 [INFO]   + Ladder/HARDSL/flip/VWAP-trail/stale-guard UNCHANGED. SMA8 KEPT (deleting it
2026-07-06 03:30:23,871 [INFO]     cost -66pt, V2.5.16) — this only changes WHEN it may fire, not whether.
2026-07-06 03:30:23,871 [INFO]   + NOT yet sim-A/B'd — shipped on user direction 2026-06-19; backtest the
2026-07-06 03:30:23,872 [INFO]     re-arm thresholds on post-chop trend days before relying on it live.
2026-07-06 03:30:23,872 [INFO] 
2026-07-06 03:30:23,872 [INFO] V2.5.19 [THREE FUT-VWAP ENTRY PATHWAYS — 2026-06-21]
2026-07-06 03:30:23,872 [INFO]   + Built on user direction 2026-06-21. THREE new VWAP-cross entry pathways.
2026-07-06 03:30:23,872 [INFO]     NOT yet sim-A/B'd — BACKTEST before flipping start_orion.sh to V2.5.19.
2026-07-06 03:30:23,872 [INFO]     All three are flag-gated (default ON). Existing V2/V3/FLIP UNCHANGED.
2026-07-06 03:30:23,872 [INFO] 
2026-07-06 03:30:23,872 [INFO]   + FEATURE 1 — FUT 15m VWAP cross + CONFIRMATION CANDLE (all-day).
2026-07-06 03:30:23,872 [INFO]     VWAP15_CONFIRM_ENABLED. The existing VWAP engine no longer fires on the
2026-07-06 03:30:23,872 [INFO]     cross bar alone: it now requires the cross bar (iloc[-3], body 65-86% band)
2026-07-06 03:30:23,872 [INFO]     PLUS the next closed bar (iloc[-2]) to CONFIRM in the same direction —
2026-07-06 03:30:23,872 [INFO]     same-colour candle that still closes on the same side of FUT-VWAP. Fires in
2026-07-06 03:30:23,872 [INFO]     either direction, any time in the entry window. Re-entries are governed by
2026-07-06 03:30:23,872 [INFO]     the existing momentum gate (no extra cap). check_vwap_signal().
2026-07-06 03:30:23,872 [INFO]     INTERPRETATION: "confirmation candle in same direction" = next 15m candle
2026-07-06 03:30:23,872 [INFO]     closes same side of its open (same colour) AND same side of VWAP as the
2026-07-06 03:30:23,872 [INFO]     cross. Confirmation candle has NO body-size requirement (only the cross bar
2026-07-06 03:30:23,872 [INFO]     does). If wrong, adjust _vwap15_confirm_ok().
2026-07-06 03:30:23,873 [INFO] 
2026-07-06 03:30:23,873 [INFO]   + FEATURE 2 — FUT 5m VWAP cross + S/R distance, FIXED +12 TARGET scalp.
2026-07-06 03:30:23,873 [INFO]     FUT5_SCALP_ENABLED. New engine 'FUT5VWAP'. On each closed FUT 5m bar that
2026-07-06 03:30:23,873 [INFO]     CROSSES its session VWAP (bar opens one side, closes the other) with body
2026-07-06 03:30:23,873 [INFO]     65-86% AND whose close is > FUT5_SCALP_SR_MIN_DIST (20pt) from EVERY one of
2026-07-06 03:30:23,873 [INFO]     yesterday's classic pivots S1/R1/S2/R2 → buy in the cross direction. Exit is
2026-07-06 03:30:23,873 [INFO]     a FIXED +FUT5_SCALP_TARGET_PTS (12) option points (HARDSL + 15:25 force-close
2026-07-06 03:30:23,873 [INFO]     still apply; NO trail/SMA8). One trade per event: deduped on the 5m bar ts,
2026-07-06 03:30:23,873 [INFO]     so the next entry needs a fresh qualifying cross. check_fut5m_vwap_scalp_signal().
2026-07-06 03:30:23,873 [INFO]     INTERPRETATION: ">20 points away from s1/r1/s2/r2" = min distance to ALL four
2026-07-06 03:30:23,873 [INFO]     pivots > 20pt (price in clear space, not hugging a pivot). "cross" = bar
2026-07-06 03:30:23,873 [INFO]     open & close on opposite sides of VWAP. Pivots = classic floor-trader pivots
2026-07-06 03:30:23,873 [INFO]     from the prior trading day's H/L/C. If wrong, adjust compute_classic_pivots()
2026-07-06 03:30:23,873 [INFO]     / check_fut5m_vwap_scalp_signal().
2026-07-06 03:30:23,873 [INFO] 
2026-07-06 03:30:23,873 [INFO]   + FEATURE 3 — MORNING 09:15-10:15 exception (bypasses the 09:45 start gate).
2026-07-06 03:30:23,873 [INFO]     MORNING_VWAP_ENABLED. Before the normal 09:45 entry start, between
2026-07-06 03:30:23,873 [INFO]     MORNING_WIN_START (09:15) and MORNING_WIN_END (10:15): if a closed FUT 15m
2026-07-06 03:30:23,873 [INFO]     bar crosses its VWAP (body 65-86%) AND its close is > MORNING_VWAP_SR_MIN_DIST
2026-07-06 03:30:23,874 [INFO]     (20pt) from every pivot S1/R1/S2/R2 → buy in the cross direction. Re-entries
2026-07-06 03:30:23,874 [INFO]     per momentum gate. Uses engine 'VWAP' (so it inherits the VWAP option-VWAP
2026-07-06 03:30:23,874 [INFO]     trail exit). Runs even when in_entry_window() is False; still respects
2026-07-06 03:30:23,874 [INFO]     stale-guard, gap-suppress, CB/halt, manual cooldown. check_morning_vwap15_signal().
2026-07-06 03:30:23,874 [INFO]     INTERPRETATION: this only ADDS the pre-09:45 window; from 09:45 on, the
2026-07-06 03:30:23,874 [INFO]     normal engines (incl. Feature 1) already run. No confirmation candle is
2026-07-06 03:30:23,874 [INFO]     required here (spec did not ask for one).
2026-07-06 03:30:23,874 [INFO] 
2026-07-06 03:30:23,874 [INFO]   + Classic pivots computed at boot from prior-day H/L/C → DAY.pivots
2026-07-06 03:30:23,874 [INFO]     {P,S1,R1,S2,R2}; min_dist_to_pivots() helper. New fetch_nifty_fut_5m().
2026-07-06 03:30:23,874 [INFO] 
2026-07-06 03:30:23,874 [INFO] === REJECTED DECISIONS (DO NOT RE-ADD WITHOUT NEW BACKTEST EVIDENCE) ===
2026-07-06 03:30:23,874 [INFO]   SKIP_HOUR_13         : -Rs 46k (kills profitable flips in that window)
2026-07-06 03:30:23,874 [INFO]   SKIP_TUESDAYS        : +Rs 56k but calendar-overfit; RSI gate replaces
2026-07-06 03:30:23,874 [INFO]   ADX<20 filter        : -Rs 16k
2026-07-06 03:30:23,874 [INFO]   ADX<25 filter        : -Rs 34k
2026-07-06 03:30:23,874 [INFO]   BE armor at +15%     : net negative
2026-07-06 03:30:23,874 [INFO]   Same-side flip       : -Rs 191k CATASTROPHIC
2026-07-06 03:30:23,874 [INFO]   REVERSAL_FLIP=True   : WR 12% vs 33%
2026-07-06 03:30:23,875 [INFO]   K cap on CE          : hurts WR (no cap is better)
2026-07-06 03:30:23,875 [INFO]   V2.5.10 macro SMA50  : -Rs 2.3L vs V2.5.9; lagging filter blocked PE in bear phases
2026-07-06 03:30:23,875 [INFO]   V2.5.11 straddle halt: straddle expansion days WR 69.8% > normal 66.9%;
2026-07-06 03:30:23,875 [INFO]                          halting on expansion removed profitable trades (+Rs 2,54,234 phantom)
2026-07-06 03:30:28,805 [INFO] [boot] Logs pushed to GitHub: Nifty_FlightRecorder_V2_5_19_20260706_090022.log, Nifty_BarLevel_V2_5_19_20260706_090022.csv
2026-07-06 03:30:28,955 [INFO] [INDICATORS] spot=24271.2 | 1h: close=24272.1 sma20=24145.3 sma50=24057.9 rsi=63.0 macd=82.13/63.79(bull) | 15m: K=5.6↑(prev 1.1) | regime=CE-eligible halted=False active=False
2026-07-06 03:30:28,955 [INFO] [SIGNAL] CE: reg=True K=False(K=5.6>=38,rising) Kextr=True RSI=True(63.0>53) MACD=True => BLOCK | PE: reg=False K=False(K=5.6<=80,falling) Kextr=False RSI=False(63.0<47) MACD=False => BLOCK
2026-07-06 03:35:31,378 [INFO] [INDICATORS] spot=24271.2 | 1h: close=24272.1 sma20=24145.3 sma50=24057.9 rsi=63.0 macd=82.13/63.79(bull) | 15m: K=5.6↑(prev 1.1) | regime=CE-eligible halted=False active=False
2026-07-06 03:35:31,378 [INFO] [SIGNAL] CE: reg=True K=False(K=5.6>=38,rising) Kextr=True RSI=True(63.0>53) MACD=True => BLOCK | PE: reg=False K=False(K=5.6<=80,falling) Kextr=False RSI=False(63.0<47) MACD=False => BLOCK
2026-07-06 03:35:33,359 [INFO] [periodic] Logs pushed to GitHub: Nifty_FlightRecorder_V2_5_19_20260706_090022.log, Nifty_BarLevel_V2_5_19_20260706_090022.csv
2026-07-06 03:40:34,972 [INFO] [INDICATORS] spot=24271.2 | 1h: close=24272.1 sma20=24145.3 sma50=24057.9 rsi=63.0 macd=82.13/63.79(bull) | 15m: K=5.6↑(prev 1.1) | regime=CE-eligible halted=False active=False
2026-07-06 03:40:34,973 [INFO] [SIGNAL] CE: reg=True K=False(K=5.6>=38,rising) Kextr=True RSI=True(63.0>53) MACD=True => BLOCK | PE: reg=False K=False(K=5.6<=80,falling) Kextr=False RSI=False(63.0<47) MACD=False => BLOCK
2026-07-06 03:40:36,920 [INFO] [periodic] Logs pushed to GitHub: Nifty_FlightRecorder_V2_5_19_20260706_090022.log, Nifty_BarLevel_V2_5_19_20260706_090022.csv
2026-07-06 03:45:38,544 [INFO] [INDICATORS] spot=24311.7 | 1h: close=24271.2 sma20=24159.5 sma50=24066.7 rsi=62.9 macd=79.23/66.88(bull) | 15m: K=8.7↑(prev 5.6) | regime=CE-eligible halted=False active=False
2026-07-06 03:45:38,545 [INFO] [SIGNAL] CE: reg=True K=False(K=8.7>=38,rising) Kextr=True RSI=True(62.9>53) MACD=True => BLOCK | PE: reg=False K=False(K=8.7<=80,falling) Kextr=False RSI=False(62.9<47) MACD=False => BLOCK
2026-07-06 03:45:41,327 [INFO] [periodic] Logs pushed to GitHub: Nifty_FlightRecorder_V2_5_19_20260706_090022.log, Nifty_BarLevel_V2_5_19_20260706_090022.csv
2026-07-06 03:50:13,161 [INFO] [STRADDLE] Reference: ₹151.3 at 09:20
2026-07-06 03:50:43,318 [INFO] [INDICATORS] spot=24350.3 | 1h: close=24271.2 sma20=24159.5 sma50=24066.7 rsi=62.9 macd=79.23/66.88(bull) | 15m: K=8.7↑(prev 5.6) | regime=CE-eligible halted=False active=False
2026-07-06 03:50:43,318 [INFO] [SIGNAL] CE: reg=True K=False(K=8.7>=38,rising) Kextr=True RSI=True(62.9>53) MACD=True => BLOCK | PE: reg=False K=False(K=8.7<=80,falling) Kextr=False RSI=False(62.9<47) MACD=False => BLOCK
2026-07-06 03:50:45,410 [INFO] [periodic] Logs pushed to GitHub: Nifty_FlightRecorder_V2_5_19_20260706_090022.log, Nifty_BarLevel_V2_5_19_20260706_090022.csv
2026-07-06 03:55:46,992 [INFO] [INDICATORS] spot=24347.0 | 1h: close=24271.2 sma20=24159.5 sma50=24066.7 rsi=62.9 macd=79.23/66.88(bull) | 15m: K=8.7↑(prev 5.6) | regime=CE-eligible halted=False active=False
2026-07-06 03:55:46,992 [INFO] [SIGNAL] CE: reg=True K=False(K=8.7>=38,rising) Kextr=True RSI=True(62.9>53) MACD=True => BLOCK | PE: reg=False K=False(K=8.7<=80,falling) Kextr=False RSI=False(62.9<47) MACD=False => BLOCK
2026-07-06 03:55:48,945 [INFO] [periodic] Logs pushed to GitHub: Nifty_FlightRecorder_V2_5_19_20260706_090022.log, Nifty_BarLevel_V2_5_19_20260706_090022.csv
2026-07-06 04:00:20,391 [INFO] [MVWAP] Skip — close 24408 only 18pt from a pivot (need >20)
2026-07-06 04:00:50,578 [INFO] [MVWAP] Skip — close 24408 only 18pt from a pivot (need >20)
2026-07-06 04:00:50,579 [INFO] [INDICATORS] spot=24358.5 | 1h: close=24271.2 sma20=24159.5 sma50=24066.7 rsi=62.9 macd=79.23/66.88(bull) | 15m: K=31.5↑(prev 8.7) | regime=CE-eligible halted=False active=False
2026-07-06 04:00:50,579 [INFO] [SIGNAL] CE: reg=True K=False(K=31.5>=38,rising) Kextr=True RSI=True(62.9>53) MACD=True => BLOCK | PE: reg=False K=False(K=31.5<=80,falling) Kextr=False RSI=False(62.9<47) MACD=False => BLOCK
2026-07-06 04:00:53,469 [INFO] [periodic] Logs pushed to GitHub: Nifty_FlightRecorder_V2_5_19_20260706_090022.log, Nifty_BarLevel_V2_5_19_20260706_090022.csv
2026-07-06 04:01:23,640 [INFO] [MVWAP] Skip — close 24408 only 18pt from a pivot (need >20)
2026-07-06 04:01:53,801 [INFO] [MVWAP] Skip — close 24408 only 18pt from a pivot (need >20)
2026-07-06 04:02:23,964 [INFO] [MVWAP] Skip — close 24408 only 18pt from a pivot (need >20)
2026-07-06 04:02:54,124 [INFO] [MVWAP] Skip — close 24408 only 18pt from a pivot (need >20)
2026-07-06 04:03:24,284 [INFO] [MVWAP] Skip — close 24408 only 18pt from a pivot (need >20)
2026-07-06 04:03:54,473 [INFO] [MVWAP] Skip — close 24408 only 18pt from a pivot (need >20)
2026-07-06 04:04:24,637 [INFO] [MVWAP] Skip — close 24408 only 18pt from a pivot (need >20)
2026-07-06 04:04:54,807 [INFO] [MVWAP] Skip — close 24408 only 18pt from a pivot (need >20)
2026-07-06 04:05:24,974 [INFO] [MVWAP] Skip — close 24408 only 18pt from a pivot (need >20)
2026-07-06 04:05:55,124 [INFO] [MVWAP] Skip — close 24408 only 18pt from a pivot (need >20)
2026-07-06 04:05:55,125 [INFO] [INDICATORS] spot=24375.8 | 1h: close=24271.2 sma20=24159.5 sma50=24066.7 rsi=62.9 macd=79.23/66.88(bull) | 15m: K=31.5↑(prev 8.7) | regime=CE-eligible halted=False active=False
2026-07-06 04:05:55,125 [INFO] [SIGNAL] CE: reg=True K=False(K=31.5>=38,rising) Kextr=True RSI=True(62.9>53) MACD=True => BLOCK | PE: reg=False K=False(K=31.5<=80,falling) Kextr=False RSI=False(62.9<47) MACD=False => BLOCK
2026-07-06 04:05:57,143 [INFO] [periodic] Logs pushed to GitHub: Nifty_FlightRecorder_V2_5_19_20260706_090022.log, Nifty_BarLevel_V2_5_19_20260706_090022.csv
2026-07-06 04:06:27,299 [INFO] [MVWAP] Skip — close 24408 only 18pt from a pivot (need >20)
2026-07-06 04:06:57,470 [INFO] [MVWAP] Skip — close 24408 only 18pt from a pivot (need >20)
2026-07-06 04:07:27,634 [INFO] [MVWAP] Skip — close 24408 only 18pt from a pivot (need >20)
2026-07-06 04:07:57,797 [INFO] [MVWAP] Skip — close 24408 only 18pt from a pivot (need >20)
2026-07-06 04:08:27,962 [INFO] [MVWAP] Skip — close 24408 only 18pt from a pivot (need >20)
2026-07-06 04:08:58,132 [INFO] [MVWAP] Skip — close 24408 only 18pt from a pivot (need >20)
2026-07-06 04:09:28,289 [INFO] [MVWAP] Skip — close 24408 only 18pt from a pivot (need >20)
2026-07-06 04:09:58,465 [INFO] [MVWAP] Skip — close 24408 only 18pt from a pivot (need >20)
2026-07-06 04:10:28,613 [INFO] [MVWAP] Skip — close 24408 only 18pt from a pivot (need >20)
2026-07-06 04:10:58,775 [INFO] [MVWAP] Skip — close 24408 only 18pt from a pivot (need >20)
2026-07-06 04:10:58,776 [INFO] [INDICATORS] spot=24375.8 | 1h: close=24271.2 sma20=24159.5 sma50=24066.7 rsi=62.9 macd=79.23/66.88(bull) | 15m: K=31.5↑(prev 8.7) | regime=CE-eligible halted=False active=False
2026-07-06 04:10:58,776 [INFO] [SIGNAL] CE: reg=True K=False(K=31.5>=38,rising) Kextr=True RSI=True(62.9>53) MACD=True => BLOCK | PE: reg=False K=False(K=31.5<=80,falling) Kextr=False RSI=False(62.9<47) MACD=False => BLOCK
2026-07-06 04:11:00,816 [INFO] [periodic] Logs pushed to GitHub: Nifty_FlightRecorder_V2_5_19_20260706_090022.log, Nifty_BarLevel_V2_5_19_20260706_090022.csv
2026-07-06 04:11:30,975 [INFO] [MVWAP] Skip — close 24408 only 18pt from a pivot (need >20)
2026-07-06 04:12:01,147 [INFO] [MVWAP] Skip — close 24408 only 18pt from a pivot (need >20)
2026-07-06 04:12:31,860 [INFO] [MVWAP] Skip — close 24408 only 18pt from a pivot (need >20)
2026-07-06 04:13:02,035 [INFO] [MVWAP] Skip — close 24408 only 18pt from a pivot (need >20)
2026-07-06 04:13:32,198 [INFO] [MVWAP] Skip — close 24408 only 18pt from a pivot (need >20)
2026-07-06 04:14:02,367 [INFO] [MVWAP] Skip — close 24408 only 18pt from a pivot (need >20)
2026-07-06 04:14:32,533 [INFO] [MVWAP] Skip — close 24408 only 18pt from a pivot (need >20)
2026-07-06 04:15:03,701 [INFO] ENTRY: NFO:NIFTY2670724400CE @ 53.70  engine=V3  detail=Grade B G-cluster BREAK-CE at 24300
2026-07-06 04:16:05,089 [INFO] [INDICATORS] spot=24377.5 | 1h: close=24271.2 sma20=24159.5 sma50=24066.7 rsi=62.9 macd=79.23/66.88(bull) | 15m: K=56.6↑(prev 31.5) | regime=CE-eligible halted=False active=True
2026-07-06 04:16:05,089 [INFO] [SIGNAL] CE: reg=True K=True(K=56.6>=38,rising) Kextr=True RSI=True(62.9>53) MACD=True => PASS | PE: reg=False K=False(K=56.6<=80,falling) Kextr=False RSI=False(62.9<47) MACD=False => BLOCK
2026-07-06 04:16:05,089 [INFO] [STATE] CE NFO:NIFTY2670724400CE ltp=59.20 entry=53.70 pnl=+5.50(+10.2%) sl=44.03 peak=59.20 tr_armed=False elapsed=1min
2026-07-06 04:16:08,035 [INFO] [periodic] Logs pushed to GitHub: Nifty_FlightRecorder_V2_5_19_20260706_090022.log, Nifty_BarLevel_V2_5_19_20260706_090022.csv
2026-07-06 04:21:10,350 [INFO] [INDICATORS] spot=24389.1 | 1h: close=24271.2 sma20=24159.5 sma50=24066.7 rsi=62.9 macd=79.23/66.88(bull) | 15m: K=56.6↑(prev 31.5) | regime=CE-eligible halted=False active=True
2026-07-06 04:21:10,350 [INFO] [SIGNAL] CE: reg=True K=True(K=56.6>=38,rising) Kextr=True RSI=True(62.9>53) MACD=True => PASS | PE: reg=False K=False(K=56.6<=80,falling) Kextr=False RSI=False(62.9<47) MACD=False => BLOCK
2026-07-06 04:21:10,350 [INFO] [STATE] CE NFO:NIFTY2670724400CE ltp=64.75 entry=53.70 pnl=+11.05(+20.6%) sl=44.03 peak=65.10 tr_armed=False elapsed=6min
2026-07-06 04:21:12,295 [INFO] [periodic] Logs pushed to GitHub: Nifty_FlightRecorder_V2_5_19_20260706_090022.log, Nifty_BarLevel_V2_5_19_20260706_090022.csv
2026-07-06 04:26:14,528 [INFO] [INDICATORS] spot=24381.2 | 1h: close=24271.2 sma20=24159.5 sma50=24066.7 rsi=62.9 macd=79.23/66.88(bull) | 15m: K=56.6↑(prev 31.5) | regime=CE-eligible halted=False active=True
2026-07-06 04:26:14,528 [INFO] [SIGNAL] CE: reg=True K=True(K=56.6>=38,rising) Kextr=True RSI=True(62.9>53) MACD=True => PASS | PE: reg=False K=False(K=56.6<=80,falling) Kextr=False RSI=False(62.9<47) MACD=False => BLOCK
2026-07-06 04:26:14,528 [INFO] [STATE] CE NFO:NIFTY2670724400CE ltp=62.70 entry=53.70 pnl=+9.00(+16.8%) sl=44.03 peak=65.95 tr_armed=False elapsed=11min
2026-07-06 04:26:16,533 [INFO] [periodic] Logs pushed to GitHub: Nifty_FlightRecorder_V2_5_19_20260706_090022.log, Nifty_BarLevel_V2_5_19_20260706_090022.csv
2026-07-06 04:31:18,779 [INFO] [INDICATORS] spot=24392.9 | 1h: close=24271.2 sma20=24159.5 sma50=24066.7 rsi=62.9 macd=79.23/66.88(bull) | 15m: K=84.6↑(prev 56.6) | regime=CE-eligible halted=False active=True
2026-07-06 04:31:18,779 [INFO] [SIGNAL] CE: reg=True K=True(K=84.6>=38,rising) Kextr=True RSI=True(62.9>53) MACD=True => PASS | PE: reg=False K=False(K=84.6<=80,falling) Kextr=True RSI=False(62.9<47) MACD=False => BLOCK
2026-07-06 04:31:18,779 [INFO] [STATE] CE NFO:NIFTY2670724400CE ltp=65.50 entry=53.70 pnl=+11.80(+22.0%) sl=44.03 peak=65.95 tr_armed=False elapsed=16min
2026-07-06 04:31:21,627 [INFO] [periodic] Logs pushed to GitHub: Nifty_FlightRecorder_V2_5_19_20260706_090022.log, Nifty_BarLevel_V2_5_19_20260706_090022.csv
2026-07-06 04:36:23,921 [INFO] [INDICATORS] spot=24377.3 | 1h: close=24271.2 sma20=24159.5 sma50=24066.7 rsi=62.9 macd=79.23/66.88(bull) | 15m: K=84.6↑(prev 56.6) | regime=CE-eligible halted=False active=True
2026-07-06 04:36:23,922 [INFO] [SIGNAL] CE: reg=True K=True(K=84.6>=38,rising) Kextr=True RSI=True(62.9>53) MACD=True => PASS | PE: reg=False K=False(K=84.6<=80,falling) Kextr=True RSI=False(62.9<47) MACD=False => BLOCK
2026-07-06 04:36:23,922 [INFO] [STATE] CE NFO:NIFTY2670724400CE ltp=59.00 entry=53.70 pnl=+5.30(+9.9%) sl=44.03 peak=65.95 tr_armed=False elapsed=21min
2026-07-06 04:36:25,937 [INFO] [periodic] Logs pushed to GitHub: Nifty_FlightRecorder_V2_5_19_20260706_090022.log, Nifty_BarLevel_V2_5_19_20260706_090022.csv
2026-07-06 04:41:28,070 [INFO] [INDICATORS] spot=24382.6 | 1h: close=24271.2 sma20=24159.5 sma50=24066.7 rsi=62.9 macd=79.23/66.88(bull) | 15m: K=84.6↑(prev 56.6) | regime=CE-eligible halted=False active=True
2026-07-06 04:41:28,070 [INFO] [SIGNAL] CE: reg=True K=True(K=84.6>=38,rising) Kextr=True RSI=True(62.9>53) MACD=True => PASS | PE: reg=False K=False(K=84.6<=80,falling) Kextr=True RSI=False(62.9<47) MACD=False => BLOCK
2026-07-06 04:41:28,071 [INFO] [STATE] CE NFO:NIFTY2670724400CE ltp=61.90 entry=53.70 pnl=+8.20(+15.3%) sl=44.03 peak=65.95 tr_armed=False elapsed=26min
2026-07-06 04:41:30,164 [INFO] [periodic] Logs pushed to GitHub: Nifty_FlightRecorder_V2_5_19_20260706_090022.log, Nifty_BarLevel_V2_5_19_20260706_090022.csv
2026-07-06 04:46:32,571 [INFO] [INDICATORS] spot=24377.4 | 1h: close=24370.2 sma20=24177.0 sma50=24078.2 rsi=69.6 macd=83.95/70.29(bull) | 15m: K=89.7↑(prev 84.6) | regime=CE-eligible halted=False active=True
2026-07-06 04:46:32,571 [INFO] [SIGNAL] CE: reg=True K=True(K=89.7>=38,rising) Kextr=False RSI=True(69.6>53) MACD=True => BLOCK | PE: reg=False K=False(K=89.7<=80,falling) Kextr=True RSI=False(69.6<47) MACD=False => BLOCK
2026-07-06 04:46:32,571 [INFO] [STATE] CE NFO:NIFTY2670724400CE ltp=58.40 entry=53.70 pnl=+4.70(+8.8%) sl=44.03 peak=65.95 tr_armed=False elapsed=31min
2026-07-06 04:46:35,420 [INFO] [periodic] Logs pushed to GitHub: Nifty_FlightRecorder_V2_5_19_20260706_090022.log, Nifty_BarLevel_V2_5_19_20260706_090022.csv
2026-07-06 04:51:37,758 [INFO] [INDICATORS] spot=24395.0 | 1h: close=24370.2 sma20=24177.0 sma50=24078.2 rsi=69.6 macd=83.95/70.29(bull) | 15m: K=89.7↑(prev 84.6) | regime=CE-eligible halted=False active=True
2026-07-06 04:51:37,758 [INFO] [SIGNAL] CE: reg=True K=True(K=89.7>=38,rising) Kextr=False RSI=True(69.6>53) MACD=True => BLOCK | PE: reg=False K=False(K=89.7<=80,falling) Kextr=True RSI=False(69.6<47) MACD=False => BLOCK
2026-07-06 04:51:37,759 [INFO] [STATE] CE NFO:NIFTY2670724400CE ltp=65.90 entry=53.70 pnl=+12.20(+22.7%) sl=44.03 peak=67.50 tr_armed=False elapsed=36min
2026-07-06 04:51:39,735 [INFO] [periodic] Logs pushed to GitHub: Nifty_FlightRecorder_V2_5_19_20260706_090022.log, Nifty_BarLevel_V2_5_19_20260706_090022.csv
2026-07-06 04:52:41,176 [INFO] [TRAIL] SL ratcheted 65.00 → 66.05  (peak=71.05)
2026-07-06 04:53:11,400 [INFO] [TRAIL] SL ratcheted 66.05 → 67.25  (peak=72.25)
2026-07-06 04:55:42,598 [INFO] [TRAIL] SL ratcheted 67.25 → 69.40  (peak=74.40)
2026-07-06 04:56:43,083 [INFO] [INDICATORS] spot=24399.8 | 1h: close=24370.2 sma20=24177.0 sma50=24078.2 rsi=69.6 macd=83.95/70.29(bull) | 15m: K=89.7↑(prev 84.6) | regime=CE-eligible halted=False active=True
2026-07-06 04:56:43,083 [INFO] [SIGNAL] CE: reg=True K=True(K=89.7>=38,rising) Kextr=False RSI=True(69.6>53) MACD=True => BLOCK | PE: reg=False K=False(K=89.7<=80,falling) Kextr=True RSI=False(69.6<47) MACD=False => BLOCK
2026-07-06 04:56:43,083 [INFO] [STATE] CE NFO:NIFTY2670724400CE ltp=72.00 entry=53.70 pnl=+18.30(+34.1%) sl=69.40 peak=74.40 tr_armed=True elapsed=41min
2026-07-06 04:56:45,166 [INFO] [periodic] Logs pushed to GitHub: Nifty_FlightRecorder_V2_5_19_20260706_090022.log, Nifty_BarLevel_V2_5_19_20260706_090022.csv
2026-07-06 04:58:15,831 [INFO] [TRAIL] SL ratcheted 69.40 → 69.55  (peak=74.55)
2026-07-06 04:58:46,055 [INFO] [TRAIL] SL ratcheted 69.55 → 71.50  (peak=76.50)
2026-07-06 05:01:47,489 [INFO] [INDICATORS] spot=24406.9 | 1h: close=24370.2 sma20=24177.0 sma50=24078.2 rsi=69.6 macd=83.95/70.29(bull) | 15m: K=93.5↑(prev 89.7) | regime=CE-eligible halted=False active=True
2026-07-06 05:01:47,490 [INFO] [SIGNAL] CE: reg=True K=True(K=93.5>=38,rising) Kextr=False RSI=True(69.6>53) MACD=True => BLOCK | PE: reg=False K=False(K=93.5<=80,falling) Kextr=True RSI=False(69.6<47) MACD=False => BLOCK
2026-07-06 05:01:47,490 [INFO] [STATE] CE NFO:NIFTY2670724400CE ltp=74.45 entry=53.70 pnl=+20.75(+38.6%) sl=71.50 peak=76.50 tr_armed=True elapsed=46min
2026-07-06 05:01:50,335 [INFO] [periodic] Logs pushed to GitHub: Nifty_FlightRecorder_V2_5_19_20260706_090022.log, Nifty_BarLevel_V2_5_19_20260706_090022.csv
2026-07-06 05:05:21,843 [INFO] EXIT: NFO:NIFTY2670724400CE @ 71.50 reason=TRAIL_+18 pnl/sh=+17.80 is_flip=False losses=0/4
2026-07-06 05:05:52,863 [INFO] [CHOPGATE] Clear to trade — ER=0.62 crosses=0 range=145pt
2026-07-06 05:05:52,864 [INFO] [REENTRY_CD] BLOCKED V3 CE — same-side re-entry 0.5min after last CE exit (cooldown 5min)
2026-07-06 05:06:23,841 [INFO] [REENTRY_CD] BLOCKED V3 CE — same-side re-entry 1.0min after last CE exit (cooldown 5min)
2026-07-06 05:06:54,852 [INFO] [REENTRY_CD] BLOCKED V3 CE — same-side re-entry 1.6min after last CE exit (cooldown 5min)
2026-07-06 05:06:55,697 [INFO] [INDICATORS] spot=24396.7 | 1h: close=24370.2 sma20=24177.0 sma50=24078.2 rsi=69.6 macd=83.95/70.29(bull) | 15m: K=93.5↑(prev 89.7) | regime=CE-eligible halted=False active=False
2026-07-06 05:06:55,698 [INFO] [SIGNAL] CE: reg=True K=True(K=93.5>=38,rising) Kextr=False RSI=True(69.6>53) MACD=True => BLOCK | PE: reg=False K=False(K=93.5<=80,falling) Kextr=True RSI=False(69.6<47) MACD=False => BLOCK
2026-07-06 05:06:57,755 [INFO] [periodic] Logs pushed to GitHub: Nifty_FlightRecorder_V2_5_19_20260706_090022.log, Nifty_BarLevel_V2_5_19_20260706_090022.csv
2026-07-06 05:07:27,918 [INFO] [REENTRY_CD] BLOCKED V3 CE — same-side re-entry 2.1min after last CE exit (cooldown 5min)
2026-07-06 05:07:58,918 [INFO] [REENTRY_CD] BLOCKED V3 CE — same-side re-entry 2.6min after last CE exit (cooldown 5min)
2026-07-06 05:08:30,037 [INFO] [REENTRY_CD] BLOCKED V3 CE — same-side re-entry 3.1min after last CE exit (cooldown 5min)
2026-07-06 05:09:01,089 [INFO] [REENTRY_CD] BLOCKED V3 CE — same-side re-entry 3.7min after last CE exit (cooldown 5min)
2026-07-06 05:09:32,063 [INFO] [REENTRY_CD] BLOCKED V3 CE — same-side re-entry 4.2min after last CE exit (cooldown 5min)
2026-07-06 05:10:03,179 [INFO] [REENTRY_CD] BLOCKED V3 CE — same-side re-entry 4.7min after last CE exit (cooldown 5min)
2026-07-06 05:10:34,370 [INFO] ENTRY: NFO:NIFTY2670724400CE @ 66.80  engine=V3  detail=Grade B G-cluster BREAK-CE at 24400
2026-07-06 05:12:05,900 [INFO] [INDICATORS] spot=24402.0 | 1h: close=24370.2 sma20=24177.0 sma50=24078.2 rsi=69.6 macd=83.95/70.29(bull) | 15m: K=93.5↑(prev 89.7) | regime=CE-eligible halted=False active=True
2026-07-06 05:12:05,900 [INFO] [SIGNAL] CE: reg=True K=True(K=93.5>=38,rising) Kextr=False RSI=True(69.6>53) MACD=True => BLOCK | PE: reg=False K=False(K=93.5<=80,falling) Kextr=True RSI=False(69.6<47) MACD=False => BLOCK
2026-07-06 05:12:05,900 [INFO] [STATE] CE NFO:NIFTY2670724400CE ltp=70.40 entry=66.80 pnl=+3.60(+5.4%) sl=54.78 peak=70.40 tr_armed=False elapsed=1min
2026-07-06 05:12:07,889 [INFO] [periodic] Logs pushed to GitHub: Nifty_FlightRecorder_V2_5_19_20260706_090022.log, Nifty_BarLevel_V2_5_19_20260706_090022.csv
2026-07-06 05:17:11,806 [INFO] [INDICATORS] spot=24408.2 | 1h: close=24370.2 sma20=24177.0 sma50=24078.2 rsi=69.6 macd=83.95/70.29(bull) | 15m: K=93.5↓(prev 93.5) | regime=CE-eligible halted=False active=True
2026-07-06 05:17:11,806 [INFO] [SIGNAL] CE: reg=True K=False(K=93.5>=38,rising) Kextr=False RSI=True(69.6>53) MACD=True => BLOCK | PE: reg=False K=False(K=93.5<=80,falling) Kextr=True RSI=False(69.6<47) MACD=False => BLOCK
2026-07-06 05:17:11,806 [INFO] [STATE] CE NFO:NIFTY2670724400CE ltp=74.45 entry=66.80 pnl=+7.65(+11.5%) sl=54.78 peak=74.45 tr_armed=False elapsed=6min
2026-07-06 05:17:14,721 [INFO] [periodic] Logs pushed to GitHub: Nifty_FlightRecorder_V2_5_19_20260706_090022.log, Nifty_BarLevel_V2_5_19_20260706_090022.csv
2026-07-06 05:22:16,966 [INFO] [INDICATORS] spot=24411.2 | 1h: close=24370.2 sma20=24177.0 sma50=24078.2 rsi=69.6 macd=83.95/70.29(bull) | 15m: K=93.5↓(prev 93.5) | regime=CE-eligible halted=False active=True
2026-07-06 05:22:16,967 [INFO] [SIGNAL] CE: reg=True K=False(K=93.5>=38,rising) Kextr=False RSI=True(69.6>53) MACD=True => BLOCK | PE: reg=False K=False(K=93.5<=80,falling) Kextr=True RSI=False(69.6<47) MACD=False => BLOCK
2026-07-06 05:22:16,967 [INFO] [STATE] CE NFO:NIFTY2670724400CE ltp=73.50 entry=66.80 pnl=+6.70(+10.0%) sl=54.78 peak=79.10 tr_armed=False elapsed=11min
2026-07-06 05:22:18,935 [INFO] [periodic] Logs pushed to GitHub: Nifty_FlightRecorder_V2_5_19_20260706_090022.log, Nifty_BarLevel_V2_5_19_20260706_090022.csv
2026-07-06 05:27:21,359 [INFO] [INDICATORS] spot=24416.5 | 1h: close=24370.2 sma20=24177.0 sma50=24078.2 rsi=69.6 macd=83.95/70.29(bull) | 15m: K=93.5↓(prev 93.5) | regime=CE-eligible halted=False active=True
2026-07-06 05:27:21,359 [INFO] [SIGNAL] CE: reg=True K=False(K=93.5>=38,rising) Kextr=False RSI=True(69.6>53) MACD=True => BLOCK | PE: reg=False K=False(K=93.5<=80,falling) Kextr=True RSI=False(69.6<47) MACD=False => BLOCK
2026-07-06 05:27:21,359 [INFO] [STATE] CE NFO:NIFTY2670724400CE ltp=74.60 entry=66.80 pnl=+7.80(+11.7%) sl=54.78 peak=79.10 tr_armed=False elapsed=16min
2026-07-06 05:27:23,380 [INFO] [periodic] Logs pushed to GitHub: Nifty_FlightRecorder_V2_5_19_20260706_090022.log, Nifty_BarLevel_V2_5_19_20260706_090022.csv
2026-07-06 05:32:25,624 [INFO] [INDICATORS] spot=24420.7 | 1h: close=24370.2 sma20=24177.0 sma50=24078.2 rsi=69.6 macd=83.95/70.29(bull) | 15m: K=98.9↑(prev 93.5) | regime=CE-eligible halted=False active=True
2026-07-06 05:32:25,624 [INFO] [SIGNAL] CE: reg=True K=True(K=98.9>=38,rising) Kextr=False RSI=True(69.6>53) MACD=True => BLOCK | PE: reg=False K=False(K=98.9<=80,falling) Kextr=True RSI=False(69.6<47) MACD=False => BLOCK
2026-07-06 05:32:25,624 [INFO] [STATE] CE NFO:NIFTY2670724400CE ltp=77.65 entry=66.80 pnl=+10.85(+16.2%) sl=54.78 peak=79.10 tr_armed=False elapsed=21min
2026-07-06 05:32:28,723 [INFO] [periodic] Logs pushed to GitHub: Nifty_FlightRecorder_V2_5_19_20260706_090022.log, Nifty_BarLevel_V2_5_19_20260706_090022.csv
2026-07-06 05:37:31,134 [INFO] [INDICATORS] spot=24416.3 | 1h: close=24370.2 sma20=24177.0 sma50=24078.2 rsi=69.6 macd=83.95/70.29(bull) | 15m: K=98.9↑(prev 93.5) | regime=CE-eligible halted=False active=True
2026-07-06 05:37:31,134 [INFO] [SIGNAL] CE: reg=True K=True(K=98.9>=38,rising) Kextr=False RSI=True(69.6>53) MACD=True => BLOCK | PE: reg=False K=False(K=98.9<=80,falling) Kextr=True RSI=False(69.6<47) MACD=False => BLOCK
2026-07-06 05:37:31,134 [INFO] [STATE] CE NFO:NIFTY2670724400CE ltp=75.30 entry=66.80 pnl=+8.50(+12.7%) sl=54.78 peak=79.10 tr_armed=False elapsed=26min
2026-07-06 05:37:33,495 [INFO] [periodic] Logs pushed to GitHub: Nifty_FlightRecorder_V2_5_19_20260706_090022.log, Nifty_BarLevel_V2_5_19_20260706_090022.csv
2026-07-06 05:42:35,719 [INFO] [INDICATORS] spot=24416.0 | 1h: close=24370.2 sma20=24177.0 sma50=24078.2 rsi=69.6 macd=83.95/70.29(bull) | 15m: K=98.9↑(prev 93.5) | regime=CE-eligible halted=False active=True
2026-07-06 05:42:35,719 [INFO] [SIGNAL] CE: reg=True K=True(K=98.9>=38,rising) Kextr=False RSI=True(69.6>53) MACD=True => BLOCK | PE: reg=False K=False(K=98.9<=80,falling) Kextr=True RSI=False(69.6<47) MACD=False => BLOCK
2026-07-06 05:42:35,719 [INFO] [STATE] CE NFO:NIFTY2670724400CE ltp=74.30 entry=66.80 pnl=+7.50(+11.2%) sl=54.78 peak=79.10 tr_armed=False elapsed=32min
2026-07-06 05:42:37,722 [INFO] [periodic] Logs pushed to GitHub: Nifty_FlightRecorder_V2_5_19_20260706_090022.log, Nifty_BarLevel_V2_5_19_20260706_090022.csv
2026-07-06 05:47:40,163 [INFO] [INDICATORS] spot=24409.0 | 1h: close=24415.8 sma20=24196.7 sma50=24088.2 rsi=72.1 macd=90.34/74.30(bull) | 15m: K=96.0↓(prev 98.9) | regime=CE-eligible halted=False active=True
2026-07-06 05:47:40,163 [INFO] [SIGNAL] CE: reg=True K=False(K=96.0>=38,rising) Kextr=False RSI=True(72.1>53) MACD=True => BLOCK | PE: reg=False K=False(K=96.0<=80,falling) Kextr=True RSI=False(72.1<47) MACD=False => BLOCK
2026-07-06 05:47:40,163 [INFO] [STATE] CE NFO:NIFTY2670724400CE ltp=70.45 entry=66.80 pnl=+3.65(+5.5%) sl=54.78 peak=79.10 tr_armed=False elapsed=37min
2026-07-06 05:47:43,201 [INFO] [periodic] Logs pushed to GitHub: Nifty_FlightRecorder_V2_5_19_20260706_090022.log, Nifty_BarLevel_V2_5_19_20260706_090022.csv
2026-07-06 05:52:45,418 [INFO] [INDICATORS] spot=24414.4 | 1h: close=24415.8 sma20=24196.7 sma50=24088.2 rsi=72.1 macd=90.34/74.30(bull) | 15m: K=96.0↓(prev 98.9) | regime=CE-eligible halted=False active=True
2026-07-06 05:52:45,419 [INFO] [SIGNAL] CE: reg=True K=False(K=96.0>=38,rising) Kextr=False RSI=True(72.1>53) MACD=True => BLOCK | PE: reg=False K=False(K=96.0<=80,falling) Kextr=True RSI=False(72.1<47) MACD=False => BLOCK
2026-07-06 05:52:45,419 [INFO] [STATE] CE NFO:NIFTY2670724400CE ltp=73.35 entry=66.80 pnl=+6.55(+9.8%) sl=54.78 peak=79.10 tr_armed=False elapsed=42min
2026-07-06 05:52:47,397 [INFO] [periodic] Logs pushed to GitHub: Nifty_FlightRecorder_V2_5_19_20260706_090022.log, Nifty_BarLevel_V2_5_19_20260706_090022.csv
2026-07-06 05:57:49,720 [INFO] [INDICATORS] spot=24419.7 | 1h: close=24415.8 sma20=24196.7 sma50=24088.2 rsi=72.1 macd=90.34/74.30(bull) | 15m: K=96.0↓(prev 98.9) | regime=CE-eligible halted=False active=True
2026-07-06 05:57:49,720 [INFO] [SIGNAL] CE: reg=True K=False(K=96.0>=38,rising) Kextr=False RSI=True(72.1>53) MACD=True => BLOCK | PE: reg=False K=False(K=96.0<=80,falling) Kextr=True RSI=False(72.1<47) MACD=False => BLOCK
2026-07-06 05:57:49,721 [INFO] [STATE] CE NFO:NIFTY2670724400CE ltp=76.05 entry=66.80 pnl=+9.25(+13.8%) sl=54.78 peak=79.10 tr_armed=False elapsed=47min
2026-07-06 05:57:51,715 [INFO] [periodic] Logs pushed to GitHub: Nifty_FlightRecorder_V2_5_19_20260706_090022.log, Nifty_BarLevel_V2_5_19_20260706_090022.csv
2026-07-06 06:02:54,934 [INFO] [INDICATORS] spot=24420.2 | 1h: close=24415.8 sma20=24196.7 sma50=24088.2 rsi=72.1 macd=90.34/74.30(bull) | 15m: K=94.6↓(prev 96.0) | regime=CE-eligible halted=False active=True
2026-07-06 06:02:54,934 [INFO] [SIGNAL] CE: reg=True K=False(K=94.6>=38,rising) Kextr=False RSI=True(72.1>53) MACD=True => BLOCK | PE: reg=False K=False(K=94.6<=80,falling) Kextr=True RSI=False(72.1<47) MACD=False => BLOCK
2026-07-06 06:02:54,934 [INFO] [STATE] CE NFO:NIFTY2670724400CE ltp=74.85 entry=66.80 pnl=+8.05(+12.1%) sl=54.78 peak=79.10 tr_armed=False elapsed=52min
2026-07-06 06:02:57,704 [INFO] [periodic] Logs pushed to GitHub: Nifty_FlightRecorder_V2_5_19_20260706_090022.log, Nifty_BarLevel_V2_5_19_20260706_090022.csv
2026-07-06 06:08:00,011 [INFO] [INDICATORS] spot=24420.2 | 1h: close=24415.8 sma20=24196.7 sma50=24088.2 rsi=72.1 macd=90.34/74.30(bull) | 15m: K=94.6↓(prev 96.0) | regime=CE-eligible halted=False active=True
2026-07-06 06:08:00,011 [INFO] [SIGNAL] CE: reg=True K=False(K=94.6>=38,rising) Kextr=False RSI=True(72.1>53) MACD=True => BLOCK | PE: reg=False K=False(K=94.6<=80,falling) Kextr=True RSI=False(72.1<47) MACD=False => BLOCK
2026-07-06 06:08:00,011 [INFO] [STATE] CE NFO:NIFTY2670724400CE ltp=73.85 entry=66.80 pnl=+7.05(+10.6%) sl=54.78 peak=79.10 tr_armed=False elapsed=57min
2026-07-06 06:08:02,179 [INFO] [periodic] Logs pushed to GitHub: Nifty_FlightRecorder_V2_5_19_20260706_090022.log, Nifty_BarLevel_V2_5_19_20260706_090022.csv
2026-07-06 06:13:04,532 [INFO] [INDICATORS] spot=24417.2 | 1h: close=24415.8 sma20=24196.7 sma50=24088.2 rsi=72.1 macd=90.34/74.30(bull) | 15m: K=94.6↓(prev 96.0) | regime=CE-eligible halted=False active=True
2026-07-06 06:13:04,533 [INFO] [SIGNAL] CE: reg=True K=False(K=94.6>=38,rising) Kextr=False RSI=True(72.1>53) MACD=True => BLOCK | PE: reg=False K=False(K=94.6<=80,falling) Kextr=True RSI=False(72.1<47) MACD=False => BLOCK
2026-07-06 06:13:04,533 [INFO] [STATE] CE NFO:NIFTY2670724400CE ltp=72.80 entry=66.80 pnl=+6.00(+9.0%) sl=54.78 peak=79.10 tr_armed=False elapsed=62min
2026-07-06 06:13:06,494 [INFO] [periodic] Logs pushed to GitHub: Nifty_FlightRecorder_V2_5_19_20260706_090022.log, Nifty_BarLevel_V2_5_19_20260706_090022.csv
2026-07-06 06:18:08,752 [INFO] [INDICATORS] spot=24420.8 | 1h: close=24415.8 sma20=24196.7 sma50=24088.2 rsi=72.1 macd=90.34/74.30(bull) | 15m: K=91.5↓(prev 94.6) | regime=CE-eligible halted=False active=True
2026-07-06 06:18:08,752 [INFO] [SIGNAL] CE: reg=True K=False(K=91.5>=38,rising) Kextr=False RSI=True(72.1>53) MACD=True => BLOCK | PE: reg=False K=False(K=91.5<=80,falling) Kextr=True RSI=False(72.1<47) MACD=False => BLOCK
2026-07-06 06:18:08,752 [INFO] [STATE] CE NFO:NIFTY2670724400CE ltp=74.35 entry=66.80 pnl=+7.55(+11.3%) sl=54.78 peak=79.10 tr_armed=False elapsed=67min
2026-07-06 06:18:11,636 [INFO] [periodic] Logs pushed to GitHub: Nifty_FlightRecorder_V2_5_19_20260706_090022.log, Nifty_BarLevel_V2_5_19_20260706_090022.csv
2026-07-06 06:23:13,809 [INFO] [INDICATORS] spot=24411.6 | 1h: close=24415.8 sma20=24196.7 sma50=24088.2 rsi=72.1 macd=90.34/74.30(bull) | 15m: K=91.5↓(prev 94.6) | regime=CE-eligible halted=False active=True
2026-07-06 06:23:13,809 [INFO] [SIGNAL] CE: reg=True K=False(K=91.5>=38,rising) Kextr=False RSI=True(72.1>53) MACD=True => BLOCK | PE: reg=False K=False(K=91.5<=80,falling) Kextr=True RSI=False(72.1<47) MACD=False => BLOCK
2026-07-06 06:23:13,809 [INFO] [STATE] CE NFO:NIFTY2670724400CE ltp=69.30 entry=66.80 pnl=+2.50(+3.7%) sl=54.78 peak=79.10 tr_armed=False elapsed=72min
2026-07-06 06:23:15,808 [INFO] [periodic] Logs pushed to GitHub: Nifty_FlightRecorder_V2_5_19_20260706_090022.log, Nifty_BarLevel_V2_5_19_20260706_090022.csv
2026-07-06 06:28:18,021 [INFO] [INDICATORS] spot=24421.9 | 1h: close=24415.8 sma20=24196.7 sma50=24088.2 rsi=72.1 macd=90.34/74.30(bull) | 15m: K=91.5↓(prev 94.6) | regime=CE-eligible halted=False active=True
2026-07-06 06:28:18,021 [INFO] [SIGNAL] CE: reg=True K=False(K=91.5>=38,rising) Kextr=False RSI=True(72.1>53) MACD=True => BLOCK | PE: reg=False K=False(K=91.5<=80,falling) Kextr=True RSI=False(72.1<47) MACD=False => BLOCK
2026-07-06 06:28:18,021 [INFO] [STATE] CE NFO:NIFTY2670724400CE ltp=76.40 entry=66.80 pnl=+9.60(+14.4%) sl=54.78 peak=79.10 tr_armed=False elapsed=77min
2026-07-06 06:28:20,416 [INFO] [periodic] Logs pushed to GitHub: Nifty_FlightRecorder_V2_5_19_20260706_090022.log, Nifty_BarLevel_V2_5_19_20260706_090022.csv
2026-07-06 06:33:23,997 [INFO] [INDICATORS] spot=24426.2 | 1h: close=24415.8 sma20=24196.7 sma50=24088.2 rsi=72.1 macd=90.34/74.30(bull) | 15m: K=92.7↑(prev 91.5) | regime=CE-eligible halted=False active=True
2026-07-06 06:33:23,997 [INFO] [SIGNAL] CE: reg=True K=True(K=92.7>=38,rising) Kextr=False RSI=True(72.1>53) MACD=True => BLOCK | PE: reg=False K=False(K=92.7<=80,falling) Kextr=True RSI=False(72.1<47) MACD=False => BLOCK
2026-07-06 06:33:23,998 [INFO] [STATE] CE NFO:NIFTY2670724400CE ltp=81.40 entry=66.80 pnl=+14.60(+21.9%) sl=78.40 peak=83.40 tr_armed=True elapsed=82min
